2025-07-13 14:20:11,855 [INFO] Activator:176 - 


2025-07-13 14:20:11,860 [INFO] Activator:177 - !SESSION log4j initialized
2025-07-13 14:20:20,362 [INFO] LogOutputStream:77 - [STDOUT_REDIRECT] 
2025-07-13 14:23:02,127 [INFO] ApplicationProperties:184 - Using Application install path: C:\ST\STM32CubeIDE_1.16.1\STM32CubeIDE\plugins\com.st.stm32cube.common.mx_6.13.0.202411220809
2025-07-13 14:23:02,142 [INFO] DbMcusXml:78 - Set database path to: C:\ST\STM32CubeIDE_1.16.1\STM32CubeIDE\plugins\com.st.stm32cube.common.mx_6.13.0.202411220809\\db\/mcu/
2025-07-13 14:23:02,142 [INFO] ApiDb:274 - Set plugin database path to: C:\ST\STM32CubeIDE_1.16.1\STM32CubeIDE\plugins\com.st.stm32cube.common.mx_6.13.0.202411220809\\db\/plugins/boardmanager/
2025-07-13 14:23:02,142 [WARN] ApiDb:259 - Overriding images path with different value:  => C:\ST\STM32CubeIDE_1.16.1\STM32CubeIDE\plugins\com.st.stm32cube.common.mx_6.13.0.202411220809\\db\/plugins/mcufinder/images/
2025-07-13 14:23:02,158 [INFO] ApiDb:250 - Set database path to: C:\Users\Bruno\.stmcufinder\plugins\mcufinder//mcu/
2025-07-13 14:23:02,159 [INFO] DbMcusAds:125 - Set database path to: C:\Users\Bruno\.stmcufinder\plugins\mcufinder//mcu/
2025-07-13 14:23:02,183 [INFO] CrossReferenceDbSqlite:203 - Set database path to: C:\Users\Bruno\.stmcufinder\plugins\mcufinder//mcu/cs/
2025-07-13 14:23:02,325 [INFO] RulesReader:64 - Compatibility file has been processed (297 Rules)
2025-07-13 14:23:02,423 [INFO] DbMcusXml:78 - Set database path to: C:\ST\STM32CubeIDE_1.16.1\STM32CubeIDE\plugins\com.st.stm32cube.common.mx_6.13.0.202411220809\\db\/mcu/
2025-07-13 14:23:02,424 [INFO] ApiDb:274 - Set plugin database path to: C:\ST\STM32CubeIDE_1.16.1\STM32CubeIDE\plugins\com.st.stm32cube.common.mx_6.13.0.202411220809\\db\/plugins/boardmanager/
2025-07-13 14:23:02,424 [INFO] ApiDb:261 - Set plugin images path to: C:\ST\STM32CubeIDE_1.16.1\STM32CubeIDE\plugins\com.st.stm32cube.common.mx_6.13.0.202411220809\\db\/plugins/mcufinder/images/
2025-07-13 14:23:02,424 [WARN] DbFile:41 - Overriding database path with different value: C:\Users\Bruno\.stmcufinder\plugins\mcufinder/ => C:\Users\Bruno\.stmcufinder\plugins\mcufinder
2025-07-13 14:23:02,424 [INFO] ApiDb:250 - Set database path to: C:\Users\Bruno\.stmcufinder\plugins\mcufinder//mcu/
2025-07-13 14:23:02,424 [WARN] DbFile:41 - Overriding database path with different value: C:\Users\Bruno\.stmcufinder\plugins\mcufinder/ => C:\Users\Bruno\.stmcufinder\plugins\mcufinder
2025-07-13 14:23:02,424 [INFO] DbMcusAds:125 - Set database path to: C:\Users\Bruno\.stmcufinder\plugins\mcufinder//mcu/
2025-07-13 14:23:02,424 [WARN] DbFile:41 - Overriding database path with different value: C:\Users\Bruno\.stmcufinder\plugins\mcufinder/ => C:\Users\Bruno\.stmcufinder\plugins\mcufinder
2025-07-13 14:23:02,424 [WARN] DbFile:41 - Overriding database path with different value: C:\Users\Bruno\.stmcufinder\plugins\mcufinder/ => C:\Users\Bruno\.stmcufinder\plugins\mcufinder
2025-07-13 14:23:02,424 [INFO] CrossReferenceDbSqlite:203 - Set database path to: C:\Users\Bruno\.stmcufinder\plugins\mcufinder//mcu/cs/
2025-07-13 14:23:02,507 [INFO] MainPanel:272 - HeapMemory: 1073741824
2025-07-13 14:23:02,613 [INFO] DbMcusXml:78 - Set database path to: C:\ST\STM32CubeIDE_1.16.1\STM32CubeIDE\plugins\com.st.stm32cube.common.mx_6.13.0.202411220809\\db\/mcu/
2025-07-13 14:23:02,613 [INFO] ApiDb:274 - Set plugin database path to: C:\ST\STM32CubeIDE_1.16.1\STM32CubeIDE\plugins\com.st.stm32cube.common.mx_6.13.0.202411220809\\db\/plugins/boardmanager/
2025-07-13 14:23:02,613 [INFO] ApiDb:261 - Set plugin images path to: C:\ST\STM32CubeIDE_1.16.1\STM32CubeIDE\plugins\com.st.stm32cube.common.mx_6.13.0.202411220809\\db\/plugins/mcufinder/images/
2025-07-13 14:23:02,614 [WARN] DbFile:41 - Overriding database path with different value: C:\Users\Bruno\.stmcufinder\plugins\mcufinder/ => C:\Users\Bruno\.stmcufinder\plugins\mcufinder
2025-07-13 14:23:02,614 [INFO] ApiDb:250 - Set database path to: C:\Users\Bruno\.stmcufinder\plugins\mcufinder//mcu/
2025-07-13 14:23:02,614 [WARN] DbFile:41 - Overriding database path with different value: C:\Users\Bruno\.stmcufinder\plugins\mcufinder/ => C:\Users\Bruno\.stmcufinder\plugins\mcufinder
2025-07-13 14:23:02,614 [INFO] DbMcusAds:125 - Set database path to: C:\Users\Bruno\.stmcufinder\plugins\mcufinder//mcu/
2025-07-13 14:23:02,614 [WARN] DbFile:41 - Overriding database path with different value: C:\Users\Bruno\.stmcufinder\plugins\mcufinder/ => C:\Users\Bruno\.stmcufinder\plugins\mcufinder
2025-07-13 14:23:02,614 [WARN] DbFile:41 - Overriding database path with different value: C:\Users\Bruno\.stmcufinder\plugins\mcufinder/ => C:\Users\Bruno\.stmcufinder\plugins\mcufinder
2025-07-13 14:23:02,614 [INFO] CrossReferenceDbSqlite:203 - Set database path to: C:\Users\Bruno\.stmcufinder\plugins\mcufinder//mcu/cs/
2025-07-13 14:23:02,632 [INFO] ApplicationProperties:184 - Using Application install path: C:\ST\STM32CubeIDE_1.16.1\STM32CubeIDE\plugins\com.st.stm32cube.common.mx_6.13.0.202411220809
2025-07-13 14:23:02,633 [INFO] PluginManage:196 - Search for loadable plugins [exclusion list=, ]
2025-07-13 14:23:02,635 [INFO] PluginManage:310 - Check plugin analytics
2025-07-13 14:23:02,818 [INFO] AnalyticsPlugin:253 - Accepted Software Licenses: STM32CubeMX.6.6.1,STM32CubeMX.6.13.0
2025-07-13 14:23:02,818 [INFO] AnalyticsPlugin:255 - Accepted CMSIS Pack Licenses: 
2025-07-13 14:23:02,818 [INFO] AnalyticsPlugin:257 - Accepted Firmware Licenses: FW.G0.1.6.0,FW.F4.1.28.0
2025-07-13 14:23:02,819 [INFO] PluginManage:359 - Loaded plugin analytics (category:tool,tabindex:-1)
2025-07-13 14:23:02,819 [INFO] PluginManage:310 - Check plugin cadmodel
2025-07-13 14:23:02,839 [INFO] CADModel:105 - Init CAD model plugin
2025-07-13 14:23:02,839 [INFO] PluginManage:359 - Loaded plugin cadmodel (category:power,tabindex:5)
2025-07-13 14:23:02,839 [INFO] PluginManage:310 - Check plugin clock
2025-07-13 14:23:02,864 [INFO] PluginManage:359 - Loaded plugin clock (category:base,tabindex:2)
2025-07-13 14:23:02,864 [INFO] PluginManage:310 - Check plugin ddr
2025-07-13 14:23:02,867 [INFO] PluginManage:359 - Loaded plugin ddr (category:tool,tabindex:6)
2025-07-13 14:23:02,867 [INFO] PluginManage:310 - Check plugin filemanager
2025-07-13 14:23:03,018 [INFO] PluginManage:359 - Loaded plugin filemanager (category:base,tabindex:10)
2025-07-13 14:23:03,018 [INFO] PluginManage:310 - Check plugin ipmanager
2025-07-13 14:23:03,026 [INFO] PluginManage:359 - Loaded plugin ipmanager (category:base,tabindex:5)
2025-07-13 14:23:03,027 [INFO] PluginManage:310 - Check plugin lpbam
2025-07-13 14:23:03,047 [INFO] PluginManage:359 - Loaded plugin lpbam (category:base,tabindex:0)
2025-07-13 14:23:03,048 [INFO] PluginManage:310 - Check plugin memorymap
2025-07-13 14:23:03,073 [INFO] PluginManage:359 - Loaded plugin memorymap (category:base,tabindex:4)
2025-07-13 14:23:03,073 [INFO] PluginManage:310 - Check plugin pinoutandconfiguration
2025-07-13 14:23:03,094 [INFO] PluginManage:359 - Loaded plugin pinoutandconfiguration (category:base,tabindex:1)
2025-07-13 14:23:03,095 [INFO] PluginManage:310 - Check plugin pinoutconfig
2025-07-13 14:23:03,193 [WARN] SupportedApi:132 - Cannot load RTOS API schema: s4s-elt-must-match.1: The content of 'definitions' must match (annotation?, (simpleType | complexType)?, (unique | key | keyref)*)). A problem was found starting at: attribute.
2025-07-13 14:23:03,324 [INFO] PluginManage:359 - Loaded plugin pinoutconfig (category:base,tabindex:0)
2025-07-13 14:23:03,325 [INFO] PluginManage:310 - Check plugin power
2025-07-13 14:23:03,348 [INFO] PluginManage:359 - Loaded plugin power (category:power,tabindex:4)
2025-07-13 14:23:03,348 [INFO] PluginManage:310 - Check plugin projectmanager
2025-07-13 14:23:03,363 [INFO] PluginManage:359 - Loaded plugin projectmanager (category:projectmanager,tabindex:4)
2025-07-13 14:23:03,363 [INFO] PluginManage:310 - Check plugin rif
2025-07-13 14:23:03,381 [INFO] PluginManage:359 - Loaded plugin rif (category:base,tabindex:3)
2025-07-13 14:23:03,382 [INFO] PluginManage:310 - Check plugin thirdparty
2025-07-13 14:23:03,681 [INFO] PluginManage:359 - Loaded plugin thirdparty (category:base,tabindex:-1)
2025-07-13 14:23:03,681 [INFO] PluginManage:310 - Check plugin tools
2025-07-13 14:23:03,681 [WARN] IntegrityCheckThread:84 - waiting for thirdparty lock release [integrity check]
2025-07-13 14:23:03,681 [INFO] IntegrityCheckThread:86 - entering critical section [integrity check]
2025-07-13 14:23:03,681 [INFO] ThirdPartyUpdaterWithRetryManager:70 - Updater plugin not ready yet. [1/15]
2025-07-13 14:23:03,731 [INFO] PluginManage:359 - Loaded plugin tools (category:base,tabindex:7)
2025-07-13 14:23:03,731 [INFO] PluginManage:310 - Check plugin tutovideos
2025-07-13 14:23:03,923 [INFO] PluginManage:359 - Loaded plugin tutovideos (category:base,tabindex:-1)
2025-07-13 14:23:03,923 [INFO] PluginManage:310 - Check plugin updater
2025-07-13 14:23:03,959 [INFO] PluginManage:359 - Loaded plugin updater (category:base,tabindex:12)
2025-07-13 14:23:03,959 [INFO] PluginManage:310 - Check plugin userauth
2025-07-13 14:23:03,963 [INFO] UserAuth:118 - Init User Auth plugin
2025-07-13 14:23:03,964 [INFO] PluginManage:359 - Loaded plugin userauth (category:base,tabindex:14)
2025-07-13 14:23:03,965 [INFO] PluginManage:283 - PluginManage : Loaded plugins [18]
2025-07-13 14:23:04,185 [INFO] PinOutPanel:1589 - setPackage(No Configuration,No Configuration)
2025-07-13 14:23:04,275 [INFO] CADModel:165 - CPN selected for project level
2025-07-13 14:23:04,275 [INFO] CADModel:114 - Register for checkConnection events
2025-07-13 14:23:04,304 [INFO] IPUIPlugin:80 - create IPUIPlugin
2025-07-13 14:23:04,304 [INFO] PluginManager:220 - loadIPPluginJar : add adc
2025-07-13 14:23:04,355 [INFO] IPUIPlugin:80 - create IPUIPlugin
2025-07-13 14:23:04,355 [INFO] PluginManager:220 - loadIPPluginJar : add aes
2025-07-13 14:23:04,408 [INFO] IPUIPlugin:80 - create IPUIPlugin
2025-07-13 14:23:04,408 [INFO] PluginManager:220 - loadIPPluginJar : add can
2025-07-13 14:23:04,439 [INFO] IPUIPlugin:80 - create IPUIPlugin
2025-07-13 14:23:04,439 [INFO] PluginManager:220 - loadIPPluginJar : add comp
2025-07-13 14:23:04,484 [INFO] IPUIPlugin:80 - create IPUIPlugin
2025-07-13 14:23:04,484 [INFO] PluginManager:220 - loadIPPluginJar : add cryp
2025-07-13 14:23:04,499 [INFO] IPUIPlugin:80 - create IPUIPlugin
2025-07-13 14:23:04,499 [INFO] PluginManager:220 - loadIPPluginJar : add ddr_ctrl_phy
2025-07-13 14:23:04,542 [INFO] IPUIPlugin:80 - create IPUIPlugin
2025-07-13 14:23:04,542 [INFO] PluginManager:220 - loadIPPluginJar : add dfsdm
2025-07-13 14:23:04,558 [INFO] IPUIPlugin:80 - create IPUIPlugin
2025-07-13 14:23:04,559 [INFO] PluginManager:220 - loadIPPluginJar : add dma
2025-07-13 14:23:04,608 [INFO] IPUIPlugin:80 - create IPUIPlugin
2025-07-13 14:23:04,608 [INFO] PluginManager:220 - loadIPPluginJar : add dma3
2025-07-13 14:23:04,665 [INFO] IPUIPlugin:80 - create IPUIPlugin
2025-07-13 14:23:04,665 [INFO] PluginManager:220 - loadIPPluginJar : add extmemmanager
2025-07-13 14:23:04,692 [INFO] IPUIPlugin:80 - create IPUIPlugin
2025-07-13 14:23:04,692 [INFO] PluginManager:220 - loadIPPluginJar : add fatfs
2025-07-13 14:23:04,752 [INFO] IPUIPlugin:80 - create IPUIPlugin
2025-07-13 14:23:04,752 [INFO] PluginManager:220 - loadIPPluginJar : add fmc
2025-07-13 14:23:04,769 [INFO] IPUIPlugin:80 - create IPUIPlugin
2025-07-13 14:23:04,770 [INFO] PluginManager:220 - loadIPPluginJar : add freertos
2025-07-13 14:23:04,797 [INFO] IPUIPlugin:80 - create IPUIPlugin
2025-07-13 14:23:04,797 [INFO] PluginManager:220 - loadIPPluginJar : add genericplugin
2025-07-13 14:23:04,922 [INFO] IPUIPlugin:80 - create IPUIPlugin
2025-07-13 14:23:04,922 [INFO] PluginManager:220 - loadIPPluginJar : add gfxmmu
2025-07-13 14:23:05,091 [INFO] IPUIPlugin:80 - create IPUIPlugin
2025-07-13 14:23:05,091 [INFO] PluginManager:220 - loadIPPluginJar : add gic
2025-07-13 14:23:05,106 [INFO] IPUIPlugin:80 - create IPUIPlugin
2025-07-13 14:23:05,106 [INFO] PluginManager:220 - loadIPPluginJar : add gpio
2025-07-13 14:23:05,222 [INFO] IPUIPlugin:80 - create IPUIPlugin
2025-07-13 14:23:05,222 [INFO] PluginManager:220 - loadIPPluginJar : add gtzc
2025-07-13 14:23:05,264 [INFO] IPUIPlugin:80 - create IPUIPlugin
2025-07-13 14:23:05,264 [INFO] PluginManager:220 - loadIPPluginJar : add hash
2025-07-13 14:23:05,333 [INFO] IPUIPlugin:80 - create IPUIPlugin
2025-07-13 14:23:05,333 [INFO] PluginManager:220 - loadIPPluginJar : add i2c
2025-07-13 14:23:05,383 [INFO] IPUIPlugin:80 - create IPUIPlugin
2025-07-13 14:23:05,383 [INFO] PluginManager:220 - loadIPPluginJar : add i2s
2025-07-13 14:23:05,434 [INFO] IPUIPlugin:80 - create IPUIPlugin
2025-07-13 14:23:05,434 [INFO] PluginManager:220 - loadIPPluginJar : add i3c
2025-07-13 14:23:05,566 [INFO] IPUIPlugin:80 - create IPUIPlugin
2025-07-13 14:23:05,566 [INFO] PluginManager:220 - loadIPPluginJar : add ipddr
2025-07-13 14:23:05,686 [INFO] IPUIPlugin:80 - create IPUIPlugin
2025-07-13 14:23:05,686 [INFO] PluginManager:220 - loadIPPluginJar : add linkedlist
2025-07-13 14:23:05,732 [INFO] IPUIPlugin:80 - create IPUIPlugin
2025-07-13 14:23:05,732 [INFO] PluginManager:220 - loadIPPluginJar : add lorawan
2025-07-13 14:23:05,783 [INFO] IPUIPlugin:80 - create IPUIPlugin
2025-07-13 14:23:05,783 [INFO] PluginManager:220 - loadIPPluginJar : add ltdc
2025-07-13 14:23:05,797 [INFO] IPUIPlugin:80 - create IPUIPlugin
2025-07-13 14:23:05,798 [INFO] PluginManager:220 - loadIPPluginJar : add mdma
2025-07-13 14:23:05,812 [INFO] IPUIPlugin:80 - create IPUIPlugin
2025-07-13 14:23:05,812 [INFO] PluginManager:220 - loadIPPluginJar : add nvic
2025-07-13 14:23:05,861 [INFO] IPUIPlugin:80 - create IPUIPlugin
2025-07-13 14:23:05,861 [INFO] PluginManager:220 - loadIPPluginJar : add opamp
2025-07-13 14:23:05,943 [INFO] IPUIPlugin:80 - create IPUIPlugin
2025-07-13 14:23:05,944 [INFO] PluginManager:220 - loadIPPluginJar : add openamp
2025-07-13 14:23:06,000 [INFO] IPUIPlugin:80 - create IPUIPlugin
2025-07-13 14:23:06,000 [INFO] PluginManager:220 - loadIPPluginJar : add pdm2pcm
2025-07-13 14:23:06,017 [INFO] IPUIPlugin:80 - create IPUIPlugin
2025-07-13 14:23:06,019 [INFO] PluginManager:220 - loadIPPluginJar : add plateformsettings
2025-07-13 14:23:06,051 [INFO] IPUIPlugin:80 - create IPUIPlugin
2025-07-13 14:23:06,051 [INFO] PluginManager:220 - loadIPPluginJar : add quadspi
2025-07-13 14:23:06,087 [INFO] IPUIPlugin:80 - create IPUIPlugin
2025-07-13 14:23:06,088 [INFO] PluginManager:220 - loadIPPluginJar : add radio
2025-07-13 14:23:06,104 [INFO] IPUIPlugin:80 - create IPUIPlugin
2025-07-13 14:23:06,104 [INFO] PluginManager:220 - loadIPPluginJar : add resmgrutility
2025-07-13 14:23:06,170 [INFO] IPUIPlugin:80 - create IPUIPlugin
2025-07-13 14:23:06,170 [INFO] PluginManager:220 - loadIPPluginJar : add sai
2025-07-13 14:23:06,221 [INFO] IPUIPlugin:80 - create IPUIPlugin
2025-07-13 14:23:06,221 [INFO] PluginManager:220 - loadIPPluginJar : add spi
2025-07-13 14:23:06,307 [INFO] IPUIPlugin:80 - create IPUIPlugin
2025-07-13 14:23:06,307 [INFO] PluginManager:220 - loadIPPluginJar : add stm32_wpan
2025-07-13 14:23:06,338 [INFO] IPUIPlugin:80 - create IPUIPlugin
2025-07-13 14:23:06,339 [INFO] PluginManager:220 - loadIPPluginJar : add tim
2025-07-13 14:23:06,416 [INFO] IPUIPlugin:80 - create IPUIPlugin
2025-07-13 14:23:06,416 [INFO] PluginManager:220 - loadIPPluginJar : add touchsensing
2025-07-13 14:23:06,444 [INFO] IPUIPlugin:80 - create IPUIPlugin
2025-07-13 14:23:06,444 [INFO] PluginManager:220 - loadIPPluginJar : add tracer_emb
2025-07-13 14:23:06,474 [INFO] IPUIPlugin:80 - create IPUIPlugin
2025-07-13 14:23:06,474 [INFO] PluginManager:220 - loadIPPluginJar : add ts
2025-07-13 14:23:06,502 [INFO] IPUIPlugin:80 - create IPUIPlugin
2025-07-13 14:23:06,502 [INFO] PluginManager:220 - loadIPPluginJar : add tsc
2025-07-13 14:23:06,529 [INFO] IPUIPlugin:80 - create IPUIPlugin
2025-07-13 14:23:06,529 [INFO] PluginManager:220 - loadIPPluginJar : add ucpd
2025-07-13 14:23:06,583 [INFO] IPUIPlugin:80 - create IPUIPlugin
2025-07-13 14:23:06,583 [INFO] PluginManager:220 - loadIPPluginJar : add usart
2025-07-13 14:23:06,636 [INFO] IPUIPlugin:80 - create IPUIPlugin
2025-07-13 14:23:06,636 [INFO] PluginManager:220 - loadIPPluginJar : add usbx
2025-07-13 14:23:06,683 [INFO] ThirdPartyUpdaterWithRetryManager:70 - Updater plugin not ready yet. [2/15]
2025-07-13 14:23:06,764 [FATAL] Updater:351 - Updater called before beeing initialized
2025-07-13 14:23:06,807 [INFO] RulesReader:64 - Compatibility file has been processed (297 Rules)
2025-07-13 14:23:06,817 [INFO] RulesReader:64 - Compatibility file has been processed (297 Rules)
2025-07-13 14:23:06,823 [INFO] CADModel:165 - CPN selected for project level
2025-07-13 14:23:06,823 [INFO] CADModel:114 - Register for checkConnection events
2025-07-13 14:23:06,823 [FATAL] Updater:351 - Updater called before beeing initialized
2025-07-13 14:23:06,823 [ERROR] CADModel:125 - Updater not yet initialized, retry later 
2025-07-13 14:23:06,959 [FATAL] Updater:351 - Updater called before beeing initialized
2025-07-13 14:23:06,961 [INFO] CADModel:165 - CPN selected for project level
2025-07-13 14:23:06,961 [INFO] CADModel:114 - Register for checkConnection events
2025-07-13 14:23:06,961 [FATAL] Updater:351 - Updater called before beeing initialized
2025-07-13 14:23:06,961 [ERROR] CADModel:125 - Updater not yet initialized, retry later 
2025-07-13 14:23:06,963 [FATAL] Updater:351 - Updater called before beeing initialized
2025-07-13 14:23:07,067 [FATAL] Updater:351 - Updater called before beeing initialized
2025-07-13 14:23:07,078 [INFO] DbMcusAds:53 - JSON generation date=Wed May 07 11:07:55 CEST 2025 (1746608875484)
2025-07-13 14:23:07,078 [FATAL] Updater:351 - Updater called before beeing initialized
2025-07-13 14:23:07,117 [WARN] DetailPanel:346 - Failed to get advertising image, set to default
2025-07-13 14:23:07,385 [FATAL] Updater:351 - Updater called before beeing initialized
2025-07-13 14:23:07,386 [FATAL] Updater:351 - Updater called before beeing initialized
2025-07-13 14:23:07,386 [FATAL] Updater:351 - Updater called before beeing initialized
2025-07-13 14:23:07,386 [WARN] DetailPanel:346 - Failed to get advertising image, set to default
2025-07-13 14:23:07,387 [FATAL] Updater:351 - Updater called before beeing initialized
2025-07-13 14:23:07,448 [ERROR] Updater:1198 - MainUpdater not yet initialized. External WinMGr cannot be set.
2025-07-13 14:23:07,460 [INFO] Updater:1134 - Updater Version found : 6.13.0
2025-07-13 14:23:07,475 [INFO] ApplicationProperties:184 - Using Application install path: C:\ST\STM32CubeIDE_1.16.1\STM32CubeIDE\plugins\com.st.stm32cube.common.mx_6.13.0.202411220809
2025-07-13 14:23:07,845 [INFO] MainUpdater:2872 - connection check result : 10
2025-07-13 14:23:07,846 [INFO] MainUpdater:289 - Updater Check For Update Now.
2025-07-13 14:23:07,846 [INFO] MicroXplorer:498 - Change Database Version : DB.6.0.130
2025-07-13 14:23:07,866 [INFO] McuFinderGlobals:63 - Set McuFinder mode to 2 (CubeIDE integrated)
2025-07-13 14:23:07,874 [INFO] UserAuth:486 - Internet connection configuration mode: 1
2025-07-13 14:23:07,904 [INFO] JxBrowserEngine:152 - Initiate JxBrowser Engine with user profile folder
2025-07-13 14:23:08,079 [INFO] CheckServerUpdateThread:120 - End of CheckServer Thread
2025-07-13 14:23:10,267 [INFO] WebApp:168 - Instantiating new browser for Auth
2025-07-13 14:23:10,277 [WARN] PackLoader:240 - Cannot read IP mode file for STMicroelectronics.FP-SNS-MOTENVWB1.1.4.0
2025-07-13 14:23:10,302 [WARN] PackLoader:240 - Cannot read IP mode file for STMicroelectronics.FP-ATR-ASTRA1.2.0.2
2025-07-13 14:23:10,321 [WARN] PackLoader:240 - Cannot read IP mode file for STMicroelectronics.FP-ATR-ASTRA1.2.0.1
2025-07-13 14:23:10,345 [WARN] PackLoader:240 - Cannot read IP mode file for STMicroelectronics.X-CUBE-SMBUS.2.1.0
2025-07-13 14:23:10,367 [WARN] PackLoader:240 - Cannot read IP mode file for STMicroelectronics.X-CUBE-WB05N.1.1.0
2025-07-13 14:23:10,399 [WARN] PackLoader:240 - Cannot read IP mode file for STMicroelectronics.X-CUBE-ST60.1.0.0
2025-07-13 14:23:10,481 [WARN] PackLoader:240 - Cannot read IP mode file for STMicroelectronics.X-CUBE-MEMS1.9.2.0
2025-07-13 14:23:10,719 [WARN] PackLoader:240 - Cannot read IP mode file for STMicroelectronics.X-CUBE-AZRTOS-F7.1.1.0
2025-07-13 14:23:10,750 [WARN] PackLoader:240 - Cannot read IP mode file for STMicroelectronics.X-CUBE-BLE1.6.2.3
2025-07-13 14:23:10,807 [WARN] PackLoader:240 - Cannot read IP mode file for STMicroelectronics.X-CUBE-MEMS1.11.0.0
2025-07-13 14:23:10,938 [WARN] PackLoader:240 - Cannot read IP mode file for STMicroelectronics.FP-SNS-FLIGHT1.5.0.2
2025-07-13 14:23:10,958 [WARN] PackLoader:240 - Cannot read IP mode file for STMicroelectronics.X-CUBE-TOF1.3.1.0
2025-07-13 14:23:10,997 [WARN] PackLoader:240 - Cannot read IP mode file for STMicroelectronics.X-CUBE-AZRTOS-H7.3.4.0
2025-07-13 14:23:11,024 [WARN] PackLoader:240 - Cannot read IP mode file for STMicroelectronics.X-CUBE-DISPLAY.3.0.0
2025-07-13 14:23:11,039 [WARN] PackLoader:240 - Cannot read IP mode file for STMicroelectronics.X-CUBE-BLE1.7.0.0
2025-07-13 14:23:11,056 [WARN] PackLoader:240 - Cannot read IP mode file for STMicroelectronics.X-CUBE-NFC10.1.0.0
2025-07-13 14:23:11,078 [WARN] PackLoader:240 - Cannot read IP mode file for STMicroelectronics.X-CUBE-BLEMGR.4.0.0
2025-07-13 14:23:11,115 [WARN] PackLoader:240 - Cannot read IP mode file for STMicroelectronics.X-CUBE-AI.7.2.0
2025-07-13 14:23:11,137 [WARN] PackLoader:240 - Cannot read IP mode file for STMicroelectronics.X-CUBE-BLEMGR.3.1.0
2025-07-13 14:23:11,152 [WARN] PackLoader:240 - Cannot read IP mode file for STMicroelectronics.X-CUBE-AI.10.0.0
2025-07-13 14:23:11,171 [WARN] PackLoader:240 - Cannot read IP mode file for STMicroelectronics.FP-SNS-SMARTAG2.1.2.0
2025-07-13 14:23:11,185 [WARN] PackLoader:240 - Cannot read IP mode file for STMicroelectronics.FP-SNS-FLIGHT1.5.1.0
2025-07-13 14:23:11,240 [WARN] PackLoader:240 - Cannot read IP mode file for STMicroelectronics.X-CUBE-MEMS1.11.1.0
2025-07-13 14:23:11,388 [INFO] LogOutputStream:77 - [STDOUT_REDIRECT] 1 : Invalid condition id : UX_CORESTACK_Condition cause : null
2025-07-13 14:23:11,389 [INFO] LogOutputStream:77 - [STDOUT_REDIRECT] 1 : Invalid condition id : UX_CORESTACK_Condition cause : null
2025-07-13 14:23:11,391 [INFO] LogOutputStream:77 - [STDOUT_REDIRECT] 1 : Invalid condition id : UX_CORESTACK_Condition cause : null
2025-07-13 14:23:11,392 [INFO] LogOutputStream:77 - [STDOUT_REDIRECT] 1 : Invalid condition id : UX_CORESTACK_Condition cause : null
2025-07-13 14:23:11,393 [INFO] LogOutputStream:77 - [STDOUT_REDIRECT] 1 : Invalid condition id : UX_CORESTACK_Condition cause : null
2025-07-13 14:23:11,396 [WARN] PackLoader:240 - Cannot read IP mode file for STMicroelectronics.X-CUBE-AZRTOS-WL.2.0.0
2025-07-13 14:23:11,416 [WARN] PackLoader:240 - Cannot read IP mode file for STMicroelectronics.FP-SNS-MOTENV1.5.0.0
2025-07-13 14:23:11,443 [WARN] PackLoader:240 - Cannot read IP mode file for wolfSSL.I-CUBE-wolfMQTT.1.19.0
2025-07-13 14:23:11,520 [WARN] PackLoader:240 - Cannot read IP mode file for WES.I-CUBE-Cesium.1.3.0
2025-07-13 14:23:11,539 [WARN] PackLoader:240 - Cannot read IP mode file for STMicroelectronics.X-CUBE-BLE2.3.3.0
2025-07-13 14:23:11,558 [WARN] PackLoader:240 - Cannot read IP mode file for STMicroelectronics.X-CUBE-DISPLAY.2.2.0
2025-07-13 14:23:11,583 [WARN] PackLoader:240 - Cannot read IP mode file for STMicroelectronics.X-CUBE-NFC9.1.0.0
2025-07-13 14:23:11,633 [WARN] PackLoader:240 - Cannot read IP mode file for STMicroelectronics.X-CUBE-AZRTOS-H7.2.1.0
2025-07-13 14:23:11,649 [WARN] PackLoader:240 - Cannot read IP mode file for STMicroelectronics.X-CUBE-BLE1.7.1.0
2025-07-13 14:23:11,664 [WARN] PackLoader:240 - Cannot read IP mode file for STMicroelectronics.X-CUBE-TCPP.4.1.0
2025-07-13 14:23:11,681 [WARN] PackLoader:240 - Cannot read IP mode file for STMicroelectronics.X-CUBE-AI.10.1.0
2025-07-13 14:23:11,698 [WARN] PackLoader:240 - Cannot read IP mode file for STMicroelectronics.X-CUBE-ALGOBUILD.1.3.0
2025-07-13 14:23:11,748 [WARN] PackLoader:240 - Cannot read IP mode file for STMicroelectronics.X-CUBE-MEMS1.11.2.0
2025-07-13 14:23:11,898 [WARN] PackLoader:240 - Cannot read IP mode file for STMicroelectronics.X-CUBE-AZRTOS-G0.1.1.0
2025-07-13 14:23:11,915 [WARN] PackLoader:240 - Cannot read IP mode file for STMicroelectronics.X-CUBE-SAFEA1.1.2.2
2025-07-13 14:23:11,932 [WARN] PackLoader:240 - Cannot read IP mode file for STMicroelectronics.X-CUBE-NFC4.3.0.0
2025-07-13 14:23:11,993 [WARN] PackLoader:240 - Cannot read IP mode file for SEGGER.I-CUBE-embOS.1.2.0
2025-07-13 14:23:12,027 [WARN] PackLoader:240 - Cannot read IP mode file for EmbeddedOffice.I-CUBE-FS-RTOS.1.0.1
2025-07-13 14:23:12,046 [WARN] PackLoader:240 - Cannot read IP mode file for STMicroelectronics.X-CUBE-WB05N.2.0.0
2025-07-13 14:23:12,064 [WARN] PackLoader:240 - Cannot read IP mode file for STMicroelectronics.X-CUBE-TCPP.4.2.0
2025-07-13 14:23:12,080 [WARN] PackLoader:240 - Cannot read IP mode file for RealThread.X-CUBE-RT-Thread_Nano.4.1.1
2025-07-13 14:23:12,093 [WARN] PackLoader:240 - Cannot read IP mode file for STMicroelectronics.FP-ATR-SIGFOX1.3.2.0
2025-07-13 14:23:12,106 [WARN] ConditionMgr:438 - getConditionDescription Invalid condition id : Cortex-A Device cause : null
2025-07-13 14:23:12,127 [WARN] ConditionMgr:1044 - genDependencies : Invalid condition id : Cortex-A Device cause : null
2025-07-13 14:23:12,127 [WARN] ConditionMgr:1044 - genDependencies : Invalid condition id : Cortex-A Device cause : null
2025-07-13 14:23:12,128 [WARN] ConditionMgr:1044 - genDependencies : Invalid condition id : Cortex-A Device cause : null
2025-07-13 14:23:12,147 [WARN] PackLoader:240 - Cannot read IP mode file for STMicroelectronics.X-CUBE-EEPRMA1.5.1.0
2025-07-13 14:23:12,167 [WARN] PackLoader:240 - Cannot read IP mode file for emotas.I-CUBE-CANOPEN.1.1.2
2025-07-13 14:23:12,182 [WARN] PackLoader:240 - Cannot read IP mode file for STMicroelectronics.X-CUBE-TOUCHGFX.4.20.0
2025-07-13 14:23:12,199 [WARN] PackLoader:240 - Cannot read IP mode file for ITTIA_DB.I-CUBE-ITTIADB.8.9.0
2025-07-13 14:23:12,215 [WARN] PackLoader:240 - Cannot read IP mode file for STMicroelectronics.X-CUBE-ST67W61.1.0.0
2025-07-13 14:23:12,272 [WARN] PackLoader:240 - Cannot read IP mode file for SEGGER.I-CUBE-embOS.1.3.1
2025-07-13 14:23:12,326 [WARN] PackLoader:240 - Cannot read IP mode file for STMicroelectronics.X-CUBE-ALGOBUILD.1.4.0
2025-07-13 14:23:12,387 [WARN] PackLoader:240 - Cannot read IP mode file for STMicroelectronics.X-CUBE-MEMS1.11.3.0
2025-07-13 14:23:12,496 [WARN] PackLoader:240 - Cannot read IP mode file for STMicroelectronics.X-CUBE-AI.9.1.0
2025-07-13 14:23:12,537 [WARN] PackLoader:240 - Cannot read IP mode file for STMicroelectronics.X-CUBE-PM33A1.1.0.0
2025-07-13 14:23:12,552 [WARN] PackLoader:240 - Cannot read IP mode file for STMicroelectronics.X-CUBE-GNSS1.6.0.0
2025-07-13 14:23:12,580 [WARN] PackLoader:240 - Cannot read IP mode file for STMicroelectronics.X-CUBE-AZRTOS-F4.1.1.0
2025-07-13 14:23:12,595 [WARN] PackLoader:240 - Cannot read IP mode file for Avnet-IotConnect.X-CUBE-IoTC-DA16k-PMOD.1.0.0
2025-07-13 14:23:12,609 [WARN] PackLoader:240 - Cannot read IP mode file for STMicroelectronics.X-CUBE-ISPU.2.1.0
2025-07-13 14:23:12,631 [WARN] PackLoader:240 - Cannot read IP mode file for STMicroelectronics.X-CUBE-FREERTOS.1.2.0
2025-07-13 14:23:12,646 [WARN] PackLoader:240 - Cannot read IP mode file for STMicroelectronics.X-CUBE-NFC12.1.0.0
2025-07-13 14:23:12,677 [WARN] PackLoader:240 - Cannot read IP mode file for STMicroelectronics.X-CUBE-AZRTOS-L5.2.0.0
2025-07-13 14:23:12,694 [WARN] PackLoader:240 - Cannot read IP mode file for STMicroelectronics.X-CUBE-NFC6.3.1.0
2025-07-13 14:23:12,709 [WARN] PackLoader:240 - Cannot read IP mode file for STMicroelectronics.X-CUBE-DPower.1.2.0
2025-07-13 14:23:12,723 [WARN] PackLoader:240 - Cannot read IP mode file for STMicroelectronics.X-CUBE-NFC4.2.0.4
2025-07-13 14:23:12,750 [WARN] PackLoader:240 - Cannot read IP mode file for STMicroelectronics.X-CUBE-AZRTOS-F4.1.0.0
2025-07-13 14:23:12,811 [WARN] PackLoader:240 - Cannot read IP mode file for STMicroelectronics.X-CUBE-FREERTOS.1.3.1
2025-07-13 14:23:12,824 [WARN] PackLoader:240 - Cannot read IP mode file for STMicroelectronics.X-CUBE-FREERTOS.1.3.0
2025-07-13 14:23:12,838 [WARN] PackLoader:240 - Cannot read IP mode file for STMicroelectronics.X-CUBE-NFC7.1.0.1
2025-07-13 14:23:12,852 [WARN] PackLoader:240 - Cannot read IP mode file for STMicroelectronics.X-CUBE-NFC7.1.0.0
2025-07-13 14:23:12,868 [WARN] PackLoader:240 - Cannot read IP mode file for STMicroelectronics.FP-SNS-STAIOTCFT.1.0.0
2025-07-13 14:23:12,892 [WARN] PackLoader:240 - Cannot read IP mode file for STMicroelectronics.X-CUBE-DPower.1.3.0
2025-07-13 14:23:12,921 [WARN] ConditionMgr:438 - getConditionDescription Invalid condition id : LAN8742 Phy interface Condition cause : null
2025-07-13 14:23:12,922 [WARN] PackLoader:240 - Cannot read IP mode file for STMicroelectronics.X-CUBE-AZRTOS-L4.2.0.0
2025-07-13 14:23:12,922 [WARN] ConditionMgr:1044 - genDependencies : Invalid condition id : LAN8742 Phy interface Condition cause : null
2025-07-13 14:23:12,923 [WARN] ConditionMgr:1044 - genDependencies : Invalid condition id : LAN8742 Phy interface Condition cause : null
2025-07-13 14:23:12,923 [WARN] ConditionMgr:1044 - genDependencies : Invalid condition id : LAN8742 Phy interface Condition cause : null
2025-07-13 14:23:12,940 [WARN] PackLoader:240 - Cannot read IP mode file for STMicroelectronics.X-CUBE-SFXS2LP1.4.0.0
2025-07-13 14:23:12,989 [WARN] PackLoader:240 - Cannot read IP mode file for STMicroelectronics.X-CUBE-AZRTOS-H7.3.3.0
2025-07-13 14:23:13,007 [WARN] PackLoader:240 - Cannot read IP mode file for RoweBots.I-CUBE-UNISONRTOS.5.5.0-4
2025-07-13 14:23:13,045 [WARN] PackLoader:240 - Cannot read IP mode file for wolfSSL.I-CUBE-wolfSSL.5.4.0
2025-07-13 14:23:13,063 [WARN] PackLoader:240 - Cannot read IP mode file for STMicroelectronics.X-CUBE-IPS.3.0.0
2025-07-13 14:23:13,090 [WARN] ConditionMgr:438 - getConditionDescription Invalid condition id : UX DEVICE CLASS RTOS Condition cause : null
2025-07-13 14:23:13,090 [WARN] ConditionMgr:438 - getConditionDescription Invalid condition id : UX DEVICE CLASS RTOS Condition cause : null
2025-07-13 14:23:13,091 [WARN] PackLoader:240 - Cannot read IP mode file for STMicroelectronics.X-CUBE-AZRTOS-WB.2.0.0
2025-07-13 14:23:13,092 [WARN] ConditionMgr:1044 - genDependencies : Invalid condition id : UX DEVICE CLASS RTOS Condition cause : null
2025-07-13 14:23:13,092 [WARN] ConditionMgr:1044 - genDependencies : Invalid condition id : UX DEVICE CLASS RTOS Condition cause : null
2025-07-13 14:23:13,092 [WARN] ConditionMgr:1044 - genDependencies : Invalid condition id : UX DEVICE CLASS RTOS Condition cause : null
2025-07-13 14:23:13,092 [WARN] ConditionMgr:1044 - genDependencies : Invalid condition id : UX DEVICE CLASS RTOS Condition cause : null
2025-07-13 14:23:13,092 [WARN] ConditionMgr:1044 - genDependencies : Invalid condition id : UX DEVICE CLASS RTOS Condition cause : null
2025-07-13 14:23:13,107 [WARN] PackLoader:240 - Cannot read IP mode file for STMicroelectronics.X-CUBE-GNSS1.7.0.0
2025-07-13 14:23:13,108 [INFO] WebApp:449 - Apply proxy settings
2025-07-13 14:23:13,109 [INFO] WebApp:534 - Chromium requires no authentication
2025-07-13 14:23:13,118 [INFO] WebApp:477 - Direct internet connection detected
2025-07-13 14:23:13,123 [WARN] PackLoader:240 - Cannot read IP mode file for STMicroelectronics.X-CUBE-GNSS1.7.0.1
2025-07-13 14:23:13,139 [WARN] PackLoader:240 - Cannot read IP mode file for STMicroelectronics.X-CUBE-BLEMGR.1.0.0
2025-07-13 14:23:13,154 [WARN] PackLoader:240 - Cannot read IP mode file for STMicroelectronics.X-CUBE-TOUCHGFX.4.25.0
2025-07-13 14:23:13,157 [INFO] WebApp:880 - Register for checkConnection events
2025-07-13 14:23:13,157 [INFO] WebApp:449 - Apply proxy settings
2025-07-13 14:23:13,158 [INFO] WebApp:534 - Chromium requires no authentication
2025-07-13 14:23:13,158 [INFO] WebApp:477 - Direct internet connection detected
2025-07-13 14:23:13,173 [WARN] PackLoader:240 - Cannot read IP mode file for STMicroelectronics.FP-SNS-STBOX1.2.0.0
2025-07-13 14:23:13,196 [WARN] PackLoader:240 - Cannot read IP mode file for STMicroelectronics.X-CUBE-SUBG2.5.0.0
2025-07-13 14:23:13,237 [WARN] PackLoader:240 - Cannot read IP mode file for STMicroelectronics.X-CUBE-AZRTOS-H7RS.1.1.0
2025-07-13 14:23:13,258 [WARN] PackLoader:240 - Cannot read IP mode file for Cesanta.I-CUBE-Mongoose.7.13.0
2025-07-13 14:23:13,289 [WARN] PackLoader:240 - Cannot read IP mode file for STMicroelectronics.X-CUBE-AZRTOS-G4.2.0.0
2025-07-13 14:23:13,325 [WARN] PackLoader:240 - Cannot read IP mode file for STMicroelectronics.FP-ATR-ASTRA1.1.1.0
2025-07-13 14:23:13,340 [WARN] PackLoader:240 - Cannot read IP mode file for STMicroelectronics.X-CUBE-NFC7.2.0.0
2025-07-13 14:23:13,362 [WARN] PackLoader:240 - Cannot read IP mode file for STMicroelectronics.X-CUBE-AZRTOS-G4.1.0.0
2025-07-13 14:23:13,402 [WARN] PackLoader:240 - Cannot read IP mode file for STMicroelectronics.X-CUBE-AZRTOS-L4.1.0.0
2025-07-13 14:23:13,421 [WARN] PackLoader:240 - Cannot read IP mode file for STMicroelectronics.X-CUBE-IPS.3.1.0
2025-07-13 14:23:13,437 [WARN] PackLoader:240 - Cannot read IP mode file for STMicroelectronics.X-CUBE-ALS.1.0.2
2025-07-13 14:23:13,450 [WARN] PackLoader:240 - Cannot read IP mode file for STMicroelectronics.X-CUBE-TOUCHGFX.4.24.2
2025-07-13 14:23:13,470 [WARN] PackLoader:240 - Cannot read IP mode file for STMicroelectronics.X-CUBE-AZRTOS-WL.1.0.0
2025-07-13 14:23:13,486 [WARN] PackLoader:240 - Cannot read IP mode file for STMicroelectronics.X-CUBE-TOUCHGFX.4.24.1
2025-07-13 14:23:13,493 [INFO] WebApp:221 - Starting web application
2025-07-13 14:23:13,493 [INFO] WebApp:579 - Web application path used C:\ST\STM32CubeIDE_1.16.1\STM32CubeIDE\plugins\com.st.stm32cube.common.mx_6.13.0.202411220809\db\plugins\mcufinder\reactClient1\index.html
2025-07-13 14:23:13,500 [WARN] PackLoader:240 - Cannot read IP mode file for wolfSSL.I-CUBE-wolfTPM.3.4.0
2025-07-13 14:23:13,515 [WARN] PackLoader:240 - Cannot read IP mode file for portGmbH.I-Cube-SoM-uGOAL.1.1.0
2025-07-13 14:23:13,527 [WARN] PackLoader:240 - Cannot read IP mode file for STMicroelectronics.X-CUBE-ALS.1.0.1
2025-07-13 14:23:13,549 [WARN] PackLoader:240 - Cannot read IP mode file for STMicroelectronics.X-CUBE-AZRTOS-L5.1.0.0
2025-07-13 14:23:13,562 [WARN] PackLoader:240 - Cannot read IP mode file for STMicroelectronics.X-CUBE-EEPRMA1.3.1.1
2025-07-13 14:23:13,590 [WARN] PackLoader:240 - Cannot read IP mode file for STMicroelectronics.X-CUBE-AZRTOS-H7RS.1.0.0
2025-07-13 14:23:13,603 [WARN] PackLoader:240 - Cannot read IP mode file for STMicroelectronics.FP-ATR-ASTRA1.2.0.0
2025-07-13 14:23:13,624 [WARN] PackLoader:240 - Cannot read IP mode file for STMicroelectronics.X-CUBE-TOF1.3.4.2
2025-07-13 14:23:13,645 [INFO] WebApp:187 - Connection restablished
2025-07-13 14:23:13,651 [WARN] PackLoader:240 - Cannot read IP mode file for STMicroelectronics.X-CUBE-TOF1.3.4.3
2025-07-13 14:23:13,687 [WARN] PackLoader:240 - Cannot read IP mode file for Infineon.AIROC-Wi-Fi-Bluetooth-STM32.1.6.1
2025-07-13 14:23:13,702 [WARN] PackLoader:240 - Cannot read IP mode file for wolfSSL.I-CUBE-wolfSSH.1.4.17
2025-07-13 14:23:13,703 [INFO] ThirdParty:978 - Integrity check success = true
2025-07-13 14:23:13,703 [INFO] IntegrityCheckThread:100 - exiting critical section [integrity check]
2025-07-13 14:23:13,703 [INFO] IntegrityCheckThread:103 - End integrity checks thread
2025-07-13 14:23:13,881 [INFO] UserAuth:486 - Internet connection configuration mode: 1
