2025-01-16 21:08:37,589 [INFO] Activator:176 - 


2025-01-16 21:08:37,594 [INFO] Activator:177 - !SESSION log4j initialized
2025-01-16 21:08:52,426 [INFO] LogOutputStream:77 - [STDOUT_REDIRECT] 
2025-01-16 21:11:34,540 [INFO] ApplicationProperties:184 - Using Application install path: C:\ST\STM32CubeIDE_1.16.1\STM32CubeIDE\plugins\com.st.stm32cube.common.mx_6.13.0.202411220809
2025-01-16 21:11:34,555 [INFO] DbMcusXml:78 - Set database path to: C:\ST\STM32CubeIDE_1.16.1\STM32CubeIDE\plugins\com.st.stm32cube.common.mx_6.13.0.202411220809\\db\/mcu/
2025-01-16 21:11:34,555 [INFO] ApiDb:274 - Set plugin database path to: C:\ST\STM32CubeIDE_1.16.1\STM32CubeIDE\plugins\com.st.stm32cube.common.mx_6.13.0.202411220809\\db\/plugins/boardmanager/
2025-01-16 21:11:34,556 [WARN] ApiDb:259 - Overriding images path with different value:  => C:\ST\STM32CubeIDE_1.16.1\STM32CubeIDE\plugins\com.st.stm32cube.common.mx_6.13.0.202411220809\\db\/plugins/mcufinder/images/
2025-01-16 21:11:34,571 [INFO] ApiDb:250 - Set database path to: C:\Users\Bruno\.stmcufinder\plugins\mcufinder//mcu/
2025-01-16 21:11:34,572 [INFO] DbMcusAds:125 - Set database path to: C:\Users\Bruno\.stmcufinder\plugins\mcufinder//mcu/
2025-01-16 21:11:34,602 [INFO] CrossReferenceDbSqlite:203 - Set database path to: C:\Users\Bruno\.stmcufinder\plugins\mcufinder//mcu/cs/
2025-01-16 21:11:34,717 [INFO] RulesReader:64 - Compatibility file has been processed (297 Rules)
2025-01-16 21:11:34,803 [INFO] DbMcusXml:78 - Set database path to: C:\ST\STM32CubeIDE_1.16.1\STM32CubeIDE\plugins\com.st.stm32cube.common.mx_6.13.0.202411220809\\db\/mcu/
2025-01-16 21:11:34,803 [INFO] ApiDb:274 - Set plugin database path to: C:\ST\STM32CubeIDE_1.16.1\STM32CubeIDE\plugins\com.st.stm32cube.common.mx_6.13.0.202411220809\\db\/plugins/boardmanager/
2025-01-16 21:11:34,803 [INFO] ApiDb:261 - Set plugin images path to: C:\ST\STM32CubeIDE_1.16.1\STM32CubeIDE\plugins\com.st.stm32cube.common.mx_6.13.0.202411220809\\db\/plugins/mcufinder/images/
2025-01-16 21:11:34,803 [WARN] DbFile:41 - Overriding database path with different value: C:\Users\Bruno\.stmcufinder\plugins\mcufinder/ => C:\Users\Bruno\.stmcufinder\plugins\mcufinder
2025-01-16 21:11:34,803 [INFO] ApiDb:250 - Set database path to: C:\Users\Bruno\.stmcufinder\plugins\mcufinder//mcu/
2025-01-16 21:11:34,804 [WARN] DbFile:41 - Overriding database path with different value: C:\Users\Bruno\.stmcufinder\plugins\mcufinder/ => C:\Users\Bruno\.stmcufinder\plugins\mcufinder
2025-01-16 21:11:34,804 [INFO] DbMcusAds:125 - Set database path to: C:\Users\Bruno\.stmcufinder\plugins\mcufinder//mcu/
2025-01-16 21:11:34,804 [WARN] DbFile:41 - Overriding database path with different value: C:\Users\Bruno\.stmcufinder\plugins\mcufinder/ => C:\Users\Bruno\.stmcufinder\plugins\mcufinder
2025-01-16 21:11:34,804 [WARN] DbFile:41 - Overriding database path with different value: C:\Users\Bruno\.stmcufinder\plugins\mcufinder/ => C:\Users\Bruno\.stmcufinder\plugins\mcufinder
2025-01-16 21:11:34,804 [INFO] CrossReferenceDbSqlite:203 - Set database path to: C:\Users\Bruno\.stmcufinder\plugins\mcufinder//mcu/cs/
2025-01-16 21:11:34,890 [INFO] MainPanel:272 - HeapMemory: 1073741824
2025-01-16 21:11:34,992 [INFO] DbMcusXml:78 - Set database path to: C:\ST\STM32CubeIDE_1.16.1\STM32CubeIDE\plugins\com.st.stm32cube.common.mx_6.13.0.202411220809\\db\/mcu/
2025-01-16 21:11:34,992 [INFO] ApiDb:274 - Set plugin database path to: C:\ST\STM32CubeIDE_1.16.1\STM32CubeIDE\plugins\com.st.stm32cube.common.mx_6.13.0.202411220809\\db\/plugins/boardmanager/
2025-01-16 21:11:34,992 [INFO] ApiDb:261 - Set plugin images path to: C:\ST\STM32CubeIDE_1.16.1\STM32CubeIDE\plugins\com.st.stm32cube.common.mx_6.13.0.202411220809\\db\/plugins/mcufinder/images/
2025-01-16 21:11:34,994 [WARN] DbFile:41 - Overriding database path with different value: C:\Users\Bruno\.stmcufinder\plugins\mcufinder/ => C:\Users\Bruno\.stmcufinder\plugins\mcufinder
2025-01-16 21:11:34,994 [INFO] ApiDb:250 - Set database path to: C:\Users\Bruno\.stmcufinder\plugins\mcufinder//mcu/
2025-01-16 21:11:34,994 [WARN] DbFile:41 - Overriding database path with different value: C:\Users\Bruno\.stmcufinder\plugins\mcufinder/ => C:\Users\Bruno\.stmcufinder\plugins\mcufinder
2025-01-16 21:11:34,994 [INFO] DbMcusAds:125 - Set database path to: C:\Users\Bruno\.stmcufinder\plugins\mcufinder//mcu/
2025-01-16 21:11:34,994 [WARN] DbFile:41 - Overriding database path with different value: C:\Users\Bruno\.stmcufinder\plugins\mcufinder/ => C:\Users\Bruno\.stmcufinder\plugins\mcufinder
2025-01-16 21:11:34,994 [WARN] DbFile:41 - Overriding database path with different value: C:\Users\Bruno\.stmcufinder\plugins\mcufinder/ => C:\Users\Bruno\.stmcufinder\plugins\mcufinder
2025-01-16 21:11:34,994 [INFO] CrossReferenceDbSqlite:203 - Set database path to: C:\Users\Bruno\.stmcufinder\plugins\mcufinder//mcu/cs/
2025-01-16 21:11:35,012 [INFO] ApplicationProperties:184 - Using Application install path: C:\ST\STM32CubeIDE_1.16.1\STM32CubeIDE\plugins\com.st.stm32cube.common.mx_6.13.0.202411220809
2025-01-16 21:11:35,013 [INFO] PluginManage:196 - Search for loadable plugins [exclusion list=, ]
2025-01-16 21:11:35,015 [INFO] PluginManage:310 - Check plugin analytics
2025-01-16 21:11:35,185 [INFO] AnalyticsPlugin:253 - Accepted Software Licenses: STM32CubeMX.6.6.1,STM32CubeMX.6.13.0
2025-01-16 21:11:35,185 [INFO] AnalyticsPlugin:255 - Accepted CMSIS Pack Licenses: 
2025-01-16 21:11:35,186 [INFO] AnalyticsPlugin:257 - Accepted Firmware Licenses: FW.G0.1.6.0,FW.F4.1.28.0
2025-01-16 21:11:35,186 [INFO] PluginManage:359 - Loaded plugin analytics (category:tool,tabindex:-1)
2025-01-16 21:11:35,186 [INFO] PluginManage:310 - Check plugin cadmodel
2025-01-16 21:11:35,205 [INFO] CADModel:105 - Init CAD model plugin
2025-01-16 21:11:35,205 [INFO] PluginManage:359 - Loaded plugin cadmodel (category:power,tabindex:5)
2025-01-16 21:11:35,205 [INFO] PluginManage:310 - Check plugin clock
2025-01-16 21:11:35,226 [INFO] PluginManage:359 - Loaded plugin clock (category:base,tabindex:2)
2025-01-16 21:11:35,226 [INFO] PluginManage:310 - Check plugin ddr
2025-01-16 21:11:35,229 [INFO] PluginManage:359 - Loaded plugin ddr (category:tool,tabindex:6)
2025-01-16 21:11:35,230 [INFO] PluginManage:310 - Check plugin filemanager
2025-01-16 21:11:35,356 [INFO] PluginManage:359 - Loaded plugin filemanager (category:base,tabindex:10)
2025-01-16 21:11:35,356 [INFO] PluginManage:310 - Check plugin ipmanager
2025-01-16 21:11:35,363 [INFO] PluginManage:359 - Loaded plugin ipmanager (category:base,tabindex:5)
2025-01-16 21:11:35,363 [INFO] PluginManage:310 - Check plugin lpbam
2025-01-16 21:11:35,382 [INFO] PluginManage:359 - Loaded plugin lpbam (category:base,tabindex:0)
2025-01-16 21:11:35,382 [INFO] PluginManage:310 - Check plugin memorymap
2025-01-16 21:11:35,406 [INFO] PluginManage:359 - Loaded plugin memorymap (category:base,tabindex:4)
2025-01-16 21:11:35,406 [INFO] PluginManage:310 - Check plugin pinoutandconfiguration
2025-01-16 21:11:35,425 [INFO] PluginManage:359 - Loaded plugin pinoutandconfiguration (category:base,tabindex:1)
2025-01-16 21:11:35,425 [INFO] PluginManage:310 - Check plugin pinoutconfig
2025-01-16 21:11:35,520 [WARN] SupportedApi:132 - Cannot load RTOS API schema: s4s-elt-must-match.1: The content of 'definitions' must match (annotation?, (simpleType | complexType)?, (unique | key | keyref)*)). A problem was found starting at: attribute.
2025-01-16 21:11:35,656 [INFO] PluginManage:359 - Loaded plugin pinoutconfig (category:base,tabindex:0)
2025-01-16 21:11:35,656 [INFO] PluginManage:310 - Check plugin power
2025-01-16 21:11:35,678 [INFO] PluginManage:359 - Loaded plugin power (category:power,tabindex:4)
2025-01-16 21:11:35,678 [INFO] PluginManage:310 - Check plugin projectmanager
2025-01-16 21:11:35,693 [INFO] PluginManage:359 - Loaded plugin projectmanager (category:projectmanager,tabindex:4)
2025-01-16 21:11:35,693 [INFO] PluginManage:310 - Check plugin rif
2025-01-16 21:11:35,711 [INFO] PluginManage:359 - Loaded plugin rif (category:base,tabindex:3)
2025-01-16 21:11:35,712 [INFO] PluginManage:310 - Check plugin thirdparty
2025-01-16 21:11:36,007 [WARN] IntegrityCheckThread:84 - waiting for thirdparty lock release [integrity check]
2025-01-16 21:11:36,007 [INFO] PluginManage:359 - Loaded plugin thirdparty (category:base,tabindex:-1)
2025-01-16 21:11:36,007 [INFO] IntegrityCheckThread:86 - entering critical section [integrity check]
2025-01-16 21:11:36,007 [INFO] PluginManage:310 - Check plugin tools
2025-01-16 21:11:36,007 [INFO] ThirdPartyUpdaterWithRetryManager:70 - Updater plugin not ready yet. [1/15]
2025-01-16 21:11:36,048 [INFO] PluginManage:359 - Loaded plugin tools (category:base,tabindex:7)
2025-01-16 21:11:36,049 [INFO] PluginManage:310 - Check plugin tutovideos
2025-01-16 21:11:36,233 [INFO] PluginManage:359 - Loaded plugin tutovideos (category:base,tabindex:-1)
2025-01-16 21:11:36,233 [INFO] PluginManage:310 - Check plugin updater
2025-01-16 21:11:36,253 [INFO] PluginManage:359 - Loaded plugin updater (category:base,tabindex:12)
2025-01-16 21:11:36,253 [INFO] PluginManage:310 - Check plugin userauth
2025-01-16 21:11:36,257 [INFO] UserAuth:118 - Init User Auth plugin
2025-01-16 21:11:36,257 [INFO] PluginManage:359 - Loaded plugin userauth (category:base,tabindex:14)
2025-01-16 21:11:36,258 [INFO] PluginManage:283 - PluginManage : Loaded plugins [18]
2025-01-16 21:11:36,471 [INFO] PinOutPanel:1589 - setPackage(No Configuration,No Configuration)
2025-01-16 21:11:36,558 [INFO] CADModel:165 - CPN selected for project level
2025-01-16 21:11:36,558 [INFO] CADModel:114 - Register for checkConnection events
2025-01-16 21:11:36,587 [INFO] IPUIPlugin:80 - create IPUIPlugin
2025-01-16 21:11:36,587 [INFO] PluginManager:220 - loadIPPluginJar : add adc
2025-01-16 21:11:36,633 [INFO] IPUIPlugin:80 - create IPUIPlugin
2025-01-16 21:11:36,633 [INFO] PluginManager:220 - loadIPPluginJar : add aes
2025-01-16 21:11:36,682 [INFO] IPUIPlugin:80 - create IPUIPlugin
2025-01-16 21:11:36,682 [INFO] PluginManager:220 - loadIPPluginJar : add can
2025-01-16 21:11:36,711 [INFO] IPUIPlugin:80 - create IPUIPlugin
2025-01-16 21:11:36,711 [INFO] PluginManager:220 - loadIPPluginJar : add comp
2025-01-16 21:11:36,751 [INFO] IPUIPlugin:80 - create IPUIPlugin
2025-01-16 21:11:36,751 [INFO] PluginManager:220 - loadIPPluginJar : add cryp
2025-01-16 21:11:36,765 [INFO] IPUIPlugin:80 - create IPUIPlugin
2025-01-16 21:11:36,765 [INFO] PluginManager:220 - loadIPPluginJar : add ddr_ctrl_phy
2025-01-16 21:11:36,800 [INFO] IPUIPlugin:80 - create IPUIPlugin
2025-01-16 21:11:36,800 [INFO] PluginManager:220 - loadIPPluginJar : add dfsdm
2025-01-16 21:11:36,816 [INFO] IPUIPlugin:80 - create IPUIPlugin
2025-01-16 21:11:36,817 [INFO] PluginManager:220 - loadIPPluginJar : add dma
2025-01-16 21:11:36,862 [INFO] IPUIPlugin:80 - create IPUIPlugin
2025-01-16 21:11:36,862 [INFO] PluginManager:220 - loadIPPluginJar : add dma3
2025-01-16 21:11:36,916 [INFO] IPUIPlugin:80 - create IPUIPlugin
2025-01-16 21:11:36,916 [INFO] PluginManager:220 - loadIPPluginJar : add extmemmanager
2025-01-16 21:11:36,940 [INFO] IPUIPlugin:80 - create IPUIPlugin
2025-01-16 21:11:36,940 [INFO] PluginManager:220 - loadIPPluginJar : add fatfs
2025-01-16 21:11:36,997 [INFO] IPUIPlugin:80 - create IPUIPlugin
2025-01-16 21:11:36,997 [INFO] PluginManager:220 - loadIPPluginJar : add fmc
2025-01-16 21:11:37,013 [INFO] IPUIPlugin:80 - create IPUIPlugin
2025-01-16 21:11:37,013 [INFO] PluginManager:220 - loadIPPluginJar : add freertos
2025-01-16 21:11:37,039 [INFO] IPUIPlugin:80 - create IPUIPlugin
2025-01-16 21:11:37,039 [INFO] PluginManager:220 - loadIPPluginJar : add genericplugin
2025-01-16 21:11:37,146 [INFO] IPUIPlugin:80 - create IPUIPlugin
2025-01-16 21:11:37,147 [INFO] PluginManager:220 - loadIPPluginJar : add gfxmmu
2025-01-16 21:11:37,293 [INFO] IPUIPlugin:80 - create IPUIPlugin
2025-01-16 21:11:37,293 [INFO] PluginManager:220 - loadIPPluginJar : add gic
2025-01-16 21:11:37,308 [INFO] IPUIPlugin:80 - create IPUIPlugin
2025-01-16 21:11:37,308 [INFO] PluginManager:220 - loadIPPluginJar : add gpio
2025-01-16 21:11:37,417 [INFO] IPUIPlugin:80 - create IPUIPlugin
2025-01-16 21:11:37,418 [INFO] PluginManager:220 - loadIPPluginJar : add gtzc
2025-01-16 21:11:37,456 [INFO] IPUIPlugin:80 - create IPUIPlugin
2025-01-16 21:11:37,456 [INFO] PluginManager:220 - loadIPPluginJar : add hash
2025-01-16 21:11:37,518 [INFO] IPUIPlugin:80 - create IPUIPlugin
2025-01-16 21:11:37,518 [INFO] PluginManager:220 - loadIPPluginJar : add i2c
2025-01-16 21:11:37,566 [INFO] IPUIPlugin:80 - create IPUIPlugin
2025-01-16 21:11:37,566 [INFO] PluginManager:220 - loadIPPluginJar : add i2s
2025-01-16 21:11:37,614 [INFO] IPUIPlugin:80 - create IPUIPlugin
2025-01-16 21:11:37,614 [INFO] PluginManager:220 - loadIPPluginJar : add i3c
2025-01-16 21:11:37,751 [INFO] IPUIPlugin:80 - create IPUIPlugin
2025-01-16 21:11:37,752 [INFO] PluginManager:220 - loadIPPluginJar : add ipddr
2025-01-16 21:11:37,861 [INFO] IPUIPlugin:80 - create IPUIPlugin
2025-01-16 21:11:37,862 [INFO] PluginManager:220 - loadIPPluginJar : add linkedlist
2025-01-16 21:11:37,903 [INFO] IPUIPlugin:80 - create IPUIPlugin
2025-01-16 21:11:37,903 [INFO] PluginManager:220 - loadIPPluginJar : add lorawan
2025-01-16 21:11:37,947 [INFO] IPUIPlugin:80 - create IPUIPlugin
2025-01-16 21:11:37,947 [INFO] PluginManager:220 - loadIPPluginJar : add ltdc
2025-01-16 21:11:37,963 [INFO] IPUIPlugin:80 - create IPUIPlugin
2025-01-16 21:11:37,963 [INFO] PluginManager:220 - loadIPPluginJar : add mdma
2025-01-16 21:11:37,977 [INFO] IPUIPlugin:80 - create IPUIPlugin
2025-01-16 21:11:37,977 [INFO] PluginManager:220 - loadIPPluginJar : add nvic
2025-01-16 21:11:38,021 [INFO] IPUIPlugin:80 - create IPUIPlugin
2025-01-16 21:11:38,021 [INFO] PluginManager:220 - loadIPPluginJar : add opamp
2025-01-16 21:11:38,092 [INFO] IPUIPlugin:80 - create IPUIPlugin
2025-01-16 21:11:38,092 [INFO] PluginManager:220 - loadIPPluginJar : add openamp
2025-01-16 21:11:38,142 [INFO] IPUIPlugin:80 - create IPUIPlugin
2025-01-16 21:11:38,142 [INFO] PluginManager:220 - loadIPPluginJar : add pdm2pcm
2025-01-16 21:11:38,158 [INFO] IPUIPlugin:80 - create IPUIPlugin
2025-01-16 21:11:38,160 [INFO] PluginManager:220 - loadIPPluginJar : add plateformsettings
2025-01-16 21:11:38,187 [INFO] IPUIPlugin:80 - create IPUIPlugin
2025-01-16 21:11:38,187 [INFO] PluginManager:220 - loadIPPluginJar : add quadspi
2025-01-16 21:11:38,219 [INFO] IPUIPlugin:80 - create IPUIPlugin
2025-01-16 21:11:38,220 [INFO] PluginManager:220 - loadIPPluginJar : add radio
2025-01-16 21:11:38,234 [INFO] IPUIPlugin:80 - create IPUIPlugin
2025-01-16 21:11:38,234 [INFO] PluginManager:220 - loadIPPluginJar : add resmgrutility
2025-01-16 21:11:38,293 [INFO] IPUIPlugin:80 - create IPUIPlugin
2025-01-16 21:11:38,293 [INFO] PluginManager:220 - loadIPPluginJar : add sai
2025-01-16 21:11:38,337 [INFO] IPUIPlugin:80 - create IPUIPlugin
2025-01-16 21:11:38,337 [INFO] PluginManager:220 - loadIPPluginJar : add spi
2025-01-16 21:11:38,419 [INFO] IPUIPlugin:80 - create IPUIPlugin
2025-01-16 21:11:38,420 [INFO] PluginManager:220 - loadIPPluginJar : add stm32_wpan
2025-01-16 21:11:38,448 [INFO] IPUIPlugin:80 - create IPUIPlugin
2025-01-16 21:11:38,448 [INFO] PluginManager:220 - loadIPPluginJar : add tim
2025-01-16 21:11:38,520 [INFO] IPUIPlugin:80 - create IPUIPlugin
2025-01-16 21:11:38,520 [INFO] PluginManager:220 - loadIPPluginJar : add touchsensing
2025-01-16 21:11:38,547 [INFO] IPUIPlugin:80 - create IPUIPlugin
2025-01-16 21:11:38,547 [INFO] PluginManager:220 - loadIPPluginJar : add tracer_emb
2025-01-16 21:11:38,576 [INFO] IPUIPlugin:80 - create IPUIPlugin
2025-01-16 21:11:38,576 [INFO] PluginManager:220 - loadIPPluginJar : add ts
2025-01-16 21:11:38,604 [INFO] IPUIPlugin:80 - create IPUIPlugin
2025-01-16 21:11:38,604 [INFO] PluginManager:220 - loadIPPluginJar : add tsc
2025-01-16 21:11:38,630 [INFO] IPUIPlugin:80 - create IPUIPlugin
2025-01-16 21:11:38,630 [INFO] PluginManager:220 - loadIPPluginJar : add ucpd
2025-01-16 21:11:38,683 [INFO] IPUIPlugin:80 - create IPUIPlugin
2025-01-16 21:11:38,683 [INFO] PluginManager:220 - loadIPPluginJar : add usart
2025-01-16 21:11:38,734 [INFO] IPUIPlugin:80 - create IPUIPlugin
2025-01-16 21:11:38,734 [INFO] PluginManager:220 - loadIPPluginJar : add usbx
2025-01-16 21:11:38,865 [FATAL] Updater:351 - Updater called before beeing initialized
2025-01-16 21:11:38,927 [INFO] RulesReader:64 - Compatibility file has been processed (297 Rules)
2025-01-16 21:11:38,940 [INFO] RulesReader:64 - Compatibility file has been processed (297 Rules)
2025-01-16 21:11:38,946 [INFO] CADModel:165 - CPN selected for project level
2025-01-16 21:11:38,946 [INFO] CADModel:114 - Register for checkConnection events
2025-01-16 21:11:38,946 [FATAL] Updater:351 - Updater called before beeing initialized
2025-01-16 21:11:38,946 [ERROR] CADModel:125 - Updater not yet initialized, retry later 
2025-01-16 21:11:39,009 [INFO] ThirdPartyUpdaterWithRetryManager:70 - Updater plugin not ready yet. [2/15]
2025-01-16 21:11:39,087 [FATAL] Updater:351 - Updater called before beeing initialized
2025-01-16 21:11:39,089 [INFO] CADModel:165 - CPN selected for project level
2025-01-16 21:11:39,090 [INFO] CADModel:114 - Register for checkConnection events
2025-01-16 21:11:39,090 [FATAL] Updater:351 - Updater called before beeing initialized
2025-01-16 21:11:39,090 [ERROR] CADModel:125 - Updater not yet initialized, retry later 
2025-01-16 21:11:39,093 [FATAL] Updater:351 - Updater called before beeing initialized
2025-01-16 21:11:39,192 [FATAL] Updater:351 - Updater called before beeing initialized
2025-01-16 21:11:39,203 [INFO] DbMcusAds:53 - JSON generation date=Tue Dec 17 17:01:15 CET 2024 (1734451275222)
2025-01-16 21:11:39,203 [FATAL] Updater:351 - Updater called before beeing initialized
2025-01-16 21:11:39,243 [WARN] DetailPanel:346 - Failed to get advertising image, set to default
2025-01-16 21:11:39,513 [FATAL] Updater:351 - Updater called before beeing initialized
2025-01-16 21:11:39,514 [FATAL] Updater:351 - Updater called before beeing initialized
2025-01-16 21:11:39,514 [FATAL] Updater:351 - Updater called before beeing initialized
2025-01-16 21:11:39,514 [WARN] DetailPanel:346 - Failed to get advertising image, set to default
2025-01-16 21:11:39,515 [FATAL] Updater:351 - Updater called before beeing initialized
2025-01-16 21:11:39,579 [ERROR] Updater:1198 - MainUpdater not yet initialized. External WinMGr cannot be set.
2025-01-16 21:11:39,591 [INFO] Updater:1134 - Updater Version found : 6.13.0
2025-01-16 21:11:39,608 [INFO] ApplicationProperties:184 - Using Application install path: C:\ST\STM32CubeIDE_1.16.1\STM32CubeIDE\plugins\com.st.stm32cube.common.mx_6.13.0.202411220809
2025-01-16 21:11:39,981 [INFO] MainUpdater:2872 - connection check result : 10
2025-01-16 21:11:39,982 [INFO] MainUpdater:3566 - Updater definition file requires update
2025-01-16 21:11:39,983 [INFO] MainUpdater:289 - Updater Check For Update Now.
2025-01-16 21:11:39,983 [INFO] MicroXplorer:498 - Change Database Version : DB.6.0.130
2025-01-16 21:11:40,000 [INFO] McuFinderGlobals:63 - Set McuFinder mode to 2 (CubeIDE integrated)
2025-01-16 21:11:40,008 [INFO] UserAuth:486 - Internet connection configuration mode: 1
2025-01-16 21:11:40,034 [INFO] JxBrowserEngine:152 - Initiate JxBrowser Engine with user profile folder
2025-01-16 21:11:40,076 [INFO] ServerAccessManage:473 - Download File updaters.zip
2025-01-16 21:11:40,205 [INFO] FileExtend:240 - Unzip File : updaters.zip
2025-01-16 21:11:40,205 [INFO] FileExtend:255 - Standard Zip Deflate
2025-01-16 21:11:40,667 [INFO] ServerAccessManage:473 - Download File PacksControlFlags.xml
2025-01-16 21:11:40,802 [INFO] ServerAccessManage:473 - Download File cubemx.pidx
2025-01-16 21:11:40,996 [INFO] LoadServerUpdatesThread:375 - End of LoadServerUpdate Thread
2025-01-16 21:11:41,710 [INFO] CheckServerUpdateThread:120 - End of CheckServer Thread
2025-01-16 21:11:42,506 [WARN] PackLoader:240 - Cannot read IP mode file for STMicroelectronics.FP-SNS-MOTENVWB1.1.4.0
2025-01-16 21:11:42,529 [WARN] PackLoader:240 - Cannot read IP mode file for STMicroelectronics.FP-ATR-ASTRA1.2.0.1
2025-01-16 21:11:42,548 [WARN] PackLoader:240 - Cannot read IP mode file for STMicroelectronics.X-CUBE-SMBUS.2.1.0
2025-01-16 21:11:42,578 [WARN] PackLoader:240 - Cannot read IP mode file for STMicroelectronics.X-CUBE-WB05N.1.1.0
2025-01-16 21:11:42,703 [WARN] PackLoader:240 - Cannot read IP mode file for STMicroelectronics.X-CUBE-MEMS1.9.2.0
2025-01-16 21:11:42,879 [WARN] PackLoader:240 - Cannot read IP mode file for STMicroelectronics.X-CUBE-AZRTOS-F7.1.1.0
2025-01-16 21:11:42,896 [WARN] PackLoader:240 - Cannot read IP mode file for STMicroelectronics.X-CUBE-BLE1.6.2.3
2025-01-16 21:11:42,983 [WARN] PackLoader:240 - Cannot read IP mode file for STMicroelectronics.X-CUBE-MEMS1.11.0.0
2025-01-16 21:11:43,150 [WARN] PackLoader:240 - Cannot read IP mode file for STMicroelectronics.FP-SNS-FLIGHT1.5.0.2
2025-01-16 21:11:43,173 [WARN] PackLoader:240 - Cannot read IP mode file for STMicroelectronics.X-CUBE-TOF1.3.1.0
2025-01-16 21:11:43,190 [INFO] WebApp:168 - Instantiating new browser for Auth
2025-01-16 21:11:43,191 [WARN] PackLoader:240 - Cannot read IP mode file for STMicroelectronics.X-CUBE-DISPLAY.3.0.0
2025-01-16 21:11:43,209 [WARN] PackLoader:240 - Cannot read IP mode file for STMicroelectronics.X-CUBE-BLE1.7.0.0
2025-01-16 21:11:43,225 [WARN] PackLoader:240 - Cannot read IP mode file for STMicroelectronics.X-CUBE-NFC10.1.0.0
2025-01-16 21:11:43,243 [WARN] PackLoader:240 - Cannot read IP mode file for STMicroelectronics.X-CUBE-BLEMGR.4.0.0
2025-01-16 21:11:43,258 [WARN] PackLoader:240 - Cannot read IP mode file for STMicroelectronics.X-CUBE-AI.7.2.0
2025-01-16 21:11:43,274 [WARN] PackLoader:240 - Cannot read IP mode file for STMicroelectronics.X-CUBE-BLEMGR.3.1.0
2025-01-16 21:11:43,288 [WARN] PackLoader:240 - Cannot read IP mode file for STMicroelectronics.FP-SNS-SMARTAG2.1.2.0
2025-01-16 21:11:43,346 [WARN] PackLoader:240 - Cannot read IP mode file for STMicroelectronics.X-CUBE-MEMS1.11.1.0
2025-01-16 21:11:43,481 [INFO] LogOutputStream:77 - [STDOUT_REDIRECT] 1 : Invalid condition id : UX_CORESTACK_Condition cause : null
2025-01-16 21:11:43,482 [INFO] LogOutputStream:77 - [STDOUT_REDIRECT] 1 : Invalid condition id : UX_CORESTACK_Condition cause : null
2025-01-16 21:11:43,483 [INFO] LogOutputStream:77 - [STDOUT_REDIRECT] 1 : Invalid condition id : UX_CORESTACK_Condition cause : null
2025-01-16 21:11:43,487 [INFO] LogOutputStream:77 - [STDOUT_REDIRECT] 1 : Invalid condition id : UX_CORESTACK_Condition cause : null
2025-01-16 21:11:43,489 [INFO] LogOutputStream:77 - [STDOUT_REDIRECT] 1 : Invalid condition id : UX_CORESTACK_Condition cause : null
2025-01-16 21:11:43,491 [WARN] PackLoader:240 - Cannot read IP mode file for STMicroelectronics.X-CUBE-AZRTOS-WL.2.0.0
2025-01-16 21:11:43,562 [WARN] PackLoader:240 - Cannot read IP mode file for STMicroelectronics.FP-SNS-MOTENV1.5.0.0
2025-01-16 21:11:43,596 [WARN] PackLoader:240 - Cannot read IP mode file for wolfSSL.I-CUBE-wolfMQTT.1.19.0
2025-01-16 21:11:43,614 [WARN] PackLoader:240 - Cannot read IP mode file for WES.I-CUBE-Cesium.1.3.0
2025-01-16 21:11:43,632 [WARN] PackLoader:240 - Cannot read IP mode file for STMicroelectronics.X-CUBE-BLE2.3.3.0
2025-01-16 21:11:43,647 [WARN] PackLoader:240 - Cannot read IP mode file for STMicroelectronics.X-CUBE-DISPLAY.2.2.0
2025-01-16 21:11:43,665 [WARN] PackLoader:240 - Cannot read IP mode file for STMicroelectronics.X-CUBE-NFC9.1.0.0
2025-01-16 21:11:43,695 [WARN] PackLoader:240 - Cannot read IP mode file for STMicroelectronics.X-CUBE-AZRTOS-H7.2.1.0
2025-01-16 21:11:43,712 [WARN] PackLoader:240 - Cannot read IP mode file for STMicroelectronics.X-CUBE-TCPP.4.1.0
2025-01-16 21:11:43,728 [WARN] PackLoader:240 - Cannot read IP mode file for STMicroelectronics.X-CUBE-ALGOBUILD.1.3.0
2025-01-16 21:11:43,755 [WARN] PackLoader:240 - Cannot read IP mode file for STMicroelectronics.X-CUBE-AZRTOS-G0.1.1.0
2025-01-16 21:11:43,772 [WARN] PackLoader:240 - Cannot read IP mode file for STMicroelectronics.X-CUBE-SAFEA1.1.2.2
2025-01-16 21:11:43,789 [WARN] PackLoader:240 - Cannot read IP mode file for STMicroelectronics.X-CUBE-NFC4.3.0.0
2025-01-16 21:11:43,845 [WARN] PackLoader:240 - Cannot read IP mode file for SEGGER.I-CUBE-embOS.1.2.0
2025-01-16 21:11:43,887 [WARN] PackLoader:240 - Cannot read IP mode file for EmbeddedOffice.I-CUBE-FS-RTOS.1.0.1
2025-01-16 21:11:43,902 [WARN] PackLoader:240 - Cannot read IP mode file for STMicroelectronics.X-CUBE-TCPP.4.2.0
2025-01-16 21:11:43,917 [WARN] PackLoader:240 - Cannot read IP mode file for RealThread.X-CUBE-RT-Thread_Nano.4.1.1
2025-01-16 21:11:43,933 [WARN] PackLoader:240 - Cannot read IP mode file for STMicroelectronics.FP-ATR-SIGFOX1.3.2.0
2025-01-16 21:11:43,947 [WARN] ConditionMgr:438 - getConditionDescription Invalid condition id : Cortex-A Device cause : null
2025-01-16 21:11:43,969 [WARN] ConditionMgr:1044 - genDependencies : Invalid condition id : Cortex-A Device cause : null
2025-01-16 21:11:43,969 [WARN] ConditionMgr:1044 - genDependencies : Invalid condition id : Cortex-A Device cause : null
2025-01-16 21:11:43,970 [WARN] ConditionMgr:1044 - genDependencies : Invalid condition id : Cortex-A Device cause : null
2025-01-16 21:11:43,985 [WARN] PackLoader:240 - Cannot read IP mode file for STMicroelectronics.X-CUBE-EEPRMA1.5.1.0
2025-01-16 21:11:44,001 [WARN] PackLoader:240 - Cannot read IP mode file for emotas.I-CUBE-CANOPEN.1.1.2
2025-01-16 21:11:44,016 [WARN] PackLoader:240 - Cannot read IP mode file for STMicroelectronics.X-CUBE-TOUCHGFX.4.20.0
2025-01-16 21:11:44,032 [WARN] PackLoader:240 - Cannot read IP mode file for ITTIA_DB.I-CUBE-ITTIADB.8.9.0
2025-01-16 21:11:44,062 [WARN] PackLoader:240 - Cannot read IP mode file for SEGGER.I-CUBE-embOS.1.3.1
2025-01-16 21:11:44,135 [WARN] PackLoader:240 - Cannot read IP mode file for STMicroelectronics.X-CUBE-ALGOBUILD.1.4.0
2025-01-16 21:11:44,152 [WARN] PackLoader:240 - Cannot read IP mode file for STMicroelectronics.X-CUBE-AI.9.1.0
2025-01-16 21:11:44,173 [WARN] PackLoader:240 - Cannot read IP mode file for STMicroelectronics.X-CUBE-GNSS1.6.0.0
2025-01-16 21:11:44,203 [WARN] PackLoader:240 - Cannot read IP mode file for STMicroelectronics.X-CUBE-AZRTOS-F4.1.1.0
2025-01-16 21:11:44,219 [WARN] PackLoader:240 - Cannot read IP mode file for STMicroelectronics.X-CUBE-ISPU.2.1.0
2025-01-16 21:11:44,233 [WARN] PackLoader:240 - Cannot read IP mode file for STMicroelectronics.X-CUBE-FREERTOS.1.2.0
2025-01-16 21:11:44,263 [WARN] PackLoader:240 - Cannot read IP mode file for STMicroelectronics.X-CUBE-AZRTOS-L5.2.0.0
2025-01-16 21:11:44,281 [WARN] PackLoader:240 - Cannot read IP mode file for STMicroelectronics.X-CUBE-NFC6.3.1.0
2025-01-16 21:11:44,298 [WARN] PackLoader:240 - Cannot read IP mode file for STMicroelectronics.X-CUBE-DPower.1.2.0
2025-01-16 21:11:44,313 [WARN] PackLoader:240 - Cannot read IP mode file for STMicroelectronics.X-CUBE-NFC4.2.0.4
2025-01-16 21:11:44,348 [WARN] PackLoader:240 - Cannot read IP mode file for STMicroelectronics.X-CUBE-AZRTOS-F4.1.0.0
2025-01-16 21:11:44,398 [WARN] PackLoader:240 - Cannot read IP mode file for STMicroelectronics.X-CUBE-FREERTOS.1.3.0
2025-01-16 21:11:44,421 [WARN] PackLoader:240 - Cannot read IP mode file for STMicroelectronics.X-CUBE-NFC7.1.0.1
2025-01-16 21:11:44,436 [WARN] PackLoader:240 - Cannot read IP mode file for STMicroelectronics.X-CUBE-NFC7.1.0.0
2025-01-16 21:11:44,465 [WARN] ConditionMgr:438 - getConditionDescription Invalid condition id : LAN8742 Phy interface Condition cause : null
2025-01-16 21:11:44,465 [WARN] PackLoader:240 - Cannot read IP mode file for STMicroelectronics.X-CUBE-AZRTOS-L4.2.0.0
2025-01-16 21:11:44,466 [WARN] ConditionMgr:1044 - genDependencies : Invalid condition id : LAN8742 Phy interface Condition cause : null
2025-01-16 21:11:44,466 [WARN] ConditionMgr:1044 - genDependencies : Invalid condition id : LAN8742 Phy interface Condition cause : null
2025-01-16 21:11:44,467 [WARN] ConditionMgr:1044 - genDependencies : Invalid condition id : LAN8742 Phy interface Condition cause : null
2025-01-16 21:11:44,483 [WARN] PackLoader:240 - Cannot read IP mode file for STMicroelectronics.X-CUBE-SFXS2LP1.4.0.0
2025-01-16 21:11:44,511 [WARN] PackLoader:240 - Cannot read IP mode file for STMicroelectronics.X-CUBE-AZRTOS-H7.3.3.0
2025-01-16 21:11:44,527 [WARN] PackLoader:240 - Cannot read IP mode file for RoweBots.I-CUBE-UNISONRTOS.5.5.0-4
2025-01-16 21:11:44,538 [WARN] PackLoader:240 - Cannot read IP mode file for wolfSSL.I-CUBE-wolfSSL.5.4.0
2025-01-16 21:11:44,555 [WARN] PackLoader:240 - Cannot read IP mode file for STMicroelectronics.X-CUBE-IPS.3.0.0
2025-01-16 21:11:44,580 [WARN] ConditionMgr:438 - getConditionDescription Invalid condition id : UX DEVICE CLASS RTOS Condition cause : null
2025-01-16 21:11:44,580 [WARN] ConditionMgr:438 - getConditionDescription Invalid condition id : UX DEVICE CLASS RTOS Condition cause : null
2025-01-16 21:11:44,582 [WARN] PackLoader:240 - Cannot read IP mode file for STMicroelectronics.X-CUBE-AZRTOS-WB.2.0.0
2025-01-16 21:11:44,582 [WARN] ConditionMgr:1044 - genDependencies : Invalid condition id : UX DEVICE CLASS RTOS Condition cause : null
2025-01-16 21:11:44,582 [WARN] ConditionMgr:1044 - genDependencies : Invalid condition id : UX DEVICE CLASS RTOS Condition cause : null
2025-01-16 21:11:44,583 [WARN] ConditionMgr:1044 - genDependencies : Invalid condition id : UX DEVICE CLASS RTOS Condition cause : null
2025-01-16 21:11:44,583 [WARN] ConditionMgr:1044 - genDependencies : Invalid condition id : UX DEVICE CLASS RTOS Condition cause : null
2025-01-16 21:11:44,583 [WARN] ConditionMgr:1044 - genDependencies : Invalid condition id : UX DEVICE CLASS RTOS Condition cause : null
2025-01-16 21:11:44,598 [WARN] PackLoader:240 - Cannot read IP mode file for STMicroelectronics.X-CUBE-GNSS1.7.0.0
2025-01-16 21:11:44,617 [WARN] PackLoader:240 - Cannot read IP mode file for STMicroelectronics.X-CUBE-GNSS1.7.0.1
2025-01-16 21:11:44,632 [WARN] PackLoader:240 - Cannot read IP mode file for STMicroelectronics.X-CUBE-BLEMGR.1.0.0
2025-01-16 21:11:44,648 [WARN] PackLoader:240 - Cannot read IP mode file for STMicroelectronics.FP-SNS-STBOX1.2.0.0
2025-01-16 21:11:44,694 [WARN] PackLoader:240 - Cannot read IP mode file for STMicroelectronics.X-CUBE-SUBG2.5.0.0
2025-01-16 21:11:44,710 [WARN] PackLoader:240 - Cannot read IP mode file for Cesanta.I-CUBE-Mongoose.7.13.0
2025-01-16 21:11:44,734 [WARN] PackLoader:240 - Cannot read IP mode file for STMicroelectronics.X-CUBE-AZRTOS-G4.2.0.0
2025-01-16 21:11:44,748 [WARN] PackLoader:240 - Cannot read IP mode file for STMicroelectronics.FP-ATR-ASTRA1.1.1.0
2025-01-16 21:11:44,771 [WARN] PackLoader:240 - Cannot read IP mode file for STMicroelectronics.X-CUBE-AZRTOS-G4.1.0.0
2025-01-16 21:11:44,810 [WARN] PackLoader:240 - Cannot read IP mode file for STMicroelectronics.X-CUBE-AZRTOS-L4.1.0.0
2025-01-16 21:11:44,834 [WARN] PackLoader:240 - Cannot read IP mode file for STMicroelectronics.X-CUBE-IPS.3.1.0
2025-01-16 21:11:44,851 [WARN] PackLoader:240 - Cannot read IP mode file for STMicroelectronics.X-CUBE-ALS.1.0.2
2025-01-16 21:11:44,864 [WARN] PackLoader:240 - Cannot read IP mode file for STMicroelectronics.X-CUBE-TOUCHGFX.4.24.2
2025-01-16 21:11:44,883 [WARN] PackLoader:240 - Cannot read IP mode file for STMicroelectronics.X-CUBE-AZRTOS-WL.1.0.0
2025-01-16 21:11:44,897 [WARN] PackLoader:240 - Cannot read IP mode file for STMicroelectronics.X-CUBE-TOUCHGFX.4.24.1
2025-01-16 21:11:44,910 [WARN] PackLoader:240 - Cannot read IP mode file for wolfSSL.I-CUBE-wolfTPM.3.4.0
2025-01-16 21:11:44,922 [WARN] PackLoader:240 - Cannot read IP mode file for portGmbH.I-Cube-SoM-uGOAL.1.1.0
2025-01-16 21:11:44,935 [WARN] PackLoader:240 - Cannot read IP mode file for STMicroelectronics.X-CUBE-ALS.1.0.1
2025-01-16 21:11:44,958 [WARN] PackLoader:240 - Cannot read IP mode file for STMicroelectronics.X-CUBE-AZRTOS-L5.1.0.0
2025-01-16 21:11:44,972 [WARN] PackLoader:240 - Cannot read IP mode file for STMicroelectronics.X-CUBE-EEPRMA1.3.1.1
2025-01-16 21:11:45,025 [WARN] PackLoader:240 - Cannot read IP mode file for STMicroelectronics.X-CUBE-AZRTOS-H7RS.1.0.0
2025-01-16 21:11:45,040 [WARN] PackLoader:240 - Cannot read IP mode file for STMicroelectronics.FP-ATR-ASTRA1.2.0.0
2025-01-16 21:11:45,059 [WARN] PackLoader:240 - Cannot read IP mode file for STMicroelectronics.X-CUBE-TOF1.3.4.2
2025-01-16 21:11:45,317 [WARN] PackLoader:240 - Cannot read IP mode file for Infineon.AIROC-Wi-Fi-Bluetooth-STM32.1.6.1
2025-01-16 21:11:45,337 [WARN] PackLoader:240 - Cannot read IP mode file for wolfSSL.I-CUBE-wolfSSH.1.4.17
2025-01-16 21:11:45,337 [INFO] ThirdParty:978 - Integrity check success = true
2025-01-16 21:11:45,338 [INFO] IntegrityCheckThread:100 - exiting critical section [integrity check]
2025-01-16 21:11:45,338 [INFO] IntegrityCheckThread:103 - End integrity checks thread
2025-01-16 21:11:46,093 [INFO] WebApp:449 - Apply proxy settings
2025-01-16 21:11:46,093 [INFO] WebApp:534 - Chromium requires no authentication
2025-01-16 21:11:46,144 [INFO] WebApp:477 - Direct internet connection detected
2025-01-16 21:11:46,217 [INFO] WebApp:880 - Register for checkConnection events
2025-01-16 21:11:46,217 [INFO] WebApp:449 - Apply proxy settings
2025-01-16 21:11:46,217 [INFO] WebApp:534 - Chromium requires no authentication
2025-01-16 21:11:46,218 [INFO] WebApp:477 - Direct internet connection detected
2025-01-16 21:11:46,375 [INFO] WebApp:187 - Connection restablished
2025-01-16 21:11:46,575 [INFO] WebApp:221 - Starting web application
2025-01-16 21:11:46,575 [INFO] WebApp:579 - Web application path used C:\ST\STM32CubeIDE_1.16.1\STM32CubeIDE\plugins\com.st.stm32cube.common.mx_6.13.0.202411220809\db\plugins\mcufinder\reactClient1\index.html
2025-01-16 21:11:46,754 [INFO] UserAuth:486 - Internet connection configuration mode: 1
2025-01-16 23:54:10,004 [ERROR] LogOutputStream:75 - [STDERR_REDIRECT] 
