2024-12-21 11:24:37,138 [INFO] Activator:176 - 


2024-12-21 11:24:37,143 [INFO] Activator:177 - !SESSION log4j initialized
2024-12-21 11:24:50,674 [INFO] LogOutputStream:77 - [STDOUT_REDIRECT] 
2024-12-21 11:27:42,191 [INFO] ApplicationProperties:184 - Using Application install path: C:\ST\STM32CubeIDE_1.16.1\STM32CubeIDE\plugins\com.st.stm32cube.common.mx_6.13.0.202411220809
2024-12-21 11:27:42,210 [INFO] DbMcusXml:78 - Set database path to: C:\ST\STM32CubeIDE_1.16.1\STM32CubeIDE\plugins\com.st.stm32cube.common.mx_6.13.0.202411220809\\db\/mcu/
2024-12-21 11:27:42,210 [INFO] ApiDb:274 - Set plugin database path to: C:\ST\STM32CubeIDE_1.16.1\STM32CubeIDE\plugins\com.st.stm32cube.common.mx_6.13.0.202411220809\\db\/plugins/boardmanager/
2024-12-21 11:27:42,210 [WARN] ApiDb:259 - Overriding images path with different value:  => C:\ST\STM32CubeIDE_1.16.1\STM32CubeIDE\plugins\com.st.stm32cube.common.mx_6.13.0.202411220809\\db\/plugins/mcufinder/images/
2024-12-21 11:27:42,226 [INFO] ApiDb:250 - Set database path to: C:\Users\Bruno\.stmcufinder\plugins\mcufinder//mcu/
2024-12-21 11:27:42,227 [INFO] DbMcusAds:125 - Set database path to: C:\Users\Bruno\.stmcufinder\plugins\mcufinder//mcu/
2024-12-21 11:27:42,256 [INFO] CrossReferenceDbSqlite:203 - Set database path to: C:\Users\Bruno\.stmcufinder\plugins\mcufinder//mcu/cs/
2024-12-21 11:27:42,375 [INFO] RulesReader:64 - Compatibility file has been processed (297 Rules)
2024-12-21 11:27:42,461 [INFO] DbMcusXml:78 - Set database path to: C:\ST\STM32CubeIDE_1.16.1\STM32CubeIDE\plugins\com.st.stm32cube.common.mx_6.13.0.202411220809\\db\/mcu/
2024-12-21 11:27:42,461 [INFO] ApiDb:274 - Set plugin database path to: C:\ST\STM32CubeIDE_1.16.1\STM32CubeIDE\plugins\com.st.stm32cube.common.mx_6.13.0.202411220809\\db\/plugins/boardmanager/
2024-12-21 11:27:42,461 [INFO] ApiDb:261 - Set plugin images path to: C:\ST\STM32CubeIDE_1.16.1\STM32CubeIDE\plugins\com.st.stm32cube.common.mx_6.13.0.202411220809\\db\/plugins/mcufinder/images/
2024-12-21 11:27:42,461 [WARN] DbFile:41 - Overriding database path with different value: C:\Users\Bruno\.stmcufinder\plugins\mcufinder/ => C:\Users\Bruno\.stmcufinder\plugins\mcufinder
2024-12-21 11:27:42,461 [INFO] ApiDb:250 - Set database path to: C:\Users\Bruno\.stmcufinder\plugins\mcufinder//mcu/
2024-12-21 11:27:42,461 [WARN] DbFile:41 - Overriding database path with different value: C:\Users\Bruno\.stmcufinder\plugins\mcufinder/ => C:\Users\Bruno\.stmcufinder\plugins\mcufinder
2024-12-21 11:27:42,462 [INFO] DbMcusAds:125 - Set database path to: C:\Users\Bruno\.stmcufinder\plugins\mcufinder//mcu/
2024-12-21 11:27:42,462 [WARN] DbFile:41 - Overriding database path with different value: C:\Users\Bruno\.stmcufinder\plugins\mcufinder/ => C:\Users\Bruno\.stmcufinder\plugins\mcufinder
2024-12-21 11:27:42,462 [WARN] DbFile:41 - Overriding database path with different value: C:\Users\Bruno\.stmcufinder\plugins\mcufinder/ => C:\Users\Bruno\.stmcufinder\plugins\mcufinder
2024-12-21 11:27:42,462 [INFO] CrossReferenceDbSqlite:203 - Set database path to: C:\Users\Bruno\.stmcufinder\plugins\mcufinder//mcu/cs/
2024-12-21 11:27:42,540 [INFO] MainPanel:272 - HeapMemory: 1073741824
2024-12-21 11:27:42,647 [INFO] DbMcusXml:78 - Set database path to: C:\ST\STM32CubeIDE_1.16.1\STM32CubeIDE\plugins\com.st.stm32cube.common.mx_6.13.0.202411220809\\db\/mcu/
2024-12-21 11:27:42,647 [INFO] ApiDb:274 - Set plugin database path to: C:\ST\STM32CubeIDE_1.16.1\STM32CubeIDE\plugins\com.st.stm32cube.common.mx_6.13.0.202411220809\\db\/plugins/boardmanager/
2024-12-21 11:27:42,647 [INFO] ApiDb:261 - Set plugin images path to: C:\ST\STM32CubeIDE_1.16.1\STM32CubeIDE\plugins\com.st.stm32cube.common.mx_6.13.0.202411220809\\db\/plugins/mcufinder/images/
2024-12-21 11:27:42,647 [WARN] DbFile:41 - Overriding database path with different value: C:\Users\Bruno\.stmcufinder\plugins\mcufinder/ => C:\Users\Bruno\.stmcufinder\plugins\mcufinder
2024-12-21 11:27:42,647 [INFO] ApiDb:250 - Set database path to: C:\Users\Bruno\.stmcufinder\plugins\mcufinder//mcu/
2024-12-21 11:27:42,648 [WARN] DbFile:41 - Overriding database path with different value: C:\Users\Bruno\.stmcufinder\plugins\mcufinder/ => C:\Users\Bruno\.stmcufinder\plugins\mcufinder
2024-12-21 11:27:42,648 [INFO] DbMcusAds:125 - Set database path to: C:\Users\Bruno\.stmcufinder\plugins\mcufinder//mcu/
2024-12-21 11:27:42,648 [WARN] DbFile:41 - Overriding database path with different value: C:\Users\Bruno\.stmcufinder\plugins\mcufinder/ => C:\Users\Bruno\.stmcufinder\plugins\mcufinder
2024-12-21 11:27:42,648 [WARN] DbFile:41 - Overriding database path with different value: C:\Users\Bruno\.stmcufinder\plugins\mcufinder/ => C:\Users\Bruno\.stmcufinder\plugins\mcufinder
2024-12-21 11:27:42,648 [INFO] CrossReferenceDbSqlite:203 - Set database path to: C:\Users\Bruno\.stmcufinder\plugins\mcufinder//mcu/cs/
2024-12-21 11:27:42,681 [INFO] ApplicationProperties:184 - Using Application install path: C:\ST\STM32CubeIDE_1.16.1\STM32CubeIDE\plugins\com.st.stm32cube.common.mx_6.13.0.202411220809
2024-12-21 11:27:42,683 [INFO] PluginManage:196 - Search for loadable plugins [exclusion list=, ]
2024-12-21 11:27:42,684 [INFO] PluginManage:310 - Check plugin analytics
2024-12-21 11:27:42,917 [INFO] AnalyticsPlugin:253 - Accepted Software Licenses: STM32CubeMX.6.6.1,STM32CubeMX.6.13.0
2024-12-21 11:27:42,918 [INFO] AnalyticsPlugin:255 - Accepted CMSIS Pack Licenses: 
2024-12-21 11:27:42,918 [INFO] AnalyticsPlugin:257 - Accepted Firmware Licenses: FW.G0.1.6.0,FW.F4.1.28.0
2024-12-21 11:27:42,919 [INFO] PluginManage:359 - Loaded plugin analytics (category:tool,tabindex:-1)
2024-12-21 11:27:42,919 [INFO] PluginManage:310 - Check plugin cadmodel
2024-12-21 11:27:42,940 [INFO] CADModel:105 - Init CAD model plugin
2024-12-21 11:27:42,941 [INFO] PluginManage:359 - Loaded plugin cadmodel (category:power,tabindex:5)
2024-12-21 11:27:42,941 [INFO] PluginManage:310 - Check plugin clock
2024-12-21 11:27:42,965 [INFO] PluginManage:359 - Loaded plugin clock (category:base,tabindex:2)
2024-12-21 11:27:42,965 [INFO] PluginManage:310 - Check plugin ddr
2024-12-21 11:27:42,968 [INFO] PluginManage:359 - Loaded plugin ddr (category:tool,tabindex:6)
2024-12-21 11:27:42,969 [INFO] PluginManage:310 - Check plugin filemanager
2024-12-21 11:27:43,104 [INFO] PluginManage:359 - Loaded plugin filemanager (category:base,tabindex:10)
2024-12-21 11:27:43,104 [INFO] PluginManage:310 - Check plugin ipmanager
2024-12-21 11:27:43,111 [INFO] PluginManage:359 - Loaded plugin ipmanager (category:base,tabindex:5)
2024-12-21 11:27:43,111 [INFO] PluginManage:310 - Check plugin lpbam
2024-12-21 11:27:43,131 [INFO] PluginManage:359 - Loaded plugin lpbam (category:base,tabindex:0)
2024-12-21 11:27:43,131 [INFO] PluginManage:310 - Check plugin memorymap
2024-12-21 11:27:43,157 [INFO] PluginManage:359 - Loaded plugin memorymap (category:base,tabindex:4)
2024-12-21 11:27:43,157 [INFO] PluginManage:310 - Check plugin pinoutandconfiguration
2024-12-21 11:27:43,179 [INFO] PluginManage:359 - Loaded plugin pinoutandconfiguration (category:base,tabindex:1)
2024-12-21 11:27:43,179 [INFO] PluginManage:310 - Check plugin pinoutconfig
2024-12-21 11:27:43,279 [WARN] SupportedApi:132 - Cannot load RTOS API schema: s4s-elt-must-match.1: The content of 'definitions' must match (annotation?, (simpleType | complexType)?, (unique | key | keyref)*)). A problem was found starting at: attribute.
2024-12-21 11:27:43,408 [INFO] PluginManage:359 - Loaded plugin pinoutconfig (category:base,tabindex:0)
2024-12-21 11:27:43,408 [INFO] PluginManage:310 - Check plugin power
2024-12-21 11:27:43,430 [INFO] PluginManage:359 - Loaded plugin power (category:power,tabindex:4)
2024-12-21 11:27:43,430 [INFO] PluginManage:310 - Check plugin projectmanager
2024-12-21 11:27:43,445 [INFO] PluginManage:359 - Loaded plugin projectmanager (category:projectmanager,tabindex:4)
2024-12-21 11:27:43,445 [INFO] PluginManage:310 - Check plugin rif
2024-12-21 11:27:43,464 [INFO] PluginManage:359 - Loaded plugin rif (category:base,tabindex:3)
2024-12-21 11:27:43,464 [INFO] PluginManage:310 - Check plugin thirdparty
2024-12-21 11:27:43,746 [WARN] IntegrityCheckThread:84 - waiting for thirdparty lock release [integrity check]
2024-12-21 11:27:43,746 [INFO] PluginManage:359 - Loaded plugin thirdparty (category:base,tabindex:-1)
2024-12-21 11:27:43,746 [INFO] IntegrityCheckThread:86 - entering critical section [integrity check]
2024-12-21 11:27:43,746 [INFO] PluginManage:310 - Check plugin tools
2024-12-21 11:27:43,746 [INFO] ThirdPartyUpdaterWithRetryManager:70 - Updater plugin not ready yet. [1/15]
2024-12-21 11:27:43,789 [INFO] PluginManage:359 - Loaded plugin tools (category:base,tabindex:7)
2024-12-21 11:27:43,789 [INFO] PluginManage:310 - Check plugin tutovideos
2024-12-21 11:27:43,977 [INFO] PluginManage:359 - Loaded plugin tutovideos (category:base,tabindex:-1)
2024-12-21 11:27:43,977 [INFO] PluginManage:310 - Check plugin updater
2024-12-21 11:27:44,002 [INFO] PluginManage:359 - Loaded plugin updater (category:base,tabindex:12)
2024-12-21 11:27:44,002 [INFO] PluginManage:310 - Check plugin userauth
2024-12-21 11:27:44,006 [INFO] UserAuth:118 - Init User Auth plugin
2024-12-21 11:27:44,007 [INFO] PluginManage:359 - Loaded plugin userauth (category:base,tabindex:14)
2024-12-21 11:27:44,008 [INFO] PluginManage:283 - PluginManage : Loaded plugins [18]
2024-12-21 11:27:44,216 [INFO] PinOutPanel:1589 - setPackage(No Configuration,No Configuration)
2024-12-21 11:27:44,300 [INFO] CADModel:165 - CPN selected for project level
2024-12-21 11:27:44,300 [INFO] CADModel:114 - Register for checkConnection events
2024-12-21 11:27:44,329 [INFO] IPUIPlugin:80 - create IPUIPlugin
2024-12-21 11:27:44,330 [INFO] PluginManager:220 - loadIPPluginJar : add adc
2024-12-21 11:27:44,376 [INFO] IPUIPlugin:80 - create IPUIPlugin
2024-12-21 11:27:44,376 [INFO] PluginManager:220 - loadIPPluginJar : add aes
2024-12-21 11:27:44,430 [INFO] IPUIPlugin:80 - create IPUIPlugin
2024-12-21 11:27:44,430 [INFO] PluginManager:220 - loadIPPluginJar : add can
2024-12-21 11:27:44,461 [INFO] IPUIPlugin:80 - create IPUIPlugin
2024-12-21 11:27:44,461 [INFO] PluginManager:220 - loadIPPluginJar : add comp
2024-12-21 11:27:44,505 [INFO] IPUIPlugin:80 - create IPUIPlugin
2024-12-21 11:27:44,505 [INFO] PluginManager:220 - loadIPPluginJar : add cryp
2024-12-21 11:27:44,520 [INFO] IPUIPlugin:80 - create IPUIPlugin
2024-12-21 11:27:44,520 [INFO] PluginManager:220 - loadIPPluginJar : add ddr_ctrl_phy
2024-12-21 11:27:44,558 [INFO] IPUIPlugin:80 - create IPUIPlugin
2024-12-21 11:27:44,558 [INFO] PluginManager:220 - loadIPPluginJar : add dfsdm
2024-12-21 11:27:44,574 [INFO] IPUIPlugin:80 - create IPUIPlugin
2024-12-21 11:27:44,574 [INFO] PluginManager:220 - loadIPPluginJar : add dma
2024-12-21 11:27:44,621 [INFO] IPUIPlugin:80 - create IPUIPlugin
2024-12-21 11:27:44,621 [INFO] PluginManager:220 - loadIPPluginJar : add dma3
2024-12-21 11:27:44,672 [INFO] IPUIPlugin:80 - create IPUIPlugin
2024-12-21 11:27:44,673 [INFO] PluginManager:220 - loadIPPluginJar : add extmemmanager
2024-12-21 11:27:44,697 [INFO] IPUIPlugin:80 - create IPUIPlugin
2024-12-21 11:27:44,697 [INFO] PluginManager:220 - loadIPPluginJar : add fatfs
2024-12-21 11:27:44,753 [INFO] IPUIPlugin:80 - create IPUIPlugin
2024-12-21 11:27:44,753 [INFO] PluginManager:220 - loadIPPluginJar : add fmc
2024-12-21 11:27:44,770 [INFO] IPUIPlugin:80 - create IPUIPlugin
2024-12-21 11:27:44,770 [INFO] PluginManager:220 - loadIPPluginJar : add freertos
2024-12-21 11:27:44,794 [INFO] IPUIPlugin:80 - create IPUIPlugin
2024-12-21 11:27:44,794 [INFO] PluginManager:220 - loadIPPluginJar : add genericplugin
2024-12-21 11:27:44,900 [INFO] IPUIPlugin:80 - create IPUIPlugin
2024-12-21 11:27:44,901 [INFO] PluginManager:220 - loadIPPluginJar : add gfxmmu
2024-12-21 11:27:45,048 [INFO] IPUIPlugin:80 - create IPUIPlugin
2024-12-21 11:27:45,048 [INFO] PluginManager:220 - loadIPPluginJar : add gic
2024-12-21 11:27:45,063 [INFO] IPUIPlugin:80 - create IPUIPlugin
2024-12-21 11:27:45,063 [INFO] PluginManager:220 - loadIPPluginJar : add gpio
2024-12-21 11:27:45,170 [INFO] IPUIPlugin:80 - create IPUIPlugin
2024-12-21 11:27:45,170 [INFO] PluginManager:220 - loadIPPluginJar : add gtzc
2024-12-21 11:27:45,206 [INFO] IPUIPlugin:80 - create IPUIPlugin
2024-12-21 11:27:45,206 [INFO] PluginManager:220 - loadIPPluginJar : add hash
2024-12-21 11:27:45,267 [INFO] IPUIPlugin:80 - create IPUIPlugin
2024-12-21 11:27:45,267 [INFO] PluginManager:220 - loadIPPluginJar : add i2c
2024-12-21 11:27:45,311 [INFO] IPUIPlugin:80 - create IPUIPlugin
2024-12-21 11:27:45,311 [INFO] PluginManager:220 - loadIPPluginJar : add i2s
2024-12-21 11:27:45,358 [INFO] IPUIPlugin:80 - create IPUIPlugin
2024-12-21 11:27:45,358 [INFO] PluginManager:220 - loadIPPluginJar : add i3c
2024-12-21 11:27:45,481 [INFO] IPUIPlugin:80 - create IPUIPlugin
2024-12-21 11:27:45,481 [INFO] PluginManager:220 - loadIPPluginJar : add ipddr
2024-12-21 11:27:45,581 [INFO] IPUIPlugin:80 - create IPUIPlugin
2024-12-21 11:27:45,581 [INFO] PluginManager:220 - loadIPPluginJar : add linkedlist
2024-12-21 11:27:45,622 [INFO] IPUIPlugin:80 - create IPUIPlugin
2024-12-21 11:27:45,622 [INFO] PluginManager:220 - loadIPPluginJar : add lorawan
2024-12-21 11:27:45,664 [INFO] IPUIPlugin:80 - create IPUIPlugin
2024-12-21 11:27:45,665 [INFO] PluginManager:220 - loadIPPluginJar : add ltdc
2024-12-21 11:27:45,680 [INFO] IPUIPlugin:80 - create IPUIPlugin
2024-12-21 11:27:45,680 [INFO] PluginManager:220 - loadIPPluginJar : add mdma
2024-12-21 11:27:45,694 [INFO] IPUIPlugin:80 - create IPUIPlugin
2024-12-21 11:27:45,694 [INFO] PluginManager:220 - loadIPPluginJar : add nvic
2024-12-21 11:27:45,736 [INFO] IPUIPlugin:80 - create IPUIPlugin
2024-12-21 11:27:45,736 [INFO] PluginManager:220 - loadIPPluginJar : add opamp
2024-12-21 11:27:45,805 [INFO] IPUIPlugin:80 - create IPUIPlugin
2024-12-21 11:27:45,805 [INFO] PluginManager:220 - loadIPPluginJar : add openamp
2024-12-21 11:27:45,856 [INFO] IPUIPlugin:80 - create IPUIPlugin
2024-12-21 11:27:45,856 [INFO] PluginManager:220 - loadIPPluginJar : add pdm2pcm
2024-12-21 11:27:45,872 [INFO] IPUIPlugin:80 - create IPUIPlugin
2024-12-21 11:27:45,874 [INFO] PluginManager:220 - loadIPPluginJar : add plateformsettings
2024-12-21 11:27:45,902 [INFO] IPUIPlugin:80 - create IPUIPlugin
2024-12-21 11:27:45,903 [INFO] PluginManager:220 - loadIPPluginJar : add quadspi
2024-12-21 11:27:45,933 [INFO] IPUIPlugin:80 - create IPUIPlugin
2024-12-21 11:27:45,934 [INFO] PluginManager:220 - loadIPPluginJar : add radio
2024-12-21 11:27:45,949 [INFO] IPUIPlugin:80 - create IPUIPlugin
2024-12-21 11:27:45,949 [INFO] PluginManager:220 - loadIPPluginJar : add resmgrutility
2024-12-21 11:27:46,005 [INFO] IPUIPlugin:80 - create IPUIPlugin
2024-12-21 11:27:46,005 [INFO] PluginManager:220 - loadIPPluginJar : add sai
2024-12-21 11:27:46,050 [INFO] IPUIPlugin:80 - create IPUIPlugin
2024-12-21 11:27:46,051 [INFO] PluginManager:220 - loadIPPluginJar : add spi
2024-12-21 11:27:46,141 [INFO] IPUIPlugin:80 - create IPUIPlugin
2024-12-21 11:27:46,141 [INFO] PluginManager:220 - loadIPPluginJar : add stm32_wpan
2024-12-21 11:27:46,169 [INFO] IPUIPlugin:80 - create IPUIPlugin
2024-12-21 11:27:46,169 [INFO] PluginManager:220 - loadIPPluginJar : add tim
2024-12-21 11:27:46,238 [INFO] IPUIPlugin:80 - create IPUIPlugin
2024-12-21 11:27:46,238 [INFO] PluginManager:220 - loadIPPluginJar : add touchsensing
2024-12-21 11:27:46,264 [INFO] IPUIPlugin:80 - create IPUIPlugin
2024-12-21 11:27:46,265 [INFO] PluginManager:220 - loadIPPluginJar : add tracer_emb
2024-12-21 11:27:46,293 [INFO] IPUIPlugin:80 - create IPUIPlugin
2024-12-21 11:27:46,294 [INFO] PluginManager:220 - loadIPPluginJar : add ts
2024-12-21 11:27:46,322 [INFO] IPUIPlugin:80 - create IPUIPlugin
2024-12-21 11:27:46,322 [INFO] PluginManager:220 - loadIPPluginJar : add tsc
2024-12-21 11:27:46,347 [INFO] IPUIPlugin:80 - create IPUIPlugin
2024-12-21 11:27:46,347 [INFO] PluginManager:220 - loadIPPluginJar : add ucpd
2024-12-21 11:27:46,398 [INFO] IPUIPlugin:80 - create IPUIPlugin
2024-12-21 11:27:46,398 [INFO] PluginManager:220 - loadIPPluginJar : add usart
2024-12-21 11:27:46,448 [INFO] IPUIPlugin:80 - create IPUIPlugin
2024-12-21 11:27:46,448 [INFO] PluginManager:220 - loadIPPluginJar : add usbx
2024-12-21 11:27:46,603 [FATAL] Updater:351 - Updater called before beeing initialized
2024-12-21 11:27:46,647 [INFO] RulesReader:64 - Compatibility file has been processed (297 Rules)
2024-12-21 11:27:46,658 [INFO] RulesReader:64 - Compatibility file has been processed (297 Rules)
2024-12-21 11:27:46,664 [INFO] CADModel:165 - CPN selected for project level
2024-12-21 11:27:46,664 [INFO] CADModel:114 - Register for checkConnection events
2024-12-21 11:27:46,665 [FATAL] Updater:351 - Updater called before beeing initialized
2024-12-21 11:27:46,665 [ERROR] CADModel:125 - Updater not yet initialized, retry later 
2024-12-21 11:27:46,749 [INFO] ThirdPartyUpdaterWithRetryManager:70 - Updater plugin not ready yet. [2/15]
2024-12-21 11:27:46,807 [FATAL] Updater:351 - Updater called before beeing initialized
2024-12-21 11:27:46,810 [INFO] CADModel:165 - CPN selected for project level
2024-12-21 11:27:46,810 [INFO] CADModel:114 - Register for checkConnection events
2024-12-21 11:27:46,810 [FATAL] Updater:351 - Updater called before beeing initialized
2024-12-21 11:27:46,810 [ERROR] CADModel:125 - Updater not yet initialized, retry later 
2024-12-21 11:27:46,812 [FATAL] Updater:351 - Updater called before beeing initialized
2024-12-21 11:27:46,932 [FATAL] Updater:351 - Updater called before beeing initialized
2024-12-21 11:27:46,943 [INFO] DbMcusAds:53 - JSON generation date=Fri Sep 20 15:04:23 CEST 2024 (1726837463113)
2024-12-21 11:27:46,943 [FATAL] Updater:351 - Updater called before beeing initialized
2024-12-21 11:27:46,983 [WARN] DetailPanel:346 - Failed to get advertising image, set to default
2024-12-21 11:27:47,252 [FATAL] Updater:351 - Updater called before beeing initialized
2024-12-21 11:27:47,254 [FATAL] Updater:351 - Updater called before beeing initialized
2024-12-21 11:27:47,255 [FATAL] Updater:351 - Updater called before beeing initialized
2024-12-21 11:27:47,255 [WARN] DetailPanel:346 - Failed to get advertising image, set to default
2024-12-21 11:27:47,255 [FATAL] Updater:351 - Updater called before beeing initialized
2024-12-21 11:27:47,316 [ERROR] Updater:1198 - MainUpdater not yet initialized. External WinMGr cannot be set.
2024-12-21 11:27:47,327 [INFO] Updater:1134 - Updater Version found : 6.13.0
2024-12-21 11:27:47,342 [INFO] ApplicationProperties:184 - Using Application install path: C:\ST\STM32CubeIDE_1.16.1\STM32CubeIDE\plugins\com.st.stm32cube.common.mx_6.13.0.202411220809
2024-12-21 11:27:47,717 [INFO] MainUpdater:2872 - connection check result : 10
2024-12-21 11:27:47,717 [INFO] MainUpdater:3566 - Updater definition file requires update
2024-12-21 11:27:47,719 [INFO] MainUpdater:289 - Updater Check For Update Now.
2024-12-21 11:27:47,720 [INFO] MicroXplorer:498 - Change Database Version : DB.6.0.130
2024-12-21 11:27:47,751 [INFO] McuFinderGlobals:63 - Set McuFinder mode to 2 (CubeIDE integrated)
2024-12-21 11:27:47,758 [INFO] UserAuth:486 - Internet connection configuration mode: 1
2024-12-21 11:27:47,792 [INFO] JxBrowserEngine:152 - Initiate JxBrowser Engine with user profile folder
2024-12-21 11:27:47,841 [INFO] ServerAccessManage:473 - Download File updaters.zip
2024-12-21 11:27:47,973 [INFO] FileExtend:240 - Unzip File : updaters.zip
2024-12-21 11:27:47,974 [INFO] FileExtend:255 - Standard Zip Deflate
2024-12-21 11:27:48,441 [INFO] ServerAccessManage:473 - Download File PacksControlFlags.xml
2024-12-21 11:27:48,589 [INFO] ServerAccessManage:473 - Download File cubemx.pidx
2024-12-21 11:27:49,735 [INFO] ServerAccessManage:473 - Download File STMicroelectronics.X-CUBE-GNSS1.pdsc
2024-12-21 11:27:49,752 [WARN] MainUpdater:1193 - Updater busy. Cannot search thirdparties
2024-12-21 11:27:49,752 [INFO] ThirdPartyUpdaterWithRetryManager:96 - Updater plugin is busy. [1/15]
2024-12-21 11:27:50,439 [ERROR] ServerAccessManage:1089 - Problem, file not found on Server
2024-12-21 11:27:50,495 [INFO] WebApp:168 - Instantiating new browser for Auth
2024-12-21 11:27:50,581 [ERROR] ServerAccessManage:1089 - Problem, file not found on Server
2024-12-21 11:27:50,734 [ERROR] ServerAccessManage:1089 - Problem, file not found on Server
2024-12-21 11:27:50,885 [ERROR] ServerAccessManage:1089 - Problem, file not found on Server
2024-12-21 11:27:51,011 [ERROR] ServerAccessManage:1089 - Problem, file not found on Server
2024-12-21 11:27:51,164 [ERROR] ServerAccessManage:1089 - Problem, file not found on Server
2024-12-21 11:27:51,372 [INFO] ServerAccessManage:473 - Download File STMicroelectronics.X-CUBE-MEMS1.pdsc
2024-12-21 11:27:52,081 [INFO] WebApp:449 - Apply proxy settings
2024-12-21 11:27:52,081 [INFO] WebApp:534 - Chromium requires no authentication
2024-12-21 11:27:52,117 [INFO] WebApp:477 - Direct internet connection detected
2024-12-21 11:27:52,206 [INFO] WebApp:880 - Register for checkConnection events
2024-12-21 11:27:52,206 [INFO] WebApp:449 - Apply proxy settings
2024-12-21 11:27:52,206 [INFO] WebApp:534 - Chromium requires no authentication
2024-12-21 11:27:52,206 [INFO] WebApp:477 - Direct internet connection detected
2024-12-21 11:27:52,488 [INFO] WebApp:187 - Connection restablished
2024-12-21 11:27:52,574 [INFO] WebApp:221 - Starting web application
2024-12-21 11:27:52,574 [INFO] WebApp:579 - Web application path used C:\ST\STM32CubeIDE_1.16.1\STM32CubeIDE\plugins\com.st.stm32cube.common.mx_6.13.0.202411220809\db\plugins\mcufinder\reactClient1\index.html
2024-12-21 11:27:52,753 [WARN] MainUpdater:1193 - Updater busy. Cannot search thirdparties
2024-12-21 11:27:52,753 [INFO] ThirdPartyUpdaterWithRetryManager:96 - Updater plugin is busy. [2/15]
2024-12-21 11:27:53,025 [INFO] UserAuth:486 - Internet connection configuration mode: 1
2024-12-21 11:27:53,889 [WARN] PackLoader:240 - Cannot read IP mode file for STMicroelectronics.X-CUBE-GNSS1.7.0.1
2024-12-21 11:27:53,983 [WARN] PackLoader:240 - Cannot read IP mode file for STMicroelectronics.X-CUBE-MEMS1.11.1.0
2024-12-21 11:27:54,124 [INFO] CheckServerUpdateThread:120 - End of CheckServer Thread
2024-12-21 11:27:54,168 [INFO] PopulateThirdPartyThread:66 - Ending populate Thread
2024-12-21 11:27:54,169 [INFO] ThirdParty:1030 - CMSIS Pack Vendor :STMicroelectronics X-CUBE-GNSS1 7.0.1
2024-12-21 11:27:54,169 [INFO] ThirdParty:1030 - CMSIS Pack Vendor :STMicroelectronics X-CUBE-MEMS1 11.1.0
2024-12-21 11:27:54,170 [INFO] LoadServerUpdatesThread:375 - End of LoadServerUpdate Thread
2024-12-21 11:27:56,047 [WARN] PackLoader:240 - Cannot read IP mode file for STMicroelectronics.FP-SNS-MOTENVWB1.1.4.0
2024-12-21 11:27:56,052 [WARN] PackLoader:240 - Cannot read IP mode file for STMicroelectronics.FP-ATR-ASTRA1.2.0.1
2024-12-21 11:27:56,068 [WARN] PackLoader:240 - Cannot read IP mode file for STMicroelectronics.X-CUBE-SMBUS.2.1.0
2024-12-21 11:27:56,086 [WARN] PackLoader:240 - Cannot read IP mode file for STMicroelectronics.X-CUBE-WB05N.1.1.0
2024-12-21 11:27:56,148 [WARN] PackLoader:240 - Cannot read IP mode file for STMicroelectronics.X-CUBE-MEMS1.9.2.0
2024-12-21 11:27:56,305 [WARN] PackLoader:240 - Cannot read IP mode file for STMicroelectronics.X-CUBE-AZRTOS-F7.1.1.0
2024-12-21 11:27:56,347 [WARN] PackLoader:240 - Cannot read IP mode file for STMicroelectronics.X-CUBE-BLE1.6.2.3
2024-12-21 11:27:56,421 [WARN] PackLoader:240 - Cannot read IP mode file for STMicroelectronics.X-CUBE-MEMS1.11.0.0
2024-12-21 11:27:56,525 [WARN] PackLoader:240 - Cannot read IP mode file for STMicroelectronics.FP-SNS-FLIGHT1.5.0.2
2024-12-21 11:27:56,544 [WARN] PackLoader:240 - Cannot read IP mode file for STMicroelectronics.X-CUBE-TOF1.3.1.0
2024-12-21 11:27:56,566 [WARN] PackLoader:240 - Cannot read IP mode file for STMicroelectronics.X-CUBE-DISPLAY.3.0.0
2024-12-21 11:27:56,582 [WARN] PackLoader:240 - Cannot read IP mode file for STMicroelectronics.X-CUBE-BLE1.7.0.0
2024-12-21 11:27:56,598 [WARN] PackLoader:240 - Cannot read IP mode file for STMicroelectronics.X-CUBE-NFC10.1.0.0
2024-12-21 11:27:56,617 [WARN] PackLoader:240 - Cannot read IP mode file for STMicroelectronics.X-CUBE-BLEMGR.4.0.0
2024-12-21 11:27:56,633 [WARN] PackLoader:240 - Cannot read IP mode file for STMicroelectronics.X-CUBE-AI.7.2.0
2024-12-21 11:27:56,650 [WARN] PackLoader:240 - Cannot read IP mode file for STMicroelectronics.X-CUBE-BLEMGR.3.1.0
2024-12-21 11:27:56,664 [WARN] PackLoader:240 - Cannot read IP mode file for STMicroelectronics.FP-SNS-SMARTAG2.1.2.0
2024-12-21 11:27:56,699 [WARN] PackLoader:240 - Cannot read IP mode file for STMicroelectronics.X-CUBE-MEMS1.11.1.0
2024-12-21 11:27:56,832 [INFO] LogOutputStream:77 - [STDOUT_REDIRECT] 1 : Invalid condition id : UX_CORESTACK_Condition cause : null
2024-12-21 11:27:56,833 [INFO] LogOutputStream:77 - [STDOUT_REDIRECT] 1 : Invalid condition id : UX_CORESTACK_Condition cause : null
2024-12-21 11:27:56,834 [INFO] LogOutputStream:77 - [STDOUT_REDIRECT] 1 : Invalid condition id : UX_CORESTACK_Condition cause : null
2024-12-21 11:27:56,835 [INFO] LogOutputStream:77 - [STDOUT_REDIRECT] 1 : Invalid condition id : UX_CORESTACK_Condition cause : null
2024-12-21 11:27:56,836 [INFO] LogOutputStream:77 - [STDOUT_REDIRECT] 1 : Invalid condition id : UX_CORESTACK_Condition cause : null
2024-12-21 11:27:56,839 [WARN] PackLoader:240 - Cannot read IP mode file for STMicroelectronics.X-CUBE-AZRTOS-WL.2.0.0
2024-12-21 11:27:56,854 [WARN] PackLoader:240 - Cannot read IP mode file for STMicroelectronics.FP-SNS-MOTENV1.5.0.0
2024-12-21 11:27:56,859 [WARN] PackLoader:240 - Cannot read IP mode file for wolfSSL.I-CUBE-wolfMQTT.1.19.0
2024-12-21 11:27:56,875 [WARN] PackLoader:240 - Cannot read IP mode file for WES.I-CUBE-Cesium.1.3.0
2024-12-21 11:27:56,893 [WARN] PackLoader:240 - Cannot read IP mode file for STMicroelectronics.X-CUBE-BLE2.3.3.0
2024-12-21 11:27:56,907 [WARN] PackLoader:240 - Cannot read IP mode file for STMicroelectronics.X-CUBE-DISPLAY.2.2.0
2024-12-21 11:27:56,925 [WARN] PackLoader:240 - Cannot read IP mode file for STMicroelectronics.X-CUBE-NFC9.1.0.0
2024-12-21 11:27:56,956 [WARN] PackLoader:240 - Cannot read IP mode file for STMicroelectronics.X-CUBE-AZRTOS-H7.2.1.0
2024-12-21 11:27:56,971 [WARN] PackLoader:240 - Cannot read IP mode file for STMicroelectronics.X-CUBE-TCPP.4.1.0
2024-12-21 11:27:56,987 [WARN] PackLoader:240 - Cannot read IP mode file for STMicroelectronics.X-CUBE-ALGOBUILD.1.3.0
2024-12-21 11:27:57,018 [WARN] PackLoader:240 - Cannot read IP mode file for STMicroelectronics.X-CUBE-AZRTOS-G0.1.1.0
2024-12-21 11:27:57,054 [WARN] PackLoader:240 - Cannot read IP mode file for STMicroelectronics.X-CUBE-SAFEA1.1.2.2
2024-12-21 11:27:57,070 [WARN] PackLoader:240 - Cannot read IP mode file for STMicroelectronics.X-CUBE-NFC4.3.0.0
2024-12-21 11:27:57,109 [WARN] PackLoader:240 - Cannot read IP mode file for SEGGER.I-CUBE-embOS.1.2.0
2024-12-21 11:27:57,153 [WARN] PackLoader:240 - Cannot read IP mode file for EmbeddedOffice.I-CUBE-FS-RTOS.1.0.1
2024-12-21 11:27:57,166 [WARN] PackLoader:240 - Cannot read IP mode file for STMicroelectronics.X-CUBE-TCPP.4.2.0
2024-12-21 11:27:57,181 [WARN] PackLoader:240 - Cannot read IP mode file for RealThread.X-CUBE-RT-Thread_Nano.4.1.1
2024-12-21 11:27:57,187 [WARN] PackLoader:240 - Cannot read IP mode file for STMicroelectronics.FP-ATR-SIGFOX1.3.2.0
2024-12-21 11:27:57,192 [WARN] ConditionMgr:438 - getConditionDescription Invalid condition id : Cortex-A Device cause : null
2024-12-21 11:27:57,210 [WARN] ConditionMgr:1044 - genDependencies : Invalid condition id : Cortex-A Device cause : null
2024-12-21 11:27:57,210 [WARN] ConditionMgr:1044 - genDependencies : Invalid condition id : Cortex-A Device cause : null
2024-12-21 11:27:57,210 [WARN] ConditionMgr:1044 - genDependencies : Invalid condition id : Cortex-A Device cause : null
2024-12-21 11:27:57,235 [WARN] PackLoader:240 - Cannot read IP mode file for STMicroelectronics.X-CUBE-EEPRMA1.5.1.0
2024-12-21 11:27:57,256 [WARN] PackLoader:240 - Cannot read IP mode file for emotas.I-CUBE-CANOPEN.1.1.2
2024-12-21 11:27:57,280 [WARN] PackLoader:240 - Cannot read IP mode file for STMicroelectronics.X-CUBE-TOUCHGFX.4.20.0
2024-12-21 11:27:57,297 [WARN] PackLoader:240 - Cannot read IP mode file for ITTIA_DB.I-CUBE-ITTIADB.8.9.0
2024-12-21 11:27:57,327 [WARN] PackLoader:240 - Cannot read IP mode file for SEGGER.I-CUBE-embOS.1.3.1
2024-12-21 11:27:57,360 [WARN] PackLoader:240 - Cannot read IP mode file for STMicroelectronics.X-CUBE-ALGOBUILD.1.4.0
2024-12-21 11:27:57,373 [WARN] PackLoader:240 - Cannot read IP mode file for STMicroelectronics.X-CUBE-AI.9.1.0
2024-12-21 11:27:57,388 [WARN] PackLoader:240 - Cannot read IP mode file for STMicroelectronics.X-CUBE-GNSS1.6.0.0
2024-12-21 11:27:57,415 [WARN] PackLoader:240 - Cannot read IP mode file for STMicroelectronics.X-CUBE-AZRTOS-F4.1.1.0
2024-12-21 11:27:57,431 [WARN] PackLoader:240 - Cannot read IP mode file for STMicroelectronics.X-CUBE-ISPU.2.1.0
2024-12-21 11:27:57,444 [WARN] PackLoader:240 - Cannot read IP mode file for STMicroelectronics.X-CUBE-FREERTOS.1.2.0
2024-12-21 11:27:57,474 [WARN] PackLoader:240 - Cannot read IP mode file for STMicroelectronics.X-CUBE-AZRTOS-L5.2.0.0
2024-12-21 11:27:57,493 [WARN] PackLoader:240 - Cannot read IP mode file for STMicroelectronics.X-CUBE-NFC6.3.1.0
2024-12-21 11:27:57,512 [WARN] PackLoader:240 - Cannot read IP mode file for STMicroelectronics.X-CUBE-DPower.1.2.0
2024-12-21 11:27:57,526 [WARN] PackLoader:240 - Cannot read IP mode file for STMicroelectronics.X-CUBE-NFC4.2.0.4
2024-12-21 11:27:57,553 [WARN] PackLoader:240 - Cannot read IP mode file for STMicroelectronics.X-CUBE-AZRTOS-F4.1.0.0
2024-12-21 11:27:57,567 [WARN] PackLoader:240 - Cannot read IP mode file for STMicroelectronics.X-CUBE-FREERTOS.1.3.0
2024-12-21 11:27:57,582 [WARN] PackLoader:240 - Cannot read IP mode file for STMicroelectronics.X-CUBE-NFC7.1.0.1
2024-12-21 11:27:57,596 [WARN] PackLoader:240 - Cannot read IP mode file for STMicroelectronics.X-CUBE-NFC7.1.0.0
2024-12-21 11:27:57,622 [WARN] ConditionMgr:438 - getConditionDescription Invalid condition id : LAN8742 Phy interface Condition cause : null
2024-12-21 11:27:57,622 [WARN] PackLoader:240 - Cannot read IP mode file for STMicroelectronics.X-CUBE-AZRTOS-L4.2.0.0
2024-12-21 11:27:57,623 [WARN] ConditionMgr:1044 - genDependencies : Invalid condition id : LAN8742 Phy interface Condition cause : null
2024-12-21 11:27:57,623 [WARN] ConditionMgr:1044 - genDependencies : Invalid condition id : LAN8742 Phy interface Condition cause : null
2024-12-21 11:27:57,624 [WARN] ConditionMgr:1044 - genDependencies : Invalid condition id : LAN8742 Phy interface Condition cause : null
2024-12-21 11:27:57,640 [WARN] PackLoader:240 - Cannot read IP mode file for STMicroelectronics.X-CUBE-SFXS2LP1.4.0.0
2024-12-21 11:27:57,670 [WARN] PackLoader:240 - Cannot read IP mode file for STMicroelectronics.X-CUBE-AZRTOS-H7.3.3.0
2024-12-21 11:27:57,688 [WARN] PackLoader:240 - Cannot read IP mode file for RoweBots.I-CUBE-UNISONRTOS.5.5.0-4
2024-12-21 11:27:57,700 [WARN] PackLoader:240 - Cannot read IP mode file for wolfSSL.I-CUBE-wolfSSL.5.4.0
2024-12-21 11:27:57,718 [WARN] PackLoader:240 - Cannot read IP mode file for STMicroelectronics.X-CUBE-IPS.3.0.0
2024-12-21 11:27:57,743 [WARN] ConditionMgr:438 - getConditionDescription Invalid condition id : UX DEVICE CLASS RTOS Condition cause : null
2024-12-21 11:27:57,744 [WARN] ConditionMgr:438 - getConditionDescription Invalid condition id : UX DEVICE CLASS RTOS Condition cause : null
2024-12-21 11:27:57,745 [WARN] PackLoader:240 - Cannot read IP mode file for STMicroelectronics.X-CUBE-AZRTOS-WB.2.0.0
2024-12-21 11:27:57,747 [WARN] ConditionMgr:1044 - genDependencies : Invalid condition id : UX DEVICE CLASS RTOS Condition cause : null
2024-12-21 11:27:57,747 [WARN] ConditionMgr:1044 - genDependencies : Invalid condition id : UX DEVICE CLASS RTOS Condition cause : null
2024-12-21 11:27:57,747 [WARN] ConditionMgr:1044 - genDependencies : Invalid condition id : UX DEVICE CLASS RTOS Condition cause : null
2024-12-21 11:27:57,748 [WARN] ConditionMgr:1044 - genDependencies : Invalid condition id : UX DEVICE CLASS RTOS Condition cause : null
2024-12-21 11:27:57,748 [WARN] ConditionMgr:1044 - genDependencies : Invalid condition id : UX DEVICE CLASS RTOS Condition cause : null
2024-12-21 11:27:57,763 [WARN] PackLoader:240 - Cannot read IP mode file for STMicroelectronics.X-CUBE-GNSS1.7.0.0
2024-12-21 11:27:57,794 [WARN] PackLoader:240 - Cannot read IP mode file for STMicroelectronics.X-CUBE-GNSS1.7.0.1
2024-12-21 11:27:57,810 [WARN] PackLoader:240 - Cannot read IP mode file for STMicroelectronics.X-CUBE-BLEMGR.1.0.0
2024-12-21 11:27:57,825 [WARN] PackLoader:240 - Cannot read IP mode file for STMicroelectronics.FP-SNS-STBOX1.2.0.0
2024-12-21 11:27:57,843 [WARN] PackLoader:240 - Cannot read IP mode file for STMicroelectronics.X-CUBE-SUBG2.5.0.0
2024-12-21 11:27:57,852 [WARN] PackLoader:240 - Cannot read IP mode file for Cesanta.I-CUBE-Mongoose.7.13.0
2024-12-21 11:27:57,874 [WARN] PackLoader:240 - Cannot read IP mode file for STMicroelectronics.X-CUBE-AZRTOS-G4.2.0.0
2024-12-21 11:27:57,887 [WARN] PackLoader:240 - Cannot read IP mode file for STMicroelectronics.FP-ATR-ASTRA1.1.1.0
2024-12-21 11:27:57,909 [WARN] PackLoader:240 - Cannot read IP mode file for STMicroelectronics.X-CUBE-AZRTOS-G4.1.0.0
2024-12-21 11:27:57,935 [WARN] PackLoader:240 - Cannot read IP mode file for STMicroelectronics.X-CUBE-AZRTOS-L4.1.0.0
2024-12-21 11:27:57,949 [WARN] PackLoader:240 - Cannot read IP mode file for STMicroelectronics.X-CUBE-ALS.1.0.2
2024-12-21 11:27:57,968 [WARN] PackLoader:240 - Cannot read IP mode file for STMicroelectronics.X-CUBE-AZRTOS-WL.1.0.0
2024-12-21 11:27:57,981 [WARN] PackLoader:240 - Cannot read IP mode file for STMicroelectronics.X-CUBE-TOUCHGFX.4.24.1
2024-12-21 11:27:57,985 [WARN] PackLoader:240 - Cannot read IP mode file for wolfSSL.I-CUBE-wolfTPM.3.4.0
2024-12-21 11:27:58,000 [WARN] PackLoader:240 - Cannot read IP mode file for portGmbH.I-Cube-SoM-uGOAL.1.1.0
2024-12-21 11:27:58,012 [WARN] PackLoader:240 - Cannot read IP mode file for STMicroelectronics.X-CUBE-ALS.1.0.1
2024-12-21 11:27:58,037 [WARN] PackLoader:240 - Cannot read IP mode file for STMicroelectronics.X-CUBE-AZRTOS-L5.1.0.0
2024-12-21 11:27:58,052 [WARN] PackLoader:240 - Cannot read IP mode file for STMicroelectronics.X-CUBE-EEPRMA1.3.1.1
2024-12-21 11:27:58,081 [WARN] PackLoader:240 - Cannot read IP mode file for STMicroelectronics.X-CUBE-AZRTOS-H7RS.1.0.0
2024-12-21 11:27:58,095 [WARN] PackLoader:240 - Cannot read IP mode file for STMicroelectronics.FP-ATR-ASTRA1.2.0.0
2024-12-21 11:27:58,112 [WARN] PackLoader:240 - Cannot read IP mode file for STMicroelectronics.X-CUBE-TOF1.3.4.2
2024-12-21 11:27:58,150 [WARN] PackLoader:240 - Cannot read IP mode file for Infineon.AIROC-Wi-Fi-Bluetooth-STM32.1.6.1
2024-12-21 11:27:58,156 [WARN] PackLoader:240 - Cannot read IP mode file for wolfSSL.I-CUBE-wolfSSH.1.4.17
2024-12-21 11:27:58,156 [INFO] ThirdParty:978 - Integrity check success = true
2024-12-21 11:27:58,156 [INFO] IntegrityCheckThread:100 - exiting critical section [integrity check]
2024-12-21 11:27:58,156 [INFO] IntegrityCheckThread:103 - End integrity checks thread
