2025-02-01 01:45:21,948 [ERROR] LogOutputStream:75 - [STDERR_REDIRECT] 
2025-02-01 07:10:28,038 [INFO] Activator:176 - 


2025-02-01 07:10:28,040 [INFO] Activator:177 - !SESSION log4j initialized
2025-02-01 07:10:36,399 [INFO] LogOutputStream:77 - [STDOUT_REDIRECT] 
2025-02-01 07:13:33,059 [INFO] ApplicationProperties:184 - Using Application install path: C:\ST\STM32CubeIDE_1.16.1\STM32CubeIDE\plugins\com.st.stm32cube.common.mx_6.13.0.202411220809
2025-02-01 07:13:33,075 [INFO] DbMcusXml:78 - Set database path to: C:\ST\STM32CubeIDE_1.16.1\STM32CubeIDE\plugins\com.st.stm32cube.common.mx_6.13.0.202411220809\\db\/mcu/
2025-02-01 07:13:33,075 [INFO] ApiDb:274 - Set plugin database path to: C:\ST\STM32CubeIDE_1.16.1\STM32CubeIDE\plugins\com.st.stm32cube.common.mx_6.13.0.202411220809\\db\/plugins/boardmanager/
2025-02-01 07:13:33,075 [WARN] ApiDb:259 - Overriding images path with different value:  => C:\ST\STM32CubeIDE_1.16.1\STM32CubeIDE\plugins\com.st.stm32cube.common.mx_6.13.0.202411220809\\db\/plugins/mcufinder/images/
2025-02-01 07:13:33,091 [INFO] ApiDb:250 - Set database path to: C:\Users\Bruno\.stmcufinder\plugins\mcufinder//mcu/
2025-02-01 07:13:33,092 [INFO] DbMcusAds:125 - Set database path to: C:\Users\Bruno\.stmcufinder\plugins\mcufinder//mcu/
2025-02-01 07:13:33,121 [INFO] CrossReferenceDbSqlite:203 - Set database path to: C:\Users\Bruno\.stmcufinder\plugins\mcufinder//mcu/cs/
2025-02-01 07:13:33,240 [INFO] RulesReader:64 - Compatibility file has been processed (297 Rules)
2025-02-01 07:13:33,324 [INFO] DbMcusXml:78 - Set database path to: C:\ST\STM32CubeIDE_1.16.1\STM32CubeIDE\plugins\com.st.stm32cube.common.mx_6.13.0.202411220809\\db\/mcu/
2025-02-01 07:13:33,325 [INFO] ApiDb:274 - Set plugin database path to: C:\ST\STM32CubeIDE_1.16.1\STM32CubeIDE\plugins\com.st.stm32cube.common.mx_6.13.0.202411220809\\db\/plugins/boardmanager/
2025-02-01 07:13:33,325 [INFO] ApiDb:261 - Set plugin images path to: C:\ST\STM32CubeIDE_1.16.1\STM32CubeIDE\plugins\com.st.stm32cube.common.mx_6.13.0.202411220809\\db\/plugins/mcufinder/images/
2025-02-01 07:13:33,325 [WARN] DbFile:41 - Overriding database path with different value: C:\Users\Bruno\.stmcufinder\plugins\mcufinder/ => C:\Users\Bruno\.stmcufinder\plugins\mcufinder
2025-02-01 07:13:33,325 [INFO] ApiDb:250 - Set database path to: C:\Users\Bruno\.stmcufinder\plugins\mcufinder//mcu/
2025-02-01 07:13:33,325 [WARN] DbFile:41 - Overriding database path with different value: C:\Users\Bruno\.stmcufinder\plugins\mcufinder/ => C:\Users\Bruno\.stmcufinder\plugins\mcufinder
2025-02-01 07:13:33,325 [INFO] DbMcusAds:125 - Set database path to: C:\Users\Bruno\.stmcufinder\plugins\mcufinder//mcu/
2025-02-01 07:13:33,325 [WARN] DbFile:41 - Overriding database path with different value: C:\Users\Bruno\.stmcufinder\plugins\mcufinder/ => C:\Users\Bruno\.stmcufinder\plugins\mcufinder
2025-02-01 07:13:33,325 [WARN] DbFile:41 - Overriding database path with different value: C:\Users\Bruno\.stmcufinder\plugins\mcufinder/ => C:\Users\Bruno\.stmcufinder\plugins\mcufinder
2025-02-01 07:13:33,326 [INFO] CrossReferenceDbSqlite:203 - Set database path to: C:\Users\Bruno\.stmcufinder\plugins\mcufinder//mcu/cs/
2025-02-01 07:13:33,400 [INFO] MainPanel:272 - HeapMemory: 1069547520
2025-02-01 07:13:33,504 [INFO] DbMcusXml:78 - Set database path to: C:\ST\STM32CubeIDE_1.16.1\STM32CubeIDE\plugins\com.st.stm32cube.common.mx_6.13.0.202411220809\\db\/mcu/
2025-02-01 07:13:33,504 [INFO] ApiDb:274 - Set plugin database path to: C:\ST\STM32CubeIDE_1.16.1\STM32CubeIDE\plugins\com.st.stm32cube.common.mx_6.13.0.202411220809\\db\/plugins/boardmanager/
2025-02-01 07:13:33,504 [INFO] ApiDb:261 - Set plugin images path to: C:\ST\STM32CubeIDE_1.16.1\STM32CubeIDE\plugins\com.st.stm32cube.common.mx_6.13.0.202411220809\\db\/plugins/mcufinder/images/
2025-02-01 07:13:33,504 [WARN] DbFile:41 - Overriding database path with different value: C:\Users\Bruno\.stmcufinder\plugins\mcufinder/ => C:\Users\Bruno\.stmcufinder\plugins\mcufinder
2025-02-01 07:13:33,504 [INFO] ApiDb:250 - Set database path to: C:\Users\Bruno\.stmcufinder\plugins\mcufinder//mcu/
2025-02-01 07:13:33,504 [WARN] DbFile:41 - Overriding database path with different value: C:\Users\Bruno\.stmcufinder\plugins\mcufinder/ => C:\Users\Bruno\.stmcufinder\plugins\mcufinder
2025-02-01 07:13:33,505 [INFO] DbMcusAds:125 - Set database path to: C:\Users\Bruno\.stmcufinder\plugins\mcufinder//mcu/
2025-02-01 07:13:33,505 [WARN] DbFile:41 - Overriding database path with different value: C:\Users\Bruno\.stmcufinder\plugins\mcufinder/ => C:\Users\Bruno\.stmcufinder\plugins\mcufinder
2025-02-01 07:13:33,505 [WARN] DbFile:41 - Overriding database path with different value: C:\Users\Bruno\.stmcufinder\plugins\mcufinder/ => C:\Users\Bruno\.stmcufinder\plugins\mcufinder
2025-02-01 07:13:33,505 [INFO] CrossReferenceDbSqlite:203 - Set database path to: C:\Users\Bruno\.stmcufinder\plugins\mcufinder//mcu/cs/
2025-02-01 07:13:33,522 [INFO] ApplicationProperties:184 - Using Application install path: C:\ST\STM32CubeIDE_1.16.1\STM32CubeIDE\plugins\com.st.stm32cube.common.mx_6.13.0.202411220809
2025-02-01 07:13:33,523 [INFO] PluginManage:196 - Search for loadable plugins [exclusion list=, ]
2025-02-01 07:13:33,525 [INFO] PluginManage:310 - Check plugin analytics
2025-02-01 07:13:33,695 [INFO] AnalyticsPlugin:253 - Accepted Software Licenses: STM32CubeMX.6.6.1,STM32CubeMX.6.13.0
2025-02-01 07:13:33,695 [INFO] AnalyticsPlugin:255 - Accepted CMSIS Pack Licenses: 
2025-02-01 07:13:33,695 [INFO] AnalyticsPlugin:257 - Accepted Firmware Licenses: FW.G0.1.6.0,FW.F4.1.28.0
2025-02-01 07:13:33,696 [INFO] PluginManage:359 - Loaded plugin analytics (category:tool,tabindex:-1)
2025-02-01 07:13:33,696 [INFO] PluginManage:310 - Check plugin cadmodel
2025-02-01 07:13:33,716 [INFO] CADModel:105 - Init CAD model plugin
2025-02-01 07:13:33,716 [INFO] PluginManage:359 - Loaded plugin cadmodel (category:power,tabindex:5)
2025-02-01 07:13:33,716 [INFO] PluginManage:310 - Check plugin clock
2025-02-01 07:13:33,738 [INFO] PluginManage:359 - Loaded plugin clock (category:base,tabindex:2)
2025-02-01 07:13:33,738 [INFO] PluginManage:310 - Check plugin ddr
2025-02-01 07:13:33,741 [INFO] PluginManage:359 - Loaded plugin ddr (category:tool,tabindex:6)
2025-02-01 07:13:33,741 [INFO] PluginManage:310 - Check plugin filemanager
2025-02-01 07:13:33,872 [INFO] PluginManage:359 - Loaded plugin filemanager (category:base,tabindex:10)
2025-02-01 07:13:33,872 [INFO] PluginManage:310 - Check plugin ipmanager
2025-02-01 07:13:33,880 [INFO] PluginManage:359 - Loaded plugin ipmanager (category:base,tabindex:5)
2025-02-01 07:13:33,880 [INFO] PluginManage:310 - Check plugin lpbam
2025-02-01 07:13:33,900 [INFO] PluginManage:359 - Loaded plugin lpbam (category:base,tabindex:0)
2025-02-01 07:13:33,901 [INFO] PluginManage:310 - Check plugin memorymap
2025-02-01 07:13:33,926 [INFO] PluginManage:359 - Loaded plugin memorymap (category:base,tabindex:4)
2025-02-01 07:13:33,926 [INFO] PluginManage:310 - Check plugin pinoutandconfiguration
2025-02-01 07:13:33,949 [INFO] PluginManage:359 - Loaded plugin pinoutandconfiguration (category:base,tabindex:1)
2025-02-01 07:13:33,950 [INFO] PluginManage:310 - Check plugin pinoutconfig
2025-02-01 07:13:34,061 [WARN] SupportedApi:132 - Cannot load RTOS API schema: s4s-elt-must-match.1: The content of 'definitions' must match (annotation?, (simpleType | complexType)?, (unique | key | keyref)*)). A problem was found starting at: attribute.
2025-02-01 07:13:34,223 [INFO] PluginManage:359 - Loaded plugin pinoutconfig (category:base,tabindex:0)
2025-02-01 07:13:34,223 [INFO] PluginManage:310 - Check plugin power
2025-02-01 07:13:34,246 [INFO] PluginManage:359 - Loaded plugin power (category:power,tabindex:4)
2025-02-01 07:13:34,247 [INFO] PluginManage:310 - Check plugin projectmanager
2025-02-01 07:13:34,262 [INFO] PluginManage:359 - Loaded plugin projectmanager (category:projectmanager,tabindex:4)
2025-02-01 07:13:34,262 [INFO] PluginManage:310 - Check plugin rif
2025-02-01 07:13:34,281 [INFO] PluginManage:359 - Loaded plugin rif (category:base,tabindex:3)
2025-02-01 07:13:34,281 [INFO] PluginManage:310 - Check plugin thirdparty
2025-02-01 07:13:34,576 [INFO] PluginManage:359 - Loaded plugin thirdparty (category:base,tabindex:-1)
2025-02-01 07:13:34,576 [WARN] IntegrityCheckThread:84 - waiting for thirdparty lock release [integrity check]
2025-02-01 07:13:34,576 [INFO] PluginManage:310 - Check plugin tools
2025-02-01 07:13:34,576 [INFO] IntegrityCheckThread:86 - entering critical section [integrity check]
2025-02-01 07:13:34,577 [INFO] ThirdPartyUpdaterWithRetryManager:70 - Updater plugin not ready yet. [1/15]
2025-02-01 07:13:34,622 [INFO] PluginManage:359 - Loaded plugin tools (category:base,tabindex:7)
2025-02-01 07:13:34,622 [INFO] PluginManage:310 - Check plugin tutovideos
2025-02-01 07:13:34,808 [INFO] PluginManage:359 - Loaded plugin tutovideos (category:base,tabindex:-1)
2025-02-01 07:13:34,808 [INFO] PluginManage:310 - Check plugin updater
2025-02-01 07:13:34,829 [INFO] PluginManage:359 - Loaded plugin updater (category:base,tabindex:12)
2025-02-01 07:13:34,829 [INFO] PluginManage:310 - Check plugin userauth
2025-02-01 07:13:34,832 [INFO] UserAuth:118 - Init User Auth plugin
2025-02-01 07:13:34,833 [INFO] PluginManage:359 - Loaded plugin userauth (category:base,tabindex:14)
2025-02-01 07:13:34,834 [INFO] PluginManage:283 - PluginManage : Loaded plugins [18]
2025-02-01 07:13:35,057 [INFO] PinOutPanel:1589 - setPackage(No Configuration,No Configuration)
2025-02-01 07:13:35,140 [INFO] CADModel:165 - CPN selected for project level
2025-02-01 07:13:35,140 [INFO] CADModel:114 - Register for checkConnection events
2025-02-01 07:13:35,168 [INFO] IPUIPlugin:80 - create IPUIPlugin
2025-02-01 07:13:35,168 [INFO] PluginManager:220 - loadIPPluginJar : add adc
2025-02-01 07:13:35,215 [INFO] IPUIPlugin:80 - create IPUIPlugin
2025-02-01 07:13:35,215 [INFO] PluginManager:220 - loadIPPluginJar : add aes
2025-02-01 07:13:35,267 [INFO] IPUIPlugin:80 - create IPUIPlugin
2025-02-01 07:13:35,267 [INFO] PluginManager:220 - loadIPPluginJar : add can
2025-02-01 07:13:35,298 [INFO] IPUIPlugin:80 - create IPUIPlugin
2025-02-01 07:13:35,298 [INFO] PluginManager:220 - loadIPPluginJar : add comp
2025-02-01 07:13:35,342 [INFO] IPUIPlugin:80 - create IPUIPlugin
2025-02-01 07:13:35,342 [INFO] PluginManager:220 - loadIPPluginJar : add cryp
2025-02-01 07:13:35,358 [INFO] IPUIPlugin:80 - create IPUIPlugin
2025-02-01 07:13:35,358 [INFO] PluginManager:220 - loadIPPluginJar : add ddr_ctrl_phy
2025-02-01 07:13:35,400 [INFO] IPUIPlugin:80 - create IPUIPlugin
2025-02-01 07:13:35,401 [INFO] PluginManager:220 - loadIPPluginJar : add dfsdm
2025-02-01 07:13:35,419 [INFO] IPUIPlugin:80 - create IPUIPlugin
2025-02-01 07:13:35,419 [INFO] PluginManager:220 - loadIPPluginJar : add dma
2025-02-01 07:13:35,470 [INFO] IPUIPlugin:80 - create IPUIPlugin
2025-02-01 07:13:35,470 [INFO] PluginManager:220 - loadIPPluginJar : add dma3
2025-02-01 07:13:35,531 [INFO] IPUIPlugin:80 - create IPUIPlugin
2025-02-01 07:13:35,531 [INFO] PluginManager:220 - loadIPPluginJar : add extmemmanager
2025-02-01 07:13:35,561 [INFO] IPUIPlugin:80 - create IPUIPlugin
2025-02-01 07:13:35,562 [INFO] PluginManager:220 - loadIPPluginJar : add fatfs
2025-02-01 07:13:35,623 [INFO] IPUIPlugin:80 - create IPUIPlugin
2025-02-01 07:13:35,623 [INFO] PluginManager:220 - loadIPPluginJar : add fmc
2025-02-01 07:13:35,641 [INFO] IPUIPlugin:80 - create IPUIPlugin
2025-02-01 07:13:35,641 [INFO] PluginManager:220 - loadIPPluginJar : add freertos
2025-02-01 07:13:35,667 [INFO] IPUIPlugin:80 - create IPUIPlugin
2025-02-01 07:13:35,667 [INFO] PluginManager:220 - loadIPPluginJar : add genericplugin
2025-02-01 07:13:35,782 [INFO] IPUIPlugin:80 - create IPUIPlugin
2025-02-01 07:13:35,783 [INFO] PluginManager:220 - loadIPPluginJar : add gfxmmu
2025-02-01 07:13:35,943 [INFO] IPUIPlugin:80 - create IPUIPlugin
2025-02-01 07:13:35,944 [INFO] PluginManager:220 - loadIPPluginJar : add gic
2025-02-01 07:13:35,959 [INFO] IPUIPlugin:80 - create IPUIPlugin
2025-02-01 07:13:35,959 [INFO] PluginManager:220 - loadIPPluginJar : add gpio
2025-02-01 07:13:36,075 [INFO] IPUIPlugin:80 - create IPUIPlugin
2025-02-01 07:13:36,075 [INFO] PluginManager:220 - loadIPPluginJar : add gtzc
2025-02-01 07:13:36,115 [INFO] IPUIPlugin:80 - create IPUIPlugin
2025-02-01 07:13:36,115 [INFO] PluginManager:220 - loadIPPluginJar : add hash
2025-02-01 07:13:36,181 [INFO] IPUIPlugin:80 - create IPUIPlugin
2025-02-01 07:13:36,181 [INFO] PluginManager:220 - loadIPPluginJar : add i2c
2025-02-01 07:13:36,230 [INFO] IPUIPlugin:80 - create IPUIPlugin
2025-02-01 07:13:36,230 [INFO] PluginManager:220 - loadIPPluginJar : add i2s
2025-02-01 07:13:36,282 [INFO] IPUIPlugin:80 - create IPUIPlugin
2025-02-01 07:13:36,282 [INFO] PluginManager:220 - loadIPPluginJar : add i3c
2025-02-01 07:13:36,413 [INFO] IPUIPlugin:80 - create IPUIPlugin
2025-02-01 07:13:36,413 [INFO] PluginManager:220 - loadIPPluginJar : add ipddr
2025-02-01 07:13:36,525 [INFO] IPUIPlugin:80 - create IPUIPlugin
2025-02-01 07:13:36,526 [INFO] PluginManager:220 - loadIPPluginJar : add linkedlist
2025-02-01 07:13:36,570 [INFO] IPUIPlugin:80 - create IPUIPlugin
2025-02-01 07:13:36,570 [INFO] PluginManager:220 - loadIPPluginJar : add lorawan
2025-02-01 07:13:36,616 [INFO] IPUIPlugin:80 - create IPUIPlugin
2025-02-01 07:13:36,616 [INFO] PluginManager:220 - loadIPPluginJar : add ltdc
2025-02-01 07:13:36,634 [INFO] IPUIPlugin:80 - create IPUIPlugin
2025-02-01 07:13:36,634 [INFO] PluginManager:220 - loadIPPluginJar : add mdma
2025-02-01 07:13:36,651 [INFO] IPUIPlugin:80 - create IPUIPlugin
2025-02-01 07:13:36,652 [INFO] PluginManager:220 - loadIPPluginJar : add nvic
2025-02-01 07:13:36,697 [INFO] IPUIPlugin:80 - create IPUIPlugin
2025-02-01 07:13:36,697 [INFO] PluginManager:220 - loadIPPluginJar : add opamp
2025-02-01 07:13:36,775 [INFO] IPUIPlugin:80 - create IPUIPlugin
2025-02-01 07:13:36,775 [INFO] PluginManager:220 - loadIPPluginJar : add openamp
2025-02-01 07:13:36,831 [INFO] IPUIPlugin:80 - create IPUIPlugin
2025-02-01 07:13:36,831 [INFO] PluginManager:220 - loadIPPluginJar : add pdm2pcm
2025-02-01 07:13:36,849 [INFO] IPUIPlugin:80 - create IPUIPlugin
2025-02-01 07:13:36,851 [INFO] PluginManager:220 - loadIPPluginJar : add plateformsettings
2025-02-01 07:13:36,880 [INFO] IPUIPlugin:80 - create IPUIPlugin
2025-02-01 07:13:36,881 [INFO] PluginManager:220 - loadIPPluginJar : add quadspi
2025-02-01 07:13:36,915 [INFO] IPUIPlugin:80 - create IPUIPlugin
2025-02-01 07:13:36,915 [INFO] PluginManager:220 - loadIPPluginJar : add radio
2025-02-01 07:13:36,932 [INFO] IPUIPlugin:80 - create IPUIPlugin
2025-02-01 07:13:36,932 [INFO] PluginManager:220 - loadIPPluginJar : add resmgrutility
2025-02-01 07:13:36,995 [INFO] IPUIPlugin:80 - create IPUIPlugin
2025-02-01 07:13:36,996 [INFO] PluginManager:220 - loadIPPluginJar : add sai
2025-02-01 07:13:37,042 [INFO] IPUIPlugin:80 - create IPUIPlugin
2025-02-01 07:13:37,043 [INFO] PluginManager:220 - loadIPPluginJar : add spi
2025-02-01 07:13:37,129 [INFO] IPUIPlugin:80 - create IPUIPlugin
2025-02-01 07:13:37,129 [INFO] PluginManager:220 - loadIPPluginJar : add stm32_wpan
2025-02-01 07:13:37,159 [INFO] IPUIPlugin:80 - create IPUIPlugin
2025-02-01 07:13:37,160 [INFO] PluginManager:220 - loadIPPluginJar : add tim
2025-02-01 07:13:37,236 [INFO] IPUIPlugin:80 - create IPUIPlugin
2025-02-01 07:13:37,236 [INFO] PluginManager:220 - loadIPPluginJar : add touchsensing
2025-02-01 07:13:37,265 [INFO] IPUIPlugin:80 - create IPUIPlugin
2025-02-01 07:13:37,265 [INFO] PluginManager:220 - loadIPPluginJar : add tracer_emb
2025-02-01 07:13:37,297 [INFO] IPUIPlugin:80 - create IPUIPlugin
2025-02-01 07:13:37,297 [INFO] PluginManager:220 - loadIPPluginJar : add ts
2025-02-01 07:13:37,326 [INFO] IPUIPlugin:80 - create IPUIPlugin
2025-02-01 07:13:37,327 [INFO] PluginManager:220 - loadIPPluginJar : add tsc
2025-02-01 07:13:37,357 [INFO] IPUIPlugin:80 - create IPUIPlugin
2025-02-01 07:13:37,357 [INFO] PluginManager:220 - loadIPPluginJar : add ucpd
2025-02-01 07:13:37,415 [INFO] IPUIPlugin:80 - create IPUIPlugin
2025-02-01 07:13:37,415 [INFO] PluginManager:220 - loadIPPluginJar : add usart
2025-02-01 07:13:37,470 [INFO] IPUIPlugin:80 - create IPUIPlugin
2025-02-01 07:13:37,470 [INFO] PluginManager:220 - loadIPPluginJar : add usbx
2025-02-01 07:13:37,578 [INFO] ThirdPartyUpdaterWithRetryManager:70 - Updater plugin not ready yet. [2/15]
2025-02-01 07:13:37,598 [FATAL] Updater:351 - Updater called before beeing initialized
2025-02-01 07:13:37,622 [INFO] RulesReader:64 - Compatibility file has been processed (297 Rules)
2025-02-01 07:13:37,653 [INFO] RulesReader:64 - Compatibility file has been processed (297 Rules)
2025-02-01 07:13:37,659 [INFO] CADModel:165 - CPN selected for project level
2025-02-01 07:13:37,659 [INFO] CADModel:114 - Register for checkConnection events
2025-02-01 07:13:37,659 [FATAL] Updater:351 - Updater called before beeing initialized
2025-02-01 07:13:37,659 [ERROR] CADModel:125 - Updater not yet initialized, retry later 
2025-02-01 07:13:37,818 [FATAL] Updater:351 - Updater called before beeing initialized
2025-02-01 07:13:37,821 [INFO] CADModel:165 - CPN selected for project level
2025-02-01 07:13:37,821 [INFO] CADModel:114 - Register for checkConnection events
2025-02-01 07:13:37,822 [FATAL] Updater:351 - Updater called before beeing initialized
2025-02-01 07:13:37,822 [ERROR] CADModel:125 - Updater not yet initialized, retry later 
2025-02-01 07:13:37,825 [FATAL] Updater:351 - Updater called before beeing initialized
2025-02-01 07:13:37,974 [FATAL] Updater:351 - Updater called before beeing initialized
2025-02-01 07:13:37,985 [INFO] DbMcusAds:53 - JSON generation date=Tue Dec 17 17:01:15 CET 2024 (1734451275111)
2025-02-01 07:13:37,985 [FATAL] Updater:351 - Updater called before beeing initialized
2025-02-01 07:13:38,027 [WARN] DetailPanel:346 - Failed to get advertising image, set to default
2025-02-01 07:13:38,412 [FATAL] Updater:351 - Updater called before beeing initialized
2025-02-01 07:13:38,414 [FATAL] Updater:351 - Updater called before beeing initialized
2025-02-01 07:13:38,417 [FATAL] Updater:351 - Updater called before beeing initialized
2025-02-01 07:13:38,418 [WARN] DetailPanel:346 - Failed to get advertising image, set to default
2025-02-01 07:13:38,420 [FATAL] Updater:351 - Updater called before beeing initialized
2025-02-01 07:13:38,491 [ERROR] Updater:1198 - MainUpdater not yet initialized. External WinMGr cannot be set.
2025-02-01 07:13:38,504 [INFO] Updater:1134 - Updater Version found : 6.13.0
2025-02-01 07:13:38,521 [INFO] ApplicationProperties:184 - Using Application install path: C:\ST\STM32CubeIDE_1.16.1\STM32CubeIDE\plugins\com.st.stm32cube.common.mx_6.13.0.202411220809
2025-02-01 07:13:38,952 [INFO] MainUpdater:2872 - connection check result : 10
2025-02-01 07:13:38,953 [INFO] MainUpdater:289 - Updater Check For Update Now.
2025-02-01 07:13:38,953 [INFO] MicroXplorer:498 - Change Database Version : DB.6.0.130
2025-02-01 07:13:38,969 [INFO] McuFinderGlobals:63 - Set McuFinder mode to 2 (CubeIDE integrated)
2025-02-01 07:13:38,976 [INFO] UserAuth:486 - Internet connection configuration mode: 1
2025-02-01 07:13:39,054 [INFO] JxBrowserEngine:152 - Initiate JxBrowser Engine with user profile folder
2025-02-01 07:13:39,264 [INFO] CheckServerUpdateThread:120 - End of CheckServer Thread
2025-02-01 07:13:40,780 [INFO] WebApp:168 - Instantiating new browser for Auth
2025-02-01 07:13:41,237 [WARN] PackLoader:240 - Cannot read IP mode file for STMicroelectronics.FP-SNS-MOTENVWB1.1.4.0
2025-02-01 07:13:41,292 [WARN] PackLoader:240 - Cannot read IP mode file for STMicroelectronics.FP-ATR-ASTRA1.2.0.1
2025-02-01 07:13:41,309 [WARN] PackLoader:240 - Cannot read IP mode file for STMicroelectronics.X-CUBE-SMBUS.2.1.0
2025-02-01 07:13:41,332 [WARN] PackLoader:240 - Cannot read IP mode file for STMicroelectronics.X-CUBE-WB05N.1.1.0
2025-02-01 07:13:41,500 [WARN] PackLoader:240 - Cannot read IP mode file for STMicroelectronics.X-CUBE-MEMS1.9.2.0
2025-02-01 07:13:42,036 [WARN] PackLoader:240 - Cannot read IP mode file for STMicroelectronics.X-CUBE-AZRTOS-F7.1.1.0
2025-02-01 07:13:42,060 [WARN] PackLoader:240 - Cannot read IP mode file for STMicroelectronics.X-CUBE-BLE1.6.2.3
2025-02-01 07:13:42,142 [WARN] PackLoader:240 - Cannot read IP mode file for STMicroelectronics.X-CUBE-MEMS1.11.0.0
2025-02-01 07:13:42,570 [INFO] WebApp:449 - Apply proxy settings
2025-02-01 07:13:42,571 [INFO] WebApp:534 - Chromium requires no authentication
2025-02-01 07:13:42,631 [WARN] PackLoader:240 - Cannot read IP mode file for STMicroelectronics.FP-SNS-FLIGHT1.5.0.2
2025-02-01 07:13:42,653 [INFO] WebApp:477 - Direct internet connection detected
2025-02-01 07:13:42,672 [WARN] PackLoader:240 - Cannot read IP mode file for STMicroelectronics.X-CUBE-TOF1.3.1.0
2025-02-01 07:13:42,692 [WARN] PackLoader:240 - Cannot read IP mode file for STMicroelectronics.X-CUBE-DISPLAY.3.0.0
2025-02-01 07:13:42,710 [WARN] PackLoader:240 - Cannot read IP mode file for STMicroelectronics.X-CUBE-BLE1.7.0.0
2025-02-01 07:13:42,727 [WARN] PackLoader:240 - Cannot read IP mode file for STMicroelectronics.X-CUBE-NFC10.1.0.0
2025-02-01 07:13:42,740 [INFO] WebApp:880 - Register for checkConnection events
2025-02-01 07:13:42,740 [INFO] WebApp:449 - Apply proxy settings
2025-02-01 07:13:42,740 [INFO] WebApp:534 - Chromium requires no authentication
2025-02-01 07:13:42,742 [INFO] WebApp:477 - Direct internet connection detected
2025-02-01 07:13:42,748 [WARN] PackLoader:240 - Cannot read IP mode file for STMicroelectronics.X-CUBE-BLEMGR.4.0.0
2025-02-01 07:13:42,784 [WARN] PackLoader:240 - Cannot read IP mode file for STMicroelectronics.X-CUBE-AI.7.2.0
2025-02-01 07:13:42,838 [WARN] PackLoader:240 - Cannot read IP mode file for STMicroelectronics.X-CUBE-BLEMGR.3.1.0
2025-02-01 07:13:42,860 [WARN] PackLoader:240 - Cannot read IP mode file for STMicroelectronics.X-CUBE-AI.10.0.0
2025-02-01 07:13:42,882 [WARN] PackLoader:240 - Cannot read IP mode file for STMicroelectronics.FP-SNS-SMARTAG2.1.2.0
2025-02-01 07:13:42,967 [WARN] PackLoader:240 - Cannot read IP mode file for STMicroelectronics.X-CUBE-MEMS1.11.1.0
2025-02-01 07:13:43,167 [INFO] WebApp:187 - Connection restablished
2025-02-01 07:13:43,172 [INFO] LogOutputStream:77 - [STDOUT_REDIRECT] 1 : Invalid condition id : UX_CORESTACK_Condition cause : null
2025-02-01 07:13:43,173 [INFO] LogOutputStream:77 - [STDOUT_REDIRECT] 1 : Invalid condition id : UX_CORESTACK_Condition cause : null
2025-02-01 07:13:43,181 [INFO] LogOutputStream:77 - [STDOUT_REDIRECT] 1 : Invalid condition id : UX_CORESTACK_Condition cause : null
2025-02-01 07:13:43,183 [INFO] LogOutputStream:77 - [STDOUT_REDIRECT] 1 : Invalid condition id : UX_CORESTACK_Condition cause : null
2025-02-01 07:13:43,184 [INFO] LogOutputStream:77 - [STDOUT_REDIRECT] 1 : Invalid condition id : UX_CORESTACK_Condition cause : null
2025-02-01 07:13:43,188 [WARN] PackLoader:240 - Cannot read IP mode file for STMicroelectronics.X-CUBE-AZRTOS-WL.2.0.0
2025-02-01 07:13:43,205 [WARN] PackLoader:240 - Cannot read IP mode file for STMicroelectronics.FP-SNS-MOTENV1.5.0.0
2025-02-01 07:13:43,222 [WARN] PackLoader:240 - Cannot read IP mode file for wolfSSL.I-CUBE-wolfMQTT.1.19.0
2025-02-01 07:13:43,241 [WARN] PackLoader:240 - Cannot read IP mode file for WES.I-CUBE-Cesium.1.3.0
2025-02-01 07:13:43,256 [WARN] PackLoader:240 - Cannot read IP mode file for STMicroelectronics.X-CUBE-BLE2.3.3.0
2025-02-01 07:13:43,270 [WARN] PackLoader:240 - Cannot read IP mode file for STMicroelectronics.X-CUBE-DISPLAY.2.2.0
2025-02-01 07:13:43,309 [WARN] PackLoader:240 - Cannot read IP mode file for STMicroelectronics.X-CUBE-NFC9.1.0.0
2025-02-01 07:13:43,337 [WARN] PackLoader:240 - Cannot read IP mode file for STMicroelectronics.X-CUBE-AZRTOS-H7.2.1.0
2025-02-01 07:13:43,353 [WARN] PackLoader:240 - Cannot read IP mode file for STMicroelectronics.X-CUBE-TCPP.4.1.0
2025-02-01 07:13:43,369 [WARN] PackLoader:240 - Cannot read IP mode file for STMicroelectronics.X-CUBE-ALGOBUILD.1.3.0
2025-02-01 07:13:43,423 [INFO] WebApp:221 - Starting web application
2025-02-01 07:13:43,423 [INFO] WebApp:579 - Web application path used C:\ST\STM32CubeIDE_1.16.1\STM32CubeIDE\plugins\com.st.stm32cube.common.mx_6.13.0.202411220809\db\plugins\mcufinder\reactClient1\index.html
2025-02-01 07:13:43,434 [WARN] PackLoader:240 - Cannot read IP mode file for STMicroelectronics.X-CUBE-AZRTOS-G0.1.1.0
2025-02-01 07:13:43,520 [WARN] PackLoader:240 - Cannot read IP mode file for STMicroelectronics.X-CUBE-SAFEA1.1.2.2
2025-02-01 07:13:43,585 [WARN] PackLoader:240 - Cannot read IP mode file for STMicroelectronics.X-CUBE-NFC4.3.0.0
2025-02-01 07:13:43,657 [WARN] PackLoader:240 - Cannot read IP mode file for SEGGER.I-CUBE-embOS.1.2.0
2025-02-01 07:13:43,695 [WARN] PackLoader:240 - Cannot read IP mode file for EmbeddedOffice.I-CUBE-FS-RTOS.1.0.1
2025-02-01 07:13:43,712 [WARN] PackLoader:240 - Cannot read IP mode file for STMicroelectronics.X-CUBE-TCPP.4.2.0
2025-02-01 07:13:43,727 [WARN] PackLoader:240 - Cannot read IP mode file for RealThread.X-CUBE-RT-Thread_Nano.4.1.1
2025-02-01 07:13:43,739 [WARN] PackLoader:240 - Cannot read IP mode file for STMicroelectronics.FP-ATR-SIGFOX1.3.2.0
2025-02-01 07:13:43,751 [WARN] ConditionMgr:438 - getConditionDescription Invalid condition id : Cortex-A Device cause : null
2025-02-01 07:13:43,770 [WARN] ConditionMgr:1044 - genDependencies : Invalid condition id : Cortex-A Device cause : null
2025-02-01 07:13:43,770 [WARN] ConditionMgr:1044 - genDependencies : Invalid condition id : Cortex-A Device cause : null
2025-02-01 07:13:43,770 [WARN] ConditionMgr:1044 - genDependencies : Invalid condition id : Cortex-A Device cause : null
2025-02-01 07:13:43,785 [WARN] PackLoader:240 - Cannot read IP mode file for STMicroelectronics.X-CUBE-EEPRMA1.5.1.0
2025-02-01 07:13:43,808 [WARN] PackLoader:240 - Cannot read IP mode file for emotas.I-CUBE-CANOPEN.1.1.2
2025-02-01 07:13:43,865 [WARN] PackLoader:240 - Cannot read IP mode file for STMicroelectronics.X-CUBE-TOUCHGFX.4.20.0
2025-02-01 07:13:43,884 [WARN] PackLoader:240 - Cannot read IP mode file for ITTIA_DB.I-CUBE-ITTIADB.8.9.0
2025-02-01 07:13:43,944 [WARN] PackLoader:240 - Cannot read IP mode file for SEGGER.I-CUBE-embOS.1.3.1
2025-02-01 07:13:43,989 [WARN] PackLoader:240 - Cannot read IP mode file for STMicroelectronics.X-CUBE-ALGOBUILD.1.4.0
2025-02-01 07:13:44,011 [WARN] PackLoader:240 - Cannot read IP mode file for STMicroelectronics.X-CUBE-AI.9.1.0
2025-02-01 07:13:44,043 [WARN] PackLoader:240 - Cannot read IP mode file for STMicroelectronics.X-CUBE-GNSS1.6.0.0
2025-02-01 07:13:44,074 [WARN] PackLoader:240 - Cannot read IP mode file for STMicroelectronics.X-CUBE-AZRTOS-F4.1.1.0
2025-02-01 07:13:44,094 [WARN] PackLoader:240 - Cannot read IP mode file for STMicroelectronics.X-CUBE-ISPU.2.1.0
2025-02-01 07:13:44,136 [WARN] PackLoader:240 - Cannot read IP mode file for STMicroelectronics.X-CUBE-FREERTOS.1.2.0
2025-02-01 07:13:44,175 [INFO] UserAuth:486 - Internet connection configuration mode: 1
2025-02-01 07:13:44,209 [WARN] PackLoader:240 - Cannot read IP mode file for STMicroelectronics.X-CUBE-AZRTOS-L5.2.0.0
2025-02-01 07:13:44,252 [WARN] PackLoader:240 - Cannot read IP mode file for STMicroelectronics.X-CUBE-NFC6.3.1.0
2025-02-01 07:13:44,272 [WARN] PackLoader:240 - Cannot read IP mode file for STMicroelectronics.X-CUBE-DPower.1.2.0
2025-02-01 07:13:44,289 [WARN] PackLoader:240 - Cannot read IP mode file for STMicroelectronics.X-CUBE-NFC4.2.0.4
2025-02-01 07:13:44,447 [WARN] PackLoader:240 - Cannot read IP mode file for STMicroelectronics.X-CUBE-AZRTOS-F4.1.0.0
2025-02-01 07:13:44,464 [WARN] PackLoader:240 - Cannot read IP mode file for STMicroelectronics.X-CUBE-FREERTOS.1.3.0
2025-02-01 07:13:44,597 [WARN] PackLoader:240 - Cannot read IP mode file for STMicroelectronics.X-CUBE-NFC7.1.0.1
2025-02-01 07:13:44,618 [WARN] PackLoader:240 - Cannot read IP mode file for STMicroelectronics.X-CUBE-NFC7.1.0.0
2025-02-01 07:13:44,649 [WARN] ConditionMgr:438 - getConditionDescription Invalid condition id : LAN8742 Phy interface Condition cause : null
2025-02-01 07:13:44,649 [WARN] PackLoader:240 - Cannot read IP mode file for STMicroelectronics.X-CUBE-AZRTOS-L4.2.0.0
2025-02-01 07:13:44,650 [WARN] ConditionMgr:1044 - genDependencies : Invalid condition id : LAN8742 Phy interface Condition cause : null
2025-02-01 07:13:44,650 [WARN] ConditionMgr:1044 - genDependencies : Invalid condition id : LAN8742 Phy interface Condition cause : null
2025-02-01 07:13:44,731 [WARN] ConditionMgr:1044 - genDependencies : Invalid condition id : LAN8742 Phy interface Condition cause : null
2025-02-01 07:13:44,761 [WARN] PackLoader:240 - Cannot read IP mode file for STMicroelectronics.X-CUBE-SFXS2LP1.4.0.0
2025-02-01 07:13:44,797 [WARN] PackLoader:240 - Cannot read IP mode file for STMicroelectronics.X-CUBE-AZRTOS-H7.3.3.0
2025-02-01 07:13:44,834 [WARN] PackLoader:240 - Cannot read IP mode file for RoweBots.I-CUBE-UNISONRTOS.5.5.0-4
2025-02-01 07:13:44,848 [WARN] PackLoader:240 - Cannot read IP mode file for wolfSSL.I-CUBE-wolfSSL.5.4.0
2025-02-01 07:13:44,875 [WARN] PackLoader:240 - Cannot read IP mode file for STMicroelectronics.X-CUBE-IPS.3.0.0
2025-02-01 07:13:44,927 [WARN] ConditionMgr:438 - getConditionDescription Invalid condition id : UX DEVICE CLASS RTOS Condition cause : null
2025-02-01 07:13:44,928 [WARN] ConditionMgr:438 - getConditionDescription Invalid condition id : UX DEVICE CLASS RTOS Condition cause : null
2025-02-01 07:13:44,929 [WARN] PackLoader:240 - Cannot read IP mode file for STMicroelectronics.X-CUBE-AZRTOS-WB.2.0.0
2025-02-01 07:13:44,929 [WARN] ConditionMgr:1044 - genDependencies : Invalid condition id : UX DEVICE CLASS RTOS Condition cause : null
2025-02-01 07:13:44,929 [WARN] ConditionMgr:1044 - genDependencies : Invalid condition id : UX DEVICE CLASS RTOS Condition cause : null
2025-02-01 07:13:44,930 [WARN] ConditionMgr:1044 - genDependencies : Invalid condition id : UX DEVICE CLASS RTOS Condition cause : null
2025-02-01 07:13:44,930 [WARN] ConditionMgr:1044 - genDependencies : Invalid condition id : UX DEVICE CLASS RTOS Condition cause : null
2025-02-01 07:13:44,930 [WARN] ConditionMgr:1044 - genDependencies : Invalid condition id : UX DEVICE CLASS RTOS Condition cause : null
2025-02-01 07:13:44,946 [WARN] PackLoader:240 - Cannot read IP mode file for STMicroelectronics.X-CUBE-GNSS1.7.0.0
2025-02-01 07:13:44,962 [WARN] PackLoader:240 - Cannot read IP mode file for STMicroelectronics.X-CUBE-GNSS1.7.0.1
2025-02-01 07:13:44,978 [WARN] PackLoader:240 - Cannot read IP mode file for STMicroelectronics.X-CUBE-BLEMGR.1.0.0
2025-02-01 07:13:45,002 [WARN] PackLoader:240 - Cannot read IP mode file for STMicroelectronics.FP-SNS-STBOX1.2.0.0
2025-02-01 07:13:45,026 [WARN] PackLoader:240 - Cannot read IP mode file for STMicroelectronics.X-CUBE-SUBG2.5.0.0
2025-02-01 07:13:45,043 [WARN] PackLoader:240 - Cannot read IP mode file for Cesanta.I-CUBE-Mongoose.7.13.0
2025-02-01 07:13:45,065 [WARN] PackLoader:240 - Cannot read IP mode file for STMicroelectronics.X-CUBE-AZRTOS-G4.2.0.0
2025-02-01 07:13:45,080 [WARN] PackLoader:240 - Cannot read IP mode file for STMicroelectronics.FP-ATR-ASTRA1.1.1.0
2025-02-01 07:13:45,140 [WARN] PackLoader:240 - Cannot read IP mode file for STMicroelectronics.X-CUBE-AZRTOS-G4.1.0.0
2025-02-01 07:13:45,233 [WARN] PackLoader:240 - Cannot read IP mode file for STMicroelectronics.X-CUBE-AZRTOS-L4.1.0.0
2025-02-01 07:13:45,269 [WARN] PackLoader:240 - Cannot read IP mode file for STMicroelectronics.X-CUBE-IPS.3.1.0
2025-02-01 07:13:45,306 [WARN] PackLoader:240 - Cannot read IP mode file for STMicroelectronics.X-CUBE-ALS.1.0.2
2025-02-01 07:13:45,327 [WARN] PackLoader:240 - Cannot read IP mode file for STMicroelectronics.X-CUBE-TOUCHGFX.4.24.2
2025-02-01 07:13:45,384 [WARN] PackLoader:240 - Cannot read IP mode file for STMicroelectronics.X-CUBE-AZRTOS-WL.1.0.0
2025-02-01 07:13:45,424 [WARN] PackLoader:240 - Cannot read IP mode file for STMicroelectronics.X-CUBE-TOUCHGFX.4.24.1
2025-02-01 07:13:45,436 [WARN] PackLoader:240 - Cannot read IP mode file for wolfSSL.I-CUBE-wolfTPM.3.4.0
2025-02-01 07:13:45,451 [WARN] PackLoader:240 - Cannot read IP mode file for portGmbH.I-Cube-SoM-uGOAL.1.1.0
2025-02-01 07:13:45,465 [WARN] PackLoader:240 - Cannot read IP mode file for STMicroelectronics.X-CUBE-ALS.1.0.1
2025-02-01 07:13:45,519 [WARN] PackLoader:240 - Cannot read IP mode file for STMicroelectronics.X-CUBE-AZRTOS-L5.1.0.0
2025-02-01 07:13:45,560 [WARN] PackLoader:240 - Cannot read IP mode file for STMicroelectronics.X-CUBE-EEPRMA1.3.1.1
2025-02-01 07:13:45,588 [WARN] PackLoader:240 - Cannot read IP mode file for STMicroelectronics.X-CUBE-AZRTOS-H7RS.1.0.0
2025-02-01 07:13:45,600 [WARN] PackLoader:240 - Cannot read IP mode file for STMicroelectronics.FP-ATR-ASTRA1.2.0.0
2025-02-01 07:13:45,617 [WARN] PackLoader:240 - Cannot read IP mode file for STMicroelectronics.X-CUBE-TOF1.3.4.2
2025-02-01 07:13:45,709 [WARN] PackLoader:240 - Cannot read IP mode file for Infineon.AIROC-Wi-Fi-Bluetooth-STM32.1.6.1
2025-02-01 07:13:45,723 [WARN] PackLoader:240 - Cannot read IP mode file for wolfSSL.I-CUBE-wolfSSH.1.4.17
2025-02-01 07:13:45,724 [INFO] ThirdParty:978 - Integrity check success = true
2025-02-01 07:13:45,724 [INFO] IntegrityCheckThread:100 - exiting critical section [integrity check]
2025-02-01 07:13:45,724 [INFO] IntegrityCheckThread:103 - End integrity checks thread
