2024-12-09 22:35:56,173 [ERROR] LogOutputStream:75 - [STDERR_REDIRECT] SLF4J: Failed to load class "org.slf4j.impl.StaticLoggerBinder".
2024-12-09 22:35:56,242 [ERROR] LogOutputStream:75 - [STDERR_REDIRECT] SLF4J: Defaulting to no-operation (NOP) logger implementation
2024-12-09 22:35:56,244 [ERROR] LogOutputStream:75 - [STDERR_REDIRECT] SLF4J: See http://www.slf4j.org/codes.html#StaticLoggerBinder for further details.
2024-12-09 22:38:14,687 [ERROR] LogOutputStream:75 - [STDERR_REDIRECT] 
2024-12-09 22:38:40,713 [INFO] Activator:176 - 


2024-12-09 22:38:40,715 [INFO] Activator:177 - !SESSION log4j initialized
2024-12-09 22:38:57,495 [INFO] LogOutputStream:77 - [STDOUT_REDIRECT] 
2024-12-09 22:42:21,000 [INFO] ApplicationProperties:184 - Using Application install path: C:\ST\STM32CubeIDE_1.16.1\STM32CubeIDE\plugins\com.st.stm32cube.common.mx_6.13.0.202411220809
2024-12-09 22:42:21,017 [INFO] DbMcusXml:78 - Set database path to: C:\ST\STM32CubeIDE_1.16.1\STM32CubeIDE\plugins\com.st.stm32cube.common.mx_6.13.0.202411220809\\db\/mcu/
2024-12-09 22:42:21,017 [INFO] ApiDb:274 - Set plugin database path to: C:\ST\STM32CubeIDE_1.16.1\STM32CubeIDE\plugins\com.st.stm32cube.common.mx_6.13.0.202411220809\\db\/plugins/boardmanager/
2024-12-09 22:42:21,017 [WARN] ApiDb:259 - Overriding images path with different value:  => C:\ST\STM32CubeIDE_1.16.1\STM32CubeIDE\plugins\com.st.stm32cube.common.mx_6.13.0.202411220809\\db\/plugins/mcufinder/images/
2024-12-09 22:42:21,055 [INFO] ApiDb:250 - Set database path to: C:\Users\Bruno\.stmcufinder\plugins\mcufinder//mcu/
2024-12-09 22:42:21,056 [INFO] DbMcusAds:125 - Set database path to: C:\Users\Bruno\.stmcufinder\plugins\mcufinder//mcu/
2024-12-09 22:42:21,081 [INFO] CrossReferenceDbSqlite:203 - Set database path to: C:\Users\Bruno\.stmcufinder\plugins\mcufinder//mcu/cs/
2024-12-09 22:42:21,206 [INFO] RulesReader:64 - Compatibility file has been processed (297 Rules)
2024-12-09 22:42:21,307 [INFO] DbMcusXml:78 - Set database path to: C:\ST\STM32CubeIDE_1.16.1\STM32CubeIDE\plugins\com.st.stm32cube.common.mx_6.13.0.202411220809\\db\/mcu/
2024-12-09 22:42:21,307 [INFO] ApiDb:274 - Set plugin database path to: C:\ST\STM32CubeIDE_1.16.1\STM32CubeIDE\plugins\com.st.stm32cube.common.mx_6.13.0.202411220809\\db\/plugins/boardmanager/
2024-12-09 22:42:21,307 [INFO] ApiDb:261 - Set plugin images path to: C:\ST\STM32CubeIDE_1.16.1\STM32CubeIDE\plugins\com.st.stm32cube.common.mx_6.13.0.202411220809\\db\/plugins/mcufinder/images/
2024-12-09 22:42:21,308 [WARN] DbFile:41 - Overriding database path with different value: C:\Users\Bruno\.stmcufinder\plugins\mcufinder/ => C:\Users\Bruno\.stmcufinder\plugins\mcufinder
2024-12-09 22:42:21,308 [INFO] ApiDb:250 - Set database path to: C:\Users\Bruno\.stmcufinder\plugins\mcufinder//mcu/
2024-12-09 22:42:21,308 [WARN] DbFile:41 - Overriding database path with different value: C:\Users\Bruno\.stmcufinder\plugins\mcufinder/ => C:\Users\Bruno\.stmcufinder\plugins\mcufinder
2024-12-09 22:42:21,308 [INFO] DbMcusAds:125 - Set database path to: C:\Users\Bruno\.stmcufinder\plugins\mcufinder//mcu/
2024-12-09 22:42:21,308 [WARN] DbFile:41 - Overriding database path with different value: C:\Users\Bruno\.stmcufinder\plugins\mcufinder/ => C:\Users\Bruno\.stmcufinder\plugins\mcufinder
2024-12-09 22:42:21,308 [WARN] DbFile:41 - Overriding database path with different value: C:\Users\Bruno\.stmcufinder\plugins\mcufinder/ => C:\Users\Bruno\.stmcufinder\plugins\mcufinder
2024-12-09 22:42:21,308 [INFO] CrossReferenceDbSqlite:203 - Set database path to: C:\Users\Bruno\.stmcufinder\plugins\mcufinder//mcu/cs/
2024-12-09 22:42:21,394 [INFO] MainPanel:272 - HeapMemory: 1073741824
2024-12-09 22:42:21,742 [INFO] DbMcusXml:78 - Set database path to: C:\ST\STM32CubeIDE_1.16.1\STM32CubeIDE\plugins\com.st.stm32cube.common.mx_6.13.0.202411220809\\db\/mcu/
2024-12-09 22:42:21,742 [INFO] ApiDb:274 - Set plugin database path to: C:\ST\STM32CubeIDE_1.16.1\STM32CubeIDE\plugins\com.st.stm32cube.common.mx_6.13.0.202411220809\\db\/plugins/boardmanager/
2024-12-09 22:42:21,742 [INFO] ApiDb:261 - Set plugin images path to: C:\ST\STM32CubeIDE_1.16.1\STM32CubeIDE\plugins\com.st.stm32cube.common.mx_6.13.0.202411220809\\db\/plugins/mcufinder/images/
2024-12-09 22:42:21,742 [WARN] DbFile:41 - Overriding database path with different value: C:\Users\Bruno\.stmcufinder\plugins\mcufinder/ => C:\Users\Bruno\.stmcufinder\plugins\mcufinder
2024-12-09 22:42:21,742 [INFO] ApiDb:250 - Set database path to: C:\Users\Bruno\.stmcufinder\plugins\mcufinder//mcu/
2024-12-09 22:42:21,742 [WARN] DbFile:41 - Overriding database path with different value: C:\Users\Bruno\.stmcufinder\plugins\mcufinder/ => C:\Users\Bruno\.stmcufinder\plugins\mcufinder
2024-12-09 22:42:21,743 [INFO] DbMcusAds:125 - Set database path to: C:\Users\Bruno\.stmcufinder\plugins\mcufinder//mcu/
2024-12-09 22:42:21,743 [WARN] DbFile:41 - Overriding database path with different value: C:\Users\Bruno\.stmcufinder\plugins\mcufinder/ => C:\Users\Bruno\.stmcufinder\plugins\mcufinder
2024-12-09 22:42:21,743 [WARN] DbFile:41 - Overriding database path with different value: C:\Users\Bruno\.stmcufinder\plugins\mcufinder/ => C:\Users\Bruno\.stmcufinder\plugins\mcufinder
2024-12-09 22:42:21,743 [INFO] CrossReferenceDbSqlite:203 - Set database path to: C:\Users\Bruno\.stmcufinder\plugins\mcufinder//mcu/cs/
2024-12-09 22:42:21,762 [INFO] ApplicationProperties:184 - Using Application install path: C:\ST\STM32CubeIDE_1.16.1\STM32CubeIDE\plugins\com.st.stm32cube.common.mx_6.13.0.202411220809
2024-12-09 22:42:21,764 [INFO] PluginManage:196 - Search for loadable plugins [exclusion list=, ]
2024-12-09 22:42:21,766 [INFO] PluginManage:310 - Check plugin analytics
2024-12-09 22:42:21,995 [INFO] AnalyticsPlugin:253 - Accepted Software Licenses: STM32CubeMX.6.6.1
2024-12-09 22:42:21,995 [INFO] AnalyticsPlugin:255 - Accepted CMSIS Pack Licenses: 
2024-12-09 22:42:21,996 [INFO] AnalyticsPlugin:257 - Accepted Firmware Licenses: FW.G0.1.6.0,FW.F4.1.28.0
2024-12-09 22:42:21,996 [INFO] PluginManage:359 - Loaded plugin analytics (category:tool,tabindex:-1)
2024-12-09 22:42:21,996 [INFO] PluginManage:310 - Check plugin cadmodel
2024-12-09 22:42:22,043 [INFO] CADModel:105 - Init CAD model plugin
2024-12-09 22:42:22,043 [INFO] PluginManage:359 - Loaded plugin cadmodel (category:power,tabindex:5)
2024-12-09 22:42:22,043 [INFO] PluginManage:310 - Check plugin clock
2024-12-09 22:42:22,070 [INFO] PluginManage:359 - Loaded plugin clock (category:base,tabindex:2)
2024-12-09 22:42:22,070 [INFO] PluginManage:310 - Check plugin ddr
2024-12-09 22:42:22,073 [INFO] PluginManage:359 - Loaded plugin ddr (category:tool,tabindex:6)
2024-12-09 22:42:22,073 [INFO] PluginManage:310 - Check plugin filemanager
2024-12-09 22:42:22,242 [INFO] PluginManage:359 - Loaded plugin filemanager (category:base,tabindex:10)
2024-12-09 22:42:22,242 [INFO] PluginManage:310 - Check plugin ipmanager
2024-12-09 22:42:22,250 [INFO] PluginManage:359 - Loaded plugin ipmanager (category:base,tabindex:5)
2024-12-09 22:42:22,250 [INFO] PluginManage:310 - Check plugin lpbam
2024-12-09 22:42:22,272 [INFO] PluginManage:359 - Loaded plugin lpbam (category:base,tabindex:0)
2024-12-09 22:42:22,273 [INFO] PluginManage:310 - Check plugin memorymap
2024-12-09 22:42:22,325 [INFO] PluginManage:359 - Loaded plugin memorymap (category:base,tabindex:4)
2024-12-09 22:42:22,326 [INFO] PluginManage:310 - Check plugin pinoutandconfiguration
2024-12-09 22:42:22,348 [INFO] PluginManage:359 - Loaded plugin pinoutandconfiguration (category:base,tabindex:1)
2024-12-09 22:42:22,348 [INFO] PluginManage:310 - Check plugin pinoutconfig
2024-12-09 22:42:22,448 [WARN] SupportedApi:132 - Cannot load RTOS API schema: s4s-elt-must-match.1: The content of 'definitions' must match (annotation?, (simpleType | complexType)?, (unique | key | keyref)*)). A problem was found starting at: attribute.
2024-12-09 22:42:22,592 [INFO] PluginManage:359 - Loaded plugin pinoutconfig (category:base,tabindex:0)
2024-12-09 22:42:22,592 [INFO] PluginManage:310 - Check plugin power
2024-12-09 22:42:22,617 [INFO] PluginManage:359 - Loaded plugin power (category:power,tabindex:4)
2024-12-09 22:42:22,617 [INFO] PluginManage:310 - Check plugin projectmanager
2024-12-09 22:42:22,632 [INFO] PluginManage:359 - Loaded plugin projectmanager (category:projectmanager,tabindex:4)
2024-12-09 22:42:22,633 [INFO] PluginManage:310 - Check plugin rif
2024-12-09 22:42:22,653 [INFO] PluginManage:359 - Loaded plugin rif (category:base,tabindex:3)
2024-12-09 22:42:22,653 [INFO] PluginManage:310 - Check plugin thirdparty
2024-12-09 22:42:22,977 [INFO] PluginManage:359 - Loaded plugin thirdparty (category:base,tabindex:-1)
2024-12-09 22:42:22,977 [WARN] IntegrityCheckThread:84 - waiting for thirdparty lock release [integrity check]
2024-12-09 22:42:22,978 [INFO] PluginManage:310 - Check plugin tools
2024-12-09 22:42:22,978 [INFO] IntegrityCheckThread:86 - entering critical section [integrity check]
2024-12-09 22:42:22,978 [INFO] ThirdPartyUpdaterWithRetryManager:70 - Updater plugin not ready yet. [1/15]
2024-12-09 22:42:23,027 [INFO] PluginManage:359 - Loaded plugin tools (category:base,tabindex:7)
2024-12-09 22:42:23,028 [INFO] PluginManage:310 - Check plugin tutovideos
2024-12-09 22:42:23,221 [INFO] PluginManage:359 - Loaded plugin tutovideos (category:base,tabindex:-1)
2024-12-09 22:42:23,221 [INFO] PluginManage:310 - Check plugin updater
2024-12-09 22:42:23,247 [INFO] PluginManage:359 - Loaded plugin updater (category:base,tabindex:12)
2024-12-09 22:42:23,248 [INFO] PluginManage:310 - Check plugin userauth
2024-12-09 22:42:23,252 [INFO] UserAuth:118 - Init User Auth plugin
2024-12-09 22:42:23,253 [INFO] PluginManage:359 - Loaded plugin userauth (category:base,tabindex:14)
2024-12-09 22:42:23,253 [INFO] PluginManage:283 - PluginManage : Loaded plugins [18]
2024-12-09 22:42:23,593 [INFO] PinOutPanel:1589 - setPackage(No Configuration,No Configuration)
2024-12-09 22:42:23,719 [INFO] CADModel:165 - CPN selected for project level
2024-12-09 22:42:23,719 [INFO] CADModel:114 - Register for checkConnection events
2024-12-09 22:42:23,768 [INFO] IPUIPlugin:80 - create IPUIPlugin
2024-12-09 22:42:23,769 [INFO] PluginManager:220 - loadIPPluginJar : add adc
2024-12-09 22:42:23,832 [INFO] IPUIPlugin:80 - create IPUIPlugin
2024-12-09 22:42:23,832 [INFO] PluginManager:220 - loadIPPluginJar : add aes
2024-12-09 22:42:23,925 [INFO] IPUIPlugin:80 - create IPUIPlugin
2024-12-09 22:42:23,926 [INFO] PluginManager:220 - loadIPPluginJar : add can
2024-12-09 22:42:23,965 [INFO] IPUIPlugin:80 - create IPUIPlugin
2024-12-09 22:42:23,965 [INFO] PluginManager:220 - loadIPPluginJar : add comp
2024-12-09 22:42:24,030 [INFO] IPUIPlugin:80 - create IPUIPlugin
2024-12-09 22:42:24,030 [INFO] PluginManager:220 - loadIPPluginJar : add cryp
2024-12-09 22:42:24,048 [INFO] IPUIPlugin:80 - create IPUIPlugin
2024-12-09 22:42:24,048 [INFO] PluginManager:220 - loadIPPluginJar : add ddr_ctrl_phy
2024-12-09 22:42:24,092 [INFO] IPUIPlugin:80 - create IPUIPlugin
2024-12-09 22:42:24,092 [INFO] PluginManager:220 - loadIPPluginJar : add dfsdm
2024-12-09 22:42:24,109 [INFO] IPUIPlugin:80 - create IPUIPlugin
2024-12-09 22:42:24,110 [INFO] PluginManager:220 - loadIPPluginJar : add dma
2024-12-09 22:42:24,211 [INFO] IPUIPlugin:80 - create IPUIPlugin
2024-12-09 22:42:24,211 [INFO] PluginManager:220 - loadIPPluginJar : add dma3
2024-12-09 22:42:24,271 [INFO] IPUIPlugin:80 - create IPUIPlugin
2024-12-09 22:42:24,271 [INFO] PluginManager:220 - loadIPPluginJar : add extmemmanager
2024-12-09 22:42:24,301 [INFO] IPUIPlugin:80 - create IPUIPlugin
2024-12-09 22:42:24,302 [INFO] PluginManager:220 - loadIPPluginJar : add fatfs
2024-12-09 22:42:24,367 [INFO] IPUIPlugin:80 - create IPUIPlugin
2024-12-09 22:42:24,367 [INFO] PluginManager:220 - loadIPPluginJar : add fmc
2024-12-09 22:42:24,387 [INFO] IPUIPlugin:80 - create IPUIPlugin
2024-12-09 22:42:24,387 [INFO] PluginManager:220 - loadIPPluginJar : add freertos
2024-12-09 22:42:24,417 [INFO] IPUIPlugin:80 - create IPUIPlugin
2024-12-09 22:42:24,417 [INFO] PluginManager:220 - loadIPPluginJar : add genericplugin
2024-12-09 22:42:24,543 [INFO] IPUIPlugin:80 - create IPUIPlugin
2024-12-09 22:42:24,543 [INFO] PluginManager:220 - loadIPPluginJar : add gfxmmu
2024-12-09 22:42:24,832 [INFO] IPUIPlugin:80 - create IPUIPlugin
2024-12-09 22:42:24,832 [INFO] PluginManager:220 - loadIPPluginJar : add gic
2024-12-09 22:42:24,848 [INFO] IPUIPlugin:80 - create IPUIPlugin
2024-12-09 22:42:24,849 [INFO] PluginManager:220 - loadIPPluginJar : add gpio
2024-12-09 22:42:24,994 [INFO] IPUIPlugin:80 - create IPUIPlugin
2024-12-09 22:42:24,994 [INFO] PluginManager:220 - loadIPPluginJar : add gtzc
2024-12-09 22:42:25,048 [INFO] IPUIPlugin:80 - create IPUIPlugin
2024-12-09 22:42:25,048 [INFO] PluginManager:220 - loadIPPluginJar : add hash
2024-12-09 22:42:25,143 [INFO] IPUIPlugin:80 - create IPUIPlugin
2024-12-09 22:42:25,143 [INFO] PluginManager:220 - loadIPPluginJar : add i2c
2024-12-09 22:42:25,203 [INFO] IPUIPlugin:80 - create IPUIPlugin
2024-12-09 22:42:25,203 [INFO] PluginManager:220 - loadIPPluginJar : add i2s
2024-12-09 22:42:25,281 [INFO] IPUIPlugin:80 - create IPUIPlugin
2024-12-09 22:42:25,281 [INFO] PluginManager:220 - loadIPPluginJar : add i3c
2024-12-09 22:42:25,429 [INFO] IPUIPlugin:80 - create IPUIPlugin
2024-12-09 22:42:25,429 [INFO] PluginManager:220 - loadIPPluginJar : add ipddr
2024-12-09 22:42:25,586 [INFO] IPUIPlugin:80 - create IPUIPlugin
2024-12-09 22:42:25,586 [INFO] PluginManager:220 - loadIPPluginJar : add linkedlist
2024-12-09 22:42:25,639 [INFO] IPUIPlugin:80 - create IPUIPlugin
2024-12-09 22:42:25,639 [INFO] PluginManager:220 - loadIPPluginJar : add lorawan
2024-12-09 22:42:25,696 [INFO] IPUIPlugin:80 - create IPUIPlugin
2024-12-09 22:42:25,696 [INFO] PluginManager:220 - loadIPPluginJar : add ltdc
2024-12-09 22:42:25,714 [INFO] IPUIPlugin:80 - create IPUIPlugin
2024-12-09 22:42:25,715 [INFO] PluginManager:220 - loadIPPluginJar : add mdma
2024-12-09 22:42:25,731 [INFO] IPUIPlugin:80 - create IPUIPlugin
2024-12-09 22:42:25,731 [INFO] PluginManager:220 - loadIPPluginJar : add nvic
2024-12-09 22:42:25,786 [INFO] IPUIPlugin:80 - create IPUIPlugin
2024-12-09 22:42:25,786 [INFO] PluginManager:220 - loadIPPluginJar : add opamp
2024-12-09 22:42:25,900 [INFO] IPUIPlugin:80 - create IPUIPlugin
2024-12-09 22:42:25,900 [INFO] PluginManager:220 - loadIPPluginJar : add openamp
2024-12-09 22:42:25,972 [INFO] IPUIPlugin:80 - create IPUIPlugin
2024-12-09 22:42:25,972 [INFO] PluginManager:220 - loadIPPluginJar : add pdm2pcm
2024-12-09 22:42:25,980 [INFO] ThirdPartyUpdaterWithRetryManager:70 - Updater plugin not ready yet. [2/15]
2024-12-09 22:42:25,993 [INFO] IPUIPlugin:80 - create IPUIPlugin
2024-12-09 22:42:25,996 [INFO] PluginManager:220 - loadIPPluginJar : add plateformsettings
2024-12-09 22:42:26,054 [INFO] IPUIPlugin:80 - create IPUIPlugin
2024-12-09 22:42:26,054 [INFO] PluginManager:220 - loadIPPluginJar : add quadspi
2024-12-09 22:42:26,099 [INFO] IPUIPlugin:80 - create IPUIPlugin
2024-12-09 22:42:26,100 [INFO] PluginManager:220 - loadIPPluginJar : add radio
2024-12-09 22:42:26,150 [INFO] IPUIPlugin:80 - create IPUIPlugin
2024-12-09 22:42:26,150 [INFO] PluginManager:220 - loadIPPluginJar : add resmgrutility
2024-12-09 22:42:26,229 [INFO] IPUIPlugin:80 - create IPUIPlugin
2024-12-09 22:42:26,229 [INFO] PluginManager:220 - loadIPPluginJar : add sai
2024-12-09 22:42:26,285 [INFO] IPUIPlugin:80 - create IPUIPlugin
2024-12-09 22:42:26,285 [INFO] PluginManager:220 - loadIPPluginJar : add spi
2024-12-09 22:42:26,385 [INFO] IPUIPlugin:80 - create IPUIPlugin
2024-12-09 22:42:26,385 [INFO] PluginManager:220 - loadIPPluginJar : add stm32_wpan
2024-12-09 22:42:26,443 [INFO] IPUIPlugin:80 - create IPUIPlugin
2024-12-09 22:42:26,443 [INFO] PluginManager:220 - loadIPPluginJar : add tim
2024-12-09 22:42:26,538 [INFO] IPUIPlugin:80 - create IPUIPlugin
2024-12-09 22:42:26,538 [INFO] PluginManager:220 - loadIPPluginJar : add touchsensing
2024-12-09 22:42:26,578 [INFO] IPUIPlugin:80 - create IPUIPlugin
2024-12-09 22:42:26,579 [INFO] PluginManager:220 - loadIPPluginJar : add tracer_emb
2024-12-09 22:42:26,612 [INFO] IPUIPlugin:80 - create IPUIPlugin
2024-12-09 22:42:26,612 [INFO] PluginManager:220 - loadIPPluginJar : add ts
2024-12-09 22:42:26,645 [INFO] IPUIPlugin:80 - create IPUIPlugin
2024-12-09 22:42:26,645 [INFO] PluginManager:220 - loadIPPluginJar : add tsc
2024-12-09 22:42:26,675 [INFO] IPUIPlugin:80 - create IPUIPlugin
2024-12-09 22:42:26,676 [INFO] PluginManager:220 - loadIPPluginJar : add ucpd
2024-12-09 22:42:26,736 [INFO] IPUIPlugin:80 - create IPUIPlugin
2024-12-09 22:42:26,736 [INFO] PluginManager:220 - loadIPPluginJar : add usart
2024-12-09 22:42:26,816 [INFO] IPUIPlugin:80 - create IPUIPlugin
2024-12-09 22:42:26,816 [INFO] PluginManager:220 - loadIPPluginJar : add usbx
2024-12-09 22:42:26,947 [FATAL] Updater:351 - Updater called before beeing initialized
2024-12-09 22:42:26,976 [INFO] RulesReader:64 - Compatibility file has been processed (297 Rules)
2024-12-09 22:42:26,986 [INFO] RulesReader:64 - Compatibility file has been processed (297 Rules)
2024-12-09 22:42:26,993 [INFO] CADModel:165 - CPN selected for project level
2024-12-09 22:42:26,993 [INFO] CADModel:114 - Register for checkConnection events
2024-12-09 22:42:26,993 [FATAL] Updater:351 - Updater called before beeing initialized
2024-12-09 22:42:26,994 [ERROR] CADModel:125 - Updater not yet initialized, retry later 
2024-12-09 22:42:27,159 [FATAL] Updater:351 - Updater called before beeing initialized
2024-12-09 22:42:27,161 [INFO] CADModel:165 - CPN selected for project level
2024-12-09 22:42:27,161 [INFO] CADModel:114 - Register for checkConnection events
2024-12-09 22:42:27,161 [FATAL] Updater:351 - Updater called before beeing initialized
2024-12-09 22:42:27,162 [ERROR] CADModel:125 - Updater not yet initialized, retry later 
2024-12-09 22:42:27,165 [FATAL] Updater:351 - Updater called before beeing initialized
2024-12-09 22:42:27,407 [FATAL] Updater:351 - Updater called before beeing initialized
2024-12-09 22:42:27,420 [INFO] DbMcusAds:53 - JSON generation date=Fri Sep 20 15:04:23 CEST 2024 (1726837463113)
2024-12-09 22:42:27,420 [FATAL] Updater:351 - Updater called before beeing initialized
2024-12-09 22:42:27,460 [WARN] DetailPanel:346 - Failed to get advertising image, set to default
2024-12-09 22:42:27,727 [FATAL] Updater:351 - Updater called before beeing initialized
2024-12-09 22:42:27,729 [FATAL] Updater:351 - Updater called before beeing initialized
2024-12-09 22:42:27,729 [FATAL] Updater:351 - Updater called before beeing initialized
2024-12-09 22:42:27,729 [WARN] DetailPanel:346 - Failed to get advertising image, set to default
2024-12-09 22:42:27,730 [FATAL] Updater:351 - Updater called before beeing initialized
2024-12-09 22:42:27,802 [ERROR] Updater:1198 - MainUpdater not yet initialized. External WinMGr cannot be set.
2024-12-09 22:42:27,814 [INFO] Updater:1134 - Updater Version found : 6.13.0
2024-12-09 22:42:27,830 [INFO] ApplicationProperties:184 - Using Application install path: C:\ST\STM32CubeIDE_1.16.1\STM32CubeIDE\plugins\com.st.stm32cube.common.mx_6.13.0.202411220809
2024-12-09 22:42:28,253 [INFO] MainUpdater:2872 - connection check result : 10
2024-12-09 22:42:28,254 [INFO] MainUpdater:289 - Updater Check For Update Now.
2024-12-09 22:42:28,254 [INFO] MicroXplorer:498 - Change Database Version : DB.6.0.130
2024-12-09 22:42:28,292 [INFO] McuFinderGlobals:63 - Set McuFinder mode to 2 (CubeIDE integrated)
2024-12-09 22:42:28,312 [INFO] UserAuth:486 - Internet connection configuration mode: 1
2024-12-09 22:42:28,364 [INFO] JxBrowserEngine:152 - Initiate JxBrowser Engine with user profile folder
2024-12-09 22:42:28,516 [INFO] CheckServerUpdateThread:120 - End of CheckServer Thread
2024-12-09 22:42:29,399 [WARN] PackLoader:240 - Cannot read IP mode file for STMicroelectronics.FP-SNS-MOTENVWB1.1.4.0
2024-12-09 22:42:29,416 [WARN] PackLoader:240 - Cannot read IP mode file for STMicroelectronics.FP-ATR-ASTRA1.2.0.1
2024-12-09 22:42:29,432 [WARN] PackLoader:240 - Cannot read IP mode file for STMicroelectronics.X-CUBE-SMBUS.2.1.0
2024-12-09 22:42:29,450 [WARN] PackLoader:240 - Cannot read IP mode file for STMicroelectronics.X-CUBE-WB05N.1.1.0
2024-12-09 22:42:29,527 [WARN] PackLoader:240 - Cannot read IP mode file for STMicroelectronics.X-CUBE-MEMS1.9.2.0
2024-12-09 22:42:29,802 [WARN] PackLoader:240 - Cannot read IP mode file for STMicroelectronics.X-CUBE-AZRTOS-F7.1.1.0
2024-12-09 22:42:29,820 [WARN] PackLoader:240 - Cannot read IP mode file for STMicroelectronics.X-CUBE-BLE1.6.2.3
2024-12-09 22:42:29,885 [WARN] PackLoader:240 - Cannot read IP mode file for STMicroelectronics.X-CUBE-MEMS1.11.0.0
2024-12-09 22:42:30,333 [WARN] PackLoader:240 - Cannot read IP mode file for STMicroelectronics.FP-SNS-FLIGHT1.5.0.2
2024-12-09 22:42:30,352 [WARN] PackLoader:240 - Cannot read IP mode file for STMicroelectronics.X-CUBE-TOF1.3.1.0
2024-12-09 22:42:30,372 [WARN] PackLoader:240 - Cannot read IP mode file for STMicroelectronics.X-CUBE-DISPLAY.3.0.0
2024-12-09 22:42:30,390 [WARN] PackLoader:240 - Cannot read IP mode file for STMicroelectronics.X-CUBE-BLE1.7.0.0
2024-12-09 22:42:30,408 [WARN] PackLoader:240 - Cannot read IP mode file for STMicroelectronics.X-CUBE-NFC10.1.0.0
2024-12-09 22:42:30,431 [WARN] PackLoader:240 - Cannot read IP mode file for STMicroelectronics.X-CUBE-BLEMGR.4.0.0
2024-12-09 22:42:30,447 [WARN] PackLoader:240 - Cannot read IP mode file for STMicroelectronics.X-CUBE-AI.7.2.0
2024-12-09 22:42:30,466 [WARN] PackLoader:240 - Cannot read IP mode file for STMicroelectronics.X-CUBE-BLEMGR.3.1.0
2024-12-09 22:42:30,482 [WARN] PackLoader:240 - Cannot read IP mode file for STMicroelectronics.FP-SNS-SMARTAG2.1.2.0
2024-12-09 22:42:30,506 [INFO] LogOutputStream:77 - [STDOUT_REDIRECT] 1 : Invalid condition id : UX_CORESTACK_Condition cause : null
2024-12-09 22:42:30,506 [INFO] LogOutputStream:77 - [STDOUT_REDIRECT] 1 : Invalid condition id : UX_CORESTACK_Condition cause : null
2024-12-09 22:42:30,507 [INFO] LogOutputStream:77 - [STDOUT_REDIRECT] 1 : Invalid condition id : UX_CORESTACK_Condition cause : null
2024-12-09 22:42:30,508 [INFO] LogOutputStream:77 - [STDOUT_REDIRECT] 1 : Invalid condition id : UX_CORESTACK_Condition cause : null
2024-12-09 22:42:30,509 [INFO] LogOutputStream:77 - [STDOUT_REDIRECT] 1 : Invalid condition id : UX_CORESTACK_Condition cause : null
2024-12-09 22:42:30,511 [WARN] PackLoader:240 - Cannot read IP mode file for STMicroelectronics.X-CUBE-AZRTOS-WL.2.0.0
2024-12-09 22:42:30,529 [WARN] PackLoader:240 - Cannot read IP mode file for STMicroelectronics.FP-SNS-MOTENV1.5.0.0
2024-12-09 22:42:30,543 [WARN] PackLoader:240 - Cannot read IP mode file for wolfSSL.I-CUBE-wolfMQTT.1.19.0
2024-12-09 22:42:30,560 [WARN] PackLoader:240 - Cannot read IP mode file for WES.I-CUBE-Cesium.1.3.0
2024-12-09 22:42:30,577 [WARN] PackLoader:240 - Cannot read IP mode file for STMicroelectronics.X-CUBE-BLE2.3.3.0
2024-12-09 22:42:30,592 [WARN] PackLoader:240 - Cannot read IP mode file for STMicroelectronics.X-CUBE-DISPLAY.2.2.0
2024-12-09 22:42:30,611 [WARN] PackLoader:240 - Cannot read IP mode file for STMicroelectronics.X-CUBE-NFC9.1.0.0
2024-12-09 22:42:30,652 [WARN] PackLoader:240 - Cannot read IP mode file for STMicroelectronics.X-CUBE-AZRTOS-H7.2.1.0
2024-12-09 22:42:30,683 [WARN] PackLoader:240 - Cannot read IP mode file for STMicroelectronics.X-CUBE-TCPP.4.1.0
2024-12-09 22:42:30,699 [WARN] PackLoader:240 - Cannot read IP mode file for STMicroelectronics.X-CUBE-ALGOBUILD.1.3.0
2024-12-09 22:42:30,725 [WARN] PackLoader:240 - Cannot read IP mode file for STMicroelectronics.X-CUBE-AZRTOS-G0.1.1.0
2024-12-09 22:42:30,747 [WARN] PackLoader:240 - Cannot read IP mode file for STMicroelectronics.X-CUBE-SAFEA1.1.2.2
2024-12-09 22:42:30,765 [WARN] PackLoader:240 - Cannot read IP mode file for STMicroelectronics.X-CUBE-NFC4.3.0.0
2024-12-09 22:42:30,837 [WARN] PackLoader:240 - Cannot read IP mode file for SEGGER.I-CUBE-embOS.1.2.0
2024-12-09 22:42:30,948 [WARN] PackLoader:240 - Cannot read IP mode file for EmbeddedOffice.I-CUBE-FS-RTOS.1.0.1
2024-12-09 22:42:30,963 [WARN] PackLoader:240 - Cannot read IP mode file for RealThread.X-CUBE-RT-Thread_Nano.4.1.1
2024-12-09 22:42:30,976 [WARN] PackLoader:240 - Cannot read IP mode file for STMicroelectronics.FP-ATR-SIGFOX1.3.2.0
2024-12-09 22:42:30,992 [WARN] ConditionMgr:438 - getConditionDescription Invalid condition id : Cortex-A Device cause : null
2024-12-09 22:42:31,016 [WARN] ConditionMgr:1044 - genDependencies : Invalid condition id : Cortex-A Device cause : null
2024-12-09 22:42:31,016 [WARN] ConditionMgr:1044 - genDependencies : Invalid condition id : Cortex-A Device cause : null
2024-12-09 22:42:31,016 [WARN] ConditionMgr:1044 - genDependencies : Invalid condition id : Cortex-A Device cause : null
2024-12-09 22:42:31,035 [WARN] PackLoader:240 - Cannot read IP mode file for STMicroelectronics.X-CUBE-EEPRMA1.5.1.0
2024-12-09 22:42:31,054 [WARN] PackLoader:240 - Cannot read IP mode file for emotas.I-CUBE-CANOPEN.1.1.2
2024-12-09 22:42:31,073 [WARN] PackLoader:240 - Cannot read IP mode file for STMicroelectronics.X-CUBE-TOUCHGFX.4.20.0
2024-12-09 22:42:31,095 [WARN] PackLoader:240 - Cannot read IP mode file for ITTIA_DB.I-CUBE-ITTIADB.8.9.0
2024-12-09 22:42:31,153 [WARN] PackLoader:240 - Cannot read IP mode file for SEGGER.I-CUBE-embOS.1.3.1
2024-12-09 22:42:31,189 [WARN] PackLoader:240 - Cannot read IP mode file for STMicroelectronics.X-CUBE-ALGOBUILD.1.4.0
2024-12-09 22:42:31,223 [WARN] PackLoader:240 - Cannot read IP mode file for STMicroelectronics.X-CUBE-AI.9.1.0
2024-12-09 22:42:31,239 [WARN] PackLoader:240 - Cannot read IP mode file for STMicroelectronics.X-CUBE-GNSS1.6.0.0
2024-12-09 22:42:31,319 [WARN] PackLoader:240 - Cannot read IP mode file for STMicroelectronics.X-CUBE-AZRTOS-F4.1.1.0
2024-12-09 22:42:31,334 [WARN] PackLoader:240 - Cannot read IP mode file for STMicroelectronics.X-CUBE-ISPU.2.1.0
2024-12-09 22:42:31,347 [WARN] PackLoader:240 - Cannot read IP mode file for STMicroelectronics.X-CUBE-FREERTOS.1.2.0
2024-12-09 22:42:31,373 [WARN] PackLoader:240 - Cannot read IP mode file for STMicroelectronics.X-CUBE-AZRTOS-L5.2.0.0
2024-12-09 22:42:31,391 [WARN] PackLoader:240 - Cannot read IP mode file for STMicroelectronics.X-CUBE-NFC6.3.1.0
2024-12-09 22:42:31,420 [WARN] PackLoader:240 - Cannot read IP mode file for STMicroelectronics.X-CUBE-DPower.1.2.0
2024-12-09 22:42:31,479 [WARN] PackLoader:240 - Cannot read IP mode file for STMicroelectronics.X-CUBE-NFC4.2.0.4
2024-12-09 22:42:31,516 [WARN] PackLoader:240 - Cannot read IP mode file for STMicroelectronics.X-CUBE-AZRTOS-F4.1.0.0
2024-12-09 22:42:31,537 [WARN] PackLoader:240 - Cannot read IP mode file for STMicroelectronics.X-CUBE-NFC7.1.0.1
2024-12-09 22:42:31,553 [WARN] PackLoader:240 - Cannot read IP mode file for STMicroelectronics.X-CUBE-NFC7.1.0.0
2024-12-09 22:42:31,593 [WARN] ConditionMgr:438 - getConditionDescription Invalid condition id : LAN8742 Phy interface Condition cause : null
2024-12-09 22:42:31,593 [WARN] PackLoader:240 - Cannot read IP mode file for STMicroelectronics.X-CUBE-AZRTOS-L4.2.0.0
2024-12-09 22:42:31,594 [WARN] ConditionMgr:1044 - genDependencies : Invalid condition id : LAN8742 Phy interface Condition cause : null
2024-12-09 22:42:31,595 [WARN] ConditionMgr:1044 - genDependencies : Invalid condition id : LAN8742 Phy interface Condition cause : null
2024-12-09 22:42:31,619 [WARN] ConditionMgr:1044 - genDependencies : Invalid condition id : LAN8742 Phy interface Condition cause : null
2024-12-09 22:42:31,638 [WARN] PackLoader:240 - Cannot read IP mode file for STMicroelectronics.X-CUBE-SFXS2LP1.4.0.0
2024-12-09 22:42:31,697 [WARN] PackLoader:240 - Cannot read IP mode file for STMicroelectronics.X-CUBE-AZRTOS-H7.3.3.0
2024-12-09 22:42:31,720 [WARN] PackLoader:240 - Cannot read IP mode file for RoweBots.I-CUBE-UNISONRTOS.5.5.0-4
2024-12-09 22:42:31,743 [WARN] PackLoader:240 - Cannot read IP mode file for wolfSSL.I-CUBE-wolfSSL.5.4.0
2024-12-09 22:42:31,764 [WARN] PackLoader:240 - Cannot read IP mode file for STMicroelectronics.X-CUBE-IPS.3.0.0
2024-12-09 22:42:31,814 [WARN] ConditionMgr:438 - getConditionDescription Invalid condition id : UX DEVICE CLASS RTOS Condition cause : null
2024-12-09 22:42:31,815 [WARN] ConditionMgr:438 - getConditionDescription Invalid condition id : UX DEVICE CLASS RTOS Condition cause : null
2024-12-09 22:42:31,816 [WARN] PackLoader:240 - Cannot read IP mode file for STMicroelectronics.X-CUBE-AZRTOS-WB.2.0.0
2024-12-09 22:42:31,817 [WARN] ConditionMgr:1044 - genDependencies : Invalid condition id : UX DEVICE CLASS RTOS Condition cause : null
2024-12-09 22:42:31,817 [WARN] ConditionMgr:1044 - genDependencies : Invalid condition id : UX DEVICE CLASS RTOS Condition cause : null
2024-12-09 22:42:31,817 [WARN] ConditionMgr:1044 - genDependencies : Invalid condition id : UX DEVICE CLASS RTOS Condition cause : null
2024-12-09 22:42:31,817 [WARN] ConditionMgr:1044 - genDependencies : Invalid condition id : UX DEVICE CLASS RTOS Condition cause : null
2024-12-09 22:42:31,817 [WARN] ConditionMgr:1044 - genDependencies : Invalid condition id : UX DEVICE CLASS RTOS Condition cause : null
2024-12-09 22:42:31,834 [WARN] PackLoader:240 - Cannot read IP mode file for STMicroelectronics.X-CUBE-GNSS1.7.0.0
2024-12-09 22:42:31,856 [WARN] PackLoader:240 - Cannot read IP mode file for STMicroelectronics.X-CUBE-BLEMGR.1.0.0
2024-12-09 22:42:31,873 [WARN] PackLoader:240 - Cannot read IP mode file for STMicroelectronics.FP-SNS-STBOX1.2.0.0
2024-12-09 22:42:31,914 [INFO] WebApp:168 - Instantiating new browser for Auth
2024-12-09 22:42:31,964 [WARN] PackLoader:240 - Cannot read IP mode file for STMicroelectronics.X-CUBE-SUBG2.5.0.0
2024-12-09 22:42:31,985 [WARN] PackLoader:240 - Cannot read IP mode file for Cesanta.I-CUBE-Mongoose.7.13.0
2024-12-09 22:42:32,051 [WARN] PackLoader:240 - Cannot read IP mode file for STMicroelectronics.X-CUBE-AZRTOS-G4.2.0.0
2024-12-09 22:42:32,067 [WARN] PackLoader:240 - Cannot read IP mode file for STMicroelectronics.FP-ATR-ASTRA1.1.1.0
2024-12-09 22:42:32,104 [WARN] PackLoader:240 - Cannot read IP mode file for STMicroelectronics.X-CUBE-AZRTOS-G4.1.0.0
2024-12-09 22:42:32,147 [WARN] PackLoader:240 - Cannot read IP mode file for STMicroelectronics.X-CUBE-AZRTOS-L4.1.0.0
2024-12-09 22:42:32,164 [WARN] PackLoader:240 - Cannot read IP mode file for STMicroelectronics.X-CUBE-ALS.1.0.2
2024-12-09 22:42:32,194 [WARN] PackLoader:240 - Cannot read IP mode file for STMicroelectronics.X-CUBE-AZRTOS-WL.1.0.0
2024-12-09 22:42:32,214 [WARN] PackLoader:240 - Cannot read IP mode file for STMicroelectronics.X-CUBE-TOUCHGFX.4.24.1
2024-12-09 22:42:32,236 [WARN] PackLoader:240 - Cannot read IP mode file for wolfSSL.I-CUBE-wolfTPM.3.4.0
2024-12-09 22:42:32,305 [WARN] PackLoader:240 - Cannot read IP mode file for portGmbH.I-Cube-SoM-uGOAL.1.1.0
2024-12-09 22:42:32,323 [WARN] PackLoader:240 - Cannot read IP mode file for STMicroelectronics.X-CUBE-ALS.1.0.1
2024-12-09 22:42:32,364 [WARN] PackLoader:240 - Cannot read IP mode file for STMicroelectronics.X-CUBE-AZRTOS-L5.1.0.0
2024-12-09 22:42:32,383 [WARN] PackLoader:240 - Cannot read IP mode file for STMicroelectronics.X-CUBE-EEPRMA1.3.1.1
2024-12-09 22:42:32,438 [WARN] PackLoader:240 - Cannot read IP mode file for STMicroelectronics.X-CUBE-AZRTOS-H7RS.1.0.0
2024-12-09 22:42:32,466 [WARN] PackLoader:240 - Cannot read IP mode file for STMicroelectronics.FP-ATR-ASTRA1.2.0.0
2024-12-09 22:42:32,497 [WARN] PackLoader:240 - Cannot read IP mode file for STMicroelectronics.X-CUBE-TOF1.3.4.2
2024-12-09 22:42:32,587 [WARN] PackLoader:240 - Cannot read IP mode file for Infineon.AIROC-Wi-Fi-Bluetooth-STM32.1.6.1
2024-12-09 22:42:32,609 [WARN] PackLoader:240 - Cannot read IP mode file for wolfSSL.I-CUBE-wolfSSH.1.4.17
2024-12-09 22:42:32,609 [INFO] ThirdParty:978 - Integrity check success = true
2024-12-09 22:42:32,609 [INFO] IntegrityCheckThread:100 - exiting critical section [integrity check]
2024-12-09 22:42:32,609 [INFO] IntegrityCheckThread:103 - End integrity checks thread
2024-12-09 22:42:35,497 [INFO] WebApp:449 - Apply proxy settings
2024-12-09 22:42:35,497 [INFO] WebApp:534 - Chromium requires no authentication
2024-12-09 22:42:35,526 [INFO] WebApp:477 - Direct internet connection detected
2024-12-09 22:42:35,578 [INFO] WebApp:880 - Register for checkConnection events
2024-12-09 22:42:35,578 [INFO] WebApp:449 - Apply proxy settings
2024-12-09 22:42:35,578 [INFO] WebApp:534 - Chromium requires no authentication
2024-12-09 22:42:35,579 [INFO] WebApp:477 - Direct internet connection detected
2024-12-09 22:42:35,713 [INFO] WebApp:187 - Connection restablished
2024-12-09 22:42:35,876 [INFO] WebApp:221 - Starting web application
2024-12-09 22:42:35,876 [INFO] WebApp:579 - Web application path used C:\ST\STM32CubeIDE_1.16.1\STM32CubeIDE\plugins\com.st.stm32cube.common.mx_6.13.0.202411220809\db\plugins\mcufinder\reactClient1\index.html
2024-12-09 22:42:36,131 [INFO] UserAuth:486 - Internet connection configuration mode: 1
2024-12-09 22:42:50,317 [INFO] LogOutputStream:77 - [STDOUT_REDIRECT] Folder "C:\Users\Bruno\AppData\Roaming\CMSIS-Packs" created
2024-12-09 22:45:01,071 [ERROR] LogOutputStream:75 - [STDERR_REDIRECT] org.eclipse.cdt.managedbuilder.core.BuildException: No toolchain option in toolchain configuration cdt.managedbuild.toolchain.gnu.cross.base.231232276: 
2024-12-09 22:45:01,073 [ERROR] LogOutputStream:75 - [STDERR_REDIRECT] 	at com.st.stm32cube.ide.mcu.toolchain.ToolChainHelper.getToolChainId(ToolChainHelper.java:166)
2024-12-09 22:45:01,075 [ERROR] LogOutputStream:75 - [STDERR_REDIRECT] 	at com.st.stm32cube.ide.mcu.toolchain.ToolChainHelper.getToolChainInfo(ToolChainHelper.java:109)
2024-12-09 22:45:01,077 [ERROR] LogOutputStream:75 - [STDERR_REDIRECT] 	at com.st.stm32cube.ide.mcu.toolchain.ui.unmanaged.ToolSettingsTab.createControls(ToolSettingsTab.java:149)
2024-12-09 22:45:01,079 [ERROR] LogOutputStream:75 - [STDERR_REDIRECT] 	at org.eclipse.cdt.ui.newui.AbstractCPropertyTab.createControls(AbstractCPropertyTab.java:139)
2024-12-09 22:45:01,081 [ERROR] LogOutputStream:75 - [STDERR_REDIRECT] 	at org.eclipse.cdt.ui.newui.AbstractPage.loadTab(AbstractPage.java:1199)
2024-12-09 22:45:01,082 [ERROR] LogOutputStream:75 - [STDERR_REDIRECT] 	at org.eclipse.cdt.ui.newui.AbstractPage.loadExtensionsSynchronized(AbstractPage.java:1143)
2024-12-09 22:45:01,084 [ERROR] LogOutputStream:75 - [STDERR_REDIRECT] 	at org.eclipse.cdt.ui.newui.AbstractPage.createWidgets(AbstractPage.java:373)
2024-12-09 22:45:01,087 [ERROR] LogOutputStream:75 - [STDERR_REDIRECT] 	at org.eclipse.cdt.ui.newui.AbstractPage.contentForCDT(AbstractPage.java:359)
2024-12-09 22:45:01,088 [ERROR] LogOutputStream:75 - [STDERR_REDIRECT] 	at org.eclipse.cdt.ui.newui.AbstractPage.createContents(AbstractPage.java:256)
2024-12-09 22:45:01,090 [ERROR] LogOutputStream:75 - [STDERR_REDIRECT] 	at org.eclipse.jface.preference.PreferencePage.createControl(PreferencePage.java:244)
2024-12-09 22:45:01,092 [ERROR] LogOutputStream:75 - [STDERR_REDIRECT] 	at org.eclipse.jface.preference.PreferenceDialog.createPageControl(PreferenceDialog.java:1434)
2024-12-09 22:45:01,094 [ERROR] LogOutputStream:75 - [STDERR_REDIRECT] 	at org.eclipse.jface.preference.PreferenceDialog$8.run(PreferenceDialog.java:1197)
2024-12-09 22:45:01,095 [ERROR] LogOutputStream:75 - [STDERR_REDIRECT] 	at org.eclipse.core.runtime.SafeRunner.run(SafeRunner.java:47)
2024-12-09 22:45:01,096 [ERROR] LogOutputStream:75 - [STDERR_REDIRECT] 	at org.eclipse.jface.util.SafeRunnable.run(SafeRunnable.java:174)
2024-12-09 22:45:01,098 [ERROR] LogOutputStream:75 - [STDERR_REDIRECT] 	at org.eclipse.jface.preference.PreferenceDialog.showPage(PreferenceDialog.java:1189)
2024-12-09 22:45:01,100 [ERROR] LogOutputStream:75 - [STDERR_REDIRECT] 	at org.eclipse.ui.internal.dialogs.FilteredPreferenceDialog.showPage(FilteredPreferenceDialog.java:630)
2024-12-09 22:45:01,101 [ERROR] LogOutputStream:75 - [STDERR_REDIRECT] 	at org.eclipse.jface.preference.PreferenceDialog$5.lambda$0(PreferenceDialog.java:661)
2024-12-09 22:45:01,103 [ERROR] LogOutputStream:75 - [STDERR_REDIRECT] 	at org.eclipse.swt.custom.BusyIndicator.showWhile(BusyIndicator.java:67)
2024-12-09 22:45:01,105 [ERROR] LogOutputStream:75 - [STDERR_REDIRECT] 	at org.eclipse.jface.preference.PreferenceDialog$5.selectionChanged(PreferenceDialog.java:658)
2024-12-09 22:45:01,107 [ERROR] LogOutputStream:75 - [STDERR_REDIRECT] 	at org.eclipse.jface.viewers.StructuredViewer$3.run(StructuredViewer.java:821)
2024-12-09 22:45:01,108 [ERROR] LogOutputStream:75 - [STDERR_REDIRECT] 	at org.eclipse.core.runtime.SafeRunner.run(SafeRunner.java:47)
2024-12-09 22:45:01,109 [ERROR] LogOutputStream:75 - [STDERR_REDIRECT] 	at org.eclipse.jface.util.SafeRunnable.run(SafeRunnable.java:174)
2024-12-09 22:45:01,111 [ERROR] LogOutputStream:75 - [STDERR_REDIRECT] 	at org.eclipse.jface.viewers.StructuredViewer.firePostSelectionChanged(StructuredViewer.java:818)
2024-12-09 22:45:01,113 [ERROR] LogOutputStream:75 - [STDERR_REDIRECT] 	at org.eclipse.jface.viewers.ColumnViewer.firePostSelectionChanged(ColumnViewer.java:1070)
2024-12-09 22:45:01,115 [ERROR] LogOutputStream:75 - [STDERR_REDIRECT] 	at org.eclipse.jface.viewers.StructuredViewer.setSelection(StructuredViewer.java:1670)
2024-12-09 22:45:01,116 [ERROR] LogOutputStream:75 - [STDERR_REDIRECT] 	at org.eclipse.jface.viewers.TreeViewer.setSelection(TreeViewer.java:1106)
2024-12-09 22:45:01,118 [ERROR] LogOutputStream:75 - [STDERR_REDIRECT] 	at org.eclipse.jface.preference.PreferenceDialog.selectSavedItem(PreferenceDialog.java:991)
2024-12-09 22:45:01,120 [ERROR] LogOutputStream:75 - [STDERR_REDIRECT] 	at org.eclipse.ui.internal.dialogs.FilteredPreferenceDialog.selectSavedItem(FilteredPreferenceDialog.java:680)
2024-12-09 22:45:01,123 [ERROR] LogOutputStream:75 - [STDERR_REDIRECT] 	at org.eclipse.jface.preference.PreferenceDialog.lambda$0(PreferenceDialog.java:349)
2024-12-09 22:45:01,124 [ERROR] LogOutputStream:75 - [STDERR_REDIRECT] 	at org.eclipse.swt.custom.BusyIndicator.showWhile(BusyIndicator.java:67)
2024-12-09 22:45:01,126 [ERROR] LogOutputStream:75 - [STDERR_REDIRECT] 	at org.eclipse.jface.preference.PreferenceDialog.createContents(PreferenceDialog.java:346)
2024-12-09 22:45:01,127 [ERROR] LogOutputStream:75 - [STDERR_REDIRECT] 	at org.eclipse.jface.window.Window.create(Window.java:431)
2024-12-09 22:45:01,128 [ERROR] LogOutputStream:75 - [STDERR_REDIRECT] 	at org.eclipse.jface.dialogs.Dialog.create(Dialog.java:1094)
2024-12-09 22:45:01,130 [ERROR] LogOutputStream:75 - [STDERR_REDIRECT] 	at org.eclipse.ui.internal.dialogs.PropertyDialog.createDialogOn(PropertyDialog.java:84)
2024-12-09 22:45:01,132 [ERROR] LogOutputStream:75 - [STDERR_REDIRECT] 	at org.eclipse.ui.dialogs.PropertyDialogAction.createDialog(PropertyDialogAction.java:171)
2024-12-09 22:45:01,134 [ERROR] LogOutputStream:75 - [STDERR_REDIRECT] 	at org.eclipse.ui.dialogs.PropertyDialogAction.run(PropertyDialogAction.java:153)
2024-12-09 22:45:01,135 [ERROR] LogOutputStream:75 - [STDERR_REDIRECT] 	at org.eclipse.jface.action.Action.runWithEvent(Action.java:474)
2024-12-09 22:45:01,138 [ERROR] LogOutputStream:75 - [STDERR_REDIRECT] 	at org.eclipse.jface.action.ActionContributionItem.handleWidgetSelection(ActionContributionItem.java:580)
2024-12-09 22:45:01,140 [ERROR] LogOutputStream:75 - [STDERR_REDIRECT] 	at org.eclipse.jface.action.ActionContributionItem.lambda$4(ActionContributionItem.java:414)
2024-12-09 22:45:01,142 [ERROR] LogOutputStream:75 - [STDERR_REDIRECT] 	at org.eclipse.swt.widgets.EventTable.sendEvent(EventTable.java:89)
2024-12-09 22:45:01,143 [ERROR] LogOutputStream:75 - [STDERR_REDIRECT] 	at org.eclipse.swt.widgets.Display.sendEvent(Display.java:4273)
2024-12-09 22:45:01,144 [ERROR] LogOutputStream:75 - [STDERR_REDIRECT] 	at org.eclipse.swt.widgets.Widget.sendEvent(Widget.java:1066)
2024-12-09 22:45:01,146 [ERROR] LogOutputStream:75 - [STDERR_REDIRECT] 	at org.eclipse.swt.widgets.Display.runDeferredEvents(Display.java:4071)
2024-12-09 22:45:01,147 [ERROR] LogOutputStream:75 - [STDERR_REDIRECT] 	at org.eclipse.swt.widgets.Display.readAndDispatch(Display.java:3659)
2024-12-09 22:45:01,149 [ERROR] LogOutputStream:75 - [STDERR_REDIRECT] 	at org.eclipse.e4.ui.internal.workbench.swt.PartRenderingEngine$5.run(PartRenderingEngine.java:1155)
2024-12-09 22:45:01,151 [ERROR] LogOutputStream:75 - [STDERR_REDIRECT] 	at org.eclipse.core.databinding.observable.Realm.runWithDefault(Realm.java:342)
2024-12-09 22:45:01,153 [ERROR] LogOutputStream:75 - [STDERR_REDIRECT] 	at org.eclipse.e4.ui.internal.workbench.swt.PartRenderingEngine.run(PartRenderingEngine.java:1046)
2024-12-09 22:45:01,155 [ERROR] LogOutputStream:75 - [STDERR_REDIRECT] 	at org.eclipse.e4.ui.internal.workbench.E4Workbench.createAndRunUI(E4Workbench.java:155)
2024-12-09 22:45:01,157 [ERROR] LogOutputStream:75 - [STDERR_REDIRECT] 	at org.eclipse.ui.internal.Workbench.lambda$3(Workbench.java:648)
2024-12-09 22:45:01,158 [ERROR] LogOutputStream:75 - [STDERR_REDIRECT] 	at org.eclipse.core.databinding.observable.Realm.runWithDefault(Realm.java:342)
2024-12-09 22:45:01,160 [ERROR] LogOutputStream:75 - [STDERR_REDIRECT] 	at org.eclipse.ui.internal.Workbench.createAndRunWorkbench(Workbench.java:555)
2024-12-09 22:45:01,161 [ERROR] LogOutputStream:75 - [STDERR_REDIRECT] 	at org.eclipse.ui.PlatformUI.createAndRunWorkbench(PlatformUI.java:173)
2024-12-09 22:45:01,163 [ERROR] LogOutputStream:75 - [STDERR_REDIRECT] 	at org.eclipse.ui.internal.ide.application.IDEApplication.start(IDEApplication.java:152)
2024-12-09 22:45:01,165 [ERROR] LogOutputStream:75 - [STDERR_REDIRECT] 	at org.eclipse.equinox.internal.app.EclipseAppHandle.run(EclipseAppHandle.java:208)
2024-12-09 22:45:01,167 [ERROR] LogOutputStream:75 - [STDERR_REDIRECT] 	at org.eclipse.core.runtime.internal.adaptor.EclipseAppLauncher.runApplication(EclipseAppLauncher.java:136)
2024-12-09 22:45:01,169 [ERROR] LogOutputStream:75 - [STDERR_REDIRECT] 	at org.eclipse.core.runtime.internal.adaptor.EclipseAppLauncher.start(EclipseAppLauncher.java:104)
2024-12-09 22:45:01,171 [ERROR] LogOutputStream:75 - [STDERR_REDIRECT] 	at org.eclipse.core.runtime.adaptor.EclipseStarter.run(EclipseStarter.java:402)
2024-12-09 22:45:01,173 [ERROR] LogOutputStream:75 - [STDERR_REDIRECT] 	at org.eclipse.core.runtime.adaptor.EclipseStarter.run(EclipseStarter.java:255)
2024-12-09 22:45:01,175 [ERROR] LogOutputStream:75 - [STDERR_REDIRECT] 	at java.base/jdk.internal.reflect.DirectMethodHandleAccessor.invoke(DirectMethodHandleAccessor.java:103)
2024-12-09 22:45:01,176 [ERROR] LogOutputStream:75 - [STDERR_REDIRECT] 	at java.base/java.lang.reflect.Method.invoke(Method.java:580)
2024-12-09 22:45:01,177 [ERROR] LogOutputStream:75 - [STDERR_REDIRECT] 	at org.eclipse.equinox.launcher.Main.invokeFramework(Main.java:651)
2024-12-09 22:45:01,179 [ERROR] LogOutputStream:75 - [STDERR_REDIRECT] 	at org.eclipse.equinox.launcher.Main.basicRun(Main.java:588)
2024-12-09 22:45:01,180 [ERROR] LogOutputStream:75 - [STDERR_REDIRECT] 	at org.eclipse.equinox.launcher.Main.run(Main.java:1459)
2024-12-09 22:46:55,680 [ERROR] LogOutputStream:75 - [STDERR_REDIRECT] org.eclipse.cdt.managedbuilder.core.BuildException: No toolchain option in toolchain configuration cdt.managedbuild.toolchain.gnu.cross.base.231232276: 
2024-12-09 22:46:55,682 [ERROR] LogOutputStream:75 - [STDERR_REDIRECT] 	at com.st.stm32cube.ide.mcu.toolchain.ToolChainHelper.getToolChainId(ToolChainHelper.java:166)
2024-12-09 22:46:55,683 [ERROR] LogOutputStream:75 - [STDERR_REDIRECT] 	at com.st.stm32cube.ide.mcu.toolchain.ToolChainHelper.getToolChainInfo(ToolChainHelper.java:109)
2024-12-09 22:46:55,685 [ERROR] LogOutputStream:75 - [STDERR_REDIRECT] 	at com.st.stm32cube.ide.mcu.toolchain.ui.unmanaged.ToolSettingsTab.createControls(ToolSettingsTab.java:149)
2024-12-09 22:46:55,687 [ERROR] LogOutputStream:75 - [STDERR_REDIRECT] 	at org.eclipse.cdt.ui.newui.AbstractCPropertyTab.createControls(AbstractCPropertyTab.java:139)
2024-12-09 22:46:55,688 [ERROR] LogOutputStream:75 - [STDERR_REDIRECT] 	at org.eclipse.cdt.ui.newui.AbstractPage.loadTab(AbstractPage.java:1199)
2024-12-09 22:46:55,690 [ERROR] LogOutputStream:75 - [STDERR_REDIRECT] 	at org.eclipse.cdt.ui.newui.AbstractPage.loadExtensionsSynchronized(AbstractPage.java:1143)
2024-12-09 22:46:55,691 [ERROR] LogOutputStream:75 - [STDERR_REDIRECT] 	at org.eclipse.cdt.ui.newui.AbstractPage.createWidgets(AbstractPage.java:373)
2024-12-09 22:46:55,692 [ERROR] LogOutputStream:75 - [STDERR_REDIRECT] 	at org.eclipse.cdt.ui.newui.AbstractPage.contentForCDT(AbstractPage.java:359)
2024-12-09 22:46:55,694 [ERROR] LogOutputStream:75 - [STDERR_REDIRECT] 	at org.eclipse.cdt.ui.newui.AbstractPage.createContents(AbstractPage.java:256)
2024-12-09 22:46:55,695 [ERROR] LogOutputStream:75 - [STDERR_REDIRECT] 	at org.eclipse.jface.preference.PreferencePage.createControl(PreferencePage.java:244)
2024-12-09 22:46:55,697 [ERROR] LogOutputStream:75 - [STDERR_REDIRECT] 	at org.eclipse.jface.preference.PreferenceDialog.createPageControl(PreferenceDialog.java:1434)
2024-12-09 22:46:55,700 [ERROR] LogOutputStream:75 - [STDERR_REDIRECT] 	at org.eclipse.jface.preference.PreferenceDialog$8.run(PreferenceDialog.java:1197)
2024-12-09 22:46:55,701 [ERROR] LogOutputStream:75 - [STDERR_REDIRECT] 	at org.eclipse.core.runtime.SafeRunner.run(SafeRunner.java:47)
2024-12-09 22:46:55,702 [ERROR] LogOutputStream:75 - [STDERR_REDIRECT] 	at org.eclipse.jface.util.SafeRunnable.run(SafeRunnable.java:174)
2024-12-09 22:46:55,704 [ERROR] LogOutputStream:75 - [STDERR_REDIRECT] 	at org.eclipse.jface.preference.PreferenceDialog.showPage(PreferenceDialog.java:1189)
2024-12-09 22:46:55,706 [ERROR] LogOutputStream:75 - [STDERR_REDIRECT] 	at org.eclipse.ui.internal.dialogs.FilteredPreferenceDialog.showPage(FilteredPreferenceDialog.java:630)
2024-12-09 22:46:55,707 [ERROR] LogOutputStream:75 - [STDERR_REDIRECT] 	at org.eclipse.jface.preference.PreferenceDialog$5.lambda$0(PreferenceDialog.java:661)
2024-12-09 22:46:55,708 [ERROR] LogOutputStream:75 - [STDERR_REDIRECT] 	at org.eclipse.swt.custom.BusyIndicator.showWhile(BusyIndicator.java:67)
2024-12-09 22:46:55,710 [ERROR] LogOutputStream:75 - [STDERR_REDIRECT] 	at org.eclipse.jface.preference.PreferenceDialog$5.selectionChanged(PreferenceDialog.java:658)
2024-12-09 22:46:55,711 [ERROR] LogOutputStream:75 - [STDERR_REDIRECT] 	at org.eclipse.jface.viewers.StructuredViewer$3.run(StructuredViewer.java:821)
2024-12-09 22:46:55,712 [ERROR] LogOutputStream:75 - [STDERR_REDIRECT] 	at org.eclipse.core.runtime.SafeRunner.run(SafeRunner.java:47)
2024-12-09 22:46:55,713 [ERROR] LogOutputStream:75 - [STDERR_REDIRECT] 	at org.eclipse.jface.util.SafeRunnable.run(SafeRunnable.java:174)
2024-12-09 22:46:55,716 [ERROR] LogOutputStream:75 - [STDERR_REDIRECT] 	at org.eclipse.jface.viewers.StructuredViewer.firePostSelectionChanged(StructuredViewer.java:818)
2024-12-09 22:46:55,717 [ERROR] LogOutputStream:75 - [STDERR_REDIRECT] 	at org.eclipse.jface.viewers.ColumnViewer.firePostSelectionChanged(ColumnViewer.java:1070)
2024-12-09 22:46:55,719 [ERROR] LogOutputStream:75 - [STDERR_REDIRECT] 	at org.eclipse.jface.viewers.StructuredViewer.setSelection(StructuredViewer.java:1670)
2024-12-09 22:46:55,720 [ERROR] LogOutputStream:75 - [STDERR_REDIRECT] 	at org.eclipse.jface.viewers.TreeViewer.setSelection(TreeViewer.java:1106)
2024-12-09 22:46:55,722 [ERROR] LogOutputStream:75 - [STDERR_REDIRECT] 	at org.eclipse.jface.preference.PreferenceDialog.selectSavedItem(PreferenceDialog.java:991)
2024-12-09 22:46:55,724 [ERROR] LogOutputStream:75 - [STDERR_REDIRECT] 	at org.eclipse.ui.internal.dialogs.FilteredPreferenceDialog.selectSavedItem(FilteredPreferenceDialog.java:680)
2024-12-09 22:46:55,725 [ERROR] LogOutputStream:75 - [STDERR_REDIRECT] 	at org.eclipse.jface.preference.PreferenceDialog.lambda$0(PreferenceDialog.java:349)
2024-12-09 22:46:55,726 [ERROR] LogOutputStream:75 - [STDERR_REDIRECT] 	at org.eclipse.swt.custom.BusyIndicator.showWhile(BusyIndicator.java:67)
2024-12-09 22:46:55,728 [ERROR] LogOutputStream:75 - [STDERR_REDIRECT] 	at org.eclipse.jface.preference.PreferenceDialog.createContents(PreferenceDialog.java:346)
2024-12-09 22:46:55,729 [ERROR] LogOutputStream:75 - [STDERR_REDIRECT] 	at org.eclipse.jface.window.Window.create(Window.java:431)
2024-12-09 22:46:55,730 [ERROR] LogOutputStream:75 - [STDERR_REDIRECT] 	at org.eclipse.jface.dialogs.Dialog.create(Dialog.java:1094)
2024-12-09 22:46:55,731 [ERROR] LogOutputStream:75 - [STDERR_REDIRECT] 	at org.eclipse.ui.internal.dialogs.PropertyDialog.createDialogOn(PropertyDialog.java:84)
2024-12-09 22:46:55,733 [ERROR] LogOutputStream:75 - [STDERR_REDIRECT] 	at org.eclipse.ui.dialogs.PropertyDialogAction.createDialog(PropertyDialogAction.java:171)
2024-12-09 22:46:55,735 [ERROR] LogOutputStream:75 - [STDERR_REDIRECT] 	at org.eclipse.ui.dialogs.PropertyDialogAction.run(PropertyDialogAction.java:153)
2024-12-09 22:46:55,736 [ERROR] LogOutputStream:75 - [STDERR_REDIRECT] 	at org.eclipse.jface.action.Action.runWithEvent(Action.java:474)
2024-12-09 22:46:55,738 [ERROR] LogOutputStream:75 - [STDERR_REDIRECT] 	at org.eclipse.jface.action.ActionContributionItem.handleWidgetSelection(ActionContributionItem.java:580)
2024-12-09 22:46:55,740 [ERROR] LogOutputStream:75 - [STDERR_REDIRECT] 	at org.eclipse.jface.action.ActionContributionItem.lambda$4(ActionContributionItem.java:414)
2024-12-09 22:46:55,741 [ERROR] LogOutputStream:75 - [STDERR_REDIRECT] 	at org.eclipse.swt.widgets.EventTable.sendEvent(EventTable.java:89)
2024-12-09 22:46:55,742 [ERROR] LogOutputStream:75 - [STDERR_REDIRECT] 	at org.eclipse.swt.widgets.Display.sendEvent(Display.java:4273)
2024-12-09 22:46:55,743 [ERROR] LogOutputStream:75 - [STDERR_REDIRECT] 	at org.eclipse.swt.widgets.Widget.sendEvent(Widget.java:1066)
2024-12-09 22:46:55,744 [ERROR] LogOutputStream:75 - [STDERR_REDIRECT] 	at org.eclipse.swt.widgets.Display.runDeferredEvents(Display.java:4071)
2024-12-09 22:46:55,746 [ERROR] LogOutputStream:75 - [STDERR_REDIRECT] 	at org.eclipse.swt.widgets.Display.readAndDispatch(Display.java:3659)
2024-12-09 22:46:55,747 [ERROR] LogOutputStream:75 - [STDERR_REDIRECT] 	at org.eclipse.e4.ui.internal.workbench.swt.PartRenderingEngine$5.run(PartRenderingEngine.java:1155)
2024-12-09 22:46:55,749 [ERROR] LogOutputStream:75 - [STDERR_REDIRECT] 	at org.eclipse.core.databinding.observable.Realm.runWithDefault(Realm.java:342)
2024-12-09 22:46:55,751 [ERROR] LogOutputStream:75 - [STDERR_REDIRECT] 	at org.eclipse.e4.ui.internal.workbench.swt.PartRenderingEngine.run(PartRenderingEngine.java:1046)
2024-12-09 22:46:55,752 [ERROR] LogOutputStream:75 - [STDERR_REDIRECT] 	at org.eclipse.e4.ui.internal.workbench.E4Workbench.createAndRunUI(E4Workbench.java:155)
2024-12-09 22:46:55,753 [ERROR] LogOutputStream:75 - [STDERR_REDIRECT] 	at org.eclipse.ui.internal.Workbench.lambda$3(Workbench.java:648)
2024-12-09 22:46:55,755 [ERROR] LogOutputStream:75 - [STDERR_REDIRECT] 	at org.eclipse.core.databinding.observable.Realm.runWithDefault(Realm.java:342)
2024-12-09 22:46:55,756 [ERROR] LogOutputStream:75 - [STDERR_REDIRECT] 	at org.eclipse.ui.internal.Workbench.createAndRunWorkbench(Workbench.java:555)
2024-12-09 22:46:55,757 [ERROR] LogOutputStream:75 - [STDERR_REDIRECT] 	at org.eclipse.ui.PlatformUI.createAndRunWorkbench(PlatformUI.java:173)
2024-12-09 22:46:55,759 [ERROR] LogOutputStream:75 - [STDERR_REDIRECT] 	at org.eclipse.ui.internal.ide.application.IDEApplication.start(IDEApplication.java:152)
2024-12-09 22:46:55,760 [ERROR] LogOutputStream:75 - [STDERR_REDIRECT] 	at org.eclipse.equinox.internal.app.EclipseAppHandle.run(EclipseAppHandle.java:208)
2024-12-09 22:46:55,762 [ERROR] LogOutputStream:75 - [STDERR_REDIRECT] 	at org.eclipse.core.runtime.internal.adaptor.EclipseAppLauncher.runApplication(EclipseAppLauncher.java:136)
2024-12-09 22:46:55,764 [ERROR] LogOutputStream:75 - [STDERR_REDIRECT] 	at org.eclipse.core.runtime.internal.adaptor.EclipseAppLauncher.start(EclipseAppLauncher.java:104)
2024-12-09 22:46:55,766 [ERROR] LogOutputStream:75 - [STDERR_REDIRECT] 	at org.eclipse.core.runtime.adaptor.EclipseStarter.run(EclipseStarter.java:402)
2024-12-09 22:46:55,767 [ERROR] LogOutputStream:75 - [STDERR_REDIRECT] 	at org.eclipse.core.runtime.adaptor.EclipseStarter.run(EclipseStarter.java:255)
2024-12-09 22:46:55,769 [ERROR] LogOutputStream:75 - [STDERR_REDIRECT] 	at java.base/jdk.internal.reflect.DirectMethodHandleAccessor.invoke(DirectMethodHandleAccessor.java:103)
2024-12-09 22:46:55,770 [ERROR] LogOutputStream:75 - [STDERR_REDIRECT] 	at java.base/java.lang.reflect.Method.invoke(Method.java:580)
2024-12-09 22:46:55,771 [ERROR] LogOutputStream:75 - [STDERR_REDIRECT] 	at org.eclipse.equinox.launcher.Main.invokeFramework(Main.java:651)
2024-12-09 22:46:55,772 [ERROR] LogOutputStream:75 - [STDERR_REDIRECT] 	at org.eclipse.equinox.launcher.Main.basicRun(Main.java:588)
2024-12-09 22:46:55,773 [ERROR] LogOutputStream:75 - [STDERR_REDIRECT] 	at org.eclipse.equinox.launcher.Main.run(Main.java:1459)
2024-12-09 23:05:21,835 [ERROR] LogOutputStream:75 - [STDERR_REDIRECT] org.eclipse.cdt.managedbuilder.core.BuildException: No toolchain option in toolchain configuration ilg.gnuarmeclipse.managedbuild.cross.toolchain.base.1770610418: 
2024-12-09 23:05:21,837 [ERROR] LogOutputStream:75 - [STDERR_REDIRECT] 	at com.st.stm32cube.ide.mcu.toolchain.ToolChainHelper.getToolChainId(ToolChainHelper.java:166)
2024-12-09 23:05:21,839 [ERROR] LogOutputStream:75 - [STDERR_REDIRECT] 	at com.st.stm32cube.ide.mcu.toolchain.ToolChainHelper.getToolChainInfo(ToolChainHelper.java:109)
2024-12-09 23:05:21,842 [ERROR] LogOutputStream:75 - [STDERR_REDIRECT] 	at com.st.stm32cube.ide.mcu.toolchain.ui.unmanaged.ToolSettingsTab.createControls(ToolSettingsTab.java:149)
2024-12-09 23:05:21,844 [ERROR] LogOutputStream:75 - [STDERR_REDIRECT] 	at org.eclipse.cdt.ui.newui.AbstractCPropertyTab.createControls(AbstractCPropertyTab.java:139)
2024-12-09 23:05:21,845 [ERROR] LogOutputStream:75 - [STDERR_REDIRECT] 	at org.eclipse.cdt.ui.newui.AbstractPage.loadTab(AbstractPage.java:1199)
2024-12-09 23:05:21,847 [ERROR] LogOutputStream:75 - [STDERR_REDIRECT] 	at org.eclipse.cdt.ui.newui.AbstractPage.loadExtensionsSynchronized(AbstractPage.java:1143)
2024-12-09 23:05:21,849 [ERROR] LogOutputStream:75 - [STDERR_REDIRECT] 	at org.eclipse.cdt.ui.newui.AbstractPage.createWidgets(AbstractPage.java:373)
2024-12-09 23:05:21,851 [ERROR] LogOutputStream:75 - [STDERR_REDIRECT] 	at org.eclipse.cdt.ui.newui.AbstractPage.contentForCDT(AbstractPage.java:359)
2024-12-09 23:05:21,853 [ERROR] LogOutputStream:75 - [STDERR_REDIRECT] 	at org.eclipse.cdt.ui.newui.AbstractPage.createContents(AbstractPage.java:256)
2024-12-09 23:05:21,855 [ERROR] LogOutputStream:75 - [STDERR_REDIRECT] 	at org.eclipse.jface.preference.PreferencePage.createControl(PreferencePage.java:244)
2024-12-09 23:05:21,858 [ERROR] LogOutputStream:75 - [STDERR_REDIRECT] 	at org.eclipse.jface.preference.PreferenceDialog.createPageControl(PreferenceDialog.java:1434)
2024-12-09 23:05:21,860 [ERROR] LogOutputStream:75 - [STDERR_REDIRECT] 	at org.eclipse.jface.preference.PreferenceDialog$8.run(PreferenceDialog.java:1197)
2024-12-09 23:05:21,861 [ERROR] LogOutputStream:75 - [STDERR_REDIRECT] 	at org.eclipse.core.runtime.SafeRunner.run(SafeRunner.java:47)
2024-12-09 23:05:21,862 [ERROR] LogOutputStream:75 - [STDERR_REDIRECT] 	at org.eclipse.jface.util.SafeRunnable.run(SafeRunnable.java:174)
2024-12-09 23:05:21,864 [ERROR] LogOutputStream:75 - [STDERR_REDIRECT] 	at org.eclipse.jface.preference.PreferenceDialog.showPage(PreferenceDialog.java:1189)
2024-12-09 23:05:21,866 [ERROR] LogOutputStream:75 - [STDERR_REDIRECT] 	at org.eclipse.ui.internal.dialogs.FilteredPreferenceDialog.showPage(FilteredPreferenceDialog.java:630)
2024-12-09 23:05:21,868 [ERROR] LogOutputStream:75 - [STDERR_REDIRECT] 	at org.eclipse.jface.preference.PreferenceDialog$5.lambda$0(PreferenceDialog.java:661)
2024-12-09 23:05:21,870 [ERROR] LogOutputStream:75 - [STDERR_REDIRECT] 	at org.eclipse.swt.custom.BusyIndicator.showWhile(BusyIndicator.java:67)
2024-12-09 23:05:21,872 [ERROR] LogOutputStream:75 - [STDERR_REDIRECT] 	at org.eclipse.jface.preference.PreferenceDialog$5.selectionChanged(PreferenceDialog.java:658)
2024-12-09 23:05:21,874 [ERROR] LogOutputStream:75 - [STDERR_REDIRECT] 	at org.eclipse.jface.viewers.StructuredViewer$3.run(StructuredViewer.java:821)
2024-12-09 23:05:21,875 [ERROR] LogOutputStream:75 - [STDERR_REDIRECT] 	at org.eclipse.core.runtime.SafeRunner.run(SafeRunner.java:47)
2024-12-09 23:05:21,877 [ERROR] LogOutputStream:75 - [STDERR_REDIRECT] 	at org.eclipse.jface.util.SafeRunnable.run(SafeRunnable.java:174)
2024-12-09 23:05:21,879 [ERROR] LogOutputStream:75 - [STDERR_REDIRECT] 	at org.eclipse.jface.viewers.StructuredViewer.firePostSelectionChanged(StructuredViewer.java:818)
2024-12-09 23:05:21,881 [ERROR] LogOutputStream:75 - [STDERR_REDIRECT] 	at org.eclipse.jface.viewers.ColumnViewer.firePostSelectionChanged(ColumnViewer.java:1070)
2024-12-09 23:05:21,883 [ERROR] LogOutputStream:75 - [STDERR_REDIRECT] 	at org.eclipse.jface.viewers.StructuredViewer.handlePostSelect(StructuredViewer.java:1190)
2024-12-09 23:05:21,885 [ERROR] LogOutputStream:75 - [STDERR_REDIRECT] 	at org.eclipse.swt.events.SelectionListener$1.widgetSelected(SelectionListener.java:84)
2024-12-09 23:05:21,887 [ERROR] LogOutputStream:75 - [STDERR_REDIRECT] 	at org.eclipse.jface.util.OpenStrategy.firePostSelectionEvent(OpenStrategy.java:284)
2024-12-09 23:05:21,888 [ERROR] LogOutputStream:75 - [STDERR_REDIRECT] 	at org.eclipse.jface.util.OpenStrategy$1.lambda$1(OpenStrategy.java:438)
2024-12-09 23:05:21,890 [ERROR] LogOutputStream:75 - [STDERR_REDIRECT] 	at org.eclipse.swt.widgets.RunnableLock.run(RunnableLock.java:40)
2024-12-09 23:05:21,891 [ERROR] LogOutputStream:75 - [STDERR_REDIRECT] 	at org.eclipse.swt.widgets.Synchronizer.runAsyncMessages(Synchronizer.java:132)
2024-12-09 23:05:21,892 [ERROR] LogOutputStream:75 - [STDERR_REDIRECT] 	at org.eclipse.swt.widgets.Display.runAsyncMessages(Display.java:4046)
2024-12-09 23:05:21,894 [ERROR] LogOutputStream:75 - [STDERR_REDIRECT] 	at org.eclipse.swt.widgets.Display.readAndDispatch(Display.java:3662)
2024-12-09 23:05:21,895 [ERROR] LogOutputStream:75 - [STDERR_REDIRECT] 	at org.eclipse.jface.window.Window.runEventLoop(Window.java:823)
2024-12-09 23:05:21,896 [ERROR] LogOutputStream:75 - [STDERR_REDIRECT] 	at org.eclipse.jface.window.Window.open(Window.java:799)
2024-12-09 23:05:21,898 [ERROR] LogOutputStream:75 - [STDERR_REDIRECT] 	at org.eclipse.ui.dialogs.PropertyDialogAction.run(PropertyDialogAction.java:155)
2024-12-09 23:05:21,899 [ERROR] LogOutputStream:75 - [STDERR_REDIRECT] 	at org.eclipse.jface.action.Action.runWithEvent(Action.java:474)
2024-12-09 23:05:21,901 [ERROR] LogOutputStream:75 - [STDERR_REDIRECT] 	at org.eclipse.jface.action.ActionContributionItem.handleWidgetSelection(ActionContributionItem.java:580)
2024-12-09 23:05:21,903 [ERROR] LogOutputStream:75 - [STDERR_REDIRECT] 	at org.eclipse.jface.action.ActionContributionItem.lambda$4(ActionContributionItem.java:414)
2024-12-09 23:05:21,904 [ERROR] LogOutputStream:75 - [STDERR_REDIRECT] 	at org.eclipse.swt.widgets.EventTable.sendEvent(EventTable.java:89)
2024-12-09 23:05:21,906 [ERROR] LogOutputStream:75 - [STDERR_REDIRECT] 	at org.eclipse.swt.widgets.Display.sendEvent(Display.java:4273)
2024-12-09 23:05:21,907 [ERROR] LogOutputStream:75 - [STDERR_REDIRECT] 	at org.eclipse.swt.widgets.Widget.sendEvent(Widget.java:1066)
2024-12-09 23:05:21,908 [ERROR] LogOutputStream:75 - [STDERR_REDIRECT] 	at org.eclipse.swt.widgets.Display.runDeferredEvents(Display.java:4071)
2024-12-09 23:05:21,909 [ERROR] LogOutputStream:75 - [STDERR_REDIRECT] 	at org.eclipse.swt.widgets.Display.readAndDispatch(Display.java:3659)
2024-12-09 23:05:21,911 [ERROR] LogOutputStream:75 - [STDERR_REDIRECT] 	at org.eclipse.e4.ui.internal.workbench.swt.PartRenderingEngine$5.run(PartRenderingEngine.java:1155)
2024-12-09 23:05:21,913 [ERROR] LogOutputStream:75 - [STDERR_REDIRECT] 	at org.eclipse.core.databinding.observable.Realm.runWithDefault(Realm.java:342)
2024-12-09 23:05:21,914 [ERROR] LogOutputStream:75 - [STDERR_REDIRECT] 	at org.eclipse.e4.ui.internal.workbench.swt.PartRenderingEngine.run(PartRenderingEngine.java:1046)
2024-12-09 23:05:21,916 [ERROR] LogOutputStream:75 - [STDERR_REDIRECT] 	at org.eclipse.e4.ui.internal.workbench.E4Workbench.createAndRunUI(E4Workbench.java:155)
2024-12-09 23:05:21,918 [ERROR] LogOutputStream:75 - [STDERR_REDIRECT] 	at org.eclipse.ui.internal.Workbench.lambda$3(Workbench.java:648)
2024-12-09 23:05:21,919 [ERROR] LogOutputStream:75 - [STDERR_REDIRECT] 	at org.eclipse.core.databinding.observable.Realm.runWithDefault(Realm.java:342)
2024-12-09 23:05:21,921 [ERROR] LogOutputStream:75 - [STDERR_REDIRECT] 	at org.eclipse.ui.internal.Workbench.createAndRunWorkbench(Workbench.java:555)
2024-12-09 23:05:21,922 [ERROR] LogOutputStream:75 - [STDERR_REDIRECT] 	at org.eclipse.ui.PlatformUI.createAndRunWorkbench(PlatformUI.java:173)
2024-12-09 23:05:21,924 [ERROR] LogOutputStream:75 - [STDERR_REDIRECT] 	at org.eclipse.ui.internal.ide.application.IDEApplication.start(IDEApplication.java:152)
2024-12-09 23:05:21,925 [ERROR] LogOutputStream:75 - [STDERR_REDIRECT] 	at org.eclipse.equinox.internal.app.EclipseAppHandle.run(EclipseAppHandle.java:208)
2024-12-09 23:05:21,927 [ERROR] LogOutputStream:75 - [STDERR_REDIRECT] 	at org.eclipse.core.runtime.internal.adaptor.EclipseAppLauncher.runApplication(EclipseAppLauncher.java:136)
2024-12-09 23:05:21,929 [ERROR] LogOutputStream:75 - [STDERR_REDIRECT] 	at org.eclipse.core.runtime.internal.adaptor.EclipseAppLauncher.start(EclipseAppLauncher.java:104)
2024-12-09 23:05:21,931 [ERROR] LogOutputStream:75 - [STDERR_REDIRECT] 	at org.eclipse.core.runtime.adaptor.EclipseStarter.run(EclipseStarter.java:402)
2024-12-09 23:05:21,932 [ERROR] LogOutputStream:75 - [STDERR_REDIRECT] 	at org.eclipse.core.runtime.adaptor.EclipseStarter.run(EclipseStarter.java:255)
2024-12-09 23:05:21,934 [ERROR] LogOutputStream:75 - [STDERR_REDIRECT] 	at java.base/jdk.internal.reflect.DirectMethodHandleAccessor.invoke(DirectMethodHandleAccessor.java:103)
2024-12-09 23:05:21,936 [ERROR] LogOutputStream:75 - [STDERR_REDIRECT] 	at java.base/java.lang.reflect.Method.invoke(Method.java:580)
2024-12-09 23:05:21,937 [ERROR] LogOutputStream:75 - [STDERR_REDIRECT] 	at org.eclipse.equinox.launcher.Main.invokeFramework(Main.java:651)
2024-12-09 23:05:21,938 [ERROR] LogOutputStream:75 - [STDERR_REDIRECT] 	at org.eclipse.equinox.launcher.Main.basicRun(Main.java:588)
2024-12-09 23:05:21,939 [ERROR] LogOutputStream:75 - [STDERR_REDIRECT] 	at org.eclipse.equinox.launcher.Main.run(Main.java:1459)
