2025-01-23 15:45:48,297 [ERROR] LogOutputStream:75 - [STDERR_REDIRECT] 
2025-01-23 15:46:39,255 [INFO] Activator:176 - 


2025-01-23 15:46:39,257 [INFO] Activator:177 - !SESSION log4j initialized
2025-01-23 15:46:55,950 [INFO] LogOutputStream:77 - [STDOUT_REDIRECT] 
2025-01-23 15:49:56,511 [INFO] ApplicationProperties:184 - Using Application install path: C:\ST\STM32CubeIDE_1.16.1\STM32CubeIDE\plugins\com.st.stm32cube.common.mx_6.13.0.202411220809
2025-01-23 15:49:56,527 [INFO] DbMcusXml:78 - Set database path to: C:\ST\STM32CubeIDE_1.16.1\STM32CubeIDE\plugins\com.st.stm32cube.common.mx_6.13.0.202411220809\\db\/mcu/
2025-01-23 15:49:56,527 [INFO] ApiDb:274 - Set plugin database path to: C:\ST\STM32CubeIDE_1.16.1\STM32CubeIDE\plugins\com.st.stm32cube.common.mx_6.13.0.202411220809\\db\/plugins/boardmanager/
2025-01-23 15:49:56,528 [WARN] ApiDb:259 - Overriding images path with different value:  => C:\ST\STM32CubeIDE_1.16.1\STM32CubeIDE\plugins\com.st.stm32cube.common.mx_6.13.0.202411220809\\db\/plugins/mcufinder/images/
2025-01-23 15:49:56,543 [INFO] ApiDb:250 - Set database path to: C:\Users\Bruno\.stmcufinder\plugins\mcufinder//mcu/
2025-01-23 15:49:56,544 [INFO] DbMcusAds:125 - Set database path to: C:\Users\Bruno\.stmcufinder\plugins\mcufinder//mcu/
2025-01-23 15:49:56,565 [INFO] CrossReferenceDbSqlite:203 - Set database path to: C:\Users\Bruno\.stmcufinder\plugins\mcufinder//mcu/cs/
2025-01-23 15:49:56,684 [INFO] RulesReader:64 - Compatibility file has been processed (297 Rules)
2025-01-23 15:49:56,769 [INFO] DbMcusXml:78 - Set database path to: C:\ST\STM32CubeIDE_1.16.1\STM32CubeIDE\plugins\com.st.stm32cube.common.mx_6.13.0.202411220809\\db\/mcu/
2025-01-23 15:49:56,769 [INFO] ApiDb:274 - Set plugin database path to: C:\ST\STM32CubeIDE_1.16.1\STM32CubeIDE\plugins\com.st.stm32cube.common.mx_6.13.0.202411220809\\db\/plugins/boardmanager/
2025-01-23 15:49:56,769 [INFO] ApiDb:261 - Set plugin images path to: C:\ST\STM32CubeIDE_1.16.1\STM32CubeIDE\plugins\com.st.stm32cube.common.mx_6.13.0.202411220809\\db\/plugins/mcufinder/images/
2025-01-23 15:49:56,769 [WARN] DbFile:41 - Overriding database path with different value: C:\Users\Bruno\.stmcufinder\plugins\mcufinder/ => C:\Users\Bruno\.stmcufinder\plugins\mcufinder
2025-01-23 15:49:56,770 [INFO] ApiDb:250 - Set database path to: C:\Users\Bruno\.stmcufinder\plugins\mcufinder//mcu/
2025-01-23 15:49:56,770 [WARN] DbFile:41 - Overriding database path with different value: C:\Users\Bruno\.stmcufinder\plugins\mcufinder/ => C:\Users\Bruno\.stmcufinder\plugins\mcufinder
2025-01-23 15:49:56,770 [INFO] DbMcusAds:125 - Set database path to: C:\Users\Bruno\.stmcufinder\plugins\mcufinder//mcu/
2025-01-23 15:49:56,770 [WARN] DbFile:41 - Overriding database path with different value: C:\Users\Bruno\.stmcufinder\plugins\mcufinder/ => C:\Users\Bruno\.stmcufinder\plugins\mcufinder
2025-01-23 15:49:56,770 [WARN] DbFile:41 - Overriding database path with different value: C:\Users\Bruno\.stmcufinder\plugins\mcufinder/ => C:\Users\Bruno\.stmcufinder\plugins\mcufinder
2025-01-23 15:49:56,770 [INFO] CrossReferenceDbSqlite:203 - Set database path to: C:\Users\Bruno\.stmcufinder\plugins\mcufinder//mcu/cs/
2025-01-23 15:49:56,844 [INFO] MainPanel:272 - HeapMemory: 1073741824
2025-01-23 15:49:56,962 [INFO] DbMcusXml:78 - Set database path to: C:\ST\STM32CubeIDE_1.16.1\STM32CubeIDE\plugins\com.st.stm32cube.common.mx_6.13.0.202411220809\\db\/mcu/
2025-01-23 15:49:56,962 [INFO] ApiDb:274 - Set plugin database path to: C:\ST\STM32CubeIDE_1.16.1\STM32CubeIDE\plugins\com.st.stm32cube.common.mx_6.13.0.202411220809\\db\/plugins/boardmanager/
2025-01-23 15:49:56,962 [INFO] ApiDb:261 - Set plugin images path to: C:\ST\STM32CubeIDE_1.16.1\STM32CubeIDE\plugins\com.st.stm32cube.common.mx_6.13.0.202411220809\\db\/plugins/mcufinder/images/
2025-01-23 15:49:56,962 [WARN] DbFile:41 - Overriding database path with different value: C:\Users\Bruno\.stmcufinder\plugins\mcufinder/ => C:\Users\Bruno\.stmcufinder\plugins\mcufinder
2025-01-23 15:49:56,962 [INFO] ApiDb:250 - Set database path to: C:\Users\Bruno\.stmcufinder\plugins\mcufinder//mcu/
2025-01-23 15:49:56,963 [WARN] DbFile:41 - Overriding database path with different value: C:\Users\Bruno\.stmcufinder\plugins\mcufinder/ => C:\Users\Bruno\.stmcufinder\plugins\mcufinder
2025-01-23 15:49:56,963 [INFO] DbMcusAds:125 - Set database path to: C:\Users\Bruno\.stmcufinder\plugins\mcufinder//mcu/
2025-01-23 15:49:56,963 [WARN] DbFile:41 - Overriding database path with different value: C:\Users\Bruno\.stmcufinder\plugins\mcufinder/ => C:\Users\Bruno\.stmcufinder\plugins\mcufinder
2025-01-23 15:49:56,963 [WARN] DbFile:41 - Overriding database path with different value: C:\Users\Bruno\.stmcufinder\plugins\mcufinder/ => C:\Users\Bruno\.stmcufinder\plugins\mcufinder
2025-01-23 15:49:56,963 [INFO] CrossReferenceDbSqlite:203 - Set database path to: C:\Users\Bruno\.stmcufinder\plugins\mcufinder//mcu/cs/
2025-01-23 15:49:56,980 [INFO] ApplicationProperties:184 - Using Application install path: C:\ST\STM32CubeIDE_1.16.1\STM32CubeIDE\plugins\com.st.stm32cube.common.mx_6.13.0.202411220809
2025-01-23 15:49:56,982 [INFO] PluginManage:196 - Search for loadable plugins [exclusion list=, ]
2025-01-23 15:49:56,983 [INFO] PluginManage:310 - Check plugin analytics
2025-01-23 15:49:57,147 [INFO] AnalyticsPlugin:253 - Accepted Software Licenses: STM32CubeMX.6.6.1,STM32CubeMX.6.13.0
2025-01-23 15:49:57,147 [INFO] AnalyticsPlugin:255 - Accepted CMSIS Pack Licenses: 
2025-01-23 15:49:57,147 [INFO] AnalyticsPlugin:257 - Accepted Firmware Licenses: FW.G0.1.6.0,FW.F4.1.28.0
2025-01-23 15:49:57,147 [INFO] PluginManage:359 - Loaded plugin analytics (category:tool,tabindex:-1)
2025-01-23 15:49:57,148 [INFO] PluginManage:310 - Check plugin cadmodel
2025-01-23 15:49:57,167 [INFO] CADModel:105 - Init CAD model plugin
2025-01-23 15:49:57,168 [INFO] PluginManage:359 - Loaded plugin cadmodel (category:power,tabindex:5)
2025-01-23 15:49:57,168 [INFO] PluginManage:310 - Check plugin clock
2025-01-23 15:49:57,189 [INFO] PluginManage:359 - Loaded plugin clock (category:base,tabindex:2)
2025-01-23 15:49:57,189 [INFO] PluginManage:310 - Check plugin ddr
2025-01-23 15:49:57,191 [INFO] PluginManage:359 - Loaded plugin ddr (category:tool,tabindex:6)
2025-01-23 15:49:57,191 [INFO] PluginManage:310 - Check plugin filemanager
2025-01-23 15:49:57,321 [INFO] PluginManage:359 - Loaded plugin filemanager (category:base,tabindex:10)
2025-01-23 15:49:57,321 [INFO] PluginManage:310 - Check plugin ipmanager
2025-01-23 15:49:57,328 [INFO] PluginManage:359 - Loaded plugin ipmanager (category:base,tabindex:5)
2025-01-23 15:49:57,328 [INFO] PluginManage:310 - Check plugin lpbam
2025-01-23 15:49:57,355 [INFO] PluginManage:359 - Loaded plugin lpbam (category:base,tabindex:0)
2025-01-23 15:49:57,355 [INFO] PluginManage:310 - Check plugin memorymap
2025-01-23 15:49:57,380 [INFO] PluginManage:359 - Loaded plugin memorymap (category:base,tabindex:4)
2025-01-23 15:49:57,381 [INFO] PluginManage:310 - Check plugin pinoutandconfiguration
2025-01-23 15:49:57,401 [INFO] PluginManage:359 - Loaded plugin pinoutandconfiguration (category:base,tabindex:1)
2025-01-23 15:49:57,401 [INFO] PluginManage:310 - Check plugin pinoutconfig
2025-01-23 15:49:57,497 [WARN] SupportedApi:132 - Cannot load RTOS API schema: s4s-elt-must-match.1: The content of 'definitions' must match (annotation?, (simpleType | complexType)?, (unique | key | keyref)*)). A problem was found starting at: attribute.
2025-01-23 15:49:57,626 [INFO] PluginManage:359 - Loaded plugin pinoutconfig (category:base,tabindex:0)
2025-01-23 15:49:57,626 [INFO] PluginManage:310 - Check plugin power
2025-01-23 15:49:57,649 [INFO] PluginManage:359 - Loaded plugin power (category:power,tabindex:4)
2025-01-23 15:49:57,649 [INFO] PluginManage:310 - Check plugin projectmanager
2025-01-23 15:49:57,663 [INFO] PluginManage:359 - Loaded plugin projectmanager (category:projectmanager,tabindex:4)
2025-01-23 15:49:57,663 [INFO] PluginManage:310 - Check plugin rif
2025-01-23 15:49:57,686 [INFO] PluginManage:359 - Loaded plugin rif (category:base,tabindex:3)
2025-01-23 15:49:57,687 [INFO] PluginManage:310 - Check plugin thirdparty
2025-01-23 15:49:57,978 [INFO] PluginManage:359 - Loaded plugin thirdparty (category:base,tabindex:-1)
2025-01-23 15:49:57,977 [WARN] IntegrityCheckThread:84 - waiting for thirdparty lock release [integrity check]
2025-01-23 15:49:57,978 [INFO] PluginManage:310 - Check plugin tools
2025-01-23 15:49:57,978 [INFO] IntegrityCheckThread:86 - entering critical section [integrity check]
2025-01-23 15:49:57,978 [INFO] ThirdPartyUpdaterWithRetryManager:70 - Updater plugin not ready yet. [1/15]
2025-01-23 15:49:58,021 [INFO] PluginManage:359 - Loaded plugin tools (category:base,tabindex:7)
2025-01-23 15:49:58,021 [INFO] PluginManage:310 - Check plugin tutovideos
2025-01-23 15:49:58,206 [INFO] PluginManage:359 - Loaded plugin tutovideos (category:base,tabindex:-1)
2025-01-23 15:49:58,206 [INFO] PluginManage:310 - Check plugin updater
2025-01-23 15:49:58,229 [INFO] PluginManage:359 - Loaded plugin updater (category:base,tabindex:12)
2025-01-23 15:49:58,229 [INFO] PluginManage:310 - Check plugin userauth
2025-01-23 15:49:58,233 [INFO] UserAuth:118 - Init User Auth plugin
2025-01-23 15:49:58,234 [INFO] PluginManage:359 - Loaded plugin userauth (category:base,tabindex:14)
2025-01-23 15:49:58,234 [INFO] PluginManage:283 - PluginManage : Loaded plugins [18]
2025-01-23 15:49:58,451 [INFO] PinOutPanel:1589 - setPackage(No Configuration,No Configuration)
2025-01-23 15:49:58,533 [INFO] CADModel:165 - CPN selected for project level
2025-01-23 15:49:58,533 [INFO] CADModel:114 - Register for checkConnection events
2025-01-23 15:49:58,561 [INFO] IPUIPlugin:80 - create IPUIPlugin
2025-01-23 15:49:58,561 [INFO] PluginManager:220 - loadIPPluginJar : add adc
2025-01-23 15:49:58,607 [INFO] IPUIPlugin:80 - create IPUIPlugin
2025-01-23 15:49:58,607 [INFO] PluginManager:220 - loadIPPluginJar : add aes
2025-01-23 15:49:58,658 [INFO] IPUIPlugin:80 - create IPUIPlugin
2025-01-23 15:49:58,658 [INFO] PluginManager:220 - loadIPPluginJar : add can
2025-01-23 15:49:58,688 [INFO] IPUIPlugin:80 - create IPUIPlugin
2025-01-23 15:49:58,688 [INFO] PluginManager:220 - loadIPPluginJar : add comp
2025-01-23 15:49:58,729 [INFO] IPUIPlugin:80 - create IPUIPlugin
2025-01-23 15:49:58,730 [INFO] PluginManager:220 - loadIPPluginJar : add cryp
2025-01-23 15:49:58,745 [INFO] IPUIPlugin:80 - create IPUIPlugin
2025-01-23 15:49:58,745 [INFO] PluginManager:220 - loadIPPluginJar : add ddr_ctrl_phy
2025-01-23 15:49:58,782 [INFO] IPUIPlugin:80 - create IPUIPlugin
2025-01-23 15:49:58,782 [INFO] PluginManager:220 - loadIPPluginJar : add dfsdm
2025-01-23 15:49:58,799 [INFO] IPUIPlugin:80 - create IPUIPlugin
2025-01-23 15:49:58,800 [INFO] PluginManager:220 - loadIPPluginJar : add dma
2025-01-23 15:49:58,850 [INFO] IPUIPlugin:80 - create IPUIPlugin
2025-01-23 15:49:58,851 [INFO] PluginManager:220 - loadIPPluginJar : add dma3
2025-01-23 15:49:58,909 [INFO] IPUIPlugin:80 - create IPUIPlugin
2025-01-23 15:49:58,909 [INFO] PluginManager:220 - loadIPPluginJar : add extmemmanager
2025-01-23 15:49:58,935 [INFO] IPUIPlugin:80 - create IPUIPlugin
2025-01-23 15:49:58,935 [INFO] PluginManager:220 - loadIPPluginJar : add fatfs
2025-01-23 15:49:58,993 [INFO] IPUIPlugin:80 - create IPUIPlugin
2025-01-23 15:49:58,993 [INFO] PluginManager:220 - loadIPPluginJar : add fmc
2025-01-23 15:49:59,012 [INFO] IPUIPlugin:80 - create IPUIPlugin
2025-01-23 15:49:59,012 [INFO] PluginManager:220 - loadIPPluginJar : add freertos
2025-01-23 15:49:59,039 [INFO] IPUIPlugin:80 - create IPUIPlugin
2025-01-23 15:49:59,040 [INFO] PluginManager:220 - loadIPPluginJar : add genericplugin
2025-01-23 15:49:59,156 [INFO] IPUIPlugin:80 - create IPUIPlugin
2025-01-23 15:49:59,156 [INFO] PluginManager:220 - loadIPPluginJar : add gfxmmu
2025-01-23 15:49:59,315 [INFO] IPUIPlugin:80 - create IPUIPlugin
2025-01-23 15:49:59,315 [INFO] PluginManager:220 - loadIPPluginJar : add gic
2025-01-23 15:49:59,332 [INFO] IPUIPlugin:80 - create IPUIPlugin
2025-01-23 15:49:59,332 [INFO] PluginManager:220 - loadIPPluginJar : add gpio
2025-01-23 15:49:59,462 [INFO] IPUIPlugin:80 - create IPUIPlugin
2025-01-23 15:49:59,462 [INFO] PluginManager:220 - loadIPPluginJar : add gtzc
2025-01-23 15:49:59,506 [INFO] IPUIPlugin:80 - create IPUIPlugin
2025-01-23 15:49:59,506 [INFO] PluginManager:220 - loadIPPluginJar : add hash
2025-01-23 15:49:59,572 [INFO] IPUIPlugin:80 - create IPUIPlugin
2025-01-23 15:49:59,572 [INFO] PluginManager:220 - loadIPPluginJar : add i2c
2025-01-23 15:49:59,623 [INFO] IPUIPlugin:80 - create IPUIPlugin
2025-01-23 15:49:59,623 [INFO] PluginManager:220 - loadIPPluginJar : add i2s
2025-01-23 15:49:59,679 [INFO] IPUIPlugin:80 - create IPUIPlugin
2025-01-23 15:49:59,679 [INFO] PluginManager:220 - loadIPPluginJar : add i3c
2025-01-23 15:49:59,809 [INFO] IPUIPlugin:80 - create IPUIPlugin
2025-01-23 15:49:59,809 [INFO] PluginManager:220 - loadIPPluginJar : add ipddr
2025-01-23 15:49:59,922 [INFO] IPUIPlugin:80 - create IPUIPlugin
2025-01-23 15:49:59,923 [INFO] PluginManager:220 - loadIPPluginJar : add linkedlist
2025-01-23 15:49:59,969 [INFO] IPUIPlugin:80 - create IPUIPlugin
2025-01-23 15:49:59,969 [INFO] PluginManager:220 - loadIPPluginJar : add lorawan
2025-01-23 15:50:00,018 [INFO] IPUIPlugin:80 - create IPUIPlugin
2025-01-23 15:50:00,018 [INFO] PluginManager:220 - loadIPPluginJar : add ltdc
2025-01-23 15:50:00,036 [INFO] IPUIPlugin:80 - create IPUIPlugin
2025-01-23 15:50:00,036 [INFO] PluginManager:220 - loadIPPluginJar : add mdma
2025-01-23 15:50:00,052 [INFO] IPUIPlugin:80 - create IPUIPlugin
2025-01-23 15:50:00,052 [INFO] PluginManager:220 - loadIPPluginJar : add nvic
2025-01-23 15:50:00,100 [INFO] IPUIPlugin:80 - create IPUIPlugin
2025-01-23 15:50:00,100 [INFO] PluginManager:220 - loadIPPluginJar : add opamp
2025-01-23 15:50:00,176 [INFO] IPUIPlugin:80 - create IPUIPlugin
2025-01-23 15:50:00,177 [INFO] PluginManager:220 - loadIPPluginJar : add openamp
2025-01-23 15:50:00,229 [INFO] IPUIPlugin:80 - create IPUIPlugin
2025-01-23 15:50:00,230 [INFO] PluginManager:220 - loadIPPluginJar : add pdm2pcm
2025-01-23 15:50:00,247 [INFO] IPUIPlugin:80 - create IPUIPlugin
2025-01-23 15:50:00,250 [INFO] PluginManager:220 - loadIPPluginJar : add plateformsettings
2025-01-23 15:50:00,280 [INFO] IPUIPlugin:80 - create IPUIPlugin
2025-01-23 15:50:00,280 [INFO] PluginManager:220 - loadIPPluginJar : add quadspi
2025-01-23 15:50:00,313 [INFO] IPUIPlugin:80 - create IPUIPlugin
2025-01-23 15:50:00,313 [INFO] PluginManager:220 - loadIPPluginJar : add radio
2025-01-23 15:50:00,329 [INFO] IPUIPlugin:80 - create IPUIPlugin
2025-01-23 15:50:00,330 [INFO] PluginManager:220 - loadIPPluginJar : add resmgrutility
2025-01-23 15:50:00,389 [INFO] IPUIPlugin:80 - create IPUIPlugin
2025-01-23 15:50:00,389 [INFO] PluginManager:220 - loadIPPluginJar : add sai
2025-01-23 15:50:00,436 [INFO] IPUIPlugin:80 - create IPUIPlugin
2025-01-23 15:50:00,436 [INFO] PluginManager:220 - loadIPPluginJar : add spi
2025-01-23 15:50:00,528 [INFO] IPUIPlugin:80 - create IPUIPlugin
2025-01-23 15:50:00,528 [INFO] PluginManager:220 - loadIPPluginJar : add stm32_wpan
2025-01-23 15:50:00,558 [INFO] IPUIPlugin:80 - create IPUIPlugin
2025-01-23 15:50:00,558 [INFO] PluginManager:220 - loadIPPluginJar : add tim
2025-01-23 15:50:00,634 [INFO] IPUIPlugin:80 - create IPUIPlugin
2025-01-23 15:50:00,634 [INFO] PluginManager:220 - loadIPPluginJar : add touchsensing
2025-01-23 15:50:00,662 [INFO] IPUIPlugin:80 - create IPUIPlugin
2025-01-23 15:50:00,662 [INFO] PluginManager:220 - loadIPPluginJar : add tracer_emb
2025-01-23 15:50:00,693 [INFO] IPUIPlugin:80 - create IPUIPlugin
2025-01-23 15:50:00,694 [INFO] PluginManager:220 - loadIPPluginJar : add ts
2025-01-23 15:50:00,721 [INFO] IPUIPlugin:80 - create IPUIPlugin
2025-01-23 15:50:00,722 [INFO] PluginManager:220 - loadIPPluginJar : add tsc
2025-01-23 15:50:00,749 [INFO] IPUIPlugin:80 - create IPUIPlugin
2025-01-23 15:50:00,750 [INFO] PluginManager:220 - loadIPPluginJar : add ucpd
2025-01-23 15:50:00,807 [INFO] IPUIPlugin:80 - create IPUIPlugin
2025-01-23 15:50:00,807 [INFO] PluginManager:220 - loadIPPluginJar : add usart
2025-01-23 15:50:00,861 [INFO] IPUIPlugin:80 - create IPUIPlugin
2025-01-23 15:50:00,861 [INFO] PluginManager:220 - loadIPPluginJar : add usbx
2025-01-23 15:50:00,980 [INFO] ThirdPartyUpdaterWithRetryManager:70 - Updater plugin not ready yet. [2/15]
2025-01-23 15:50:00,996 [FATAL] Updater:351 - Updater called before beeing initialized
2025-01-23 15:50:01,040 [INFO] RulesReader:64 - Compatibility file has been processed (297 Rules)
2025-01-23 15:50:01,050 [INFO] RulesReader:64 - Compatibility file has been processed (297 Rules)
2025-01-23 15:50:01,057 [INFO] CADModel:165 - CPN selected for project level
2025-01-23 15:50:01,057 [INFO] CADModel:114 - Register for checkConnection events
2025-01-23 15:50:01,057 [FATAL] Updater:351 - Updater called before beeing initialized
2025-01-23 15:50:01,057 [ERROR] CADModel:125 - Updater not yet initialized, retry later 
2025-01-23 15:50:01,228 [FATAL] Updater:351 - Updater called before beeing initialized
2025-01-23 15:50:01,230 [INFO] CADModel:165 - CPN selected for project level
2025-01-23 15:50:01,231 [INFO] CADModel:114 - Register for checkConnection events
2025-01-23 15:50:01,231 [FATAL] Updater:351 - Updater called before beeing initialized
2025-01-23 15:50:01,231 [ERROR] CADModel:125 - Updater not yet initialized, retry later 
2025-01-23 15:50:01,234 [FATAL] Updater:351 - Updater called before beeing initialized
2025-01-23 15:50:01,374 [FATAL] Updater:351 - Updater called before beeing initialized
2025-01-23 15:50:01,378 [INFO] DbMcusAds:53 - JSON generation date=Tue Dec 17 17:01:15 CET 2024 (1734451275111)
2025-01-23 15:50:01,378 [FATAL] Updater:351 - Updater called before beeing initialized
2025-01-23 15:50:01,417 [WARN] DetailPanel:346 - Failed to get advertising image, set to default
2025-01-23 15:50:01,683 [FATAL] Updater:351 - Updater called before beeing initialized
2025-01-23 15:50:01,685 [FATAL] Updater:351 - Updater called before beeing initialized
2025-01-23 15:50:01,685 [FATAL] Updater:351 - Updater called before beeing initialized
2025-01-23 15:50:01,685 [WARN] DetailPanel:346 - Failed to get advertising image, set to default
2025-01-23 15:50:01,686 [FATAL] Updater:351 - Updater called before beeing initialized
2025-01-23 15:50:01,746 [ERROR] Updater:1198 - MainUpdater not yet initialized. External WinMGr cannot be set.
2025-01-23 15:50:01,758 [INFO] Updater:1134 - Updater Version found : 6.13.0
2025-01-23 15:50:01,774 [INFO] ApplicationProperties:184 - Using Application install path: C:\ST\STM32CubeIDE_1.16.1\STM32CubeIDE\plugins\com.st.stm32cube.common.mx_6.13.0.202411220809
2025-01-23 15:50:02,138 [INFO] MainUpdater:2872 - connection check result : 10
2025-01-23 15:50:02,138 [INFO] MainUpdater:3566 - Updater definition file requires update
2025-01-23 15:50:02,139 [INFO] MainUpdater:289 - Updater Check For Update Now.
2025-01-23 15:50:02,140 [INFO] MicroXplorer:498 - Change Database Version : DB.6.0.130
2025-01-23 15:50:02,160 [INFO] McuFinderGlobals:63 - Set McuFinder mode to 2 (CubeIDE integrated)
2025-01-23 15:50:02,168 [INFO] UserAuth:486 - Internet connection configuration mode: 1
2025-01-23 15:50:02,195 [INFO] JxBrowserEngine:152 - Initiate JxBrowser Engine with user profile folder
2025-01-23 15:50:02,253 [INFO] ServerAccessManage:473 - Download File updaters.zip
2025-01-23 15:50:02,366 [INFO] FileExtend:240 - Unzip File : updaters.zip
2025-01-23 15:50:02,366 [INFO] FileExtend:255 - Standard Zip Deflate
2025-01-23 15:50:02,979 [INFO] ServerAccessManage:473 - Download File PacksControlFlags.xml
2025-01-23 15:50:03,142 [INFO] ServerAccessManage:473 - Download File cubemx.pidx
2025-01-23 15:50:03,802 [INFO] ServerAccessManage:473 - Download File STMicroelectronics.X-CUBE-AI.pdsc
2025-01-23 15:50:03,982 [WARN] MainUpdater:1193 - Updater busy. Cannot search thirdparties
2025-01-23 15:50:03,982 [INFO] ThirdPartyUpdaterWithRetryManager:96 - Updater plugin is busy. [1/15]
2025-01-23 15:50:06,592 [WARN] PackLoader:240 - Cannot read IP mode file for STMicroelectronics.X-CUBE-AI.10.0.0
2025-01-23 15:50:06,593 [INFO] PopulateThirdPartyThread:66 - Ending populate Thread
2025-01-23 15:50:06,594 [INFO] ThirdParty:1030 - CMSIS Pack Vendor :STMicroelectronics X-CUBE-AI 10.0.0
2025-01-23 15:50:06,595 [INFO] LoadServerUpdatesThread:375 - End of LoadServerUpdate Thread
2025-01-23 15:50:06,821 [INFO] CheckServerUpdateThread:120 - End of CheckServer Thread
2025-01-23 15:50:07,291 [INFO] WebApp:168 - Instantiating new browser for Auth
2025-01-23 15:50:07,367 [WARN] PackLoader:240 - Cannot read IP mode file for STMicroelectronics.FP-SNS-MOTENVWB1.1.4.0
2025-01-23 15:50:07,380 [WARN] PackLoader:240 - Cannot read IP mode file for STMicroelectronics.FP-ATR-ASTRA1.2.0.1
2025-01-23 15:50:07,401 [WARN] PackLoader:240 - Cannot read IP mode file for STMicroelectronics.X-CUBE-SMBUS.2.1.0
2025-01-23 15:50:07,432 [WARN] PackLoader:240 - Cannot read IP mode file for STMicroelectronics.X-CUBE-WB05N.1.1.0
2025-01-23 15:50:07,583 [WARN] PackLoader:240 - Cannot read IP mode file for STMicroelectronics.X-CUBE-MEMS1.9.2.0
2025-01-23 15:50:07,789 [WARN] PackLoader:240 - Cannot read IP mode file for STMicroelectronics.X-CUBE-AZRTOS-F7.1.1.0
2025-01-23 15:50:07,808 [WARN] PackLoader:240 - Cannot read IP mode file for STMicroelectronics.X-CUBE-BLE1.6.2.3
2025-01-23 15:50:07,870 [WARN] PackLoader:240 - Cannot read IP mode file for STMicroelectronics.X-CUBE-MEMS1.11.0.0
2025-01-23 15:50:07,987 [WARN] PackLoader:240 - Cannot read IP mode file for STMicroelectronics.FP-SNS-FLIGHT1.5.0.2
2025-01-23 15:50:08,017 [WARN] PackLoader:240 - Cannot read IP mode file for STMicroelectronics.X-CUBE-TOF1.3.1.0
2025-01-23 15:50:08,037 [WARN] PackLoader:240 - Cannot read IP mode file for STMicroelectronics.X-CUBE-DISPLAY.3.0.0
2025-01-23 15:50:08,056 [WARN] PackLoader:240 - Cannot read IP mode file for STMicroelectronics.X-CUBE-BLE1.7.0.0
2025-01-23 15:50:08,078 [WARN] PackLoader:240 - Cannot read IP mode file for STMicroelectronics.X-CUBE-NFC10.1.0.0
2025-01-23 15:50:08,102 [WARN] PackLoader:240 - Cannot read IP mode file for STMicroelectronics.X-CUBE-BLEMGR.4.0.0
2025-01-23 15:50:08,121 [WARN] PackLoader:240 - Cannot read IP mode file for STMicroelectronics.X-CUBE-AI.7.2.0
2025-01-23 15:50:08,139 [WARN] PackLoader:240 - Cannot read IP mode file for STMicroelectronics.X-CUBE-BLEMGR.3.1.0
2025-01-23 15:50:08,147 [WARN] PackLoader:240 - Cannot read IP mode file for STMicroelectronics.X-CUBE-AI.10.0.0
2025-01-23 15:50:08,168 [WARN] PackLoader:240 - Cannot read IP mode file for STMicroelectronics.FP-SNS-SMARTAG2.1.2.0
2025-01-23 15:50:08,234 [WARN] PackLoader:240 - Cannot read IP mode file for STMicroelectronics.X-CUBE-MEMS1.11.1.0
2025-01-23 15:50:08,374 [INFO] LogOutputStream:77 - [STDOUT_REDIRECT] 1 : Invalid condition id : UX_CORESTACK_Condition cause : null
2025-01-23 15:50:08,375 [INFO] LogOutputStream:77 - [STDOUT_REDIRECT] 1 : Invalid condition id : UX_CORESTACK_Condition cause : null
2025-01-23 15:50:08,376 [INFO] LogOutputStream:77 - [STDOUT_REDIRECT] 1 : Invalid condition id : UX_CORESTACK_Condition cause : null
2025-01-23 15:50:08,377 [INFO] LogOutputStream:77 - [STDOUT_REDIRECT] 1 : Invalid condition id : UX_CORESTACK_Condition cause : null
2025-01-23 15:50:08,378 [INFO] LogOutputStream:77 - [STDOUT_REDIRECT] 1 : Invalid condition id : UX_CORESTACK_Condition cause : null
2025-01-23 15:50:08,381 [WARN] PackLoader:240 - Cannot read IP mode file for STMicroelectronics.X-CUBE-AZRTOS-WL.2.0.0
2025-01-23 15:50:08,398 [WARN] PackLoader:240 - Cannot read IP mode file for STMicroelectronics.FP-SNS-MOTENV1.5.0.0
2025-01-23 15:50:08,403 [WARN] PackLoader:240 - Cannot read IP mode file for wolfSSL.I-CUBE-wolfMQTT.1.19.0
2025-01-23 15:50:08,420 [WARN] PackLoader:240 - Cannot read IP mode file for WES.I-CUBE-Cesium.1.3.0
2025-01-23 15:50:08,436 [WARN] PackLoader:240 - Cannot read IP mode file for STMicroelectronics.X-CUBE-BLE2.3.3.0
2025-01-23 15:50:08,451 [WARN] PackLoader:240 - Cannot read IP mode file for STMicroelectronics.X-CUBE-DISPLAY.2.2.0
2025-01-23 15:50:08,470 [WARN] PackLoader:240 - Cannot read IP mode file for STMicroelectronics.X-CUBE-NFC9.1.0.0
2025-01-23 15:50:08,501 [WARN] PackLoader:240 - Cannot read IP mode file for STMicroelectronics.X-CUBE-AZRTOS-H7.2.1.0
2025-01-23 15:50:08,520 [WARN] PackLoader:240 - Cannot read IP mode file for STMicroelectronics.X-CUBE-TCPP.4.1.0
2025-01-23 15:50:08,538 [WARN] PackLoader:240 - Cannot read IP mode file for STMicroelectronics.X-CUBE-ALGOBUILD.1.3.0
2025-01-23 15:50:08,567 [WARN] PackLoader:240 - Cannot read IP mode file for STMicroelectronics.X-CUBE-AZRTOS-G0.1.1.0
2025-01-23 15:50:08,586 [WARN] PackLoader:240 - Cannot read IP mode file for STMicroelectronics.X-CUBE-SAFEA1.1.2.2
2025-01-23 15:50:08,624 [WARN] PackLoader:240 - Cannot read IP mode file for STMicroelectronics.X-CUBE-NFC4.3.0.0
2025-01-23 15:50:08,759 [WARN] PackLoader:240 - Cannot read IP mode file for SEGGER.I-CUBE-embOS.1.2.0
2025-01-23 15:50:08,804 [WARN] PackLoader:240 - Cannot read IP mode file for EmbeddedOffice.I-CUBE-FS-RTOS.1.0.1
2025-01-23 15:50:08,820 [WARN] PackLoader:240 - Cannot read IP mode file for STMicroelectronics.X-CUBE-TCPP.4.2.0
2025-01-23 15:50:08,928 [WARN] PackLoader:240 - Cannot read IP mode file for RealThread.X-CUBE-RT-Thread_Nano.4.1.1
2025-01-23 15:50:08,937 [WARN] PackLoader:240 - Cannot read IP mode file for STMicroelectronics.FP-ATR-SIGFOX1.3.2.0
2025-01-23 15:50:08,945 [WARN] ConditionMgr:438 - getConditionDescription Invalid condition id : Cortex-A Device cause : null
2025-01-23 15:50:08,968 [WARN] ConditionMgr:1044 - genDependencies : Invalid condition id : Cortex-A Device cause : null
2025-01-23 15:50:08,968 [WARN] ConditionMgr:1044 - genDependencies : Invalid condition id : Cortex-A Device cause : null
2025-01-23 15:50:08,969 [WARN] ConditionMgr:1044 - genDependencies : Invalid condition id : Cortex-A Device cause : null
2025-01-23 15:50:08,989 [WARN] PackLoader:240 - Cannot read IP mode file for STMicroelectronics.X-CUBE-EEPRMA1.5.1.0
2025-01-23 15:50:09,009 [WARN] PackLoader:240 - Cannot read IP mode file for emotas.I-CUBE-CANOPEN.1.1.2
2025-01-23 15:50:09,032 [WARN] PackLoader:240 - Cannot read IP mode file for STMicroelectronics.X-CUBE-TOUCHGFX.4.20.0
2025-01-23 15:50:09,092 [WARN] PackLoader:240 - Cannot read IP mode file for ITTIA_DB.I-CUBE-ITTIADB.8.9.0
2025-01-23 15:50:09,146 [WARN] PackLoader:240 - Cannot read IP mode file for SEGGER.I-CUBE-embOS.1.3.1
2025-01-23 15:50:09,184 [WARN] PackLoader:240 - Cannot read IP mode file for STMicroelectronics.X-CUBE-ALGOBUILD.1.4.0
2025-01-23 15:50:09,202 [WARN] PackLoader:240 - Cannot read IP mode file for STMicroelectronics.X-CUBE-AI.9.1.0
2025-01-23 15:50:09,219 [WARN] PackLoader:240 - Cannot read IP mode file for STMicroelectronics.X-CUBE-GNSS1.6.0.0
2025-01-23 15:50:09,253 [WARN] PackLoader:240 - Cannot read IP mode file for STMicroelectronics.X-CUBE-AZRTOS-F4.1.1.0
2025-01-23 15:50:09,271 [WARN] PackLoader:240 - Cannot read IP mode file for STMicroelectronics.X-CUBE-ISPU.2.1.0
2025-01-23 15:50:09,286 [WARN] PackLoader:240 - Cannot read IP mode file for STMicroelectronics.X-CUBE-FREERTOS.1.2.0
2025-01-23 15:50:09,318 [WARN] PackLoader:240 - Cannot read IP mode file for STMicroelectronics.X-CUBE-AZRTOS-L5.2.0.0
2025-01-23 15:50:09,338 [WARN] PackLoader:240 - Cannot read IP mode file for STMicroelectronics.X-CUBE-NFC6.3.1.0
2025-01-23 15:50:09,354 [WARN] PackLoader:240 - Cannot read IP mode file for STMicroelectronics.X-CUBE-DPower.1.2.0
2025-01-23 15:50:09,371 [WARN] PackLoader:240 - Cannot read IP mode file for STMicroelectronics.X-CUBE-NFC4.2.0.4
2025-01-23 15:50:09,385 [INFO] WebApp:449 - Apply proxy settings
2025-01-23 15:50:09,385 [INFO] WebApp:534 - Chromium requires no authentication
2025-01-23 15:50:09,399 [INFO] WebApp:477 - Direct internet connection detected
2025-01-23 15:50:09,412 [WARN] PackLoader:240 - Cannot read IP mode file for STMicroelectronics.X-CUBE-AZRTOS-F4.1.0.0
2025-01-23 15:50:09,427 [WARN] PackLoader:240 - Cannot read IP mode file for STMicroelectronics.X-CUBE-FREERTOS.1.3.0
2025-01-23 15:50:09,436 [INFO] WebApp:880 - Register for checkConnection events
2025-01-23 15:50:09,436 [INFO] WebApp:449 - Apply proxy settings
2025-01-23 15:50:09,436 [INFO] WebApp:534 - Chromium requires no authentication
2025-01-23 15:50:09,437 [INFO] WebApp:477 - Direct internet connection detected
2025-01-23 15:50:09,444 [WARN] PackLoader:240 - Cannot read IP mode file for STMicroelectronics.X-CUBE-NFC7.1.0.1
2025-01-23 15:50:09,460 [WARN] PackLoader:240 - Cannot read IP mode file for STMicroelectronics.X-CUBE-NFC7.1.0.0
2025-01-23 15:50:09,496 [WARN] ConditionMgr:438 - getConditionDescription Invalid condition id : LAN8742 Phy interface Condition cause : null
2025-01-23 15:50:09,496 [WARN] PackLoader:240 - Cannot read IP mode file for STMicroelectronics.X-CUBE-AZRTOS-L4.2.0.0
2025-01-23 15:50:09,498 [WARN] ConditionMgr:1044 - genDependencies : Invalid condition id : LAN8742 Phy interface Condition cause : null
2025-01-23 15:50:09,498 [WARN] ConditionMgr:1044 - genDependencies : Invalid condition id : LAN8742 Phy interface Condition cause : null
2025-01-23 15:50:09,499 [WARN] ConditionMgr:1044 - genDependencies : Invalid condition id : LAN8742 Phy interface Condition cause : null
2025-01-23 15:50:09,518 [WARN] PackLoader:240 - Cannot read IP mode file for STMicroelectronics.X-CUBE-SFXS2LP1.4.0.0
2025-01-23 15:50:09,557 [WARN] PackLoader:240 - Cannot read IP mode file for STMicroelectronics.X-CUBE-AZRTOS-H7.3.3.0
2025-01-23 15:50:09,584 [WARN] PackLoader:240 - Cannot read IP mode file for RoweBots.I-CUBE-UNISONRTOS.5.5.0-4
2025-01-23 15:50:09,604 [WARN] PackLoader:240 - Cannot read IP mode file for wolfSSL.I-CUBE-wolfSSL.5.4.0
2025-01-23 15:50:09,627 [WARN] PackLoader:240 - Cannot read IP mode file for STMicroelectronics.X-CUBE-IPS.3.0.0
2025-01-23 15:50:09,660 [WARN] ConditionMgr:438 - getConditionDescription Invalid condition id : UX DEVICE CLASS RTOS Condition cause : null
2025-01-23 15:50:09,660 [WARN] ConditionMgr:438 - getConditionDescription Invalid condition id : UX DEVICE CLASS RTOS Condition cause : null
2025-01-23 15:50:09,662 [WARN] PackLoader:240 - Cannot read IP mode file for STMicroelectronics.X-CUBE-AZRTOS-WB.2.0.0
2025-01-23 15:50:09,662 [WARN] ConditionMgr:1044 - genDependencies : Invalid condition id : UX DEVICE CLASS RTOS Condition cause : null
2025-01-23 15:50:09,662 [WARN] ConditionMgr:1044 - genDependencies : Invalid condition id : UX DEVICE CLASS RTOS Condition cause : null
2025-01-23 15:50:09,662 [WARN] ConditionMgr:1044 - genDependencies : Invalid condition id : UX DEVICE CLASS RTOS Condition cause : null
2025-01-23 15:50:09,663 [WARN] ConditionMgr:1044 - genDependencies : Invalid condition id : UX DEVICE CLASS RTOS Condition cause : null
2025-01-23 15:50:09,663 [WARN] ConditionMgr:1044 - genDependencies : Invalid condition id : UX DEVICE CLASS RTOS Condition cause : null
2025-01-23 15:50:09,682 [WARN] PackLoader:240 - Cannot read IP mode file for STMicroelectronics.X-CUBE-GNSS1.7.0.0
2025-01-23 15:50:09,702 [WARN] PackLoader:240 - Cannot read IP mode file for STMicroelectronics.X-CUBE-GNSS1.7.0.1
2025-01-23 15:50:09,721 [WARN] PackLoader:240 - Cannot read IP mode file for STMicroelectronics.X-CUBE-BLEMGR.1.0.0
2025-01-23 15:50:09,741 [WARN] PackLoader:240 - Cannot read IP mode file for STMicroelectronics.FP-SNS-STBOX1.2.0.0
2025-01-23 15:50:09,768 [WARN] PackLoader:240 - Cannot read IP mode file for STMicroelectronics.X-CUBE-SUBG2.5.0.0
2025-01-23 15:50:09,777 [WARN] PackLoader:240 - Cannot read IP mode file for Cesanta.I-CUBE-Mongoose.7.13.0
2025-01-23 15:50:09,808 [WARN] PackLoader:240 - Cannot read IP mode file for STMicroelectronics.X-CUBE-AZRTOS-G4.2.0.0
2025-01-23 15:50:09,823 [WARN] PackLoader:240 - Cannot read IP mode file for STMicroelectronics.FP-ATR-ASTRA1.1.1.0
2025-01-23 15:50:09,848 [WARN] PackLoader:240 - Cannot read IP mode file for STMicroelectronics.X-CUBE-AZRTOS-G4.1.0.0
2025-01-23 15:50:09,877 [WARN] PackLoader:240 - Cannot read IP mode file for STMicroelectronics.X-CUBE-AZRTOS-L4.1.0.0
2025-01-23 15:50:09,897 [WARN] PackLoader:240 - Cannot read IP mode file for STMicroelectronics.X-CUBE-IPS.3.1.0
2025-01-23 15:50:09,908 [INFO] WebApp:221 - Starting web application
2025-01-23 15:50:09,908 [INFO] WebApp:579 - Web application path used C:\ST\STM32CubeIDE_1.16.1\STM32CubeIDE\plugins\com.st.stm32cube.common.mx_6.13.0.202411220809\db\plugins\mcufinder\reactClient1\index.html
2025-01-23 15:50:09,914 [WARN] PackLoader:240 - Cannot read IP mode file for STMicroelectronics.X-CUBE-ALS.1.0.2
2025-01-23 15:50:09,926 [WARN] PackLoader:240 - Cannot read IP mode file for STMicroelectronics.X-CUBE-TOUCHGFX.4.24.2
2025-01-23 15:50:09,946 [WARN] PackLoader:240 - Cannot read IP mode file for STMicroelectronics.X-CUBE-AZRTOS-WL.1.0.0
2025-01-23 15:50:09,959 [WARN] PackLoader:240 - Cannot read IP mode file for STMicroelectronics.X-CUBE-TOUCHGFX.4.24.1
2025-01-23 15:50:09,964 [WARN] PackLoader:240 - Cannot read IP mode file for wolfSSL.I-CUBE-wolfTPM.3.4.0
2025-01-23 15:50:09,996 [WARN] PackLoader:240 - Cannot read IP mode file for portGmbH.I-Cube-SoM-uGOAL.1.1.0
2025-01-23 15:50:10,010 [WARN] PackLoader:240 - Cannot read IP mode file for STMicroelectronics.X-CUBE-ALS.1.0.1
2025-01-23 15:50:10,034 [WARN] PackLoader:240 - Cannot read IP mode file for STMicroelectronics.X-CUBE-AZRTOS-L5.1.0.0
2025-01-23 15:50:10,051 [WARN] PackLoader:240 - Cannot read IP mode file for STMicroelectronics.X-CUBE-EEPRMA1.3.1.1
2025-01-23 15:50:10,093 [WARN] PackLoader:240 - Cannot read IP mode file for STMicroelectronics.X-CUBE-AZRTOS-H7RS.1.0.0
2025-01-23 15:50:10,108 [WARN] PackLoader:240 - Cannot read IP mode file for STMicroelectronics.FP-ATR-ASTRA1.2.0.0
2025-01-23 15:50:10,129 [WARN] PackLoader:240 - Cannot read IP mode file for STMicroelectronics.X-CUBE-TOF1.3.4.2
2025-01-23 15:50:10,166 [WARN] PackLoader:240 - Cannot read IP mode file for Infineon.AIROC-Wi-Fi-Bluetooth-STM32.1.6.1
2025-01-23 15:50:10,173 [WARN] PackLoader:240 - Cannot read IP mode file for wolfSSL.I-CUBE-wolfSSH.1.4.17
2025-01-23 15:50:10,173 [INFO] ThirdParty:978 - Integrity check success = true
2025-01-23 15:50:10,173 [INFO] IntegrityCheckThread:100 - exiting critical section [integrity check]
2025-01-23 15:50:10,173 [INFO] IntegrityCheckThread:103 - End integrity checks thread
2025-01-23 15:50:10,240 [INFO] UserAuth:486 - Internet connection configuration mode: 1
2025-01-23 15:50:10,421 [INFO] WebApp:187 - Connection restablished
