2025-01-30 17:18:21,689 [INFO] Activator:176 - 


2025-01-30 17:18:21,695 [INFO] Activator:177 - !SESSION log4j initialized
2025-01-30 17:18:36,221 [INFO] LogOutputStream:77 - [STDOUT_REDIRECT] 
2025-01-30 17:21:49,089 [INFO] ApplicationProperties:184 - Using Application install path: C:\ST\STM32CubeIDE_1.16.1\STM32CubeIDE\plugins\com.st.stm32cube.common.mx_6.13.0.202411220809
2025-01-30 17:21:49,104 [INFO] DbMcusXml:78 - Set database path to: C:\ST\STM32CubeIDE_1.16.1\STM32CubeIDE\plugins\com.st.stm32cube.common.mx_6.13.0.202411220809\\db\/mcu/
2025-01-30 17:21:49,104 [INFO] ApiDb:274 - Set plugin database path to: C:\ST\STM32CubeIDE_1.16.1\STM32CubeIDE\plugins\com.st.stm32cube.common.mx_6.13.0.202411220809\\db\/plugins/boardmanager/
2025-01-30 17:21:49,105 [WARN] ApiDb:259 - Overriding images path with different value:  => C:\ST\STM32CubeIDE_1.16.1\STM32CubeIDE\plugins\com.st.stm32cube.common.mx_6.13.0.202411220809\\db\/plugins/mcufinder/images/
2025-01-30 17:21:49,118 [INFO] ApiDb:250 - Set database path to: C:\Users\Bruno\.stmcufinder\plugins\mcufinder//mcu/
2025-01-30 17:21:49,119 [INFO] DbMcusAds:125 - Set database path to: C:\Users\Bruno\.stmcufinder\plugins\mcufinder//mcu/
2025-01-30 17:21:49,143 [INFO] CrossReferenceDbSqlite:203 - Set database path to: C:\Users\Bruno\.stmcufinder\plugins\mcufinder//mcu/cs/
2025-01-30 17:21:49,258 [INFO] RulesReader:64 - Compatibility file has been processed (297 Rules)
2025-01-30 17:21:49,359 [INFO] DbMcusXml:78 - Set database path to: C:\ST\STM32CubeIDE_1.16.1\STM32CubeIDE\plugins\com.st.stm32cube.common.mx_6.13.0.202411220809\\db\/mcu/
2025-01-30 17:21:49,359 [INFO] ApiDb:274 - Set plugin database path to: C:\ST\STM32CubeIDE_1.16.1\STM32CubeIDE\plugins\com.st.stm32cube.common.mx_6.13.0.202411220809\\db\/plugins/boardmanager/
2025-01-30 17:21:49,360 [INFO] ApiDb:261 - Set plugin images path to: C:\ST\STM32CubeIDE_1.16.1\STM32CubeIDE\plugins\com.st.stm32cube.common.mx_6.13.0.202411220809\\db\/plugins/mcufinder/images/
2025-01-30 17:21:49,360 [WARN] DbFile:41 - Overriding database path with different value: C:\Users\Bruno\.stmcufinder\plugins\mcufinder/ => C:\Users\Bruno\.stmcufinder\plugins\mcufinder
2025-01-30 17:21:49,360 [INFO] ApiDb:250 - Set database path to: C:\Users\Bruno\.stmcufinder\plugins\mcufinder//mcu/
2025-01-30 17:21:49,360 [WARN] DbFile:41 - Overriding database path with different value: C:\Users\Bruno\.stmcufinder\plugins\mcufinder/ => C:\Users\Bruno\.stmcufinder\plugins\mcufinder
2025-01-30 17:21:49,360 [INFO] DbMcusAds:125 - Set database path to: C:\Users\Bruno\.stmcufinder\plugins\mcufinder//mcu/
2025-01-30 17:21:49,360 [WARN] DbFile:41 - Overriding database path with different value: C:\Users\Bruno\.stmcufinder\plugins\mcufinder/ => C:\Users\Bruno\.stmcufinder\plugins\mcufinder
2025-01-30 17:21:49,360 [WARN] DbFile:41 - Overriding database path with different value: C:\Users\Bruno\.stmcufinder\plugins\mcufinder/ => C:\Users\Bruno\.stmcufinder\plugins\mcufinder
2025-01-30 17:21:49,360 [INFO] CrossReferenceDbSqlite:203 - Set database path to: C:\Users\Bruno\.stmcufinder\plugins\mcufinder//mcu/cs/
2025-01-30 17:21:49,441 [INFO] MainPanel:272 - HeapMemory: 1073741824
2025-01-30 17:21:49,543 [INFO] DbMcusXml:78 - Set database path to: C:\ST\STM32CubeIDE_1.16.1\STM32CubeIDE\plugins\com.st.stm32cube.common.mx_6.13.0.202411220809\\db\/mcu/
2025-01-30 17:21:49,544 [INFO] ApiDb:274 - Set plugin database path to: C:\ST\STM32CubeIDE_1.16.1\STM32CubeIDE\plugins\com.st.stm32cube.common.mx_6.13.0.202411220809\\db\/plugins/boardmanager/
2025-01-30 17:21:49,544 [INFO] ApiDb:261 - Set plugin images path to: C:\ST\STM32CubeIDE_1.16.1\STM32CubeIDE\plugins\com.st.stm32cube.common.mx_6.13.0.202411220809\\db\/plugins/mcufinder/images/
2025-01-30 17:21:49,544 [WARN] DbFile:41 - Overriding database path with different value: C:\Users\Bruno\.stmcufinder\plugins\mcufinder/ => C:\Users\Bruno\.stmcufinder\plugins\mcufinder
2025-01-30 17:21:49,544 [INFO] ApiDb:250 - Set database path to: C:\Users\Bruno\.stmcufinder\plugins\mcufinder//mcu/
2025-01-30 17:21:49,544 [WARN] DbFile:41 - Overriding database path with different value: C:\Users\Bruno\.stmcufinder\plugins\mcufinder/ => C:\Users\Bruno\.stmcufinder\plugins\mcufinder
2025-01-30 17:21:49,544 [INFO] DbMcusAds:125 - Set database path to: C:\Users\Bruno\.stmcufinder\plugins\mcufinder//mcu/
2025-01-30 17:21:49,544 [WARN] DbFile:41 - Overriding database path with different value: C:\Users\Bruno\.stmcufinder\plugins\mcufinder/ => C:\Users\Bruno\.stmcufinder\plugins\mcufinder
2025-01-30 17:21:49,544 [WARN] DbFile:41 - Overriding database path with different value: C:\Users\Bruno\.stmcufinder\plugins\mcufinder/ => C:\Users\Bruno\.stmcufinder\plugins\mcufinder
2025-01-30 17:21:49,545 [INFO] CrossReferenceDbSqlite:203 - Set database path to: C:\Users\Bruno\.stmcufinder\plugins\mcufinder//mcu/cs/
2025-01-30 17:21:49,562 [INFO] ApplicationProperties:184 - Using Application install path: C:\ST\STM32CubeIDE_1.16.1\STM32CubeIDE\plugins\com.st.stm32cube.common.mx_6.13.0.202411220809
2025-01-30 17:21:49,563 [INFO] PluginManage:196 - Search for loadable plugins [exclusion list=, ]
2025-01-30 17:21:49,565 [INFO] PluginManage:310 - Check plugin analytics
2025-01-30 17:21:49,735 [INFO] AnalyticsPlugin:253 - Accepted Software Licenses: STM32CubeMX.6.6.1,STM32CubeMX.6.13.0
2025-01-30 17:21:49,735 [INFO] AnalyticsPlugin:255 - Accepted CMSIS Pack Licenses: 
2025-01-30 17:21:49,735 [INFO] AnalyticsPlugin:257 - Accepted Firmware Licenses: FW.G0.1.6.0,FW.F4.1.28.0
2025-01-30 17:21:49,736 [INFO] PluginManage:359 - Loaded plugin analytics (category:tool,tabindex:-1)
2025-01-30 17:21:49,736 [INFO] PluginManage:310 - Check plugin cadmodel
2025-01-30 17:21:49,756 [INFO] CADModel:105 - Init CAD model plugin
2025-01-30 17:21:49,756 [INFO] PluginManage:359 - Loaded plugin cadmodel (category:power,tabindex:5)
2025-01-30 17:21:49,756 [INFO] PluginManage:310 - Check plugin clock
2025-01-30 17:21:49,780 [INFO] PluginManage:359 - Loaded plugin clock (category:base,tabindex:2)
2025-01-30 17:21:49,780 [INFO] PluginManage:310 - Check plugin ddr
2025-01-30 17:21:49,783 [INFO] PluginManage:359 - Loaded plugin ddr (category:tool,tabindex:6)
2025-01-30 17:21:49,783 [INFO] PluginManage:310 - Check plugin filemanager
2025-01-30 17:21:49,929 [INFO] PluginManage:359 - Loaded plugin filemanager (category:base,tabindex:10)
2025-01-30 17:21:49,929 [INFO] PluginManage:310 - Check plugin ipmanager
2025-01-30 17:21:49,938 [INFO] PluginManage:359 - Loaded plugin ipmanager (category:base,tabindex:5)
2025-01-30 17:21:49,939 [INFO] PluginManage:310 - Check plugin lpbam
2025-01-30 17:21:49,962 [INFO] PluginManage:359 - Loaded plugin lpbam (category:base,tabindex:0)
2025-01-30 17:21:49,962 [INFO] PluginManage:310 - Check plugin memorymap
2025-01-30 17:21:49,989 [INFO] PluginManage:359 - Loaded plugin memorymap (category:base,tabindex:4)
2025-01-30 17:21:49,990 [INFO] PluginManage:310 - Check plugin pinoutandconfiguration
2025-01-30 17:21:50,012 [INFO] PluginManage:359 - Loaded plugin pinoutandconfiguration (category:base,tabindex:1)
2025-01-30 17:21:50,012 [INFO] PluginManage:310 - Check plugin pinoutconfig
2025-01-30 17:21:50,109 [WARN] SupportedApi:132 - Cannot load RTOS API schema: s4s-elt-must-match.1: The content of 'definitions' must match (annotation?, (simpleType | complexType)?, (unique | key | keyref)*)). A problem was found starting at: attribute.
2025-01-30 17:21:50,245 [INFO] PluginManage:359 - Loaded plugin pinoutconfig (category:base,tabindex:0)
2025-01-30 17:21:50,246 [INFO] PluginManage:310 - Check plugin power
2025-01-30 17:21:50,270 [INFO] PluginManage:359 - Loaded plugin power (category:power,tabindex:4)
2025-01-30 17:21:50,270 [INFO] PluginManage:310 - Check plugin projectmanager
2025-01-30 17:21:50,286 [INFO] PluginManage:359 - Loaded plugin projectmanager (category:projectmanager,tabindex:4)
2025-01-30 17:21:50,287 [INFO] PluginManage:310 - Check plugin rif
2025-01-30 17:21:50,307 [INFO] PluginManage:359 - Loaded plugin rif (category:base,tabindex:3)
2025-01-30 17:21:50,307 [INFO] PluginManage:310 - Check plugin thirdparty
2025-01-30 17:21:50,612 [INFO] PluginManage:359 - Loaded plugin thirdparty (category:base,tabindex:-1)
2025-01-30 17:21:50,612 [INFO] PluginManage:310 - Check plugin tools
2025-01-30 17:21:50,612 [WARN] IntegrityCheckThread:84 - waiting for thirdparty lock release [integrity check]
2025-01-30 17:21:50,612 [INFO] IntegrityCheckThread:86 - entering critical section [integrity check]
2025-01-30 17:21:50,613 [INFO] ThirdPartyUpdaterWithRetryManager:70 - Updater plugin not ready yet. [1/15]
2025-01-30 17:21:50,657 [INFO] PluginManage:359 - Loaded plugin tools (category:base,tabindex:7)
2025-01-30 17:21:50,657 [INFO] PluginManage:310 - Check plugin tutovideos
2025-01-30 17:21:50,842 [INFO] PluginManage:359 - Loaded plugin tutovideos (category:base,tabindex:-1)
2025-01-30 17:21:50,842 [INFO] PluginManage:310 - Check plugin updater
2025-01-30 17:21:50,863 [INFO] PluginManage:359 - Loaded plugin updater (category:base,tabindex:12)
2025-01-30 17:21:50,864 [INFO] PluginManage:310 - Check plugin userauth
2025-01-30 17:21:50,868 [INFO] UserAuth:118 - Init User Auth plugin
2025-01-30 17:21:50,869 [INFO] PluginManage:359 - Loaded plugin userauth (category:base,tabindex:14)
2025-01-30 17:21:50,869 [INFO] PluginManage:283 - PluginManage : Loaded plugins [18]
2025-01-30 17:21:51,072 [INFO] PinOutPanel:1589 - setPackage(No Configuration,No Configuration)
2025-01-30 17:21:51,177 [INFO] CADModel:165 - CPN selected for project level
2025-01-30 17:21:51,178 [INFO] CADModel:114 - Register for checkConnection events
2025-01-30 17:21:51,209 [INFO] IPUIPlugin:80 - create IPUIPlugin
2025-01-30 17:21:51,209 [INFO] PluginManager:220 - loadIPPluginJar : add adc
2025-01-30 17:21:51,264 [INFO] IPUIPlugin:80 - create IPUIPlugin
2025-01-30 17:21:51,264 [INFO] PluginManager:220 - loadIPPluginJar : add aes
2025-01-30 17:21:51,322 [INFO] IPUIPlugin:80 - create IPUIPlugin
2025-01-30 17:21:51,322 [INFO] PluginManager:220 - loadIPPluginJar : add can
2025-01-30 17:21:51,355 [INFO] IPUIPlugin:80 - create IPUIPlugin
2025-01-30 17:21:51,355 [INFO] PluginManager:220 - loadIPPluginJar : add comp
2025-01-30 17:21:51,401 [INFO] IPUIPlugin:80 - create IPUIPlugin
2025-01-30 17:21:51,401 [INFO] PluginManager:220 - loadIPPluginJar : add cryp
2025-01-30 17:21:51,418 [INFO] IPUIPlugin:80 - create IPUIPlugin
2025-01-30 17:21:51,418 [INFO] PluginManager:220 - loadIPPluginJar : add ddr_ctrl_phy
2025-01-30 17:21:51,464 [INFO] IPUIPlugin:80 - create IPUIPlugin
2025-01-30 17:21:51,464 [INFO] PluginManager:220 - loadIPPluginJar : add dfsdm
2025-01-30 17:21:51,484 [INFO] IPUIPlugin:80 - create IPUIPlugin
2025-01-30 17:21:51,485 [INFO] PluginManager:220 - loadIPPluginJar : add dma
2025-01-30 17:21:51,538 [INFO] IPUIPlugin:80 - create IPUIPlugin
2025-01-30 17:21:51,538 [INFO] PluginManager:220 - loadIPPluginJar : add dma3
2025-01-30 17:21:51,595 [INFO] IPUIPlugin:80 - create IPUIPlugin
2025-01-30 17:21:51,595 [INFO] PluginManager:220 - loadIPPluginJar : add extmemmanager
2025-01-30 17:21:51,621 [INFO] IPUIPlugin:80 - create IPUIPlugin
2025-01-30 17:21:51,622 [INFO] PluginManager:220 - loadIPPluginJar : add fatfs
2025-01-30 17:21:51,681 [INFO] IPUIPlugin:80 - create IPUIPlugin
2025-01-30 17:21:51,681 [INFO] PluginManager:220 - loadIPPluginJar : add fmc
2025-01-30 17:21:51,700 [INFO] IPUIPlugin:80 - create IPUIPlugin
2025-01-30 17:21:51,700 [INFO] PluginManager:220 - loadIPPluginJar : add freertos
2025-01-30 17:21:51,727 [INFO] IPUIPlugin:80 - create IPUIPlugin
2025-01-30 17:21:51,727 [INFO] PluginManager:220 - loadIPPluginJar : add genericplugin
2025-01-30 17:21:51,842 [INFO] IPUIPlugin:80 - create IPUIPlugin
2025-01-30 17:21:51,842 [INFO] PluginManager:220 - loadIPPluginJar : add gfxmmu
2025-01-30 17:21:52,003 [INFO] IPUIPlugin:80 - create IPUIPlugin
2025-01-30 17:21:52,003 [INFO] PluginManager:220 - loadIPPluginJar : add gic
2025-01-30 17:21:52,019 [INFO] IPUIPlugin:80 - create IPUIPlugin
2025-01-30 17:21:52,019 [INFO] PluginManager:220 - loadIPPluginJar : add gpio
2025-01-30 17:21:52,135 [INFO] IPUIPlugin:80 - create IPUIPlugin
2025-01-30 17:21:52,135 [INFO] PluginManager:220 - loadIPPluginJar : add gtzc
2025-01-30 17:21:52,176 [INFO] IPUIPlugin:80 - create IPUIPlugin
2025-01-30 17:21:52,177 [INFO] PluginManager:220 - loadIPPluginJar : add hash
2025-01-30 17:21:52,242 [INFO] IPUIPlugin:80 - create IPUIPlugin
2025-01-30 17:21:52,242 [INFO] PluginManager:220 - loadIPPluginJar : add i2c
2025-01-30 17:21:52,291 [INFO] IPUIPlugin:80 - create IPUIPlugin
2025-01-30 17:21:52,291 [INFO] PluginManager:220 - loadIPPluginJar : add i2s
2025-01-30 17:21:52,343 [INFO] IPUIPlugin:80 - create IPUIPlugin
2025-01-30 17:21:52,343 [INFO] PluginManager:220 - loadIPPluginJar : add i3c
2025-01-30 17:21:52,475 [INFO] IPUIPlugin:80 - create IPUIPlugin
2025-01-30 17:21:52,475 [INFO] PluginManager:220 - loadIPPluginJar : add ipddr
2025-01-30 17:21:52,587 [INFO] IPUIPlugin:80 - create IPUIPlugin
2025-01-30 17:21:52,588 [INFO] PluginManager:220 - loadIPPluginJar : add linkedlist
2025-01-30 17:21:52,633 [INFO] IPUIPlugin:80 - create IPUIPlugin
2025-01-30 17:21:52,633 [INFO] PluginManager:220 - loadIPPluginJar : add lorawan
2025-01-30 17:21:52,678 [INFO] IPUIPlugin:80 - create IPUIPlugin
2025-01-30 17:21:52,678 [INFO] PluginManager:220 - loadIPPluginJar : add ltdc
2025-01-30 17:21:52,695 [INFO] IPUIPlugin:80 - create IPUIPlugin
2025-01-30 17:21:52,695 [INFO] PluginManager:220 - loadIPPluginJar : add mdma
2025-01-30 17:21:52,711 [INFO] IPUIPlugin:80 - create IPUIPlugin
2025-01-30 17:21:52,711 [INFO] PluginManager:220 - loadIPPluginJar : add nvic
2025-01-30 17:21:52,758 [INFO] IPUIPlugin:80 - create IPUIPlugin
2025-01-30 17:21:52,759 [INFO] PluginManager:220 - loadIPPluginJar : add opamp
2025-01-30 17:21:52,834 [INFO] IPUIPlugin:80 - create IPUIPlugin
2025-01-30 17:21:52,834 [INFO] PluginManager:220 - loadIPPluginJar : add openamp
2025-01-30 17:21:52,888 [INFO] IPUIPlugin:80 - create IPUIPlugin
2025-01-30 17:21:52,888 [INFO] PluginManager:220 - loadIPPluginJar : add pdm2pcm
2025-01-30 17:21:52,906 [INFO] IPUIPlugin:80 - create IPUIPlugin
2025-01-30 17:21:52,908 [INFO] PluginManager:220 - loadIPPluginJar : add plateformsettings
2025-01-30 17:21:52,936 [INFO] IPUIPlugin:80 - create IPUIPlugin
2025-01-30 17:21:52,937 [INFO] PluginManager:220 - loadIPPluginJar : add quadspi
2025-01-30 17:21:52,970 [INFO] IPUIPlugin:80 - create IPUIPlugin
2025-01-30 17:21:52,971 [INFO] PluginManager:220 - loadIPPluginJar : add radio
2025-01-30 17:21:52,987 [INFO] IPUIPlugin:80 - create IPUIPlugin
2025-01-30 17:21:52,988 [INFO] PluginManager:220 - loadIPPluginJar : add resmgrutility
2025-01-30 17:21:53,047 [INFO] IPUIPlugin:80 - create IPUIPlugin
2025-01-30 17:21:53,047 [INFO] PluginManager:220 - loadIPPluginJar : add sai
2025-01-30 17:21:53,095 [INFO] IPUIPlugin:80 - create IPUIPlugin
2025-01-30 17:21:53,095 [INFO] PluginManager:220 - loadIPPluginJar : add spi
2025-01-30 17:21:53,186 [INFO] IPUIPlugin:80 - create IPUIPlugin
2025-01-30 17:21:53,187 [INFO] PluginManager:220 - loadIPPluginJar : add stm32_wpan
2025-01-30 17:21:53,216 [INFO] IPUIPlugin:80 - create IPUIPlugin
2025-01-30 17:21:53,217 [INFO] PluginManager:220 - loadIPPluginJar : add tim
2025-01-30 17:21:53,292 [INFO] IPUIPlugin:80 - create IPUIPlugin
2025-01-30 17:21:53,292 [INFO] PluginManager:220 - loadIPPluginJar : add touchsensing
2025-01-30 17:21:53,321 [INFO] IPUIPlugin:80 - create IPUIPlugin
2025-01-30 17:21:53,321 [INFO] PluginManager:220 - loadIPPluginJar : add tracer_emb
2025-01-30 17:21:53,352 [INFO] IPUIPlugin:80 - create IPUIPlugin
2025-01-30 17:21:53,352 [INFO] PluginManager:220 - loadIPPluginJar : add ts
2025-01-30 17:21:53,381 [INFO] IPUIPlugin:80 - create IPUIPlugin
2025-01-30 17:21:53,381 [INFO] PluginManager:220 - loadIPPluginJar : add tsc
2025-01-30 17:21:53,410 [INFO] IPUIPlugin:80 - create IPUIPlugin
2025-01-30 17:21:53,410 [INFO] PluginManager:220 - loadIPPluginJar : add ucpd
2025-01-30 17:21:53,465 [INFO] IPUIPlugin:80 - create IPUIPlugin
2025-01-30 17:21:53,466 [INFO] PluginManager:220 - loadIPPluginJar : add usart
2025-01-30 17:21:53,520 [INFO] IPUIPlugin:80 - create IPUIPlugin
2025-01-30 17:21:53,520 [INFO] PluginManager:220 - loadIPPluginJar : add usbx
2025-01-30 17:21:53,613 [INFO] ThirdPartyUpdaterWithRetryManager:70 - Updater plugin not ready yet. [2/15]
2025-01-30 17:21:53,645 [FATAL] Updater:351 - Updater called before beeing initialized
2025-01-30 17:21:53,667 [INFO] RulesReader:64 - Compatibility file has been processed (297 Rules)
2025-01-30 17:21:53,677 [INFO] RulesReader:64 - Compatibility file has been processed (297 Rules)
2025-01-30 17:21:53,684 [INFO] CADModel:165 - CPN selected for project level
2025-01-30 17:21:53,684 [INFO] CADModel:114 - Register for checkConnection events
2025-01-30 17:21:53,684 [FATAL] Updater:351 - Updater called before beeing initialized
2025-01-30 17:21:53,684 [ERROR] CADModel:125 - Updater not yet initialized, retry later 
2025-01-30 17:21:53,829 [FATAL] Updater:351 - Updater called before beeing initialized
2025-01-30 17:21:53,831 [INFO] CADModel:165 - CPN selected for project level
2025-01-30 17:21:53,831 [INFO] CADModel:114 - Register for checkConnection events
2025-01-30 17:21:53,831 [FATAL] Updater:351 - Updater called before beeing initialized
2025-01-30 17:21:53,831 [ERROR] CADModel:125 - Updater not yet initialized, retry later 
2025-01-30 17:21:53,834 [FATAL] Updater:351 - Updater called before beeing initialized
2025-01-30 17:21:53,948 [FATAL] Updater:351 - Updater called before beeing initialized
2025-01-30 17:21:53,952 [INFO] DbMcusAds:53 - JSON generation date=Tue Dec 17 17:01:15 CET 2024 (1734451275111)
2025-01-30 17:21:53,952 [FATAL] Updater:351 - Updater called before beeing initialized
2025-01-30 17:21:53,993 [WARN] DetailPanel:346 - Failed to get advertising image, set to default
2025-01-30 17:21:54,262 [FATAL] Updater:351 - Updater called before beeing initialized
2025-01-30 17:21:54,264 [FATAL] Updater:351 - Updater called before beeing initialized
2025-01-30 17:21:54,264 [FATAL] Updater:351 - Updater called before beeing initialized
2025-01-30 17:21:54,264 [WARN] DetailPanel:346 - Failed to get advertising image, set to default
2025-01-30 17:21:54,265 [FATAL] Updater:351 - Updater called before beeing initialized
2025-01-30 17:21:54,325 [ERROR] Updater:1198 - MainUpdater not yet initialized. External WinMGr cannot be set.
2025-01-30 17:21:54,349 [INFO] Updater:1134 - Updater Version found : 6.13.0
2025-01-30 17:21:54,364 [INFO] ApplicationProperties:184 - Using Application install path: C:\ST\STM32CubeIDE_1.16.1\STM32CubeIDE\plugins\com.st.stm32cube.common.mx_6.13.0.202411220809
2025-01-30 17:21:54,690 [INFO] MainUpdater:2872 - connection check result : 10
2025-01-30 17:21:54,690 [INFO] MainUpdater:289 - Updater Check For Update Now.
2025-01-30 17:21:54,690 [INFO] MicroXplorer:498 - Change Database Version : DB.6.0.130
2025-01-30 17:21:54,706 [INFO] McuFinderGlobals:63 - Set McuFinder mode to 2 (CubeIDE integrated)
2025-01-30 17:21:54,706 [INFO] UserAuth:486 - Internet connection configuration mode: 1
2025-01-30 17:21:54,725 [INFO] JxBrowserEngine:152 - Initiate JxBrowser Engine with user profile folder
2025-01-30 17:21:54,890 [INFO] CheckServerUpdateThread:120 - End of CheckServer Thread
2025-01-30 17:21:57,061 [WARN] PackLoader:240 - Cannot read IP mode file for STMicroelectronics.FP-SNS-MOTENVWB1.1.4.0
2025-01-30 17:21:57,082 [WARN] PackLoader:240 - Cannot read IP mode file for STMicroelectronics.FP-ATR-ASTRA1.2.0.1
2025-01-30 17:21:57,100 [WARN] PackLoader:240 - Cannot read IP mode file for STMicroelectronics.X-CUBE-SMBUS.2.1.0
2025-01-30 17:21:57,111 [WARN] PackLoader:240 - Cannot read IP mode file for STMicroelectronics.X-CUBE-WB05N.1.1.0
2025-01-30 17:21:57,176 [WARN] PackLoader:240 - Cannot read IP mode file for STMicroelectronics.X-CUBE-MEMS1.9.2.0
2025-01-30 17:21:57,184 [INFO] WebApp:168 - Instantiating new browser for Auth
2025-01-30 17:21:57,346 [WARN] PackLoader:240 - Cannot read IP mode file for STMicroelectronics.X-CUBE-AZRTOS-F7.1.1.0
2025-01-30 17:21:57,359 [WARN] PackLoader:240 - Cannot read IP mode file for STMicroelectronics.X-CUBE-BLE1.6.2.3
2025-01-30 17:21:57,404 [WARN] PackLoader:240 - Cannot read IP mode file for STMicroelectronics.X-CUBE-MEMS1.11.0.0
2025-01-30 17:21:57,532 [WARN] PackLoader:240 - Cannot read IP mode file for STMicroelectronics.FP-SNS-FLIGHT1.5.0.2
2025-01-30 17:21:57,542 [WARN] PackLoader:240 - Cannot read IP mode file for STMicroelectronics.X-CUBE-TOF1.3.1.0
2025-01-30 17:21:57,555 [WARN] PackLoader:240 - Cannot read IP mode file for STMicroelectronics.X-CUBE-DISPLAY.3.0.0
2025-01-30 17:21:57,589 [WARN] PackLoader:240 - Cannot read IP mode file for STMicroelectronics.X-CUBE-BLE1.7.0.0
2025-01-30 17:21:57,602 [WARN] PackLoader:240 - Cannot read IP mode file for STMicroelectronics.X-CUBE-NFC10.1.0.0
2025-01-30 17:21:57,615 [WARN] PackLoader:240 - Cannot read IP mode file for STMicroelectronics.X-CUBE-BLEMGR.4.0.0
2025-01-30 17:21:57,623 [WARN] PackLoader:240 - Cannot read IP mode file for STMicroelectronics.X-CUBE-AI.7.2.0
2025-01-30 17:21:57,631 [WARN] PackLoader:240 - Cannot read IP mode file for STMicroelectronics.X-CUBE-BLEMGR.3.1.0
2025-01-30 17:21:57,640 [WARN] PackLoader:240 - Cannot read IP mode file for STMicroelectronics.X-CUBE-AI.10.0.0
2025-01-30 17:21:57,651 [WARN] PackLoader:240 - Cannot read IP mode file for STMicroelectronics.FP-SNS-SMARTAG2.1.2.0
2025-01-30 17:21:57,742 [WARN] PackLoader:240 - Cannot read IP mode file for STMicroelectronics.X-CUBE-MEMS1.11.1.0
2025-01-30 17:21:57,876 [INFO] LogOutputStream:77 - [STDOUT_REDIRECT] 1 : Invalid condition id : UX_CORESTACK_Condition cause : null
2025-01-30 17:21:57,877 [INFO] LogOutputStream:77 - [STDOUT_REDIRECT] 1 : Invalid condition id : UX_CORESTACK_Condition cause : null
2025-01-30 17:21:57,878 [INFO] LogOutputStream:77 - [STDOUT_REDIRECT] 1 : Invalid condition id : UX_CORESTACK_Condition cause : null
2025-01-30 17:21:57,880 [INFO] LogOutputStream:77 - [STDOUT_REDIRECT] 1 : Invalid condition id : UX_CORESTACK_Condition cause : null
2025-01-30 17:21:57,881 [INFO] LogOutputStream:77 - [STDOUT_REDIRECT] 1 : Invalid condition id : UX_CORESTACK_Condition cause : null
2025-01-30 17:21:57,883 [WARN] PackLoader:240 - Cannot read IP mode file for STMicroelectronics.X-CUBE-AZRTOS-WL.2.0.0
2025-01-30 17:21:57,891 [WARN] PackLoader:240 - Cannot read IP mode file for STMicroelectronics.FP-SNS-MOTENV1.5.0.0
2025-01-30 17:21:57,909 [WARN] PackLoader:240 - Cannot read IP mode file for wolfSSL.I-CUBE-wolfMQTT.1.19.0
2025-01-30 17:21:57,921 [WARN] PackLoader:240 - Cannot read IP mode file for WES.I-CUBE-Cesium.1.3.0
2025-01-30 17:21:57,948 [WARN] PackLoader:240 - Cannot read IP mode file for STMicroelectronics.X-CUBE-BLE2.3.3.0
2025-01-30 17:21:57,965 [WARN] PackLoader:240 - Cannot read IP mode file for STMicroelectronics.X-CUBE-DISPLAY.2.2.0
2025-01-30 17:21:57,980 [WARN] PackLoader:240 - Cannot read IP mode file for STMicroelectronics.X-CUBE-NFC9.1.0.0
2025-01-30 17:21:58,003 [WARN] PackLoader:240 - Cannot read IP mode file for STMicroelectronics.X-CUBE-AZRTOS-H7.2.1.0
2025-01-30 17:21:58,020 [WARN] PackLoader:240 - Cannot read IP mode file for STMicroelectronics.X-CUBE-TCPP.4.1.0
2025-01-30 17:21:58,030 [WARN] PackLoader:240 - Cannot read IP mode file for STMicroelectronics.X-CUBE-ALGOBUILD.1.3.0
2025-01-30 17:21:58,051 [WARN] PackLoader:240 - Cannot read IP mode file for STMicroelectronics.X-CUBE-AZRTOS-G0.1.1.0
2025-01-30 17:21:58,062 [WARN] PackLoader:240 - Cannot read IP mode file for STMicroelectronics.X-CUBE-SAFEA1.1.2.2
2025-01-30 17:21:58,075 [WARN] PackLoader:240 - Cannot read IP mode file for STMicroelectronics.X-CUBE-NFC4.3.0.0
2025-01-30 17:21:58,106 [WARN] PackLoader:240 - Cannot read IP mode file for SEGGER.I-CUBE-embOS.1.2.0
2025-01-30 17:21:58,143 [WARN] PackLoader:240 - Cannot read IP mode file for EmbeddedOffice.I-CUBE-FS-RTOS.1.0.1
2025-01-30 17:21:58,150 [WARN] PackLoader:240 - Cannot read IP mode file for STMicroelectronics.X-CUBE-TCPP.4.2.0
2025-01-30 17:21:58,156 [WARN] PackLoader:240 - Cannot read IP mode file for RealThread.X-CUBE-RT-Thread_Nano.4.1.1
2025-01-30 17:21:58,161 [WARN] PackLoader:240 - Cannot read IP mode file for STMicroelectronics.FP-ATR-SIGFOX1.3.2.0
2025-01-30 17:21:58,167 [WARN] ConditionMgr:438 - getConditionDescription Invalid condition id : Cortex-A Device cause : null
2025-01-30 17:21:58,684 [WARN] ConditionMgr:1044 - genDependencies : Invalid condition id : Cortex-A Device cause : null
2025-01-30 17:21:58,685 [WARN] ConditionMgr:1044 - genDependencies : Invalid condition id : Cortex-A Device cause : null
2025-01-30 17:21:58,685 [WARN] ConditionMgr:1044 - genDependencies : Invalid condition id : Cortex-A Device cause : null
2025-01-30 17:21:58,703 [WARN] PackLoader:240 - Cannot read IP mode file for STMicroelectronics.X-CUBE-EEPRMA1.5.1.0
2025-01-30 17:21:58,712 [WARN] PackLoader:240 - Cannot read IP mode file for emotas.I-CUBE-CANOPEN.1.1.2
2025-01-30 17:21:58,719 [WARN] PackLoader:240 - Cannot read IP mode file for STMicroelectronics.X-CUBE-TOUCHGFX.4.20.0
2025-01-30 17:21:58,727 [WARN] PackLoader:240 - Cannot read IP mode file for ITTIA_DB.I-CUBE-ITTIADB.8.9.0
2025-01-30 17:21:58,745 [WARN] PackLoader:240 - Cannot read IP mode file for SEGGER.I-CUBE-embOS.1.3.1
2025-01-30 17:21:58,766 [WARN] PackLoader:240 - Cannot read IP mode file for STMicroelectronics.X-CUBE-ALGOBUILD.1.4.0
2025-01-30 17:21:58,772 [WARN] PackLoader:240 - Cannot read IP mode file for STMicroelectronics.X-CUBE-AI.9.1.0
2025-01-30 17:21:58,776 [WARN] PackLoader:240 - Cannot read IP mode file for STMicroelectronics.X-CUBE-GNSS1.6.0.0
2025-01-30 17:21:58,791 [WARN] PackLoader:240 - Cannot read IP mode file for STMicroelectronics.X-CUBE-AZRTOS-F4.1.1.0
2025-01-30 17:21:58,844 [WARN] PackLoader:240 - Cannot read IP mode file for STMicroelectronics.X-CUBE-ISPU.2.1.0
2025-01-30 17:21:58,849 [WARN] PackLoader:240 - Cannot read IP mode file for STMicroelectronics.X-CUBE-FREERTOS.1.2.0
2025-01-30 17:21:58,863 [WARN] PackLoader:240 - Cannot read IP mode file for STMicroelectronics.X-CUBE-AZRTOS-L5.2.0.0
2025-01-30 17:21:58,871 [WARN] PackLoader:240 - Cannot read IP mode file for STMicroelectronics.X-CUBE-NFC6.3.1.0
2025-01-30 17:21:58,877 [WARN] PackLoader:240 - Cannot read IP mode file for STMicroelectronics.X-CUBE-DPower.1.2.0
2025-01-30 17:21:58,885 [WARN] PackLoader:240 - Cannot read IP mode file for STMicroelectronics.X-CUBE-NFC4.2.0.4
2025-01-30 17:21:58,897 [WARN] PackLoader:240 - Cannot read IP mode file for STMicroelectronics.X-CUBE-AZRTOS-F4.1.0.0
2025-01-30 17:21:58,902 [WARN] PackLoader:240 - Cannot read IP mode file for STMicroelectronics.X-CUBE-FREERTOS.1.3.0
2025-01-30 17:21:58,907 [WARN] PackLoader:240 - Cannot read IP mode file for STMicroelectronics.X-CUBE-NFC7.1.0.1
2025-01-30 17:21:58,933 [WARN] PackLoader:240 - Cannot read IP mode file for STMicroelectronics.X-CUBE-NFC7.1.0.0
2025-01-30 17:21:58,951 [WARN] ConditionMgr:438 - getConditionDescription Invalid condition id : LAN8742 Phy interface Condition cause : null
2025-01-30 17:21:58,952 [WARN] PackLoader:240 - Cannot read IP mode file for STMicroelectronics.X-CUBE-AZRTOS-L4.2.0.0
2025-01-30 17:21:58,953 [WARN] ConditionMgr:1044 - genDependencies : Invalid condition id : LAN8742 Phy interface Condition cause : null
2025-01-30 17:21:58,953 [WARN] ConditionMgr:1044 - genDependencies : Invalid condition id : LAN8742 Phy interface Condition cause : null
2025-01-30 17:21:58,953 [WARN] ConditionMgr:1044 - genDependencies : Invalid condition id : LAN8742 Phy interface Condition cause : null
2025-01-30 17:21:58,963 [WARN] PackLoader:240 - Cannot read IP mode file for STMicroelectronics.X-CUBE-SFXS2LP1.4.0.0
2025-01-30 17:21:58,981 [WARN] PackLoader:240 - Cannot read IP mode file for STMicroelectronics.X-CUBE-AZRTOS-H7.3.3.0
2025-01-30 17:21:58,991 [WARN] PackLoader:240 - Cannot read IP mode file for RoweBots.I-CUBE-UNISONRTOS.5.5.0-4
2025-01-30 17:21:58,995 [WARN] PackLoader:240 - Cannot read IP mode file for wolfSSL.I-CUBE-wolfSSL.5.4.0
2025-01-30 17:21:59,004 [WARN] PackLoader:240 - Cannot read IP mode file for STMicroelectronics.X-CUBE-IPS.3.0.0
2025-01-30 17:21:59,109 [WARN] ConditionMgr:438 - getConditionDescription Invalid condition id : UX DEVICE CLASS RTOS Condition cause : null
2025-01-30 17:21:59,110 [WARN] ConditionMgr:438 - getConditionDescription Invalid condition id : UX DEVICE CLASS RTOS Condition cause : null
2025-01-30 17:21:59,111 [WARN] PackLoader:240 - Cannot read IP mode file for STMicroelectronics.X-CUBE-AZRTOS-WB.2.0.0
2025-01-30 17:21:59,111 [WARN] ConditionMgr:1044 - genDependencies : Invalid condition id : UX DEVICE CLASS RTOS Condition cause : null
2025-01-30 17:21:59,112 [WARN] ConditionMgr:1044 - genDependencies : Invalid condition id : UX DEVICE CLASS RTOS Condition cause : null
2025-01-30 17:21:59,112 [WARN] ConditionMgr:1044 - genDependencies : Invalid condition id : UX DEVICE CLASS RTOS Condition cause : null
2025-01-30 17:21:59,112 [WARN] ConditionMgr:1044 - genDependencies : Invalid condition id : UX DEVICE CLASS RTOS Condition cause : null
2025-01-30 17:21:59,112 [WARN] ConditionMgr:1044 - genDependencies : Invalid condition id : UX DEVICE CLASS RTOS Condition cause : null
2025-01-30 17:21:59,118 [WARN] PackLoader:240 - Cannot read IP mode file for STMicroelectronics.X-CUBE-GNSS1.7.0.0
2025-01-30 17:21:59,126 [WARN] PackLoader:240 - Cannot read IP mode file for STMicroelectronics.X-CUBE-GNSS1.7.0.1
2025-01-30 17:21:59,132 [WARN] PackLoader:240 - Cannot read IP mode file for STMicroelectronics.X-CUBE-BLEMGR.1.0.0
2025-01-30 17:21:59,144 [WARN] PackLoader:240 - Cannot read IP mode file for STMicroelectronics.FP-SNS-STBOX1.2.0.0
2025-01-30 17:21:59,153 [WARN] PackLoader:240 - Cannot read IP mode file for STMicroelectronics.X-CUBE-SUBG2.5.0.0
2025-01-30 17:21:59,163 [WARN] PackLoader:240 - Cannot read IP mode file for Cesanta.I-CUBE-Mongoose.7.13.0
2025-01-30 17:21:59,174 [WARN] PackLoader:240 - Cannot read IP mode file for STMicroelectronics.X-CUBE-AZRTOS-G4.2.0.0
2025-01-30 17:21:59,179 [WARN] PackLoader:240 - Cannot read IP mode file for STMicroelectronics.FP-ATR-ASTRA1.1.1.0
2025-01-30 17:21:59,209 [WARN] PackLoader:240 - Cannot read IP mode file for STMicroelectronics.X-CUBE-AZRTOS-G4.1.0.0
2025-01-30 17:21:59,222 [WARN] PackLoader:240 - Cannot read IP mode file for STMicroelectronics.X-CUBE-AZRTOS-L4.1.0.0
2025-01-30 17:21:59,232 [WARN] PackLoader:240 - Cannot read IP mode file for STMicroelectronics.X-CUBE-IPS.3.1.0
2025-01-30 17:21:59,240 [WARN] PackLoader:240 - Cannot read IP mode file for STMicroelectronics.X-CUBE-ALS.1.0.2
2025-01-30 17:21:59,243 [WARN] PackLoader:240 - Cannot read IP mode file for STMicroelectronics.X-CUBE-TOUCHGFX.4.24.2
2025-01-30 17:21:59,250 [WARN] PackLoader:240 - Cannot read IP mode file for STMicroelectronics.X-CUBE-AZRTOS-WL.1.0.0
2025-01-30 17:21:59,257 [WARN] PackLoader:240 - Cannot read IP mode file for STMicroelectronics.X-CUBE-TOUCHGFX.4.24.1
2025-01-30 17:21:59,261 [WARN] PackLoader:240 - Cannot read IP mode file for wolfSSL.I-CUBE-wolfTPM.3.4.0
2025-01-30 17:21:59,268 [WARN] PackLoader:240 - Cannot read IP mode file for portGmbH.I-Cube-SoM-uGOAL.1.1.0
2025-01-30 17:21:59,274 [WARN] PackLoader:240 - Cannot read IP mode file for STMicroelectronics.X-CUBE-ALS.1.0.1
2025-01-30 17:21:59,296 [WARN] PackLoader:240 - Cannot read IP mode file for STMicroelectronics.X-CUBE-AZRTOS-L5.1.0.0
2025-01-30 17:21:59,304 [WARN] PackLoader:240 - Cannot read IP mode file for STMicroelectronics.X-CUBE-EEPRMA1.3.1.1
2025-01-30 17:21:59,318 [WARN] PackLoader:240 - Cannot read IP mode file for STMicroelectronics.X-CUBE-AZRTOS-H7RS.1.0.0
2025-01-30 17:21:59,323 [WARN] PackLoader:240 - Cannot read IP mode file for STMicroelectronics.FP-ATR-ASTRA1.2.0.0
2025-01-30 17:21:59,841 [WARN] PackLoader:240 - Cannot read IP mode file for STMicroelectronics.X-CUBE-TOF1.3.4.2
2025-01-30 17:21:59,997 [WARN] PackLoader:240 - Cannot read IP mode file for Infineon.AIROC-Wi-Fi-Bluetooth-STM32.1.6.1
2025-01-30 17:22:00,003 [WARN] PackLoader:240 - Cannot read IP mode file for wolfSSL.I-CUBE-wolfSSH.1.4.17
2025-01-30 17:22:00,004 [INFO] ThirdParty:978 - Integrity check success = true
2025-01-30 17:22:00,004 [INFO] IntegrityCheckThread:100 - exiting critical section [integrity check]
2025-01-30 17:22:00,004 [INFO] IntegrityCheckThread:103 - End integrity checks thread
2025-01-30 17:22:01,112 [INFO] WebApp:449 - Apply proxy settings
2025-01-30 17:22:01,112 [INFO] WebApp:534 - Chromium requires no authentication
2025-01-30 17:22:01,132 [INFO] WebApp:477 - Direct internet connection detected
2025-01-30 17:22:01,191 [INFO] WebApp:880 - Register for checkConnection events
2025-01-30 17:22:01,191 [INFO] WebApp:449 - Apply proxy settings
2025-01-30 17:22:01,191 [INFO] WebApp:534 - Chromium requires no authentication
2025-01-30 17:22:01,192 [INFO] WebApp:477 - Direct internet connection detected
2025-01-30 17:22:01,351 [INFO] WebApp:187 - Connection restablished
2025-01-30 17:22:01,504 [INFO] WebApp:221 - Starting web application
2025-01-30 17:22:01,504 [INFO] WebApp:579 - Web application path used C:\ST\STM32CubeIDE_1.16.1\STM32CubeIDE\plugins\com.st.stm32cube.common.mx_6.13.0.202411220809\db\plugins\mcufinder\reactClient1\index.html
2025-01-30 17:22:02,033 [INFO] UserAuth:486 - Internet connection configuration mode: 1
