2025-02-08 01:14:03,141 [INFO] Activator:176 - 


2025-02-08 01:14:03,146 [INFO] Activator:177 - !SESSION log4j initialized
2025-02-08 01:14:17,745 [INFO] LogOutputStream:77 - [STDOUT_REDIRECT] 
2025-02-08 01:17:15,249 [INFO] ApplicationProperties:184 - Using Application install path: C:\ST\STM32CubeIDE_1.16.1\STM32CubeIDE\plugins\com.st.stm32cube.common.mx_6.13.0.202411220809
2025-02-08 01:17:15,264 [INFO] DbMcusXml:78 - Set database path to: C:\ST\STM32CubeIDE_1.16.1\STM32CubeIDE\plugins\com.st.stm32cube.common.mx_6.13.0.202411220809\\db\/mcu/
2025-02-08 01:17:15,265 [INFO] ApiDb:274 - Set plugin database path to: C:\ST\STM32CubeIDE_1.16.1\STM32CubeIDE\plugins\com.st.stm32cube.common.mx_6.13.0.202411220809\\db\/plugins/boardmanager/
2025-02-08 01:17:15,265 [WARN] ApiDb:259 - Overriding images path with different value:  => C:\ST\STM32CubeIDE_1.16.1\STM32CubeIDE\plugins\com.st.stm32cube.common.mx_6.13.0.202411220809\\db\/plugins/mcufinder/images/
2025-02-08 01:17:15,280 [INFO] ApiDb:250 - Set database path to: C:\Users\Bruno\.stmcufinder\plugins\mcufinder//mcu/
2025-02-08 01:17:15,281 [INFO] DbMcusAds:125 - Set database path to: C:\Users\Bruno\.stmcufinder\plugins\mcufinder//mcu/
2025-02-08 01:17:15,342 [INFO] CrossReferenceDbSqlite:203 - Set database path to: C:\Users\Bruno\.stmcufinder\plugins\mcufinder//mcu/cs/
2025-02-08 01:17:15,461 [INFO] RulesReader:64 - Compatibility file has been processed (297 Rules)
2025-02-08 01:17:15,541 [INFO] DbMcusXml:78 - Set database path to: C:\ST\STM32CubeIDE_1.16.1\STM32CubeIDE\plugins\com.st.stm32cube.common.mx_6.13.0.202411220809\\db\/mcu/
2025-02-08 01:17:15,542 [INFO] ApiDb:274 - Set plugin database path to: C:\ST\STM32CubeIDE_1.16.1\STM32CubeIDE\plugins\com.st.stm32cube.common.mx_6.13.0.202411220809\\db\/plugins/boardmanager/
2025-02-08 01:17:15,542 [INFO] ApiDb:261 - Set plugin images path to: C:\ST\STM32CubeIDE_1.16.1\STM32CubeIDE\plugins\com.st.stm32cube.common.mx_6.13.0.202411220809\\db\/plugins/mcufinder/images/
2025-02-08 01:17:15,542 [WARN] DbFile:41 - Overriding database path with different value: C:\Users\Bruno\.stmcufinder\plugins\mcufinder/ => C:\Users\Bruno\.stmcufinder\plugins\mcufinder
2025-02-08 01:17:15,542 [INFO] ApiDb:250 - Set database path to: C:\Users\Bruno\.stmcufinder\plugins\mcufinder//mcu/
2025-02-08 01:17:15,542 [WARN] DbFile:41 - Overriding database path with different value: C:\Users\Bruno\.stmcufinder\plugins\mcufinder/ => C:\Users\Bruno\.stmcufinder\plugins\mcufinder
2025-02-08 01:17:15,542 [INFO] DbMcusAds:125 - Set database path to: C:\Users\Bruno\.stmcufinder\plugins\mcufinder//mcu/
2025-02-08 01:17:15,542 [WARN] DbFile:41 - Overriding database path with different value: C:\Users\Bruno\.stmcufinder\plugins\mcufinder/ => C:\Users\Bruno\.stmcufinder\plugins\mcufinder
2025-02-08 01:17:15,542 [WARN] DbFile:41 - Overriding database path with different value: C:\Users\Bruno\.stmcufinder\plugins\mcufinder/ => C:\Users\Bruno\.stmcufinder\plugins\mcufinder
2025-02-08 01:17:15,543 [INFO] CrossReferenceDbSqlite:203 - Set database path to: C:\Users\Bruno\.stmcufinder\plugins\mcufinder//mcu/cs/
2025-02-08 01:17:15,616 [INFO] MainPanel:272 - HeapMemory: 1073741824
2025-02-08 01:17:15,712 [INFO] DbMcusXml:78 - Set database path to: C:\ST\STM32CubeIDE_1.16.1\STM32CubeIDE\plugins\com.st.stm32cube.common.mx_6.13.0.202411220809\\db\/mcu/
2025-02-08 01:17:15,713 [INFO] ApiDb:274 - Set plugin database path to: C:\ST\STM32CubeIDE_1.16.1\STM32CubeIDE\plugins\com.st.stm32cube.common.mx_6.13.0.202411220809\\db\/plugins/boardmanager/
2025-02-08 01:17:15,713 [INFO] ApiDb:261 - Set plugin images path to: C:\ST\STM32CubeIDE_1.16.1\STM32CubeIDE\plugins\com.st.stm32cube.common.mx_6.13.0.202411220809\\db\/plugins/mcufinder/images/
2025-02-08 01:17:15,713 [WARN] DbFile:41 - Overriding database path with different value: C:\Users\Bruno\.stmcufinder\plugins\mcufinder/ => C:\Users\Bruno\.stmcufinder\plugins\mcufinder
2025-02-08 01:17:15,713 [INFO] ApiDb:250 - Set database path to: C:\Users\Bruno\.stmcufinder\plugins\mcufinder//mcu/
2025-02-08 01:17:15,713 [WARN] DbFile:41 - Overriding database path with different value: C:\Users\Bruno\.stmcufinder\plugins\mcufinder/ => C:\Users\Bruno\.stmcufinder\plugins\mcufinder
2025-02-08 01:17:15,713 [INFO] DbMcusAds:125 - Set database path to: C:\Users\Bruno\.stmcufinder\plugins\mcufinder//mcu/
2025-02-08 01:17:15,713 [WARN] DbFile:41 - Overriding database path with different value: C:\Users\Bruno\.stmcufinder\plugins\mcufinder/ => C:\Users\Bruno\.stmcufinder\plugins\mcufinder
2025-02-08 01:17:15,713 [WARN] DbFile:41 - Overriding database path with different value: C:\Users\Bruno\.stmcufinder\plugins\mcufinder/ => C:\Users\Bruno\.stmcufinder\plugins\mcufinder
2025-02-08 01:17:15,714 [INFO] CrossReferenceDbSqlite:203 - Set database path to: C:\Users\Bruno\.stmcufinder\plugins\mcufinder//mcu/cs/
2025-02-08 01:17:15,731 [INFO] ApplicationProperties:184 - Using Application install path: C:\ST\STM32CubeIDE_1.16.1\STM32CubeIDE\plugins\com.st.stm32cube.common.mx_6.13.0.202411220809
2025-02-08 01:17:15,732 [INFO] PluginManage:196 - Search for loadable plugins [exclusion list=, ]
2025-02-08 01:17:15,733 [INFO] PluginManage:310 - Check plugin analytics
2025-02-08 01:17:15,921 [INFO] AnalyticsPlugin:253 - Accepted Software Licenses: STM32CubeMX.6.6.1,STM32CubeMX.6.13.0
2025-02-08 01:17:15,921 [INFO] AnalyticsPlugin:255 - Accepted CMSIS Pack Licenses: 
2025-02-08 01:17:15,921 [INFO] AnalyticsPlugin:257 - Accepted Firmware Licenses: FW.G0.1.6.0,FW.F4.1.28.0
2025-02-08 01:17:15,922 [INFO] PluginManage:359 - Loaded plugin analytics (category:tool,tabindex:-1)
2025-02-08 01:17:15,922 [INFO] PluginManage:310 - Check plugin cadmodel
2025-02-08 01:17:15,944 [INFO] CADModel:105 - Init CAD model plugin
2025-02-08 01:17:15,945 [INFO] PluginManage:359 - Loaded plugin cadmodel (category:power,tabindex:5)
2025-02-08 01:17:15,945 [INFO] PluginManage:310 - Check plugin clock
2025-02-08 01:17:15,971 [INFO] PluginManage:359 - Loaded plugin clock (category:base,tabindex:2)
2025-02-08 01:17:15,971 [INFO] PluginManage:310 - Check plugin ddr
2025-02-08 01:17:15,974 [INFO] PluginManage:359 - Loaded plugin ddr (category:tool,tabindex:6)
2025-02-08 01:17:15,974 [INFO] PluginManage:310 - Check plugin filemanager
2025-02-08 01:17:16,110 [INFO] PluginManage:359 - Loaded plugin filemanager (category:base,tabindex:10)
2025-02-08 01:17:16,111 [INFO] PluginManage:310 - Check plugin ipmanager
2025-02-08 01:17:16,118 [INFO] PluginManage:359 - Loaded plugin ipmanager (category:base,tabindex:5)
2025-02-08 01:17:16,119 [INFO] PluginManage:310 - Check plugin lpbam
2025-02-08 01:17:16,139 [INFO] PluginManage:359 - Loaded plugin lpbam (category:base,tabindex:0)
2025-02-08 01:17:16,140 [INFO] PluginManage:310 - Check plugin memorymap
2025-02-08 01:17:16,165 [INFO] PluginManage:359 - Loaded plugin memorymap (category:base,tabindex:4)
2025-02-08 01:17:16,166 [INFO] PluginManage:310 - Check plugin pinoutandconfiguration
2025-02-08 01:17:16,187 [INFO] PluginManage:359 - Loaded plugin pinoutandconfiguration (category:base,tabindex:1)
2025-02-08 01:17:16,187 [INFO] PluginManage:310 - Check plugin pinoutconfig
2025-02-08 01:17:16,281 [WARN] SupportedApi:132 - Cannot load RTOS API schema: s4s-elt-must-match.1: The content of 'definitions' must match (annotation?, (simpleType | complexType)?, (unique | key | keyref)*)). A problem was found starting at: attribute.
2025-02-08 01:17:16,422 [INFO] PluginManage:359 - Loaded plugin pinoutconfig (category:base,tabindex:0)
2025-02-08 01:17:16,422 [INFO] PluginManage:310 - Check plugin power
2025-02-08 01:17:16,448 [INFO] PluginManage:359 - Loaded plugin power (category:power,tabindex:4)
2025-02-08 01:17:16,448 [INFO] PluginManage:310 - Check plugin projectmanager
2025-02-08 01:17:16,465 [INFO] PluginManage:359 - Loaded plugin projectmanager (category:projectmanager,tabindex:4)
2025-02-08 01:17:16,465 [INFO] PluginManage:310 - Check plugin rif
2025-02-08 01:17:16,486 [INFO] PluginManage:359 - Loaded plugin rif (category:base,tabindex:3)
2025-02-08 01:17:16,487 [INFO] PluginManage:310 - Check plugin thirdparty
2025-02-08 01:17:16,820 [INFO] PluginManage:359 - Loaded plugin thirdparty (category:base,tabindex:-1)
2025-02-08 01:17:16,820 [INFO] PluginManage:310 - Check plugin tools
2025-02-08 01:17:16,820 [WARN] IntegrityCheckThread:84 - waiting for thirdparty lock release [integrity check]
2025-02-08 01:17:16,820 [INFO] IntegrityCheckThread:86 - entering critical section [integrity check]
2025-02-08 01:17:16,821 [INFO] ThirdPartyUpdaterWithRetryManager:70 - Updater plugin not ready yet. [1/15]
2025-02-08 01:17:16,868 [INFO] PluginManage:359 - Loaded plugin tools (category:base,tabindex:7)
2025-02-08 01:17:16,868 [INFO] PluginManage:310 - Check plugin tutovideos
2025-02-08 01:17:17,052 [INFO] PluginManage:359 - Loaded plugin tutovideos (category:base,tabindex:-1)
2025-02-08 01:17:17,053 [INFO] PluginManage:310 - Check plugin updater
2025-02-08 01:17:17,073 [INFO] PluginManage:359 - Loaded plugin updater (category:base,tabindex:12)
2025-02-08 01:17:17,073 [INFO] PluginManage:310 - Check plugin userauth
2025-02-08 01:17:17,077 [INFO] UserAuth:118 - Init User Auth plugin
2025-02-08 01:17:17,077 [INFO] PluginManage:359 - Loaded plugin userauth (category:base,tabindex:14)
2025-02-08 01:17:17,078 [INFO] PluginManage:283 - PluginManage : Loaded plugins [18]
2025-02-08 01:17:17,276 [INFO] PinOutPanel:1589 - setPackage(No Configuration,No Configuration)
2025-02-08 01:17:17,361 [INFO] CADModel:165 - CPN selected for project level
2025-02-08 01:17:17,361 [INFO] CADModel:114 - Register for checkConnection events
2025-02-08 01:17:17,392 [INFO] IPUIPlugin:80 - create IPUIPlugin
2025-02-08 01:17:17,392 [INFO] PluginManager:220 - loadIPPluginJar : add adc
2025-02-08 01:17:17,448 [INFO] IPUIPlugin:80 - create IPUIPlugin
2025-02-08 01:17:17,448 [INFO] PluginManager:220 - loadIPPluginJar : add aes
2025-02-08 01:17:17,505 [INFO] IPUIPlugin:80 - create IPUIPlugin
2025-02-08 01:17:17,505 [INFO] PluginManager:220 - loadIPPluginJar : add can
2025-02-08 01:17:17,540 [INFO] IPUIPlugin:80 - create IPUIPlugin
2025-02-08 01:17:17,540 [INFO] PluginManager:220 - loadIPPluginJar : add comp
2025-02-08 01:17:17,586 [INFO] IPUIPlugin:80 - create IPUIPlugin
2025-02-08 01:17:17,586 [INFO] PluginManager:220 - loadIPPluginJar : add cryp
2025-02-08 01:17:17,602 [INFO] IPUIPlugin:80 - create IPUIPlugin
2025-02-08 01:17:17,602 [INFO] PluginManager:220 - loadIPPluginJar : add ddr_ctrl_phy
2025-02-08 01:17:17,639 [INFO] IPUIPlugin:80 - create IPUIPlugin
2025-02-08 01:17:17,639 [INFO] PluginManager:220 - loadIPPluginJar : add dfsdm
2025-02-08 01:17:17,657 [INFO] IPUIPlugin:80 - create IPUIPlugin
2025-02-08 01:17:17,657 [INFO] PluginManager:220 - loadIPPluginJar : add dma
2025-02-08 01:17:17,703 [INFO] IPUIPlugin:80 - create IPUIPlugin
2025-02-08 01:17:17,703 [INFO] PluginManager:220 - loadIPPluginJar : add dma3
2025-02-08 01:17:17,759 [INFO] IPUIPlugin:80 - create IPUIPlugin
2025-02-08 01:17:17,759 [INFO] PluginManager:220 - loadIPPluginJar : add extmemmanager
2025-02-08 01:17:17,785 [INFO] IPUIPlugin:80 - create IPUIPlugin
2025-02-08 01:17:17,785 [INFO] PluginManager:220 - loadIPPluginJar : add fatfs
2025-02-08 01:17:17,842 [INFO] IPUIPlugin:80 - create IPUIPlugin
2025-02-08 01:17:17,842 [INFO] PluginManager:220 - loadIPPluginJar : add fmc
2025-02-08 01:17:17,860 [INFO] IPUIPlugin:80 - create IPUIPlugin
2025-02-08 01:17:17,860 [INFO] PluginManager:220 - loadIPPluginJar : add freertos
2025-02-08 01:17:17,887 [INFO] IPUIPlugin:80 - create IPUIPlugin
2025-02-08 01:17:17,887 [INFO] PluginManager:220 - loadIPPluginJar : add genericplugin
2025-02-08 01:17:18,000 [INFO] IPUIPlugin:80 - create IPUIPlugin
2025-02-08 01:17:18,000 [INFO] PluginManager:220 - loadIPPluginJar : add gfxmmu
2025-02-08 01:17:18,157 [INFO] IPUIPlugin:80 - create IPUIPlugin
2025-02-08 01:17:18,158 [INFO] PluginManager:220 - loadIPPluginJar : add gic
2025-02-08 01:17:18,174 [INFO] IPUIPlugin:80 - create IPUIPlugin
2025-02-08 01:17:18,174 [INFO] PluginManager:220 - loadIPPluginJar : add gpio
2025-02-08 01:17:18,288 [INFO] IPUIPlugin:80 - create IPUIPlugin
2025-02-08 01:17:18,288 [INFO] PluginManager:220 - loadIPPluginJar : add gtzc
2025-02-08 01:17:18,329 [INFO] IPUIPlugin:80 - create IPUIPlugin
2025-02-08 01:17:18,329 [INFO] PluginManager:220 - loadIPPluginJar : add hash
2025-02-08 01:17:18,393 [INFO] IPUIPlugin:80 - create IPUIPlugin
2025-02-08 01:17:18,393 [INFO] PluginManager:220 - loadIPPluginJar : add i2c
2025-02-08 01:17:18,443 [INFO] IPUIPlugin:80 - create IPUIPlugin
2025-02-08 01:17:18,443 [INFO] PluginManager:220 - loadIPPluginJar : add i2s
2025-02-08 01:17:18,494 [INFO] IPUIPlugin:80 - create IPUIPlugin
2025-02-08 01:17:18,494 [INFO] PluginManager:220 - loadIPPluginJar : add i3c
2025-02-08 01:17:18,625 [INFO] IPUIPlugin:80 - create IPUIPlugin
2025-02-08 01:17:18,625 [INFO] PluginManager:220 - loadIPPluginJar : add ipddr
2025-02-08 01:17:18,732 [INFO] IPUIPlugin:80 - create IPUIPlugin
2025-02-08 01:17:18,733 [INFO] PluginManager:220 - loadIPPluginJar : add linkedlist
2025-02-08 01:17:18,777 [INFO] IPUIPlugin:80 - create IPUIPlugin
2025-02-08 01:17:18,777 [INFO] PluginManager:220 - loadIPPluginJar : add lorawan
2025-02-08 01:17:18,828 [INFO] IPUIPlugin:80 - create IPUIPlugin
2025-02-08 01:17:18,828 [INFO] PluginManager:220 - loadIPPluginJar : add ltdc
2025-02-08 01:17:18,846 [INFO] IPUIPlugin:80 - create IPUIPlugin
2025-02-08 01:17:18,846 [INFO] PluginManager:220 - loadIPPluginJar : add mdma
2025-02-08 01:17:18,862 [INFO] IPUIPlugin:80 - create IPUIPlugin
2025-02-08 01:17:18,862 [INFO] PluginManager:220 - loadIPPluginJar : add nvic
2025-02-08 01:17:18,908 [INFO] IPUIPlugin:80 - create IPUIPlugin
2025-02-08 01:17:18,908 [INFO] PluginManager:220 - loadIPPluginJar : add opamp
2025-02-08 01:17:18,983 [INFO] IPUIPlugin:80 - create IPUIPlugin
2025-02-08 01:17:18,983 [INFO] PluginManager:220 - loadIPPluginJar : add openamp
2025-02-08 01:17:19,041 [INFO] IPUIPlugin:80 - create IPUIPlugin
2025-02-08 01:17:19,041 [INFO] PluginManager:220 - loadIPPluginJar : add pdm2pcm
2025-02-08 01:17:19,059 [INFO] IPUIPlugin:80 - create IPUIPlugin
2025-02-08 01:17:19,061 [INFO] PluginManager:220 - loadIPPluginJar : add plateformsettings
2025-02-08 01:17:19,090 [INFO] IPUIPlugin:80 - create IPUIPlugin
2025-02-08 01:17:19,090 [INFO] PluginManager:220 - loadIPPluginJar : add quadspi
2025-02-08 01:17:19,124 [INFO] IPUIPlugin:80 - create IPUIPlugin
2025-02-08 01:17:19,125 [INFO] PluginManager:220 - loadIPPluginJar : add radio
2025-02-08 01:17:19,142 [INFO] IPUIPlugin:80 - create IPUIPlugin
2025-02-08 01:17:19,142 [INFO] PluginManager:220 - loadIPPluginJar : add resmgrutility
2025-02-08 01:17:19,203 [INFO] IPUIPlugin:80 - create IPUIPlugin
2025-02-08 01:17:19,203 [INFO] PluginManager:220 - loadIPPluginJar : add sai
2025-02-08 01:17:19,250 [INFO] IPUIPlugin:80 - create IPUIPlugin
2025-02-08 01:17:19,250 [INFO] PluginManager:220 - loadIPPluginJar : add spi
2025-02-08 01:17:19,334 [INFO] IPUIPlugin:80 - create IPUIPlugin
2025-02-08 01:17:19,334 [INFO] PluginManager:220 - loadIPPluginJar : add stm32_wpan
2025-02-08 01:17:19,365 [INFO] IPUIPlugin:80 - create IPUIPlugin
2025-02-08 01:17:19,366 [INFO] PluginManager:220 - loadIPPluginJar : add tim
2025-02-08 01:17:19,439 [INFO] IPUIPlugin:80 - create IPUIPlugin
2025-02-08 01:17:19,440 [INFO] PluginManager:220 - loadIPPluginJar : add touchsensing
2025-02-08 01:17:19,470 [INFO] IPUIPlugin:80 - create IPUIPlugin
2025-02-08 01:17:19,470 [INFO] PluginManager:220 - loadIPPluginJar : add tracer_emb
2025-02-08 01:17:19,500 [INFO] IPUIPlugin:80 - create IPUIPlugin
2025-02-08 01:17:19,500 [INFO] PluginManager:220 - loadIPPluginJar : add ts
2025-02-08 01:17:19,530 [INFO] IPUIPlugin:80 - create IPUIPlugin
2025-02-08 01:17:19,530 [INFO] PluginManager:220 - loadIPPluginJar : add tsc
2025-02-08 01:17:19,557 [INFO] IPUIPlugin:80 - create IPUIPlugin
2025-02-08 01:17:19,557 [INFO] PluginManager:220 - loadIPPluginJar : add ucpd
2025-02-08 01:17:19,612 [INFO] IPUIPlugin:80 - create IPUIPlugin
2025-02-08 01:17:19,612 [INFO] PluginManager:220 - loadIPPluginJar : add usart
2025-02-08 01:17:19,664 [INFO] IPUIPlugin:80 - create IPUIPlugin
2025-02-08 01:17:19,665 [INFO] PluginManager:220 - loadIPPluginJar : add usbx
2025-02-08 01:17:19,794 [FATAL] Updater:351 - Updater called before beeing initialized
2025-02-08 01:17:19,823 [INFO] ThirdPartyUpdaterWithRetryManager:70 - Updater plugin not ready yet. [2/15]
2025-02-08 01:17:19,851 [INFO] RulesReader:64 - Compatibility file has been processed (297 Rules)
2025-02-08 01:17:19,864 [INFO] RulesReader:64 - Compatibility file has been processed (297 Rules)
2025-02-08 01:17:19,871 [INFO] CADModel:165 - CPN selected for project level
2025-02-08 01:17:19,871 [INFO] CADModel:114 - Register for checkConnection events
2025-02-08 01:17:19,871 [FATAL] Updater:351 - Updater called before beeing initialized
2025-02-08 01:17:19,871 [ERROR] CADModel:125 - Updater not yet initialized, retry later 
2025-02-08 01:17:20,025 [FATAL] Updater:351 - Updater called before beeing initialized
2025-02-08 01:17:20,027 [INFO] CADModel:165 - CPN selected for project level
2025-02-08 01:17:20,027 [INFO] CADModel:114 - Register for checkConnection events
2025-02-08 01:17:20,027 [FATAL] Updater:351 - Updater called before beeing initialized
2025-02-08 01:17:20,027 [ERROR] CADModel:125 - Updater not yet initialized, retry later 
2025-02-08 01:17:20,030 [FATAL] Updater:351 - Updater called before beeing initialized
2025-02-08 01:17:20,138 [FATAL] Updater:351 - Updater called before beeing initialized
2025-02-08 01:17:20,150 [INFO] DbMcusAds:53 - JSON generation date=Tue Dec 17 17:01:15 CET 2024 (1734451275111)
2025-02-08 01:17:20,150 [FATAL] Updater:351 - Updater called before beeing initialized
2025-02-08 01:17:20,190 [WARN] DetailPanel:346 - Failed to get advertising image, set to default
2025-02-08 01:17:20,455 [FATAL] Updater:351 - Updater called before beeing initialized
2025-02-08 01:17:20,457 [FATAL] Updater:351 - Updater called before beeing initialized
2025-02-08 01:17:20,457 [FATAL] Updater:351 - Updater called before beeing initialized
2025-02-08 01:17:20,457 [WARN] DetailPanel:346 - Failed to get advertising image, set to default
2025-02-08 01:17:20,458 [FATAL] Updater:351 - Updater called before beeing initialized
2025-02-08 01:17:20,516 [ERROR] Updater:1198 - MainUpdater not yet initialized. External WinMGr cannot be set.
2025-02-08 01:17:20,527 [INFO] Updater:1134 - Updater Version found : 6.13.0
2025-02-08 01:17:20,543 [INFO] ApplicationProperties:184 - Using Application install path: C:\ST\STM32CubeIDE_1.16.1\STM32CubeIDE\plugins\com.st.stm32cube.common.mx_6.13.0.202411220809
2025-02-08 01:17:21,323 [INFO] MainUpdater:2872 - connection check result : 10
2025-02-08 01:17:21,324 [INFO] MainUpdater:3566 - Updater definition file requires update
2025-02-08 01:17:21,326 [INFO] MainUpdater:289 - Updater Check For Update Now.
2025-02-08 01:17:21,327 [INFO] MicroXplorer:498 - Change Database Version : DB.6.0.130
2025-02-08 01:17:21,345 [INFO] McuFinderGlobals:63 - Set McuFinder mode to 2 (CubeIDE integrated)
2025-02-08 01:17:21,352 [INFO] UserAuth:486 - Internet connection configuration mode: 1
2025-02-08 01:17:21,379 [INFO] JxBrowserEngine:152 - Initiate JxBrowser Engine with user profile folder
2025-02-08 01:17:21,565 [INFO] ServerAccessManage:473 - Download File updaters.zip
2025-02-08 01:17:22,424 [INFO] FileExtend:240 - Unzip File : updaters.zip
2025-02-08 01:17:22,424 [INFO] FileExtend:255 - Standard Zip Deflate
2025-02-08 01:17:22,829 [WARN] MainUpdater:1193 - Updater busy. Cannot search thirdparties
2025-02-08 01:17:22,832 [INFO] ThirdPartyUpdaterWithRetryManager:96 - Updater plugin is busy. [1/15]
2025-02-08 01:17:23,003 [INFO] ServerAccessManage:473 - Download File PacksControlFlags.xml
2025-02-08 01:17:23,277 [INFO] ServerAccessManage:473 - Download File cubemx.pidx
2025-02-08 01:17:23,453 [INFO] LoadServerUpdatesThread:375 - End of LoadServerUpdate Thread
2025-02-08 01:17:23,529 [INFO] WebApp:168 - Instantiating new browser for Auth
2025-02-08 01:17:23,944 [INFO] CheckServerUpdateThread:120 - End of CheckServer Thread
2025-02-08 01:17:25,583 [INFO] WebApp:449 - Apply proxy settings
2025-02-08 01:17:25,583 [INFO] WebApp:534 - Chromium requires no authentication
2025-02-08 01:17:25,632 [INFO] WebApp:477 - Direct internet connection detected
2025-02-08 01:17:25,704 [INFO] WebApp:880 - Register for checkConnection events
2025-02-08 01:17:25,704 [INFO] WebApp:449 - Apply proxy settings
2025-02-08 01:17:25,704 [INFO] WebApp:534 - Chromium requires no authentication
2025-02-08 01:17:25,704 [INFO] WebApp:477 - Direct internet connection detected
2025-02-08 01:17:26,024 [INFO] WebApp:187 - Connection restablished
2025-02-08 01:17:26,113 [INFO] WebApp:221 - Starting web application
2025-02-08 01:17:26,113 [INFO] WebApp:579 - Web application path used C:\ST\STM32CubeIDE_1.16.1\STM32CubeIDE\plugins\com.st.stm32cube.common.mx_6.13.0.202411220809\db\plugins\mcufinder\reactClient1\index.html
2025-02-08 01:17:26,282 [WARN] PackLoader:240 - Cannot read IP mode file for STMicroelectronics.FP-SNS-MOTENVWB1.1.4.0
2025-02-08 01:17:26,299 [WARN] PackLoader:240 - Cannot read IP mode file for STMicroelectronics.FP-ATR-ASTRA1.2.0.1
2025-02-08 01:17:26,318 [WARN] PackLoader:240 - Cannot read IP mode file for STMicroelectronics.X-CUBE-SMBUS.2.1.0
2025-02-08 01:17:26,319 [INFO] UserAuth:486 - Internet connection configuration mode: 1
2025-02-08 01:17:26,339 [WARN] PackLoader:240 - Cannot read IP mode file for STMicroelectronics.X-CUBE-WB05N.1.1.0
2025-02-08 01:17:26,435 [WARN] PackLoader:240 - Cannot read IP mode file for STMicroelectronics.X-CUBE-MEMS1.9.2.0
2025-02-08 01:17:26,669 [WARN] PackLoader:240 - Cannot read IP mode file for STMicroelectronics.X-CUBE-AZRTOS-F7.1.1.0
2025-02-08 01:17:26,700 [WARN] PackLoader:240 - Cannot read IP mode file for STMicroelectronics.X-CUBE-BLE1.6.2.3
2025-02-08 01:17:26,777 [WARN] PackLoader:240 - Cannot read IP mode file for STMicroelectronics.X-CUBE-MEMS1.11.0.0
2025-02-08 01:17:26,904 [WARN] PackLoader:240 - Cannot read IP mode file for STMicroelectronics.FP-SNS-FLIGHT1.5.0.2
2025-02-08 01:17:26,924 [WARN] PackLoader:240 - Cannot read IP mode file for STMicroelectronics.X-CUBE-TOF1.3.1.0
2025-02-08 01:17:26,943 [WARN] PackLoader:240 - Cannot read IP mode file for STMicroelectronics.X-CUBE-DISPLAY.3.0.0
2025-02-08 01:17:26,961 [WARN] PackLoader:240 - Cannot read IP mode file for STMicroelectronics.X-CUBE-BLE1.7.0.0
2025-02-08 01:17:26,977 [WARN] PackLoader:240 - Cannot read IP mode file for STMicroelectronics.X-CUBE-NFC10.1.0.0
2025-02-08 01:17:26,998 [WARN] PackLoader:240 - Cannot read IP mode file for STMicroelectronics.X-CUBE-BLEMGR.4.0.0
2025-02-08 01:17:27,013 [WARN] PackLoader:240 - Cannot read IP mode file for STMicroelectronics.X-CUBE-AI.7.2.0
2025-02-08 01:17:27,030 [WARN] PackLoader:240 - Cannot read IP mode file for STMicroelectronics.X-CUBE-BLEMGR.3.1.0
2025-02-08 01:17:27,045 [WARN] PackLoader:240 - Cannot read IP mode file for STMicroelectronics.X-CUBE-AI.10.0.0
2025-02-08 01:17:27,059 [WARN] PackLoader:240 - Cannot read IP mode file for STMicroelectronics.FP-SNS-SMARTAG2.1.2.0
2025-02-08 01:17:27,171 [WARN] PackLoader:240 - Cannot read IP mode file for STMicroelectronics.X-CUBE-MEMS1.11.1.0
2025-02-08 01:17:27,297 [INFO] LogOutputStream:77 - [STDOUT_REDIRECT] 1 : Invalid condition id : UX_CORESTACK_Condition cause : null
2025-02-08 01:17:27,298 [INFO] LogOutputStream:77 - [STDOUT_REDIRECT] 1 : Invalid condition id : UX_CORESTACK_Condition cause : null
2025-02-08 01:17:27,299 [INFO] LogOutputStream:77 - [STDOUT_REDIRECT] 1 : Invalid condition id : UX_CORESTACK_Condition cause : null
2025-02-08 01:17:27,300 [INFO] LogOutputStream:77 - [STDOUT_REDIRECT] 1 : Invalid condition id : UX_CORESTACK_Condition cause : null
2025-02-08 01:17:27,302 [INFO] LogOutputStream:77 - [STDOUT_REDIRECT] 1 : Invalid condition id : UX_CORESTACK_Condition cause : null
2025-02-08 01:17:27,304 [WARN] PackLoader:240 - Cannot read IP mode file for STMicroelectronics.X-CUBE-AZRTOS-WL.2.0.0
2025-02-08 01:17:27,320 [WARN] PackLoader:240 - Cannot read IP mode file for STMicroelectronics.FP-SNS-MOTENV1.5.0.0
2025-02-08 01:17:27,334 [WARN] PackLoader:240 - Cannot read IP mode file for wolfSSL.I-CUBE-wolfMQTT.1.19.0
2025-02-08 01:17:27,349 [WARN] PackLoader:240 - Cannot read IP mode file for WES.I-CUBE-Cesium.1.3.0
2025-02-08 01:17:27,366 [WARN] PackLoader:240 - Cannot read IP mode file for STMicroelectronics.X-CUBE-BLE2.3.3.0
2025-02-08 01:17:27,380 [WARN] PackLoader:240 - Cannot read IP mode file for STMicroelectronics.X-CUBE-DISPLAY.2.2.0
2025-02-08 01:17:27,398 [WARN] PackLoader:240 - Cannot read IP mode file for STMicroelectronics.X-CUBE-NFC9.1.0.0
2025-02-08 01:17:27,431 [WARN] PackLoader:240 - Cannot read IP mode file for STMicroelectronics.X-CUBE-AZRTOS-H7.2.1.0
2025-02-08 01:17:27,447 [WARN] PackLoader:240 - Cannot read IP mode file for STMicroelectronics.X-CUBE-TCPP.4.1.0
2025-02-08 01:17:27,463 [WARN] PackLoader:240 - Cannot read IP mode file for STMicroelectronics.X-CUBE-ALGOBUILD.1.3.0
2025-02-08 01:17:27,519 [WARN] PackLoader:240 - Cannot read IP mode file for STMicroelectronics.X-CUBE-AZRTOS-G0.1.1.0
2025-02-08 01:17:27,542 [WARN] PackLoader:240 - Cannot read IP mode file for STMicroelectronics.X-CUBE-SAFEA1.1.2.2
2025-02-08 01:17:27,558 [WARN] PackLoader:240 - Cannot read IP mode file for STMicroelectronics.X-CUBE-NFC4.3.0.0
2025-02-08 01:17:27,601 [WARN] PackLoader:240 - Cannot read IP mode file for SEGGER.I-CUBE-embOS.1.2.0
2025-02-08 01:17:27,640 [WARN] PackLoader:240 - Cannot read IP mode file for EmbeddedOffice.I-CUBE-FS-RTOS.1.0.1
2025-02-08 01:17:27,654 [WARN] PackLoader:240 - Cannot read IP mode file for STMicroelectronics.X-CUBE-TCPP.4.2.0
2025-02-08 01:17:27,671 [WARN] PackLoader:240 - Cannot read IP mode file for RealThread.X-CUBE-RT-Thread_Nano.4.1.1
2025-02-08 01:17:27,685 [WARN] PackLoader:240 - Cannot read IP mode file for STMicroelectronics.FP-ATR-SIGFOX1.3.2.0
2025-02-08 01:17:27,699 [WARN] ConditionMgr:438 - getConditionDescription Invalid condition id : Cortex-A Device cause : null
2025-02-08 01:17:27,718 [WARN] ConditionMgr:1044 - genDependencies : Invalid condition id : Cortex-A Device cause : null
2025-02-08 01:17:27,718 [WARN] ConditionMgr:1044 - genDependencies : Invalid condition id : Cortex-A Device cause : null
2025-02-08 01:17:27,718 [WARN] ConditionMgr:1044 - genDependencies : Invalid condition id : Cortex-A Device cause : null
2025-02-08 01:17:27,738 [WARN] PackLoader:240 - Cannot read IP mode file for STMicroelectronics.X-CUBE-EEPRMA1.5.1.0
2025-02-08 01:17:27,759 [WARN] PackLoader:240 - Cannot read IP mode file for emotas.I-CUBE-CANOPEN.1.1.2
2025-02-08 01:17:27,777 [WARN] PackLoader:240 - Cannot read IP mode file for STMicroelectronics.X-CUBE-TOUCHGFX.4.20.0
2025-02-08 01:17:27,796 [WARN] PackLoader:240 - Cannot read IP mode file for ITTIA_DB.I-CUBE-ITTIADB.8.9.0
2025-02-08 01:17:27,830 [WARN] PackLoader:240 - Cannot read IP mode file for SEGGER.I-CUBE-embOS.1.3.1
2025-02-08 01:17:27,863 [WARN] PackLoader:240 - Cannot read IP mode file for STMicroelectronics.X-CUBE-ALGOBUILD.1.4.0
2025-02-08 01:17:27,878 [WARN] PackLoader:240 - Cannot read IP mode file for STMicroelectronics.X-CUBE-AI.9.1.0
2025-02-08 01:17:27,894 [WARN] PackLoader:240 - Cannot read IP mode file for STMicroelectronics.X-CUBE-GNSS1.6.0.0
2025-02-08 01:17:27,926 [WARN] PackLoader:240 - Cannot read IP mode file for STMicroelectronics.X-CUBE-AZRTOS-F4.1.1.0
2025-02-08 01:17:27,941 [WARN] PackLoader:240 - Cannot read IP mode file for STMicroelectronics.X-CUBE-ISPU.2.1.0
2025-02-08 01:17:27,954 [WARN] PackLoader:240 - Cannot read IP mode file for STMicroelectronics.X-CUBE-FREERTOS.1.2.0
2025-02-08 01:17:27,992 [WARN] PackLoader:240 - Cannot read IP mode file for STMicroelectronics.X-CUBE-AZRTOS-L5.2.0.0
2025-02-08 01:17:28,010 [WARN] PackLoader:240 - Cannot read IP mode file for STMicroelectronics.X-CUBE-NFC6.3.1.0
2025-02-08 01:17:28,026 [WARN] PackLoader:240 - Cannot read IP mode file for STMicroelectronics.X-CUBE-DPower.1.2.0
2025-02-08 01:17:28,043 [WARN] PackLoader:240 - Cannot read IP mode file for STMicroelectronics.X-CUBE-NFC4.2.0.4
2025-02-08 01:17:28,071 [WARN] PackLoader:240 - Cannot read IP mode file for STMicroelectronics.X-CUBE-AZRTOS-F4.1.0.0
2025-02-08 01:17:28,087 [WARN] PackLoader:240 - Cannot read IP mode file for STMicroelectronics.X-CUBE-FREERTOS.1.3.0
2025-02-08 01:17:28,103 [WARN] PackLoader:240 - Cannot read IP mode file for STMicroelectronics.X-CUBE-NFC7.1.0.1
2025-02-08 01:17:28,118 [WARN] PackLoader:240 - Cannot read IP mode file for STMicroelectronics.X-CUBE-NFC7.1.0.0
2025-02-08 01:17:28,148 [WARN] ConditionMgr:438 - getConditionDescription Invalid condition id : LAN8742 Phy interface Condition cause : null
2025-02-08 01:17:28,149 [WARN] PackLoader:240 - Cannot read IP mode file for STMicroelectronics.X-CUBE-AZRTOS-L4.2.0.0
2025-02-08 01:17:28,150 [WARN] ConditionMgr:1044 - genDependencies : Invalid condition id : LAN8742 Phy interface Condition cause : null
2025-02-08 01:17:28,150 [WARN] ConditionMgr:1044 - genDependencies : Invalid condition id : LAN8742 Phy interface Condition cause : null
2025-02-08 01:17:28,150 [WARN] ConditionMgr:1044 - genDependencies : Invalid condition id : LAN8742 Phy interface Condition cause : null
2025-02-08 01:17:28,169 [WARN] PackLoader:240 - Cannot read IP mode file for STMicroelectronics.X-CUBE-SFXS2LP1.4.0.0
2025-02-08 01:17:28,199 [WARN] PackLoader:240 - Cannot read IP mode file for STMicroelectronics.X-CUBE-AZRTOS-H7.3.3.0
2025-02-08 01:17:28,219 [WARN] PackLoader:240 - Cannot read IP mode file for RoweBots.I-CUBE-UNISONRTOS.5.5.0-4
2025-02-08 01:17:28,231 [WARN] PackLoader:240 - Cannot read IP mode file for wolfSSL.I-CUBE-wolfSSL.5.4.0
2025-02-08 01:17:28,251 [WARN] PackLoader:240 - Cannot read IP mode file for STMicroelectronics.X-CUBE-IPS.3.0.0
2025-02-08 01:17:28,322 [WARN] ConditionMgr:438 - getConditionDescription Invalid condition id : UX DEVICE CLASS RTOS Condition cause : null
2025-02-08 01:17:28,322 [WARN] ConditionMgr:438 - getConditionDescription Invalid condition id : UX DEVICE CLASS RTOS Condition cause : null
2025-02-08 01:17:28,323 [WARN] PackLoader:240 - Cannot read IP mode file for STMicroelectronics.X-CUBE-AZRTOS-WB.2.0.0
2025-02-08 01:17:28,324 [WARN] ConditionMgr:1044 - genDependencies : Invalid condition id : UX DEVICE CLASS RTOS Condition cause : null
2025-02-08 01:17:28,324 [WARN] ConditionMgr:1044 - genDependencies : Invalid condition id : UX DEVICE CLASS RTOS Condition cause : null
2025-02-08 01:17:28,324 [WARN] ConditionMgr:1044 - genDependencies : Invalid condition id : UX DEVICE CLASS RTOS Condition cause : null
2025-02-08 01:17:28,324 [WARN] ConditionMgr:1044 - genDependencies : Invalid condition id : UX DEVICE CLASS RTOS Condition cause : null
2025-02-08 01:17:28,325 [WARN] ConditionMgr:1044 - genDependencies : Invalid condition id : UX DEVICE CLASS RTOS Condition cause : null
2025-02-08 01:17:28,339 [WARN] PackLoader:240 - Cannot read IP mode file for STMicroelectronics.X-CUBE-GNSS1.7.0.0
2025-02-08 01:17:28,354 [WARN] PackLoader:240 - Cannot read IP mode file for STMicroelectronics.X-CUBE-GNSS1.7.0.1
2025-02-08 01:17:28,368 [WARN] PackLoader:240 - Cannot read IP mode file for STMicroelectronics.X-CUBE-BLEMGR.1.0.0
2025-02-08 01:17:28,383 [WARN] PackLoader:240 - Cannot read IP mode file for STMicroelectronics.FP-SNS-STBOX1.2.0.0
2025-02-08 01:17:28,404 [WARN] PackLoader:240 - Cannot read IP mode file for STMicroelectronics.X-CUBE-SUBG2.5.0.0
2025-02-08 01:17:28,419 [WARN] PackLoader:240 - Cannot read IP mode file for Cesanta.I-CUBE-Mongoose.7.13.0
2025-02-08 01:17:28,444 [WARN] PackLoader:240 - Cannot read IP mode file for STMicroelectronics.X-CUBE-AZRTOS-G4.2.0.0
2025-02-08 01:17:28,458 [WARN] PackLoader:240 - Cannot read IP mode file for STMicroelectronics.FP-ATR-ASTRA1.1.1.0
2025-02-08 01:17:28,479 [WARN] PackLoader:240 - Cannot read IP mode file for STMicroelectronics.X-CUBE-AZRTOS-G4.1.0.0
2025-02-08 01:17:28,506 [WARN] PackLoader:240 - Cannot read IP mode file for STMicroelectronics.X-CUBE-AZRTOS-L4.1.0.0
2025-02-08 01:17:28,526 [WARN] PackLoader:240 - Cannot read IP mode file for STMicroelectronics.X-CUBE-IPS.3.1.0
2025-02-08 01:17:28,543 [WARN] PackLoader:240 - Cannot read IP mode file for STMicroelectronics.X-CUBE-ALS.1.0.2
2025-02-08 01:17:28,583 [WARN] PackLoader:240 - Cannot read IP mode file for STMicroelectronics.X-CUBE-TOUCHGFX.4.24.2
2025-02-08 01:17:28,603 [WARN] PackLoader:240 - Cannot read IP mode file for STMicroelectronics.X-CUBE-AZRTOS-WL.1.0.0
2025-02-08 01:17:28,618 [WARN] PackLoader:240 - Cannot read IP mode file for STMicroelectronics.X-CUBE-TOUCHGFX.4.24.1
2025-02-08 01:17:28,632 [WARN] PackLoader:240 - Cannot read IP mode file for wolfSSL.I-CUBE-wolfTPM.3.4.0
2025-02-08 01:17:28,649 [WARN] PackLoader:240 - Cannot read IP mode file for portGmbH.I-Cube-SoM-uGOAL.1.1.0
2025-02-08 01:17:28,663 [WARN] PackLoader:240 - Cannot read IP mode file for STMicroelectronics.X-CUBE-ALS.1.0.1
2025-02-08 01:17:28,688 [WARN] PackLoader:240 - Cannot read IP mode file for STMicroelectronics.X-CUBE-AZRTOS-L5.1.0.0
2025-02-08 01:17:28,704 [WARN] PackLoader:240 - Cannot read IP mode file for STMicroelectronics.X-CUBE-EEPRMA1.3.1.1
2025-02-08 01:17:28,734 [WARN] PackLoader:240 - Cannot read IP mode file for STMicroelectronics.X-CUBE-AZRTOS-H7RS.1.0.0
2025-02-08 01:17:28,746 [WARN] PackLoader:240 - Cannot read IP mode file for STMicroelectronics.FP-ATR-ASTRA1.2.0.0
2025-02-08 01:17:28,764 [WARN] PackLoader:240 - Cannot read IP mode file for STMicroelectronics.X-CUBE-TOF1.3.4.2
2025-02-08 01:17:28,801 [WARN] PackLoader:240 - Cannot read IP mode file for Infineon.AIROC-Wi-Fi-Bluetooth-STM32.1.6.1
2025-02-08 01:17:28,817 [WARN] PackLoader:240 - Cannot read IP mode file for wolfSSL.I-CUBE-wolfSSH.1.4.17
2025-02-08 01:17:28,817 [INFO] ThirdParty:978 - Integrity check success = true
2025-02-08 01:17:28,818 [INFO] IntegrityCheckThread:100 - exiting critical section [integrity check]
2025-02-08 01:17:28,818 [INFO] IntegrityCheckThread:103 - End integrity checks thread
