2026-06-29 17:20:56,235 [ERROR] LogOutputStream:75 - [STDERR_REDIRECT] 
2026-06-29 17:21:41,576 [INFO] Activator:176 - 


2026-06-29 17:21:41,578 [INFO] Activator:177 - !SESSION log4j initialized
2026-06-29 17:21:56,754 [INFO] LogOutputStream:77 - [STDOUT_REDIRECT] 
2026-06-29 17:25:31,369 [INFO] ApplicationProperties:184 - Using Application install path: C:\ST\STM32CubeIDE_1.16.1\STM32CubeIDE\plugins\com.st.stm32cube.common.mx_6.13.0.202411220809
2026-06-29 17:25:31,384 [INFO] DbMcusXml:78 - Set database path to: C:\ST\STM32CubeIDE_1.16.1\STM32CubeIDE\plugins\com.st.stm32cube.common.mx_6.13.0.202411220809\\db\/mcu/
2026-06-29 17:25:31,384 [INFO] ApiDb:274 - Set plugin database path to: C:\ST\STM32CubeIDE_1.16.1\STM32CubeIDE\plugins\com.st.stm32cube.common.mx_6.13.0.202411220809\\db\/plugins/boardmanager/
2026-06-29 17:25:31,384 [WARN] ApiDb:259 - Overriding images path with different value:  => C:\ST\STM32CubeIDE_1.16.1\STM32CubeIDE\plugins\com.st.stm32cube.common.mx_6.13.0.202411220809\\db\/plugins/mcufinder/images/
2026-06-29 17:25:31,428 [INFO] ApiDb:250 - Set database path to: C:\Users\Bruno\.stmcufinder\plugins\mcufinder//mcu/
2026-06-29 17:25:31,429 [INFO] DbMcusAds:125 - Set database path to: C:\Users\Bruno\.stmcufinder\plugins\mcufinder//mcu/
2026-06-29 17:25:31,449 [INFO] CrossReferenceDbSqlite:203 - Set database path to: C:\Users\Bruno\.stmcufinder\plugins\mcufinder//mcu/cs/
2026-06-29 17:25:31,562 [INFO] RulesReader:64 - Compatibility file has been processed (297 Rules)
2026-06-29 17:25:31,666 [INFO] DbMcusXml:78 - Set database path to: C:\ST\STM32CubeIDE_1.16.1\STM32CubeIDE\plugins\com.st.stm32cube.common.mx_6.13.0.202411220809\\db\/mcu/
2026-06-29 17:25:31,666 [INFO] ApiDb:274 - Set plugin database path to: C:\ST\STM32CubeIDE_1.16.1\STM32CubeIDE\plugins\com.st.stm32cube.common.mx_6.13.0.202411220809\\db\/plugins/boardmanager/
2026-06-29 17:25:31,666 [INFO] ApiDb:261 - Set plugin images path to: C:\ST\STM32CubeIDE_1.16.1\STM32CubeIDE\plugins\com.st.stm32cube.common.mx_6.13.0.202411220809\\db\/plugins/mcufinder/images/
2026-06-29 17:25:31,667 [WARN] DbFile:41 - Overriding database path with different value: C:\Users\Bruno\.stmcufinder\plugins\mcufinder/ => C:\Users\Bruno\.stmcufinder\plugins\mcufinder
2026-06-29 17:25:31,667 [INFO] ApiDb:250 - Set database path to: C:\Users\Bruno\.stmcufinder\plugins\mcufinder//mcu/
2026-06-29 17:25:31,667 [WARN] DbFile:41 - Overriding database path with different value: C:\Users\Bruno\.stmcufinder\plugins\mcufinder/ => C:\Users\Bruno\.stmcufinder\plugins\mcufinder
2026-06-29 17:25:31,667 [INFO] DbMcusAds:125 - Set database path to: C:\Users\Bruno\.stmcufinder\plugins\mcufinder//mcu/
2026-06-29 17:25:31,667 [WARN] DbFile:41 - Overriding database path with different value: C:\Users\Bruno\.stmcufinder\plugins\mcufinder/ => C:\Users\Bruno\.stmcufinder\plugins\mcufinder
2026-06-29 17:25:31,667 [WARN] DbFile:41 - Overriding database path with different value: C:\Users\Bruno\.stmcufinder\plugins\mcufinder/ => C:\Users\Bruno\.stmcufinder\plugins\mcufinder
2026-06-29 17:25:31,667 [INFO] CrossReferenceDbSqlite:203 - Set database path to: C:\Users\Bruno\.stmcufinder\plugins\mcufinder//mcu/cs/
2026-06-29 17:25:31,742 [INFO] MainPanel:272 - HeapMemory: 1073741824
2026-06-29 17:25:31,860 [INFO] DbMcusXml:78 - Set database path to: C:\ST\STM32CubeIDE_1.16.1\STM32CubeIDE\plugins\com.st.stm32cube.common.mx_6.13.0.202411220809\\db\/mcu/
2026-06-29 17:25:31,860 [INFO] ApiDb:274 - Set plugin database path to: C:\ST\STM32CubeIDE_1.16.1\STM32CubeIDE\plugins\com.st.stm32cube.common.mx_6.13.0.202411220809\\db\/plugins/boardmanager/
2026-06-29 17:25:31,861 [INFO] ApiDb:261 - Set plugin images path to: C:\ST\STM32CubeIDE_1.16.1\STM32CubeIDE\plugins\com.st.stm32cube.common.mx_6.13.0.202411220809\\db\/plugins/mcufinder/images/
2026-06-29 17:25:31,861 [WARN] DbFile:41 - Overriding database path with different value: C:\Users\Bruno\.stmcufinder\plugins\mcufinder/ => C:\Users\Bruno\.stmcufinder\plugins\mcufinder
2026-06-29 17:25:31,861 [INFO] ApiDb:250 - Set database path to: C:\Users\Bruno\.stmcufinder\plugins\mcufinder//mcu/
2026-06-29 17:25:31,861 [WARN] DbFile:41 - Overriding database path with different value: C:\Users\Bruno\.stmcufinder\plugins\mcufinder/ => C:\Users\Bruno\.stmcufinder\plugins\mcufinder
2026-06-29 17:25:31,861 [INFO] DbMcusAds:125 - Set database path to: C:\Users\Bruno\.stmcufinder\plugins\mcufinder//mcu/
2026-06-29 17:25:31,861 [WARN] DbFile:41 - Overriding database path with different value: C:\Users\Bruno\.stmcufinder\plugins\mcufinder/ => C:\Users\Bruno\.stmcufinder\plugins\mcufinder
2026-06-29 17:25:31,861 [WARN] DbFile:41 - Overriding database path with different value: C:\Users\Bruno\.stmcufinder\plugins\mcufinder/ => C:\Users\Bruno\.stmcufinder\plugins\mcufinder
2026-06-29 17:25:31,861 [INFO] CrossReferenceDbSqlite:203 - Set database path to: C:\Users\Bruno\.stmcufinder\plugins\mcufinder//mcu/cs/
2026-06-29 17:25:31,880 [INFO] ApplicationProperties:184 - Using Application install path: C:\ST\STM32CubeIDE_1.16.1\STM32CubeIDE\plugins\com.st.stm32cube.common.mx_6.13.0.202411220809
2026-06-29 17:25:31,881 [INFO] PluginManage:196 - Search for loadable plugins [exclusion list=, ]
2026-06-29 17:25:31,882 [INFO] PluginManage:310 - Check plugin analytics
2026-06-29 17:25:32,051 [INFO] AnalyticsPlugin:253 - Accepted Software Licenses: STM32CubeMX.6.6.1,STM32CubeMX.6.13.0,STM32CubeMX.6.17.0
2026-06-29 17:25:32,052 [INFO] AnalyticsPlugin:255 - Accepted CMSIS Pack Licenses: 
2026-06-29 17:25:32,052 [INFO] AnalyticsPlugin:257 - Accepted Firmware Licenses: FW.G0.1.6.0,FW.F4.1.28.0
2026-06-29 17:25:32,052 [INFO] PluginManage:359 - Loaded plugin analytics (category:tool,tabindex:-1)
2026-06-29 17:25:32,053 [INFO] PluginManage:310 - Check plugin cadmodel
2026-06-29 17:25:32,073 [INFO] CADModel:105 - Init CAD model plugin
2026-06-29 17:25:32,073 [INFO] PluginManage:359 - Loaded plugin cadmodel (category:power,tabindex:5)
2026-06-29 17:25:32,073 [INFO] PluginManage:310 - Check plugin clock
2026-06-29 17:25:32,096 [INFO] PluginManage:359 - Loaded plugin clock (category:base,tabindex:2)
2026-06-29 17:25:32,096 [INFO] PluginManage:310 - Check plugin ddr
2026-06-29 17:25:32,099 [INFO] PluginManage:359 - Loaded plugin ddr (category:tool,tabindex:6)
2026-06-29 17:25:32,099 [INFO] PluginManage:310 - Check plugin filemanager
2026-06-29 17:25:32,232 [INFO] PluginManage:359 - Loaded plugin filemanager (category:base,tabindex:10)
2026-06-29 17:25:32,232 [INFO] PluginManage:310 - Check plugin ipmanager
2026-06-29 17:25:32,239 [INFO] PluginManage:359 - Loaded plugin ipmanager (category:base,tabindex:5)
2026-06-29 17:25:32,240 [INFO] PluginManage:310 - Check plugin lpbam
2026-06-29 17:25:32,259 [INFO] PluginManage:359 - Loaded plugin lpbam (category:base,tabindex:0)
2026-06-29 17:25:32,259 [INFO] PluginManage:310 - Check plugin memorymap
2026-06-29 17:25:32,285 [INFO] PluginManage:359 - Loaded plugin memorymap (category:base,tabindex:4)
2026-06-29 17:25:32,285 [INFO] PluginManage:310 - Check plugin pinoutandconfiguration
2026-06-29 17:25:32,307 [INFO] PluginManage:359 - Loaded plugin pinoutandconfiguration (category:base,tabindex:1)
2026-06-29 17:25:32,307 [INFO] PluginManage:310 - Check plugin pinoutconfig
2026-06-29 17:25:32,407 [WARN] SupportedApi:132 - Cannot load RTOS API schema: s4s-elt-must-match.1: The content of 'definitions' must match (annotation?, (simpleType | complexType)?, (unique | key | keyref)*)). A problem was found starting at: attribute.
2026-06-29 17:25:32,554 [INFO] PluginManage:359 - Loaded plugin pinoutconfig (category:base,tabindex:0)
2026-06-29 17:25:32,554 [INFO] PluginManage:310 - Check plugin power
2026-06-29 17:25:32,577 [INFO] PluginManage:359 - Loaded plugin power (category:power,tabindex:4)
2026-06-29 17:25:32,578 [INFO] PluginManage:310 - Check plugin projectmanager
2026-06-29 17:25:32,592 [INFO] PluginManage:359 - Loaded plugin projectmanager (category:projectmanager,tabindex:4)
2026-06-29 17:25:32,592 [INFO] PluginManage:310 - Check plugin rif
2026-06-29 17:25:32,610 [INFO] PluginManage:359 - Loaded plugin rif (category:base,tabindex:3)
2026-06-29 17:25:32,610 [INFO] PluginManage:310 - Check plugin thirdparty
2026-06-29 17:25:32,929 [WARN] IntegrityCheckThread:84 - waiting for thirdparty lock release [integrity check]
2026-06-29 17:25:32,930 [INFO] PluginManage:359 - Loaded plugin thirdparty (category:base,tabindex:-1)
2026-06-29 17:25:32,930 [INFO] PluginManage:310 - Check plugin tools
2026-06-29 17:25:32,930 [INFO] IntegrityCheckThread:86 - entering critical section [integrity check]
2026-06-29 17:25:32,930 [INFO] ThirdPartyUpdaterWithRetryManager:70 - Updater plugin not ready yet. [1/15]
2026-06-29 17:25:32,974 [INFO] PluginManage:359 - Loaded plugin tools (category:base,tabindex:7)
2026-06-29 17:25:32,974 [INFO] PluginManage:310 - Check plugin tutovideos
2026-06-29 17:25:33,169 [INFO] PluginManage:359 - Loaded plugin tutovideos (category:base,tabindex:-1)
2026-06-29 17:25:33,169 [INFO] PluginManage:310 - Check plugin updater
2026-06-29 17:25:33,189 [INFO] PluginManage:359 - Loaded plugin updater (category:base,tabindex:12)
2026-06-29 17:25:33,190 [INFO] PluginManage:310 - Check plugin userauth
2026-06-29 17:25:33,194 [INFO] UserAuth:118 - Init User Auth plugin
2026-06-29 17:25:33,194 [INFO] PluginManage:359 - Loaded plugin userauth (category:base,tabindex:14)
2026-06-29 17:25:33,195 [INFO] PluginManage:283 - PluginManage : Loaded plugins [18]
2026-06-29 17:25:33,453 [INFO] PinOutPanel:1589 - setPackage(No Configuration,No Configuration)
2026-06-29 17:25:33,563 [INFO] CADModel:165 - CPN selected for project level
2026-06-29 17:25:33,563 [INFO] CADModel:114 - Register for checkConnection events
2026-06-29 17:25:33,598 [INFO] IPUIPlugin:80 - create IPUIPlugin
2026-06-29 17:25:33,599 [INFO] PluginManager:220 - loadIPPluginJar : add adc
2026-06-29 17:25:33,647 [INFO] IPUIPlugin:80 - create IPUIPlugin
2026-06-29 17:25:33,647 [INFO] PluginManager:220 - loadIPPluginJar : add aes
2026-06-29 17:25:33,700 [INFO] IPUIPlugin:80 - create IPUIPlugin
2026-06-29 17:25:33,700 [INFO] PluginManager:220 - loadIPPluginJar : add can
2026-06-29 17:25:33,731 [INFO] IPUIPlugin:80 - create IPUIPlugin
2026-06-29 17:25:33,731 [INFO] PluginManager:220 - loadIPPluginJar : add comp
2026-06-29 17:25:33,774 [INFO] IPUIPlugin:80 - create IPUIPlugin
2026-06-29 17:25:33,774 [INFO] PluginManager:220 - loadIPPluginJar : add cryp
2026-06-29 17:25:33,788 [INFO] IPUIPlugin:80 - create IPUIPlugin
2026-06-29 17:25:33,788 [INFO] PluginManager:220 - loadIPPluginJar : add ddr_ctrl_phy
2026-06-29 17:25:33,826 [INFO] IPUIPlugin:80 - create IPUIPlugin
2026-06-29 17:25:33,826 [INFO] PluginManager:220 - loadIPPluginJar : add dfsdm
2026-06-29 17:25:33,842 [INFO] IPUIPlugin:80 - create IPUIPlugin
2026-06-29 17:25:33,843 [INFO] PluginManager:220 - loadIPPluginJar : add dma
2026-06-29 17:25:33,893 [INFO] IPUIPlugin:80 - create IPUIPlugin
2026-06-29 17:25:33,893 [INFO] PluginManager:220 - loadIPPluginJar : add dma3
2026-06-29 17:25:33,953 [INFO] IPUIPlugin:80 - create IPUIPlugin
2026-06-29 17:25:33,953 [INFO] PluginManager:220 - loadIPPluginJar : add extmemmanager
2026-06-29 17:25:33,980 [INFO] IPUIPlugin:80 - create IPUIPlugin
2026-06-29 17:25:33,980 [INFO] PluginManager:220 - loadIPPluginJar : add fatfs
2026-06-29 17:25:34,040 [INFO] IPUIPlugin:80 - create IPUIPlugin
2026-06-29 17:25:34,040 [INFO] PluginManager:220 - loadIPPluginJar : add fmc
2026-06-29 17:25:34,057 [INFO] IPUIPlugin:80 - create IPUIPlugin
2026-06-29 17:25:34,057 [INFO] PluginManager:220 - loadIPPluginJar : add freertos
2026-06-29 17:25:34,083 [INFO] IPUIPlugin:80 - create IPUIPlugin
2026-06-29 17:25:34,083 [INFO] PluginManager:220 - loadIPPluginJar : add genericplugin
2026-06-29 17:25:34,199 [INFO] IPUIPlugin:80 - create IPUIPlugin
2026-06-29 17:25:34,199 [INFO] PluginManager:220 - loadIPPluginJar : add gfxmmu
2026-06-29 17:25:34,362 [INFO] IPUIPlugin:80 - create IPUIPlugin
2026-06-29 17:25:34,362 [INFO] PluginManager:220 - loadIPPluginJar : add gic
2026-06-29 17:25:34,377 [INFO] IPUIPlugin:80 - create IPUIPlugin
2026-06-29 17:25:34,377 [INFO] PluginManager:220 - loadIPPluginJar : add gpio
2026-06-29 17:25:34,497 [INFO] IPUIPlugin:80 - create IPUIPlugin
2026-06-29 17:25:34,497 [INFO] PluginManager:220 - loadIPPluginJar : add gtzc
2026-06-29 17:25:34,540 [INFO] IPUIPlugin:80 - create IPUIPlugin
2026-06-29 17:25:34,540 [INFO] PluginManager:220 - loadIPPluginJar : add hash
2026-06-29 17:25:34,608 [INFO] IPUIPlugin:80 - create IPUIPlugin
2026-06-29 17:25:34,608 [INFO] PluginManager:220 - loadIPPluginJar : add i2c
2026-06-29 17:25:34,658 [INFO] IPUIPlugin:80 - create IPUIPlugin
2026-06-29 17:25:34,659 [INFO] PluginManager:220 - loadIPPluginJar : add i2s
2026-06-29 17:25:34,713 [INFO] IPUIPlugin:80 - create IPUIPlugin
2026-06-29 17:25:34,714 [INFO] PluginManager:220 - loadIPPluginJar : add i3c
2026-06-29 17:25:34,854 [INFO] IPUIPlugin:80 - create IPUIPlugin
2026-06-29 17:25:34,855 [INFO] PluginManager:220 - loadIPPluginJar : add ipddr
2026-06-29 17:25:34,972 [INFO] IPUIPlugin:80 - create IPUIPlugin
2026-06-29 17:25:34,972 [INFO] PluginManager:220 - loadIPPluginJar : add linkedlist
2026-06-29 17:25:35,017 [INFO] IPUIPlugin:80 - create IPUIPlugin
2026-06-29 17:25:35,017 [INFO] PluginManager:220 - loadIPPluginJar : add lorawan
2026-06-29 17:25:35,064 [INFO] IPUIPlugin:80 - create IPUIPlugin
2026-06-29 17:25:35,064 [INFO] PluginManager:220 - loadIPPluginJar : add ltdc
2026-06-29 17:25:35,081 [INFO] IPUIPlugin:80 - create IPUIPlugin
2026-06-29 17:25:35,081 [INFO] PluginManager:220 - loadIPPluginJar : add mdma
2026-06-29 17:25:35,095 [INFO] IPUIPlugin:80 - create IPUIPlugin
2026-06-29 17:25:35,095 [INFO] PluginManager:220 - loadIPPluginJar : add nvic
2026-06-29 17:25:35,140 [INFO] IPUIPlugin:80 - create IPUIPlugin
2026-06-29 17:25:35,141 [INFO] PluginManager:220 - loadIPPluginJar : add opamp
2026-06-29 17:25:35,217 [INFO] IPUIPlugin:80 - create IPUIPlugin
2026-06-29 17:25:35,217 [INFO] PluginManager:220 - loadIPPluginJar : add openamp
2026-06-29 17:25:35,272 [INFO] IPUIPlugin:80 - create IPUIPlugin
2026-06-29 17:25:35,272 [INFO] PluginManager:220 - loadIPPluginJar : add pdm2pcm
2026-06-29 17:25:35,288 [INFO] IPUIPlugin:80 - create IPUIPlugin
2026-06-29 17:25:35,290 [INFO] PluginManager:220 - loadIPPluginJar : add plateformsettings
2026-06-29 17:25:35,319 [INFO] IPUIPlugin:80 - create IPUIPlugin
2026-06-29 17:25:35,319 [INFO] PluginManager:220 - loadIPPluginJar : add quadspi
2026-06-29 17:25:35,365 [INFO] IPUIPlugin:80 - create IPUIPlugin
2026-06-29 17:25:35,366 [INFO] PluginManager:220 - loadIPPluginJar : add radio
2026-06-29 17:25:35,381 [INFO] IPUIPlugin:80 - create IPUIPlugin
2026-06-29 17:25:35,381 [INFO] PluginManager:220 - loadIPPluginJar : add resmgrutility
2026-06-29 17:25:35,455 [INFO] IPUIPlugin:80 - create IPUIPlugin
2026-06-29 17:25:35,455 [INFO] PluginManager:220 - loadIPPluginJar : add sai
2026-06-29 17:25:35,502 [INFO] IPUIPlugin:80 - create IPUIPlugin
2026-06-29 17:25:35,502 [INFO] PluginManager:220 - loadIPPluginJar : add spi
2026-06-29 17:25:35,599 [INFO] IPUIPlugin:80 - create IPUIPlugin
2026-06-29 17:25:35,599 [INFO] PluginManager:220 - loadIPPluginJar : add stm32_wpan
2026-06-29 17:25:35,629 [INFO] IPUIPlugin:80 - create IPUIPlugin
2026-06-29 17:25:35,629 [INFO] PluginManager:220 - loadIPPluginJar : add tim
2026-06-29 17:25:35,718 [INFO] IPUIPlugin:80 - create IPUIPlugin
2026-06-29 17:25:35,718 [INFO] PluginManager:220 - loadIPPluginJar : add touchsensing
2026-06-29 17:25:35,747 [INFO] IPUIPlugin:80 - create IPUIPlugin
2026-06-29 17:25:35,747 [INFO] PluginManager:220 - loadIPPluginJar : add tracer_emb
2026-06-29 17:25:35,778 [INFO] IPUIPlugin:80 - create IPUIPlugin
2026-06-29 17:25:35,778 [INFO] PluginManager:220 - loadIPPluginJar : add ts
2026-06-29 17:25:35,805 [INFO] IPUIPlugin:80 - create IPUIPlugin
2026-06-29 17:25:35,806 [INFO] PluginManager:220 - loadIPPluginJar : add tsc
2026-06-29 17:25:35,833 [INFO] IPUIPlugin:80 - create IPUIPlugin
2026-06-29 17:25:35,834 [INFO] PluginManager:220 - loadIPPluginJar : add ucpd
2026-06-29 17:25:35,892 [INFO] IPUIPlugin:80 - create IPUIPlugin
2026-06-29 17:25:35,892 [INFO] PluginManager:220 - loadIPPluginJar : add usart
2026-06-29 17:25:35,932 [INFO] ThirdPartyUpdaterWithRetryManager:70 - Updater plugin not ready yet. [2/15]
2026-06-29 17:25:35,949 [INFO] IPUIPlugin:80 - create IPUIPlugin
2026-06-29 17:25:35,949 [INFO] PluginManager:220 - loadIPPluginJar : add usbx
2026-06-29 17:25:36,078 [FATAL] Updater:351 - Updater called before beeing initialized
2026-06-29 17:25:36,135 [INFO] RulesReader:64 - Compatibility file has been processed (297 Rules)
2026-06-29 17:25:36,148 [INFO] RulesReader:64 - Compatibility file has been processed (297 Rules)
2026-06-29 17:25:36,153 [INFO] CADModel:165 - CPN selected for project level
2026-06-29 17:25:36,153 [INFO] CADModel:114 - Register for checkConnection events
2026-06-29 17:25:36,153 [FATAL] Updater:351 - Updater called before beeing initialized
2026-06-29 17:25:36,154 [ERROR] CADModel:125 - Updater not yet initialized, retry later 
2026-06-29 17:25:36,308 [FATAL] Updater:351 - Updater called before beeing initialized
2026-06-29 17:25:36,310 [INFO] CADModel:165 - CPN selected for project level
2026-06-29 17:25:36,310 [INFO] CADModel:114 - Register for checkConnection events
2026-06-29 17:25:36,310 [FATAL] Updater:351 - Updater called before beeing initialized
2026-06-29 17:25:36,310 [ERROR] CADModel:125 - Updater not yet initialized, retry later 
2026-06-29 17:25:36,313 [FATAL] Updater:351 - Updater called before beeing initialized
2026-06-29 17:25:36,527 [FATAL] Updater:351 - Updater called before beeing initialized
2026-06-29 17:25:36,539 [INFO] DbMcusAds:53 - JSON generation date=Thu May 28 18:08:17 CEST 2026 (1779984497073)
2026-06-29 17:25:36,539 [FATAL] Updater:351 - Updater called before beeing initialized
2026-06-29 17:25:36,589 [WARN] DetailPanel:346 - Failed to get advertising image, set to default
2026-06-29 17:25:36,890 [FATAL] Updater:351 - Updater called before beeing initialized
2026-06-29 17:25:36,891 [FATAL] Updater:351 - Updater called before beeing initialized
2026-06-29 17:25:36,891 [FATAL] Updater:351 - Updater called before beeing initialized
2026-06-29 17:25:36,891 [WARN] DetailPanel:346 - Failed to get advertising image, set to default
2026-06-29 17:25:36,892 [FATAL] Updater:351 - Updater called before beeing initialized
2026-06-29 17:25:36,956 [ERROR] Updater:1198 - MainUpdater not yet initialized. External WinMGr cannot be set.
2026-06-29 17:25:36,969 [INFO] Updater:1134 - Updater Version found : 6.13.0
2026-06-29 17:25:36,985 [INFO] ApplicationProperties:184 - Using Application install path: C:\ST\STM32CubeIDE_1.16.1\STM32CubeIDE\plugins\com.st.stm32cube.common.mx_6.13.0.202411220809
2026-06-29 17:25:37,444 [INFO] MainUpdater:2872 - connection check result : 10
2026-06-29 17:25:37,445 [INFO] MainUpdater:289 - Updater Check For Update Now.
2026-06-29 17:25:37,445 [INFO] MicroXplorer:498 - Change Database Version : DB.6.0.130
2026-06-29 17:25:37,475 [INFO] McuFinderGlobals:63 - Set McuFinder mode to 2 (CubeIDE integrated)
2026-06-29 17:25:37,485 [INFO] UserAuth:486 - Internet connection configuration mode: 1
2026-06-29 17:25:37,517 [INFO] JxBrowserEngine:152 - Initiate JxBrowser Engine with user profile folder
2026-06-29 17:25:37,699 [INFO] CheckServerUpdateThread:120 - End of CheckServer Thread
2026-06-29 17:25:40,147 [WARN] PackLoader:240 - Cannot read IP mode file for STMicroelectronics.X-CUBE-AZRTOS-H7.3.5.0
2026-06-29 17:25:40,190 [WARN] PackLoader:240 - Cannot read IP mode file for STMicroelectronics.FP-SNS-MOTENVWB1.1.4.0
2026-06-29 17:25:40,207 [WARN] PackLoader:240 - Cannot read IP mode file for STMicroelectronics.FP-ATR-ASTRA1.2.0.2
2026-06-29 17:25:40,221 [WARN] PackLoader:240 - Cannot read IP mode file for STMicroelectronics.FP-ATR-ASTRA1.2.0.1
2026-06-29 17:25:40,238 [ERROR] Engine:466 - C:\Users\Bruno\.stm32cubemx\thirdparties\pdsc\STMicroelectronics.X-CUBE-SMBUS.2.1.1.pdsc: PDSC version is not supported
2026-06-29 17:25:40,546 [WARN] PackLoader:240 - Cannot read IP mode file for STMicroelectronics.X-CUBE-SMBUS.2.1.0
2026-06-29 17:25:40,587 [WARN] PackLoader:240 - Cannot read IP mode file for STMicroelectronics.X-CUBE-WB05N.1.1.0
2026-06-29 17:25:40,622 [WARN] PackLoader:240 - Cannot read IP mode file for STMicroelectronics.X-CUBE-ST60.1.0.0
2026-06-29 17:25:40,833 [WARN] PackLoader:240 - Cannot read IP mode file for STMicroelectronics.X-CUBE-MEMS1.9.2.0
2026-06-29 17:25:41,036 [WARN] PackLoader:240 - Cannot read IP mode file for STMicroelectronics.X-CUBE-AZRTOS-F7.1.1.0
2026-06-29 17:25:41,054 [ERROR] Engine:466 - C:\Users\Bruno\.stm32cubemx\thirdparties\pdsc\STMicroelectronics.X-CUBE-FREERTOS.1.6.0.pdsc: PDSC version is not supported
2026-06-29 17:25:41,116 [WARN] PackLoader:240 - Cannot read IP mode file for STMicroelectronics.X-CUBE-BLE1.6.2.3
2026-06-29 17:25:41,181 [WARN] PackLoader:240 - Cannot read IP mode file for STMicroelectronics.X-CUBE-MEMS1.11.0.0
2026-06-29 17:25:41,683 [ERROR] Engine:466 - C:\Users\Bruno\.stm32cubemx\thirdparties\pdsc\STMicroelectronics.FP-SNS-MOTENV1.5.1.0.pdsc: PDSC version is not supported
2026-06-29 17:25:41,726 [WARN] PackLoader:240 - Cannot read IP mode file for STMicroelectronics.X-CUBE-AZRTOS-H7RS.1.3.0
2026-06-29 17:25:41,744 [WARN] PackLoader:240 - Cannot read IP mode file for STMicroelectronics.FP-SNS-FLIGHT1.5.0.2
2026-06-29 17:25:41,785 [WARN] PackLoader:240 - Cannot read IP mode file for STMicroelectronics.X-CUBE-TOF1.3.1.0
2026-06-29 17:25:41,931 [WARN] PackLoader:240 - Cannot read IP mode file for STMicroelectronics.X-CUBE-AZRTOS-H7.3.4.0
2026-06-29 17:25:41,960 [WARN] PackLoader:240 - Cannot read IP mode file for STMicroelectronics.X-CUBE-DISPLAY.3.0.0
2026-06-29 17:25:42,012 [WARN] PackLoader:240 - Cannot read IP mode file for STMicroelectronics.X-CUBE-GNSS1.7.1.1
2026-06-29 17:25:42,055 [ERROR] Engine:466 - C:\Users\Bruno\.stm32cubemx\thirdparties\pdsc\STMicroelectronics.FP-SNS-MOTENVWB1.1.5.0.pdsc: PDSC version is not supported
2026-06-29 17:25:42,069 [WARN] PackLoader:240 - Cannot read IP mode file for STMicroelectronics.X-CUBE-BLE1.7.0.0
2026-06-29 17:25:42,086 [WARN] PackLoader:240 - Cannot read IP mode file for STMicroelectronics.X-CUBE-NFC10.1.0.0
2026-06-29 17:25:42,106 [WARN] PackLoader:240 - Cannot read IP mode file for STMicroelectronics.X-CUBE-BLEMGR.4.0.0
2026-06-29 17:25:42,139 [WARN] PackLoader:240 - Cannot read IP mode file for STMicroelectronics.X-CUBE-ST60.1.1.0
2026-06-29 17:25:42,170 [ERROR] Engine:466 - C:\Users\Bruno\.stm32cubemx\thirdparties\pdsc\STMicroelectronics.X-CUBE-WBA.1.1.0.pdsc: PDSC version is not supported
2026-06-29 17:25:42,185 [WARN] PackLoader:240 - Cannot read IP mode file for STMicroelectronics.X-CUBE-GNSS1.7.1.0
2026-06-29 17:25:42,199 [WARN] PackLoader:240 - Cannot read IP mode file for STMicroelectronics.X-CUBE-AI.7.2.0
2026-06-29 17:25:42,246 [WARN] PackLoader:240 - Cannot read IP mode file for STMicroelectronics.X-CUBE-BLEMGR.3.1.0
2026-06-29 17:25:42,315 [WARN] PackLoader:240 - Cannot read IP mode file for STMicroelectronics.X-CUBE-AI.10.0.0
2026-06-29 17:25:42,382 [ERROR] Engine:466 - C:\Users\Bruno\.stm32cubemx\thirdparties\pdsc\STMicroelectronics.FP-SNS-STBOX1.2.1.0.pdsc: PDSC version is not supported
2026-06-29 17:25:42,481 [WARN] PackLoader:240 - Cannot read IP mode file for STMicroelectronics.FP-SNS-SMARTAG2.1.2.0
2026-06-29 17:25:42,566 [WARN] PackLoader:240 - Cannot read IP mode file for STMicroelectronics.FP-SNS-FLIGHT1.5.1.0
2026-06-29 17:25:42,611 [WARN] PackLoader:240 - Cannot read IP mode file for STMicroelectronics.X-CUBE-MEMS1.11.1.0
2026-06-29 17:25:42,735 [INFO] LogOutputStream:77 - [STDOUT_REDIRECT] 1 : Invalid condition id : UX_CORESTACK_Condition cause : null
2026-06-29 17:25:42,735 [INFO] LogOutputStream:77 - [STDOUT_REDIRECT] 1 : Invalid condition id : UX_CORESTACK_Condition cause : null
2026-06-29 17:25:42,736 [INFO] LogOutputStream:77 - [STDOUT_REDIRECT] 1 : Invalid condition id : UX_CORESTACK_Condition cause : null
2026-06-29 17:25:42,737 [INFO] LogOutputStream:77 - [STDOUT_REDIRECT] 1 : Invalid condition id : UX_CORESTACK_Condition cause : null
2026-06-29 17:25:42,738 [INFO] LogOutputStream:77 - [STDOUT_REDIRECT] 1 : Invalid condition id : UX_CORESTACK_Condition cause : null
2026-06-29 17:25:42,740 [WARN] PackLoader:240 - Cannot read IP mode file for STMicroelectronics.X-CUBE-AZRTOS-WL.2.0.0
2026-06-29 17:25:42,809 [WARN] PackLoader:240 - Cannot read IP mode file for STMicroelectronics.FP-SNS-MOTENV1.5.0.0
2026-06-29 17:25:42,844 [WARN] PackLoader:240 - Cannot read IP mode file for STMicroelectronics.X-CUBE-AZRTOS-H7RS.1.2.0
2026-06-29 17:25:42,859 [WARN] PackLoader:240 - Cannot read IP mode file for wolfSSL.I-CUBE-wolfMQTT.1.19.0
2026-06-29 17:25:42,894 [WARN] PackLoader:240 - Cannot read IP mode file for WES.I-CUBE-Cesium.1.3.0
2026-06-29 17:25:42,919 [WARN] PackLoader:240 - Cannot read IP mode file for STMicroelectronics.X-CUBE-BLE2.3.3.0
2026-06-29 17:25:43,027 [WARN] PackLoader:240 - Cannot read IP mode file for STMicroelectronics.X-CUBE-DISPLAY.2.2.0
2026-06-29 17:25:43,044 [WARN] PackLoader:240 - Cannot read IP mode file for STMicroelectronics.X-CUBE-NFC9.1.0.0
2026-06-29 17:25:43,073 [WARN] PackLoader:240 - Cannot read IP mode file for STMicroelectronics.X-CUBE-AZRTOS-H7.2.1.0
2026-06-29 17:25:43,088 [WARN] PackLoader:240 - Cannot read IP mode file for STMicroelectronics.X-CUBE-BLE1.7.1.0
2026-06-29 17:25:43,133 [WARN] PackLoader:240 - Cannot read IP mode file for STMicroelectronics.X-CUBE-TCPP.4.1.0
2026-06-29 17:25:43,146 [ERROR] Engine:466 - C:\Users\Bruno\.stm32cubemx\thirdparties\pdsc\STMicroelectronics.X-CUBE-FREERTOS.1.4.0.pdsc: PDSC version is not supported
2026-06-29 17:25:43,236 [WARN] PackLoader:240 - Cannot read IP mode file for STMicroelectronics.X-CUBE-EEPRMA1.5.2.0
2026-06-29 17:25:43,252 [ERROR] Engine:466 - C:\Users\Bruno\.stm32cubemx\thirdparties\pdsc\STMicroelectronics.X-CUBE-ST67W61.1.1.0.pdsc: PDSC version is not supported
2026-06-29 17:25:43,254 [INFO] WebApp:168 - Instantiating new browser for Auth
2026-06-29 17:25:43,267 [WARN] PackLoader:240 - Cannot read IP mode file for STMicroelectronics.X-CUBE-AI.10.1.0
2026-06-29 17:25:43,280 [ERROR] Engine:466 - C:\Users\Bruno\.stm32cubemx\thirdparties\pdsc\STMicroelectronics.FP-SNS-STAIOTCFT.1.1.0.pdsc: PDSC version is not supported
2026-06-29 17:25:43,501 [WARN] PackLoader:240 - Cannot read IP mode file for STMicroelectronics.X-CUBE-MEMS1.12.0.0
2026-06-29 17:25:43,674 [WARN] PackLoader:240 - Cannot read IP mode file for STMicroelectronics.X-CUBE-ALGOBUILD.1.3.0
2026-06-29 17:25:43,755 [WARN] PackLoader:240 - Cannot read IP mode file for STMicroelectronics.X-CUBE-MEMS1.11.2.0
2026-06-29 17:25:43,933 [WARN] PackLoader:240 - Cannot read IP mode file for STMicroelectronics.X-CUBE-AZRTOS-G0.1.1.0
2026-06-29 17:25:43,963 [WARN] PackLoader:240 - Cannot read IP mode file for STMicroelectronics.X-CUBE-SAFEA1.1.2.2
2026-06-29 17:25:44,006 [WARN] PackLoader:240 - Cannot read IP mode file for STMicroelectronics.X-CUBE-NFC4.3.0.0
2026-06-29 17:25:44,115 [WARN] PackLoader:240 - Cannot read IP mode file for SEGGER.I-CUBE-embOS.1.2.0
2026-06-29 17:25:44,151 [WARN] PackLoader:240 - Cannot read IP mode file for EmbeddedOffice.I-CUBE-FS-RTOS.1.0.1
2026-06-29 17:25:44,199 [WARN] PackLoader:240 - Cannot read IP mode file for STMicroelectronics.X-CUBE-WB05N.2.0.0
2026-06-29 17:25:44,224 [WARN] PackLoader:240 - Cannot read IP mode file for STMicroelectronics.X-CUBE-TCPP.4.2.0
2026-06-29 17:25:44,241 [WARN] PackLoader:240 - Cannot read IP mode file for RealThread.X-CUBE-RT-Thread_Nano.4.1.1
2026-06-29 17:25:44,256 [WARN] PackLoader:240 - Cannot read IP mode file for STMicroelectronics.FP-ATR-SIGFOX1.3.2.0
2026-06-29 17:25:44,271 [WARN] ConditionMgr:438 - getConditionDescription Invalid condition id : Cortex-A Device cause : null
2026-06-29 17:25:44,349 [WARN] ConditionMgr:1044 - genDependencies : Invalid condition id : Cortex-A Device cause : null
2026-06-29 17:25:44,349 [WARN] ConditionMgr:1044 - genDependencies : Invalid condition id : Cortex-A Device cause : null
2026-06-29 17:25:44,349 [WARN] ConditionMgr:1044 - genDependencies : Invalid condition id : Cortex-A Device cause : null
2026-06-29 17:25:44,368 [WARN] PackLoader:240 - Cannot read IP mode file for STMicroelectronics.X-CUBE-EEPRMA1.5.1.0
2026-06-29 17:25:44,382 [ERROR] Engine:466 - C:\Users\Bruno\.stm32cubemx\thirdparties\pdsc\STMicroelectronics.X-CUBE-FREERTOS.1.5.0.pdsc: PDSC version is not supported
2026-06-29 17:25:44,436 [WARN] PackLoader:240 - Cannot read IP mode file for emotas.I-CUBE-CANOPEN.1.1.2
2026-06-29 17:25:44,481 [WARN] PackLoader:240 - Cannot read IP mode file for STMicroelectronics.X-CUBE-TOUCHGFX.4.20.0
2026-06-29 17:25:44,499 [WARN] PackLoader:240 - Cannot read IP mode file for ITTIA_DB.I-CUBE-ITTIADB.8.9.0
2026-06-29 17:25:44,545 [WARN] PackLoader:240 - Cannot read IP mode file for STMicroelectronics.X-CUBE-NFC6.3.2.0
2026-06-29 17:25:44,566 [WARN] PackLoader:240 - Cannot read IP mode file for STMicroelectronics.X-CUBE-ST67W61.1.0.0
2026-06-29 17:25:44,678 [WARN] PackLoader:240 - Cannot read IP mode file for STMicroelectronics.X-CUBE-AI.10.2.1
2026-06-29 17:25:44,723 [WARN] PackLoader:240 - Cannot read IP mode file for STMicroelectronics.X-CUBE-AI.10.2.0
2026-06-29 17:25:44,767 [WARN] PackLoader:240 - Cannot read IP mode file for STMicroelectronics.X-CUBE-MEMS1.12.1.0
2026-06-29 17:25:44,870 [WARN] PackLoader:240 - Cannot read IP mode file for SEGGER.I-CUBE-embOS.1.3.1
2026-06-29 17:25:44,931 [WARN] PackLoader:240 - Cannot read IP mode file for STMicroelectronics.X-CUBE-ALGOBUILD.1.4.0
2026-06-29 17:25:44,978 [WARN] PackLoader:240 - Cannot read IP mode file for STMicroelectronics.X-CUBE-MEMS1.11.3.0
2026-06-29 17:25:45,175 [WARN] PackLoader:240 - Cannot read IP mode file for STMicroelectronics.X-CUBE-AI.9.1.0
2026-06-29 17:25:45,190 [WARN] PackLoader:240 - Cannot read IP mode file for STMicroelectronics.X-CUBE-NFC13.1.0.0
2026-06-29 17:25:45,218 [WARN] PackLoader:240 - Cannot read IP mode file for STMicroelectronics.X-CUBE-PM33A1.1.0.0
2026-06-29 17:25:45,445 [WARN] PackLoader:240 - Cannot read IP mode file for STMicroelectronics.X-CUBE-GNSS1.6.0.0
2026-06-29 17:25:45,824 [WARN] PackLoader:240 - Cannot read IP mode file for STMicroelectronics.X-CUBE-AZRTOS-F4.1.1.0
2026-06-29 17:25:45,840 [WARN] PackLoader:240 - Cannot read IP mode file for Avnet-IotConnect.X-CUBE-IoTC-DA16k-PMOD.1.0.0
2026-06-29 17:25:45,871 [WARN] PackLoader:240 - Cannot read IP mode file for STMicroelectronics.X-CUBE-ISPU.2.1.0
2026-06-29 17:25:46,083 [ERROR] Engine:466 - C:\Users\Bruno\.stm32cubemx\thirdparties\pdsc\STMicroelectronics.X-CUBE-IPS.3.2.0.pdsc: PDSC version is not supported
2026-06-29 17:25:46,144 [WARN] PackLoader:240 - Cannot read IP mode file for STMicroelectronics.eDS-WB_DPC_TT-BIDIR.2.1.1
2026-06-29 17:25:46,160 [WARN] PackLoader:240 - Cannot read IP mode file for STMicroelectronics.X-CUBE-FREERTOS.1.2.0
2026-06-29 17:25:46,189 [WARN] PackLoader:240 - Cannot read IP mode file for STMicroelectronics.X-CUBE-NFC12.1.0.0
2026-06-29 17:25:46,216 [WARN] PackLoader:240 - Cannot read IP mode file for STMicroelectronics.X-CUBE-AZRTOS-L5.2.0.0
2026-06-29 17:25:46,232 [WARN] PackLoader:240 - Cannot read IP mode file for STMicroelectronics.X-CUBE-NFC6.3.1.0
2026-06-29 17:25:46,368 [WARN] PackLoader:240 - Cannot read IP mode file for STMicroelectronics.X-CUBE-ALGOBUILD.1.5.0
2026-06-29 17:25:46,471 [WARN] PackLoader:240 - Cannot read IP mode file for STMicroelectronics.X-CUBE-DPower.1.2.0
2026-06-29 17:25:46,511 [WARN] PackLoader:240 - Cannot read IP mode file for STMicroelectronics.eDS-WB_DPC_VIENNA.1.2.0
2026-06-29 17:25:46,549 [WARN] PackLoader:240 - Cannot read IP mode file for STMicroelectronics.eDS-WB_DPC_3PH2L-BIDIR.1.1.1
2026-06-29 17:25:46,562 [WARN] PackLoader:240 - Cannot read IP mode file for STMicroelectronics.X-CUBE-NFC4.2.0.4
2026-06-29 17:25:46,575 [ERROR] Engine:466 - C:\Users\Bruno\.stm32cubemx\thirdparties\pdsc\STMicroelectronics.X-CUBE-ST67W61.1.3.0.pdsc: PDSC version is not supported
2026-06-29 17:25:46,599 [WARN] PackLoader:240 - Cannot read IP mode file for STMicroelectronics.X-CUBE-AZRTOS-F4.1.0.0
2026-06-29 17:25:46,613 [WARN] PackLoader:240 - Cannot read IP mode file for STMicroelectronics.X-CUBE-FREERTOS.1.3.1
2026-06-29 17:25:46,625 [WARN] PackLoader:240 - Cannot read IP mode file for STMicroelectronics.X-CUBE-FREERTOS.1.3.0
2026-06-29 17:25:46,640 [WARN] PackLoader:240 - Cannot read IP mode file for STMicroelectronics.X-CUBE-NFC7.1.0.1
2026-06-29 17:25:46,661 [WARN] PackLoader:240 - Cannot read IP mode file for STMicroelectronics.X-CUBE-NFC7.1.0.0
2026-06-29 17:25:46,674 [WARN] PackLoader:240 - Cannot read IP mode file for STMicroelectronics.X-CUBE-TOUCHGFX.4.26.0
2026-06-29 17:25:46,693 [WARN] PackLoader:240 - Cannot read IP mode file for STMicroelectronics.X-CUBE-TOUCHGFX.4.26.1
2026-06-29 17:25:46,707 [WARN] PackLoader:240 - Cannot read IP mode file for STMicroelectronics.FP-SNS-STAIOTCFT.1.0.0
2026-06-29 17:25:46,720 [WARN] PackLoader:240 - Cannot read IP mode file for STMicroelectronics.X-CUBE-DPower.1.3.0
2026-06-29 17:25:46,746 [WARN] ConditionMgr:438 - getConditionDescription Invalid condition id : LAN8742 Phy interface Condition cause : null
2026-06-29 17:25:46,747 [WARN] PackLoader:240 - Cannot read IP mode file for STMicroelectronics.X-CUBE-AZRTOS-L4.2.0.0
2026-06-29 17:25:46,747 [WARN] ConditionMgr:1044 - genDependencies : Invalid condition id : LAN8742 Phy interface Condition cause : null
2026-06-29 17:25:46,747 [WARN] ConditionMgr:1044 - genDependencies : Invalid condition id : LAN8742 Phy interface Condition cause : null
2026-06-29 17:25:46,748 [WARN] ConditionMgr:1044 - genDependencies : Invalid condition id : LAN8742 Phy interface Condition cause : null
2026-06-29 17:25:46,763 [WARN] PackLoader:240 - Cannot read IP mode file for STMicroelectronics.X-CUBE-SFXS2LP1.4.0.0
2026-06-29 17:25:46,776 [WARN] PackLoader:240 - Cannot read IP mode file for STMicroelectronics.X-CUBE-WB05N.2.1.0
2026-06-29 17:25:46,802 [WARN] PackLoader:240 - Cannot read IP mode file for STMicroelectronics.X-CUBE-AZRTOS-H7.3.3.0
2026-06-29 17:25:46,820 [WARN] PackLoader:240 - Cannot read IP mode file for RoweBots.I-CUBE-UNISONRTOS.5.5.0-4
2026-06-29 17:25:46,832 [WARN] PackLoader:240 - Cannot read IP mode file for wolfSSL.I-CUBE-wolfSSL.5.4.0
2026-06-29 17:25:46,848 [WARN] PackLoader:240 - Cannot read IP mode file for STMicroelectronics.X-CUBE-BLEMGR.4.1.0
2026-06-29 17:25:46,915 [WARN] PackLoader:240 - Cannot read IP mode file for STMicroelectronics.X-CUBE-IPS.3.0.0
2026-06-29 17:25:46,946 [WARN] ConditionMgr:438 - getConditionDescription Invalid condition id : UX DEVICE CLASS RTOS Condition cause : null
2026-06-29 17:25:46,946 [WARN] ConditionMgr:438 - getConditionDescription Invalid condition id : UX DEVICE CLASS RTOS Condition cause : null
2026-06-29 17:25:46,948 [WARN] PackLoader:240 - Cannot read IP mode file for STMicroelectronics.X-CUBE-AZRTOS-WB.2.0.0
2026-06-29 17:25:46,948 [WARN] ConditionMgr:1044 - genDependencies : Invalid condition id : UX DEVICE CLASS RTOS Condition cause : null
2026-06-29 17:25:46,948 [WARN] ConditionMgr:1044 - genDependencies : Invalid condition id : UX DEVICE CLASS RTOS Condition cause : null
2026-06-29 17:25:46,949 [WARN] ConditionMgr:1044 - genDependencies : Invalid condition id : UX DEVICE CLASS RTOS Condition cause : null
2026-06-29 17:25:46,949 [WARN] ConditionMgr:1044 - genDependencies : Invalid condition id : UX DEVICE CLASS RTOS Condition cause : null
2026-06-29 17:25:46,949 [WARN] ConditionMgr:1044 - genDependencies : Invalid condition id : UX DEVICE CLASS RTOS Condition cause : null
2026-06-29 17:25:46,966 [WARN] PackLoader:240 - Cannot read IP mode file for STMicroelectronics.X-CUBE-GNSS1.7.0.0
2026-06-29 17:25:46,979 [WARN] PackLoader:240 - Cannot read IP mode file for STMicroelectronics.X-CUBE-GNSS1.7.0.1
2026-06-29 17:25:46,993 [WARN] PackLoader:240 - Cannot read IP mode file for STMicroelectronics.X-CUBE-BLEMGR.1.0.0
2026-06-29 17:25:47,035 [WARN] PackLoader:240 - Cannot read IP mode file for STMicroelectronics.X-CUBE-TOUCHGFX.4.25.0
2026-06-29 17:25:47,049 [WARN] PackLoader:240 - Cannot read IP mode file for STMicroelectronics.FP-SNS-STBOX1.2.0.0
2026-06-29 17:25:47,109 [WARN] PackLoader:240 - Cannot read IP mode file for STMicroelectronics.X-CUBE-STSE01.2.0.0
2026-06-29 17:25:47,128 [WARN] PackLoader:240 - Cannot read IP mode file for STMicroelectronics.X-CUBE-SUBG2.5.0.0
2026-06-29 17:25:47,157 [WARN] PackLoader:240 - Cannot read IP mode file for STMicroelectronics.X-CUBE-AZRTOS-H7RS.1.1.0
2026-06-29 17:25:47,312 [WARN] PackLoader:240 - Cannot read IP mode file for Cesanta.I-CUBE-Mongoose.7.13.0
2026-06-29 17:25:47,401 [WARN] PackLoader:240 - Cannot read IP mode file for STMicroelectronics.X-CUBE-AZRTOS-G4.2.0.0
2026-06-29 17:25:47,415 [WARN] PackLoader:240 - Cannot read IP mode file for STMicroelectronics.FP-ATR-ASTRA1.1.1.0
2026-06-29 17:25:47,428 [WARN] PackLoader:240 - Cannot read IP mode file for STMicroelectronics.X-CUBE-NFC7.2.0.0
2026-06-29 17:25:47,449 [WARN] PackLoader:240 - Cannot read IP mode file for STMicroelectronics.X-CUBE-AZRTOS-G4.1.0.0
2026-06-29 17:25:47,484 [WARN] PackLoader:240 - Cannot read IP mode file for STMicroelectronics.X-CUBE-AZRTOS-L4.1.0.0
2026-06-29 17:25:47,503 [WARN] PackLoader:240 - Cannot read IP mode file for STMicroelectronics.X-CUBE-IPS.3.1.0
2026-06-29 17:25:47,519 [WARN] PackLoader:240 - Cannot read IP mode file for STMicroelectronics.X-CUBE-ALS.1.0.2
2026-06-29 17:25:47,531 [WARN] PackLoader:240 - Cannot read IP mode file for STMicroelectronics.X-CUBE-TOUCHGFX.4.24.2
2026-06-29 17:25:47,550 [WARN] PackLoader:240 - Cannot read IP mode file for STMicroelectronics.X-CUBE-AZRTOS-WL.1.0.0
2026-06-29 17:25:47,563 [WARN] PackLoader:240 - Cannot read IP mode file for STMicroelectronics.X-CUBE-TOUCHGFX.4.24.1
2026-06-29 17:25:47,594 [WARN] PackLoader:240 - Cannot read IP mode file for STMicroelectronics.X-CUBE-STSE01.1.0.0
2026-06-29 17:25:47,607 [WARN] PackLoader:240 - Cannot read IP mode file for wolfSSL.I-CUBE-wolfTPM.3.4.0
2026-06-29 17:25:47,621 [WARN] PackLoader:240 - Cannot read IP mode file for portGmbH.I-Cube-SoM-uGOAL.1.1.0
2026-06-29 17:25:47,730 [WARN] PackLoader:240 - Cannot read IP mode file for STMicroelectronics.X-CUBE-ALS.1.0.1
2026-06-29 17:25:47,763 [WARN] PackLoader:240 - Cannot read IP mode file for STMicroelectronics.X-CUBE-AZRTOS-L5.1.0.0
2026-06-29 17:25:47,776 [WARN] PackLoader:240 - Cannot read IP mode file for STMicroelectronics.X-CUBE-EEPRMA1.3.1.1
2026-06-29 17:25:47,813 [WARN] PackLoader:240 - Cannot read IP mode file for STMicroelectronics.X-CUBE-AZRTOS-H7RS.1.0.0
2026-06-29 17:25:47,832 [WARN] PackLoader:240 - Cannot read IP mode file for STMicroelectronics.FP-ATR-ASTRA1.2.0.0
2026-06-29 17:25:47,858 [WARN] PackLoader:240 - Cannot read IP mode file for STMicroelectronics.X-CUBE-TOF1.3.4.2
2026-06-29 17:25:47,890 [WARN] PackLoader:240 - Cannot read IP mode file for STMicroelectronics.X-CUBE-TOF1.3.4.3
2026-06-29 17:25:47,955 [WARN] PackLoader:240 - Cannot read IP mode file for Infineon.AIROC-Wi-Fi-Bluetooth-STM32.1.6.1
2026-06-29 17:25:48,107 [WARN] PackLoader:240 - Cannot read IP mode file for wolfSSL.I-CUBE-wolfSSH.1.4.17
2026-06-29 17:25:48,108 [INFO] ThirdParty:978 - Integrity check success = true
2026-06-29 17:25:48,109 [INFO] IntegrityCheckThread:100 - exiting critical section [integrity check]
2026-06-29 17:25:48,109 [INFO] IntegrityCheckThread:103 - End integrity checks thread
2026-06-29 17:25:49,279 [INFO] WebApp:449 - Apply proxy settings
2026-06-29 17:25:49,279 [INFO] WebApp:534 - Chromium requires no authentication
2026-06-29 17:25:49,289 [INFO] WebApp:477 - Direct internet connection detected
2026-06-29 17:25:49,317 [INFO] WebApp:880 - Register for checkConnection events
2026-06-29 17:25:49,317 [INFO] WebApp:449 - Apply proxy settings
2026-06-29 17:25:49,318 [INFO] WebApp:534 - Chromium requires no authentication
2026-06-29 17:25:49,318 [INFO] WebApp:477 - Direct internet connection detected
2026-06-29 17:25:49,484 [INFO] WebApp:187 - Connection restablished
2026-06-29 17:25:49,544 [INFO] WebApp:221 - Starting web application
2026-06-29 17:25:49,544 [INFO] WebApp:579 - Web application path used C:\ST\STM32CubeIDE_1.16.1\STM32CubeIDE\plugins\com.st.stm32cube.common.mx_6.13.0.202411220809\db\plugins\mcufinder\reactClient1\index.html
2026-06-29 17:25:50,850 [INFO] UserAuth:486 - Internet connection configuration mode: 1
