2025-06-16 10:13:07,153 [INFO] Activator:176 - 


2025-06-16 10:13:07,153 [INFO] Activator:177 - !SESSION log4j initialized
2025-06-16 10:13:16,292 [INFO] LogOutputStream:77 - [STDOUT_REDIRECT] 
2025-06-16 10:16:20,426 [INFO] ApplicationProperties:184 - Using Application install path: C:\ST\STM32CubeIDE_1.16.1\STM32CubeIDE\plugins\com.st.stm32cube.common.mx_6.13.0.202411220809
2025-06-16 10:16:20,444 [INFO] DbMcusXml:78 - Set database path to: C:\ST\STM32CubeIDE_1.16.1\STM32CubeIDE\plugins\com.st.stm32cube.common.mx_6.13.0.202411220809\\db\/mcu/
2025-06-16 10:16:20,445 [INFO] ApiDb:274 - Set plugin database path to: C:\ST\STM32CubeIDE_1.16.1\STM32CubeIDE\plugins\com.st.stm32cube.common.mx_6.13.0.202411220809\\db\/plugins/boardmanager/
2025-06-16 10:16:20,445 [WARN] ApiDb:259 - Overriding images path with different value:  => C:\ST\STM32CubeIDE_1.16.1\STM32CubeIDE\plugins\com.st.stm32cube.common.mx_6.13.0.202411220809\\db\/plugins/mcufinder/images/
2025-06-16 10:16:20,467 [INFO] ApiDb:250 - Set database path to: C:\Users\Bruno\.stmcufinder\plugins\mcufinder//mcu/
2025-06-16 10:16:20,469 [INFO] DbMcusAds:125 - Set database path to: C:\Users\Bruno\.stmcufinder\plugins\mcufinder//mcu/
2025-06-16 10:16:20,489 [INFO] CrossReferenceDbSqlite:203 - Set database path to: C:\Users\Bruno\.stmcufinder\plugins\mcufinder//mcu/cs/
2025-06-16 10:16:20,628 [INFO] RulesReader:64 - Compatibility file has been processed (297 Rules)
2025-06-16 10:16:20,717 [INFO] DbMcusXml:78 - Set database path to: C:\ST\STM32CubeIDE_1.16.1\STM32CubeIDE\plugins\com.st.stm32cube.common.mx_6.13.0.202411220809\\db\/mcu/
2025-06-16 10:16:20,717 [INFO] ApiDb:274 - Set plugin database path to: C:\ST\STM32CubeIDE_1.16.1\STM32CubeIDE\plugins\com.st.stm32cube.common.mx_6.13.0.202411220809\\db\/plugins/boardmanager/
2025-06-16 10:16:20,717 [INFO] ApiDb:261 - Set plugin images path to: C:\ST\STM32CubeIDE_1.16.1\STM32CubeIDE\plugins\com.st.stm32cube.common.mx_6.13.0.202411220809\\db\/plugins/mcufinder/images/
2025-06-16 10:16:20,718 [WARN] DbFile:41 - Overriding database path with different value: C:\Users\Bruno\.stmcufinder\plugins\mcufinder/ => C:\Users\Bruno\.stmcufinder\plugins\mcufinder
2025-06-16 10:16:20,718 [INFO] ApiDb:250 - Set database path to: C:\Users\Bruno\.stmcufinder\plugins\mcufinder//mcu/
2025-06-16 10:16:20,718 [WARN] DbFile:41 - Overriding database path with different value: C:\Users\Bruno\.stmcufinder\plugins\mcufinder/ => C:\Users\Bruno\.stmcufinder\plugins\mcufinder
2025-06-16 10:16:20,718 [INFO] DbMcusAds:125 - Set database path to: C:\Users\Bruno\.stmcufinder\plugins\mcufinder//mcu/
2025-06-16 10:16:20,718 [WARN] DbFile:41 - Overriding database path with different value: C:\Users\Bruno\.stmcufinder\plugins\mcufinder/ => C:\Users\Bruno\.stmcufinder\plugins\mcufinder
2025-06-16 10:16:20,718 [WARN] DbFile:41 - Overriding database path with different value: C:\Users\Bruno\.stmcufinder\plugins\mcufinder/ => C:\Users\Bruno\.stmcufinder\plugins\mcufinder
2025-06-16 10:16:20,718 [INFO] CrossReferenceDbSqlite:203 - Set database path to: C:\Users\Bruno\.stmcufinder\plugins\mcufinder//mcu/cs/
2025-06-16 10:16:20,793 [INFO] MainPanel:272 - HeapMemory: 1073741824
2025-06-16 10:16:20,905 [INFO] DbMcusXml:78 - Set database path to: C:\ST\STM32CubeIDE_1.16.1\STM32CubeIDE\plugins\com.st.stm32cube.common.mx_6.13.0.202411220809\\db\/mcu/
2025-06-16 10:16:20,905 [INFO] ApiDb:274 - Set plugin database path to: C:\ST\STM32CubeIDE_1.16.1\STM32CubeIDE\plugins\com.st.stm32cube.common.mx_6.13.0.202411220809\\db\/plugins/boardmanager/
2025-06-16 10:16:20,906 [INFO] ApiDb:261 - Set plugin images path to: C:\ST\STM32CubeIDE_1.16.1\STM32CubeIDE\plugins\com.st.stm32cube.common.mx_6.13.0.202411220809\\db\/plugins/mcufinder/images/
2025-06-16 10:16:20,906 [WARN] DbFile:41 - Overriding database path with different value: C:\Users\Bruno\.stmcufinder\plugins\mcufinder/ => C:\Users\Bruno\.stmcufinder\plugins\mcufinder
2025-06-16 10:16:20,906 [INFO] ApiDb:250 - Set database path to: C:\Users\Bruno\.stmcufinder\plugins\mcufinder//mcu/
2025-06-16 10:16:20,906 [WARN] DbFile:41 - Overriding database path with different value: C:\Users\Bruno\.stmcufinder\plugins\mcufinder/ => C:\Users\Bruno\.stmcufinder\plugins\mcufinder
2025-06-16 10:16:20,906 [INFO] DbMcusAds:125 - Set database path to: C:\Users\Bruno\.stmcufinder\plugins\mcufinder//mcu/
2025-06-16 10:16:20,907 [WARN] DbFile:41 - Overriding database path with different value: C:\Users\Bruno\.stmcufinder\plugins\mcufinder/ => C:\Users\Bruno\.stmcufinder\plugins\mcufinder
2025-06-16 10:16:20,907 [WARN] DbFile:41 - Overriding database path with different value: C:\Users\Bruno\.stmcufinder\plugins\mcufinder/ => C:\Users\Bruno\.stmcufinder\plugins\mcufinder
2025-06-16 10:16:20,907 [INFO] CrossReferenceDbSqlite:203 - Set database path to: C:\Users\Bruno\.stmcufinder\plugins\mcufinder//mcu/cs/
2025-06-16 10:16:20,926 [INFO] ApplicationProperties:184 - Using Application install path: C:\ST\STM32CubeIDE_1.16.1\STM32CubeIDE\plugins\com.st.stm32cube.common.mx_6.13.0.202411220809
2025-06-16 10:16:20,928 [INFO] PluginManage:196 - Search for loadable plugins [exclusion list=, ]
2025-06-16 10:16:20,929 [INFO] PluginManage:310 - Check plugin analytics
2025-06-16 10:16:21,126 [INFO] AnalyticsPlugin:253 - Accepted Software Licenses: STM32CubeMX.6.6.1,STM32CubeMX.6.13.0
2025-06-16 10:16:21,127 [INFO] AnalyticsPlugin:255 - Accepted CMSIS Pack Licenses: 
2025-06-16 10:16:21,127 [INFO] AnalyticsPlugin:257 - Accepted Firmware Licenses: FW.G0.1.6.0,FW.F4.1.28.0
2025-06-16 10:16:21,127 [INFO] PluginManage:359 - Loaded plugin analytics (category:tool,tabindex:-1)
2025-06-16 10:16:21,127 [INFO] PluginManage:310 - Check plugin cadmodel
2025-06-16 10:16:21,151 [INFO] CADModel:105 - Init CAD model plugin
2025-06-16 10:16:21,151 [INFO] PluginManage:359 - Loaded plugin cadmodel (category:power,tabindex:5)
2025-06-16 10:16:21,151 [INFO] PluginManage:310 - Check plugin clock
2025-06-16 10:16:21,177 [INFO] PluginManage:359 - Loaded plugin clock (category:base,tabindex:2)
2025-06-16 10:16:21,177 [INFO] PluginManage:310 - Check plugin ddr
2025-06-16 10:16:21,179 [INFO] PluginManage:359 - Loaded plugin ddr (category:tool,tabindex:6)
2025-06-16 10:16:21,180 [INFO] PluginManage:310 - Check plugin filemanager
2025-06-16 10:16:21,333 [INFO] PluginManage:359 - Loaded plugin filemanager (category:base,tabindex:10)
2025-06-16 10:16:21,333 [INFO] PluginManage:310 - Check plugin ipmanager
2025-06-16 10:16:21,342 [INFO] PluginManage:359 - Loaded plugin ipmanager (category:base,tabindex:5)
2025-06-16 10:16:21,342 [INFO] PluginManage:310 - Check plugin lpbam
2025-06-16 10:16:21,363 [INFO] PluginManage:359 - Loaded plugin lpbam (category:base,tabindex:0)
2025-06-16 10:16:21,363 [INFO] PluginManage:310 - Check plugin memorymap
2025-06-16 10:16:21,388 [INFO] PluginManage:359 - Loaded plugin memorymap (category:base,tabindex:4)
2025-06-16 10:16:21,389 [INFO] PluginManage:310 - Check plugin pinoutandconfiguration
2025-06-16 10:16:21,410 [INFO] PluginManage:359 - Loaded plugin pinoutandconfiguration (category:base,tabindex:1)
2025-06-16 10:16:21,410 [INFO] PluginManage:310 - Check plugin pinoutconfig
2025-06-16 10:16:21,509 [WARN] SupportedApi:132 - Cannot load RTOS API schema: s4s-elt-must-match.1: The content of 'definitions' must match (annotation?, (simpleType | complexType)?, (unique | key | keyref)*)). A problem was found starting at: attribute.
2025-06-16 10:16:21,650 [INFO] PluginManage:359 - Loaded plugin pinoutconfig (category:base,tabindex:0)
2025-06-16 10:16:21,650 [INFO] PluginManage:310 - Check plugin power
2025-06-16 10:16:21,675 [INFO] PluginManage:359 - Loaded plugin power (category:power,tabindex:4)
2025-06-16 10:16:21,676 [INFO] PluginManage:310 - Check plugin projectmanager
2025-06-16 10:16:21,691 [INFO] PluginManage:359 - Loaded plugin projectmanager (category:projectmanager,tabindex:4)
2025-06-16 10:16:21,691 [INFO] PluginManage:310 - Check plugin rif
2025-06-16 10:16:21,711 [INFO] PluginManage:359 - Loaded plugin rif (category:base,tabindex:3)
2025-06-16 10:16:21,712 [INFO] PluginManage:310 - Check plugin thirdparty
2025-06-16 10:16:22,011 [WARN] IntegrityCheckThread:84 - waiting for thirdparty lock release [integrity check]
2025-06-16 10:16:22,011 [INFO] PluginManage:359 - Loaded plugin thirdparty (category:base,tabindex:-1)
2025-06-16 10:16:22,011 [INFO] IntegrityCheckThread:86 - entering critical section [integrity check]
2025-06-16 10:16:22,011 [INFO] PluginManage:310 - Check plugin tools
2025-06-16 10:16:22,011 [INFO] ThirdPartyUpdaterWithRetryManager:70 - Updater plugin not ready yet. [1/15]
2025-06-16 10:16:22,058 [INFO] PluginManage:359 - Loaded plugin tools (category:base,tabindex:7)
2025-06-16 10:16:22,058 [INFO] PluginManage:310 - Check plugin tutovideos
2025-06-16 10:16:22,245 [INFO] PluginManage:359 - Loaded plugin tutovideos (category:base,tabindex:-1)
2025-06-16 10:16:22,245 [INFO] PluginManage:310 - Check plugin updater
2025-06-16 10:16:22,269 [INFO] PluginManage:359 - Loaded plugin updater (category:base,tabindex:12)
2025-06-16 10:16:22,269 [INFO] PluginManage:310 - Check plugin userauth
2025-06-16 10:16:22,274 [INFO] UserAuth:118 - Init User Auth plugin
2025-06-16 10:16:22,275 [INFO] PluginManage:359 - Loaded plugin userauth (category:base,tabindex:14)
2025-06-16 10:16:22,275 [INFO] PluginManage:283 - PluginManage : Loaded plugins [18]
2025-06-16 10:16:22,488 [INFO] PinOutPanel:1589 - setPackage(No Configuration,No Configuration)
2025-06-16 10:16:22,574 [INFO] CADModel:165 - CPN selected for project level
2025-06-16 10:16:22,574 [INFO] CADModel:114 - Register for checkConnection events
2025-06-16 10:16:22,602 [INFO] IPUIPlugin:80 - create IPUIPlugin
2025-06-16 10:16:22,602 [INFO] PluginManager:220 - loadIPPluginJar : add adc
2025-06-16 10:16:22,649 [INFO] IPUIPlugin:80 - create IPUIPlugin
2025-06-16 10:16:22,649 [INFO] PluginManager:220 - loadIPPluginJar : add aes
2025-06-16 10:16:22,700 [INFO] IPUIPlugin:80 - create IPUIPlugin
2025-06-16 10:16:22,700 [INFO] PluginManager:220 - loadIPPluginJar : add can
2025-06-16 10:16:22,732 [INFO] IPUIPlugin:80 - create IPUIPlugin
2025-06-16 10:16:22,733 [INFO] PluginManager:220 - loadIPPluginJar : add comp
2025-06-16 10:16:22,775 [INFO] IPUIPlugin:80 - create IPUIPlugin
2025-06-16 10:16:22,775 [INFO] PluginManager:220 - loadIPPluginJar : add cryp
2025-06-16 10:16:22,790 [INFO] IPUIPlugin:80 - create IPUIPlugin
2025-06-16 10:16:22,790 [INFO] PluginManager:220 - loadIPPluginJar : add ddr_ctrl_phy
2025-06-16 10:16:22,831 [INFO] IPUIPlugin:80 - create IPUIPlugin
2025-06-16 10:16:22,831 [INFO] PluginManager:220 - loadIPPluginJar : add dfsdm
2025-06-16 10:16:22,847 [INFO] IPUIPlugin:80 - create IPUIPlugin
2025-06-16 10:16:22,848 [INFO] PluginManager:220 - loadIPPluginJar : add dma
2025-06-16 10:16:22,895 [INFO] IPUIPlugin:80 - create IPUIPlugin
2025-06-16 10:16:22,896 [INFO] PluginManager:220 - loadIPPluginJar : add dma3
2025-06-16 10:16:22,951 [INFO] IPUIPlugin:80 - create IPUIPlugin
2025-06-16 10:16:22,951 [INFO] PluginManager:220 - loadIPPluginJar : add extmemmanager
2025-06-16 10:16:22,976 [INFO] IPUIPlugin:80 - create IPUIPlugin
2025-06-16 10:16:22,977 [INFO] PluginManager:220 - loadIPPluginJar : add fatfs
2025-06-16 10:16:23,033 [INFO] IPUIPlugin:80 - create IPUIPlugin
2025-06-16 10:16:23,033 [INFO] PluginManager:220 - loadIPPluginJar : add fmc
2025-06-16 10:16:23,050 [INFO] IPUIPlugin:80 - create IPUIPlugin
2025-06-16 10:16:23,050 [INFO] PluginManager:220 - loadIPPluginJar : add freertos
2025-06-16 10:16:23,076 [INFO] IPUIPlugin:80 - create IPUIPlugin
2025-06-16 10:16:23,077 [INFO] PluginManager:220 - loadIPPluginJar : add genericplugin
2025-06-16 10:16:23,197 [INFO] IPUIPlugin:80 - create IPUIPlugin
2025-06-16 10:16:23,197 [INFO] PluginManager:220 - loadIPPluginJar : add gfxmmu
2025-06-16 10:16:23,366 [INFO] IPUIPlugin:80 - create IPUIPlugin
2025-06-16 10:16:23,366 [INFO] PluginManager:220 - loadIPPluginJar : add gic
2025-06-16 10:16:23,382 [INFO] IPUIPlugin:80 - create IPUIPlugin
2025-06-16 10:16:23,382 [INFO] PluginManager:220 - loadIPPluginJar : add gpio
2025-06-16 10:16:23,493 [INFO] IPUIPlugin:80 - create IPUIPlugin
2025-06-16 10:16:23,493 [INFO] PluginManager:220 - loadIPPluginJar : add gtzc
2025-06-16 10:16:23,534 [INFO] IPUIPlugin:80 - create IPUIPlugin
2025-06-16 10:16:23,534 [INFO] PluginManager:220 - loadIPPluginJar : add hash
2025-06-16 10:16:23,602 [INFO] IPUIPlugin:80 - create IPUIPlugin
2025-06-16 10:16:23,602 [INFO] PluginManager:220 - loadIPPluginJar : add i2c
2025-06-16 10:16:23,653 [INFO] IPUIPlugin:80 - create IPUIPlugin
2025-06-16 10:16:23,653 [INFO] PluginManager:220 - loadIPPluginJar : add i2s
2025-06-16 10:16:23,705 [INFO] IPUIPlugin:80 - create IPUIPlugin
2025-06-16 10:16:23,705 [INFO] PluginManager:220 - loadIPPluginJar : add i3c
2025-06-16 10:16:23,832 [INFO] IPUIPlugin:80 - create IPUIPlugin
2025-06-16 10:16:23,832 [INFO] PluginManager:220 - loadIPPluginJar : add ipddr
2025-06-16 10:16:23,948 [INFO] IPUIPlugin:80 - create IPUIPlugin
2025-06-16 10:16:23,948 [INFO] PluginManager:220 - loadIPPluginJar : add linkedlist
2025-06-16 10:16:23,992 [INFO] IPUIPlugin:80 - create IPUIPlugin
2025-06-16 10:16:23,992 [INFO] PluginManager:220 - loadIPPluginJar : add lorawan
2025-06-16 10:16:24,036 [INFO] IPUIPlugin:80 - create IPUIPlugin
2025-06-16 10:16:24,036 [INFO] PluginManager:220 - loadIPPluginJar : add ltdc
2025-06-16 10:16:24,054 [INFO] IPUIPlugin:80 - create IPUIPlugin
2025-06-16 10:16:24,054 [INFO] PluginManager:220 - loadIPPluginJar : add mdma
2025-06-16 10:16:24,068 [INFO] IPUIPlugin:80 - create IPUIPlugin
2025-06-16 10:16:24,068 [INFO] PluginManager:220 - loadIPPluginJar : add nvic
2025-06-16 10:16:24,112 [INFO] IPUIPlugin:80 - create IPUIPlugin
2025-06-16 10:16:24,113 [INFO] PluginManager:220 - loadIPPluginJar : add opamp
2025-06-16 10:16:24,193 [INFO] IPUIPlugin:80 - create IPUIPlugin
2025-06-16 10:16:24,193 [INFO] PluginManager:220 - loadIPPluginJar : add openamp
2025-06-16 10:16:24,248 [INFO] IPUIPlugin:80 - create IPUIPlugin
2025-06-16 10:16:24,248 [INFO] PluginManager:220 - loadIPPluginJar : add pdm2pcm
2025-06-16 10:16:24,265 [INFO] IPUIPlugin:80 - create IPUIPlugin
2025-06-16 10:16:24,267 [INFO] PluginManager:220 - loadIPPluginJar : add plateformsettings
2025-06-16 10:16:24,296 [INFO] IPUIPlugin:80 - create IPUIPlugin
2025-06-16 10:16:24,296 [INFO] PluginManager:220 - loadIPPluginJar : add quadspi
2025-06-16 10:16:24,330 [INFO] IPUIPlugin:80 - create IPUIPlugin
2025-06-16 10:16:24,331 [INFO] PluginManager:220 - loadIPPluginJar : add radio
2025-06-16 10:16:24,346 [INFO] IPUIPlugin:80 - create IPUIPlugin
2025-06-16 10:16:24,347 [INFO] PluginManager:220 - loadIPPluginJar : add resmgrutility
2025-06-16 10:16:24,406 [INFO] IPUIPlugin:80 - create IPUIPlugin
2025-06-16 10:16:24,406 [INFO] PluginManager:220 - loadIPPluginJar : add sai
2025-06-16 10:16:24,455 [INFO] IPUIPlugin:80 - create IPUIPlugin
2025-06-16 10:16:24,455 [INFO] PluginManager:220 - loadIPPluginJar : add spi
2025-06-16 10:16:24,543 [INFO] IPUIPlugin:80 - create IPUIPlugin
2025-06-16 10:16:24,543 [INFO] PluginManager:220 - loadIPPluginJar : add stm32_wpan
2025-06-16 10:16:24,574 [INFO] IPUIPlugin:80 - create IPUIPlugin
2025-06-16 10:16:24,574 [INFO] PluginManager:220 - loadIPPluginJar : add tim
2025-06-16 10:16:24,649 [INFO] IPUIPlugin:80 - create IPUIPlugin
2025-06-16 10:16:24,650 [INFO] PluginManager:220 - loadIPPluginJar : add touchsensing
2025-06-16 10:16:24,683 [INFO] IPUIPlugin:80 - create IPUIPlugin
2025-06-16 10:16:24,683 [INFO] PluginManager:220 - loadIPPluginJar : add tracer_emb
2025-06-16 10:16:24,714 [INFO] IPUIPlugin:80 - create IPUIPlugin
2025-06-16 10:16:24,714 [INFO] PluginManager:220 - loadIPPluginJar : add ts
2025-06-16 10:16:24,744 [INFO] IPUIPlugin:80 - create IPUIPlugin
2025-06-16 10:16:24,744 [INFO] PluginManager:220 - loadIPPluginJar : add tsc
2025-06-16 10:16:24,773 [INFO] IPUIPlugin:80 - create IPUIPlugin
2025-06-16 10:16:24,773 [INFO] PluginManager:220 - loadIPPluginJar : add ucpd
2025-06-16 10:16:24,827 [INFO] IPUIPlugin:80 - create IPUIPlugin
2025-06-16 10:16:24,828 [INFO] PluginManager:220 - loadIPPluginJar : add usart
2025-06-16 10:16:24,880 [INFO] IPUIPlugin:80 - create IPUIPlugin
2025-06-16 10:16:24,880 [INFO] PluginManager:220 - loadIPPluginJar : add usbx
2025-06-16 10:16:25,009 [FATAL] Updater:351 - Updater called before beeing initialized
2025-06-16 10:16:25,014 [INFO] ThirdPartyUpdaterWithRetryManager:70 - Updater plugin not ready yet. [2/15]
2025-06-16 10:16:25,058 [INFO] RulesReader:64 - Compatibility file has been processed (297 Rules)
2025-06-16 10:16:25,066 [INFO] RulesReader:64 - Compatibility file has been processed (297 Rules)
2025-06-16 10:16:25,073 [INFO] CADModel:165 - CPN selected for project level
2025-06-16 10:16:25,073 [INFO] CADModel:114 - Register for checkConnection events
2025-06-16 10:16:25,073 [FATAL] Updater:351 - Updater called before beeing initialized
2025-06-16 10:16:25,073 [ERROR] CADModel:125 - Updater not yet initialized, retry later 
2025-06-16 10:16:25,219 [FATAL] Updater:351 - Updater called before beeing initialized
2025-06-16 10:16:25,222 [INFO] CADModel:165 - CPN selected for project level
2025-06-16 10:16:25,222 [INFO] CADModel:114 - Register for checkConnection events
2025-06-16 10:16:25,222 [FATAL] Updater:351 - Updater called before beeing initialized
2025-06-16 10:16:25,222 [ERROR] CADModel:125 - Updater not yet initialized, retry later 
2025-06-16 10:16:25,224 [FATAL] Updater:351 - Updater called before beeing initialized
2025-06-16 10:16:25,322 [FATAL] Updater:351 - Updater called before beeing initialized
2025-06-16 10:16:25,334 [INFO] DbMcusAds:53 - JSON generation date=Wed May 07 11:07:55 CEST 2025 (1746608875484)
2025-06-16 10:16:25,334 [FATAL] Updater:351 - Updater called before beeing initialized
2025-06-16 10:16:25,374 [WARN] DetailPanel:346 - Failed to get advertising image, set to default
2025-06-16 10:16:25,637 [FATAL] Updater:351 - Updater called before beeing initialized
2025-06-16 10:16:25,640 [FATAL] Updater:351 - Updater called before beeing initialized
2025-06-16 10:16:25,640 [FATAL] Updater:351 - Updater called before beeing initialized
2025-06-16 10:16:25,640 [WARN] DetailPanel:346 - Failed to get advertising image, set to default
2025-06-16 10:16:25,641 [FATAL] Updater:351 - Updater called before beeing initialized
2025-06-16 10:16:25,701 [ERROR] Updater:1198 - MainUpdater not yet initialized. External WinMGr cannot be set.
2025-06-16 10:16:25,713 [INFO] Updater:1134 - Updater Version found : 6.13.0
2025-06-16 10:16:25,729 [INFO] ApplicationProperties:184 - Using Application install path: C:\ST\STM32CubeIDE_1.16.1\STM32CubeIDE\plugins\com.st.stm32cube.common.mx_6.13.0.202411220809
2025-06-16 10:16:26,178 [INFO] MainUpdater:2872 - connection check result : 10
2025-06-16 10:16:26,179 [INFO] MainUpdater:3566 - Updater definition file requires update
2025-06-16 10:16:26,180 [INFO] MainUpdater:289 - Updater Check For Update Now.
2025-06-16 10:16:26,180 [INFO] MicroXplorer:498 - Change Database Version : DB.6.0.130
2025-06-16 10:16:26,198 [INFO] McuFinderGlobals:63 - Set McuFinder mode to 2 (CubeIDE integrated)
2025-06-16 10:16:26,207 [INFO] UserAuth:486 - Internet connection configuration mode: 1
2025-06-16 10:16:26,235 [INFO] JxBrowserEngine:152 - Initiate JxBrowser Engine with user profile folder
2025-06-16 10:16:26,265 [INFO] ServerAccessManage:473 - Download File updaters.zip
2025-06-16 10:16:26,343 [INFO] FileExtend:240 - Unzip File : updaters.zip
2025-06-16 10:16:26,344 [INFO] FileExtend:255 - Standard Zip Deflate
2025-06-16 10:16:26,866 [INFO] ServerAccessManage:473 - Download File PacksControlFlags.xml
2025-06-16 10:16:26,958 [INFO] ServerAccessManage:473 - Download File cubemx.pidx
2025-06-16 10:16:28,019 [WARN] MainUpdater:1193 - Updater busy. Cannot search thirdparties
2025-06-16 10:16:28,019 [INFO] ThirdPartyUpdaterWithRetryManager:96 - Updater plugin is busy. [1/15]
2025-06-16 10:16:28,078 [INFO] ServerAccessManage:473 - Download File STMicroelectronics.X-CUBE-MEMS1.pdsc
2025-06-16 10:16:30,832 [INFO] CheckServerUpdateThread:120 - End of CheckServer Thread
2025-06-16 10:16:30,882 [WARN] PackLoader:240 - Cannot read IP mode file for STMicroelectronics.X-CUBE-MEMS1.11.3.0
2025-06-16 10:16:31,143 [INFO] PopulateThirdPartyThread:66 - Ending populate Thread
2025-06-16 10:16:31,144 [INFO] ThirdParty:1030 - CMSIS Pack Vendor :STMicroelectronics X-CUBE-MEMS1 11.3.0
2025-06-16 10:16:31,144 [INFO] LoadServerUpdatesThread:375 - End of LoadServerUpdate Thread
2025-06-16 10:16:31,175 [INFO] WebApp:168 - Instantiating new browser for Auth
2025-06-16 10:16:31,460 [WARN] PackLoader:240 - Cannot read IP mode file for STMicroelectronics.FP-SNS-MOTENVWB1.1.4.0
2025-06-16 10:16:31,469 [WARN] PackLoader:240 - Cannot read IP mode file for STMicroelectronics.FP-ATR-ASTRA1.2.0.2
2025-06-16 10:16:31,482 [WARN] PackLoader:240 - Cannot read IP mode file for STMicroelectronics.FP-ATR-ASTRA1.2.0.1
2025-06-16 10:16:31,505 [WARN] PackLoader:240 - Cannot read IP mode file for STMicroelectronics.X-CUBE-SMBUS.2.1.0
2025-06-16 10:16:31,522 [WARN] PackLoader:240 - Cannot read IP mode file for STMicroelectronics.X-CUBE-WB05N.1.1.0
2025-06-16 10:16:31,548 [WARN] PackLoader:240 - Cannot read IP mode file for STMicroelectronics.X-CUBE-ST60.1.0.0
2025-06-16 10:16:31,606 [WARN] PackLoader:240 - Cannot read IP mode file for STMicroelectronics.X-CUBE-MEMS1.9.2.0
2025-06-16 10:16:31,771 [WARN] PackLoader:240 - Cannot read IP mode file for STMicroelectronics.X-CUBE-AZRTOS-F7.1.1.0
2025-06-16 10:16:31,787 [WARN] PackLoader:240 - Cannot read IP mode file for STMicroelectronics.X-CUBE-BLE1.6.2.3
2025-06-16 10:16:31,897 [WARN] PackLoader:240 - Cannot read IP mode file for STMicroelectronics.X-CUBE-MEMS1.11.0.0
2025-06-16 10:16:31,987 [WARN] PackLoader:240 - Cannot read IP mode file for STMicroelectronics.FP-SNS-FLIGHT1.5.0.2
2025-06-16 10:16:32,080 [WARN] PackLoader:240 - Cannot read IP mode file for STMicroelectronics.X-CUBE-TOF1.3.1.0
2025-06-16 10:16:32,129 [WARN] PackLoader:240 - Cannot read IP mode file for STMicroelectronics.X-CUBE-DISPLAY.3.0.0
2025-06-16 10:16:32,144 [WARN] PackLoader:240 - Cannot read IP mode file for STMicroelectronics.X-CUBE-BLE1.7.0.0
2025-06-16 10:16:32,168 [WARN] PackLoader:240 - Cannot read IP mode file for STMicroelectronics.X-CUBE-NFC10.1.0.0
2025-06-16 10:16:32,189 [WARN] PackLoader:240 - Cannot read IP mode file for STMicroelectronics.X-CUBE-BLEMGR.4.0.0
2025-06-16 10:16:32,204 [WARN] PackLoader:240 - Cannot read IP mode file for STMicroelectronics.X-CUBE-AI.7.2.0
2025-06-16 10:16:32,221 [WARN] PackLoader:240 - Cannot read IP mode file for STMicroelectronics.X-CUBE-BLEMGR.3.1.0
2025-06-16 10:16:32,238 [WARN] PackLoader:240 - Cannot read IP mode file for STMicroelectronics.X-CUBE-AI.10.0.0
2025-06-16 10:16:32,265 [WARN] PackLoader:240 - Cannot read IP mode file for STMicroelectronics.FP-SNS-SMARTAG2.1.2.0
2025-06-16 10:16:32,270 [WARN] PackLoader:240 - Cannot read IP mode file for STMicroelectronics.FP-SNS-FLIGHT1.5.1.0
2025-06-16 10:16:32,334 [WARN] PackLoader:240 - Cannot read IP mode file for STMicroelectronics.X-CUBE-MEMS1.11.1.0
2025-06-16 10:16:32,458 [INFO] LogOutputStream:77 - [STDOUT_REDIRECT] 1 : Invalid condition id : UX_CORESTACK_Condition cause : null
2025-06-16 10:16:32,458 [INFO] LogOutputStream:77 - [STDOUT_REDIRECT] 1 : Invalid condition id : UX_CORESTACK_Condition cause : null
2025-06-16 10:16:32,459 [INFO] LogOutputStream:77 - [STDOUT_REDIRECT] 1 : Invalid condition id : UX_CORESTACK_Condition cause : null
2025-06-16 10:16:32,461 [INFO] LogOutputStream:77 - [STDOUT_REDIRECT] 1 : Invalid condition id : UX_CORESTACK_Condition cause : null
2025-06-16 10:16:32,462 [INFO] LogOutputStream:77 - [STDOUT_REDIRECT] 1 : Invalid condition id : UX_CORESTACK_Condition cause : null
2025-06-16 10:16:32,464 [WARN] PackLoader:240 - Cannot read IP mode file for STMicroelectronics.X-CUBE-AZRTOS-WL.2.0.0
2025-06-16 10:16:32,479 [WARN] PackLoader:240 - Cannot read IP mode file for STMicroelectronics.FP-SNS-MOTENV1.5.0.0
2025-06-16 10:16:32,485 [WARN] PackLoader:240 - Cannot read IP mode file for wolfSSL.I-CUBE-wolfMQTT.1.19.0
2025-06-16 10:16:32,500 [WARN] PackLoader:240 - Cannot read IP mode file for WES.I-CUBE-Cesium.1.3.0
2025-06-16 10:16:32,514 [WARN] PackLoader:240 - Cannot read IP mode file for STMicroelectronics.X-CUBE-BLE2.3.3.0
2025-06-16 10:16:32,531 [WARN] PackLoader:240 - Cannot read IP mode file for STMicroelectronics.X-CUBE-DISPLAY.2.2.0
2025-06-16 10:16:32,564 [WARN] PackLoader:240 - Cannot read IP mode file for STMicroelectronics.X-CUBE-NFC9.1.0.0
2025-06-16 10:16:32,601 [WARN] PackLoader:240 - Cannot read IP mode file for STMicroelectronics.X-CUBE-AZRTOS-H7.2.1.0
2025-06-16 10:16:32,617 [WARN] PackLoader:240 - Cannot read IP mode file for STMicroelectronics.X-CUBE-BLE1.7.1.0
2025-06-16 10:16:32,633 [WARN] PackLoader:240 - Cannot read IP mode file for STMicroelectronics.X-CUBE-TCPP.4.1.0
2025-06-16 10:16:32,646 [WARN] PackLoader:240 - Cannot read IP mode file for STMicroelectronics.X-CUBE-AI.10.1.0
2025-06-16 10:16:32,663 [WARN] PackLoader:240 - Cannot read IP mode file for STMicroelectronics.X-CUBE-ALGOBUILD.1.3.0
2025-06-16 10:16:32,720 [WARN] PackLoader:240 - Cannot read IP mode file for STMicroelectronics.X-CUBE-MEMS1.11.2.0
2025-06-16 10:16:32,859 [WARN] PackLoader:240 - Cannot read IP mode file for STMicroelectronics.X-CUBE-AZRTOS-G0.1.1.0
2025-06-16 10:16:32,876 [WARN] PackLoader:240 - Cannot read IP mode file for STMicroelectronics.X-CUBE-SAFEA1.1.2.2
2025-06-16 10:16:32,893 [WARN] PackLoader:240 - Cannot read IP mode file for STMicroelectronics.X-CUBE-NFC4.3.0.0
2025-06-16 10:16:32,937 [WARN] PackLoader:240 - Cannot read IP mode file for SEGGER.I-CUBE-embOS.1.2.0
2025-06-16 10:16:33,010 [WARN] PackLoader:240 - Cannot read IP mode file for EmbeddedOffice.I-CUBE-FS-RTOS.1.0.1
2025-06-16 10:16:33,028 [WARN] PackLoader:240 - Cannot read IP mode file for STMicroelectronics.X-CUBE-WB05N.2.0.0
2025-06-16 10:16:33,041 [WARN] PackLoader:240 - Cannot read IP mode file for STMicroelectronics.X-CUBE-TCPP.4.2.0
2025-06-16 10:16:33,057 [WARN] PackLoader:240 - Cannot read IP mode file for RealThread.X-CUBE-RT-Thread_Nano.4.1.1
2025-06-16 10:16:33,061 [WARN] PackLoader:240 - Cannot read IP mode file for STMicroelectronics.FP-ATR-SIGFOX1.3.2.0
2025-06-16 10:16:33,067 [WARN] ConditionMgr:438 - getConditionDescription Invalid condition id : Cortex-A Device cause : null
2025-06-16 10:16:33,090 [WARN] ConditionMgr:1044 - genDependencies : Invalid condition id : Cortex-A Device cause : null
2025-06-16 10:16:33,090 [WARN] ConditionMgr:1044 - genDependencies : Invalid condition id : Cortex-A Device cause : null
2025-06-16 10:16:33,090 [WARN] ConditionMgr:1044 - genDependencies : Invalid condition id : Cortex-A Device cause : null
2025-06-16 10:16:33,113 [WARN] PackLoader:240 - Cannot read IP mode file for STMicroelectronics.X-CUBE-EEPRMA1.5.1.0
2025-06-16 10:16:33,134 [WARN] PackLoader:240 - Cannot read IP mode file for emotas.I-CUBE-CANOPEN.1.1.2
2025-06-16 10:16:33,153 [WARN] PackLoader:240 - Cannot read IP mode file for STMicroelectronics.X-CUBE-TOUCHGFX.4.20.0
2025-06-16 10:16:33,175 [WARN] PackLoader:240 - Cannot read IP mode file for ITTIA_DB.I-CUBE-ITTIADB.8.9.0
2025-06-16 10:16:33,200 [WARN] PackLoader:240 - Cannot read IP mode file for STMicroelectronics.X-CUBE-ST67W61.1.0.0
2025-06-16 10:16:33,237 [WARN] PackLoader:240 - Cannot read IP mode file for SEGGER.I-CUBE-embOS.1.3.1
2025-06-16 10:16:33,291 [WARN] PackLoader:240 - Cannot read IP mode file for STMicroelectronics.X-CUBE-ALGOBUILD.1.4.0
2025-06-16 10:16:33,319 [WARN] PackLoader:240 - Cannot read IP mode file for STMicroelectronics.X-CUBE-MEMS1.11.3.0
2025-06-16 10:16:33,429 [WARN] PackLoader:240 - Cannot read IP mode file for STMicroelectronics.X-CUBE-AI.9.1.0
2025-06-16 10:16:33,447 [WARN] PackLoader:240 - Cannot read IP mode file for STMicroelectronics.X-CUBE-GNSS1.6.0.0
2025-06-16 10:16:33,481 [WARN] PackLoader:240 - Cannot read IP mode file for STMicroelectronics.X-CUBE-AZRTOS-F4.1.1.0
2025-06-16 10:16:33,488 [WARN] PackLoader:240 - Cannot read IP mode file for Avnet-IotConnect.X-CUBE-IoTC-DA16k-PMOD.1.0.0
2025-06-16 10:16:33,502 [WARN] PackLoader:240 - Cannot read IP mode file for STMicroelectronics.X-CUBE-ISPU.2.1.0
2025-06-16 10:16:33,516 [WARN] PackLoader:240 - Cannot read IP mode file for STMicroelectronics.X-CUBE-FREERTOS.1.2.0
2025-06-16 10:16:33,559 [WARN] PackLoader:240 - Cannot read IP mode file for STMicroelectronics.X-CUBE-AZRTOS-L5.2.0.0
2025-06-16 10:16:33,577 [WARN] PackLoader:240 - Cannot read IP mode file for STMicroelectronics.X-CUBE-NFC6.3.1.0
2025-06-16 10:16:33,613 [WARN] PackLoader:240 - Cannot read IP mode file for STMicroelectronics.X-CUBE-DPower.1.2.0
2025-06-16 10:16:33,627 [WARN] PackLoader:240 - Cannot read IP mode file for STMicroelectronics.X-CUBE-NFC4.2.0.4
2025-06-16 10:16:33,661 [INFO] WebApp:449 - Apply proxy settings
2025-06-16 10:16:33,661 [INFO] WebApp:534 - Chromium requires no authentication
2025-06-16 10:16:33,663 [WARN] PackLoader:240 - Cannot read IP mode file for STMicroelectronics.X-CUBE-AZRTOS-F4.1.0.0
2025-06-16 10:16:33,680 [WARN] PackLoader:240 - Cannot read IP mode file for STMicroelectronics.X-CUBE-FREERTOS.1.3.1
2025-06-16 10:16:33,681 [INFO] WebApp:477 - Direct internet connection detected
2025-06-16 10:16:33,693 [WARN] PackLoader:240 - Cannot read IP mode file for STMicroelectronics.X-CUBE-FREERTOS.1.3.0
2025-06-16 10:16:33,711 [WARN] PackLoader:240 - Cannot read IP mode file for STMicroelectronics.X-CUBE-NFC7.1.0.1
2025-06-16 10:16:33,751 [WARN] PackLoader:240 - Cannot read IP mode file for STMicroelectronics.X-CUBE-NFC7.1.0.0
2025-06-16 10:16:33,764 [INFO] WebApp:880 - Register for checkConnection events
2025-06-16 10:16:33,764 [INFO] WebApp:449 - Apply proxy settings
2025-06-16 10:16:33,764 [INFO] WebApp:534 - Chromium requires no authentication
2025-06-16 10:16:33,765 [INFO] WebApp:477 - Direct internet connection detected
2025-06-16 10:16:33,767 [WARN] PackLoader:240 - Cannot read IP mode file for STMicroelectronics.X-CUBE-DPower.1.3.0
2025-06-16 10:16:33,890 [WARN] ConditionMgr:438 - getConditionDescription Invalid condition id : LAN8742 Phy interface Condition cause : null
2025-06-16 10:16:33,891 [WARN] PackLoader:240 - Cannot read IP mode file for STMicroelectronics.X-CUBE-AZRTOS-L4.2.0.0
2025-06-16 10:16:33,892 [WARN] ConditionMgr:1044 - genDependencies : Invalid condition id : LAN8742 Phy interface Condition cause : null
2025-06-16 10:16:33,892 [WARN] ConditionMgr:1044 - genDependencies : Invalid condition id : LAN8742 Phy interface Condition cause : null
2025-06-16 10:16:33,893 [WARN] ConditionMgr:1044 - genDependencies : Invalid condition id : LAN8742 Phy interface Condition cause : null
2025-06-16 10:16:33,909 [WARN] PackLoader:240 - Cannot read IP mode file for STMicroelectronics.X-CUBE-SFXS2LP1.4.0.0
2025-06-16 10:16:33,948 [WARN] PackLoader:240 - Cannot read IP mode file for STMicroelectronics.X-CUBE-AZRTOS-H7.3.3.0
2025-06-16 10:16:33,967 [WARN] PackLoader:240 - Cannot read IP mode file for RoweBots.I-CUBE-UNISONRTOS.5.5.0-4
2025-06-16 10:16:33,983 [WARN] PackLoader:240 - Cannot read IP mode file for wolfSSL.I-CUBE-wolfSSL.5.4.0
2025-06-16 10:16:34,004 [WARN] PackLoader:240 - Cannot read IP mode file for STMicroelectronics.X-CUBE-IPS.3.0.0
2025-06-16 10:16:34,037 [WARN] ConditionMgr:438 - getConditionDescription Invalid condition id : UX DEVICE CLASS RTOS Condition cause : null
2025-06-16 10:16:34,037 [WARN] ConditionMgr:438 - getConditionDescription Invalid condition id : UX DEVICE CLASS RTOS Condition cause : null
2025-06-16 10:16:34,038 [WARN] PackLoader:240 - Cannot read IP mode file for STMicroelectronics.X-CUBE-AZRTOS-WB.2.0.0
2025-06-16 10:16:34,039 [WARN] ConditionMgr:1044 - genDependencies : Invalid condition id : UX DEVICE CLASS RTOS Condition cause : null
2025-06-16 10:16:34,039 [WARN] ConditionMgr:1044 - genDependencies : Invalid condition id : UX DEVICE CLASS RTOS Condition cause : null
2025-06-16 10:16:34,039 [WARN] ConditionMgr:1044 - genDependencies : Invalid condition id : UX DEVICE CLASS RTOS Condition cause : null
2025-06-16 10:16:34,039 [WARN] ConditionMgr:1044 - genDependencies : Invalid condition id : UX DEVICE CLASS RTOS Condition cause : null
2025-06-16 10:16:34,039 [WARN] ConditionMgr:1044 - genDependencies : Invalid condition id : UX DEVICE CLASS RTOS Condition cause : null
2025-06-16 10:16:34,059 [WARN] PackLoader:240 - Cannot read IP mode file for STMicroelectronics.X-CUBE-GNSS1.7.0.0
2025-06-16 10:16:34,074 [WARN] PackLoader:240 - Cannot read IP mode file for STMicroelectronics.X-CUBE-GNSS1.7.0.1
2025-06-16 10:16:34,093 [WARN] PackLoader:240 - Cannot read IP mode file for STMicroelectronics.X-CUBE-BLEMGR.1.0.0
2025-06-16 10:16:34,110 [WARN] PackLoader:240 - Cannot read IP mode file for STMicroelectronics.X-CUBE-TOUCHGFX.4.25.0
2025-06-16 10:16:34,156 [WARN] PackLoader:240 - Cannot read IP mode file for STMicroelectronics.FP-SNS-STBOX1.2.0.0
2025-06-16 10:16:34,204 [WARN] PackLoader:240 - Cannot read IP mode file for STMicroelectronics.X-CUBE-SUBG2.5.0.0
2025-06-16 10:16:34,245 [WARN] PackLoader:240 - Cannot read IP mode file for STMicroelectronics.X-CUBE-AZRTOS-H7RS.1.1.0
2025-06-16 10:16:34,258 [WARN] PackLoader:240 - Cannot read IP mode file for Cesanta.I-CUBE-Mongoose.7.13.0
2025-06-16 10:16:34,288 [WARN] PackLoader:240 - Cannot read IP mode file for STMicroelectronics.X-CUBE-AZRTOS-G4.2.0.0
2025-06-16 10:16:34,306 [WARN] PackLoader:240 - Cannot read IP mode file for STMicroelectronics.FP-ATR-ASTRA1.1.1.0
2025-06-16 10:16:34,320 [WARN] PackLoader:240 - Cannot read IP mode file for STMicroelectronics.X-CUBE-NFC7.2.0.0
2025-06-16 10:16:34,355 [WARN] PackLoader:240 - Cannot read IP mode file for STMicroelectronics.X-CUBE-AZRTOS-G4.1.0.0
2025-06-16 10:16:34,393 [WARN] PackLoader:240 - Cannot read IP mode file for STMicroelectronics.X-CUBE-AZRTOS-L4.1.0.0
2025-06-16 10:16:34,414 [WARN] PackLoader:240 - Cannot read IP mode file for STMicroelectronics.X-CUBE-IPS.3.1.0
2025-06-16 10:16:34,433 [WARN] PackLoader:240 - Cannot read IP mode file for STMicroelectronics.X-CUBE-ALS.1.0.2
2025-06-16 10:16:34,446 [WARN] PackLoader:240 - Cannot read IP mode file for STMicroelectronics.X-CUBE-TOUCHGFX.4.24.2
2025-06-16 10:16:34,468 [WARN] PackLoader:240 - Cannot read IP mode file for STMicroelectronics.X-CUBE-AZRTOS-WL.1.0.0
2025-06-16 10:16:34,488 [INFO] WebApp:221 - Starting web application
2025-06-16 10:16:34,489 [INFO] WebApp:579 - Web application path used C:\ST\STM32CubeIDE_1.16.1\STM32CubeIDE\plugins\com.st.stm32cube.common.mx_6.13.0.202411220809\db\plugins\mcufinder\reactClient1\index.html
2025-06-16 10:16:34,501 [WARN] PackLoader:240 - Cannot read IP mode file for STMicroelectronics.X-CUBE-TOUCHGFX.4.24.1
2025-06-16 10:16:34,506 [WARN] PackLoader:240 - Cannot read IP mode file for wolfSSL.I-CUBE-wolfTPM.3.4.0
2025-06-16 10:16:34,522 [WARN] PackLoader:240 - Cannot read IP mode file for portGmbH.I-Cube-SoM-uGOAL.1.1.0
2025-06-16 10:16:34,538 [WARN] PackLoader:240 - Cannot read IP mode file for STMicroelectronics.X-CUBE-ALS.1.0.1
2025-06-16 10:16:34,545 [INFO] WebApp:187 - Connection restablished
2025-06-16 10:16:34,569 [WARN] PackLoader:240 - Cannot read IP mode file for STMicroelectronics.X-CUBE-AZRTOS-L5.1.0.0
2025-06-16 10:16:34,583 [WARN] PackLoader:240 - Cannot read IP mode file for STMicroelectronics.X-CUBE-EEPRMA1.3.1.1
2025-06-16 10:16:34,620 [WARN] PackLoader:240 - Cannot read IP mode file for STMicroelectronics.X-CUBE-AZRTOS-H7RS.1.0.0
2025-06-16 10:16:34,635 [WARN] PackLoader:240 - Cannot read IP mode file for STMicroelectronics.FP-ATR-ASTRA1.2.0.0
2025-06-16 10:16:34,661 [WARN] PackLoader:240 - Cannot read IP mode file for STMicroelectronics.X-CUBE-TOF1.3.4.2
2025-06-16 10:16:34,692 [WARN] PackLoader:240 - Cannot read IP mode file for STMicroelectronics.X-CUBE-TOF1.3.4.3
2025-06-16 10:16:34,730 [WARN] PackLoader:240 - Cannot read IP mode file for Infineon.AIROC-Wi-Fi-Bluetooth-STM32.1.6.1
2025-06-16 10:16:34,737 [WARN] PackLoader:240 - Cannot read IP mode file for wolfSSL.I-CUBE-wolfSSH.1.4.17
2025-06-16 10:16:34,738 [INFO] ThirdParty:978 - Integrity check success = true
2025-06-16 10:16:34,738 [INFO] IntegrityCheckThread:100 - exiting critical section [integrity check]
2025-06-16 10:16:34,738 [INFO] IntegrityCheckThread:103 - End integrity checks thread
2025-06-16 10:16:34,859 [INFO] UserAuth:486 - Internet connection configuration mode: 1
