2025-01-09 08:54:57,324 [INFO] Activator:176 - 


2025-01-09 08:54:57,329 [INFO] Activator:177 - !SESSION log4j initialized
2025-01-09 08:55:11,655 [INFO] LogOutputStream:77 - [STDOUT_REDIRECT] 
2025-01-09 08:58:30,644 [INFO] ApplicationProperties:184 - Using Application install path: C:\ST\STM32CubeIDE_1.16.1\STM32CubeIDE\plugins\com.st.stm32cube.common.mx_6.13.0.202411220809
2025-01-09 08:58:30,661 [INFO] DbMcusXml:78 - Set database path to: C:\ST\STM32CubeIDE_1.16.1\STM32CubeIDE\plugins\com.st.stm32cube.common.mx_6.13.0.202411220809\\db\/mcu/
2025-01-09 08:58:30,661 [INFO] ApiDb:274 - Set plugin database path to: C:\ST\STM32CubeIDE_1.16.1\STM32CubeIDE\plugins\com.st.stm32cube.common.mx_6.13.0.202411220809\\db\/plugins/boardmanager/
2025-01-09 08:58:30,661 [WARN] ApiDb:259 - Overriding images path with different value:  => C:\ST\STM32CubeIDE_1.16.1\STM32CubeIDE\plugins\com.st.stm32cube.common.mx_6.13.0.202411220809\\db\/plugins/mcufinder/images/
2025-01-09 08:58:30,676 [INFO] ApiDb:250 - Set database path to: C:\Users\Bruno\.stmcufinder\plugins\mcufinder//mcu/
2025-01-09 08:58:30,677 [INFO] DbMcusAds:125 - Set database path to: C:\Users\Bruno\.stmcufinder\plugins\mcufinder//mcu/
2025-01-09 08:58:30,701 [INFO] CrossReferenceDbSqlite:203 - Set database path to: C:\Users\Bruno\.stmcufinder\plugins\mcufinder//mcu/cs/
2025-01-09 08:58:30,831 [INFO] RulesReader:64 - Compatibility file has been processed (297 Rules)
2025-01-09 08:58:30,913 [INFO] DbMcusXml:78 - Set database path to: C:\ST\STM32CubeIDE_1.16.1\STM32CubeIDE\plugins\com.st.stm32cube.common.mx_6.13.0.202411220809\\db\/mcu/
2025-01-09 08:58:30,913 [INFO] ApiDb:274 - Set plugin database path to: C:\ST\STM32CubeIDE_1.16.1\STM32CubeIDE\plugins\com.st.stm32cube.common.mx_6.13.0.202411220809\\db\/plugins/boardmanager/
2025-01-09 08:58:30,913 [INFO] ApiDb:261 - Set plugin images path to: C:\ST\STM32CubeIDE_1.16.1\STM32CubeIDE\plugins\com.st.stm32cube.common.mx_6.13.0.202411220809\\db\/plugins/mcufinder/images/
2025-01-09 08:58:30,914 [WARN] DbFile:41 - Overriding database path with different value: C:\Users\Bruno\.stmcufinder\plugins\mcufinder/ => C:\Users\Bruno\.stmcufinder\plugins\mcufinder
2025-01-09 08:58:30,914 [INFO] ApiDb:250 - Set database path to: C:\Users\Bruno\.stmcufinder\plugins\mcufinder//mcu/
2025-01-09 08:58:30,914 [WARN] DbFile:41 - Overriding database path with different value: C:\Users\Bruno\.stmcufinder\plugins\mcufinder/ => C:\Users\Bruno\.stmcufinder\plugins\mcufinder
2025-01-09 08:58:30,914 [INFO] DbMcusAds:125 - Set database path to: C:\Users\Bruno\.stmcufinder\plugins\mcufinder//mcu/
2025-01-09 08:58:30,914 [WARN] DbFile:41 - Overriding database path with different value: C:\Users\Bruno\.stmcufinder\plugins\mcufinder/ => C:\Users\Bruno\.stmcufinder\plugins\mcufinder
2025-01-09 08:58:30,914 [WARN] DbFile:41 - Overriding database path with different value: C:\Users\Bruno\.stmcufinder\plugins\mcufinder/ => C:\Users\Bruno\.stmcufinder\plugins\mcufinder
2025-01-09 08:58:30,914 [INFO] CrossReferenceDbSqlite:203 - Set database path to: C:\Users\Bruno\.stmcufinder\plugins\mcufinder//mcu/cs/
2025-01-09 08:58:30,998 [INFO] MainPanel:272 - HeapMemory: 1073741824
2025-01-09 08:58:31,129 [INFO] DbMcusXml:78 - Set database path to: C:\ST\STM32CubeIDE_1.16.1\STM32CubeIDE\plugins\com.st.stm32cube.common.mx_6.13.0.202411220809\\db\/mcu/
2025-01-09 08:58:31,129 [INFO] ApiDb:274 - Set plugin database path to: C:\ST\STM32CubeIDE_1.16.1\STM32CubeIDE\plugins\com.st.stm32cube.common.mx_6.13.0.202411220809\\db\/plugins/boardmanager/
2025-01-09 08:58:31,129 [INFO] ApiDb:261 - Set plugin images path to: C:\ST\STM32CubeIDE_1.16.1\STM32CubeIDE\plugins\com.st.stm32cube.common.mx_6.13.0.202411220809\\db\/plugins/mcufinder/images/
2025-01-09 08:58:31,129 [WARN] DbFile:41 - Overriding database path with different value: C:\Users\Bruno\.stmcufinder\plugins\mcufinder/ => C:\Users\Bruno\.stmcufinder\plugins\mcufinder
2025-01-09 08:58:31,130 [INFO] ApiDb:250 - Set database path to: C:\Users\Bruno\.stmcufinder\plugins\mcufinder//mcu/
2025-01-09 08:58:31,130 [WARN] DbFile:41 - Overriding database path with different value: C:\Users\Bruno\.stmcufinder\plugins\mcufinder/ => C:\Users\Bruno\.stmcufinder\plugins\mcufinder
2025-01-09 08:58:31,130 [INFO] DbMcusAds:125 - Set database path to: C:\Users\Bruno\.stmcufinder\plugins\mcufinder//mcu/
2025-01-09 08:58:31,130 [WARN] DbFile:41 - Overriding database path with different value: C:\Users\Bruno\.stmcufinder\plugins\mcufinder/ => C:\Users\Bruno\.stmcufinder\plugins\mcufinder
2025-01-09 08:58:31,130 [WARN] DbFile:41 - Overriding database path with different value: C:\Users\Bruno\.stmcufinder\plugins\mcufinder/ => C:\Users\Bruno\.stmcufinder\plugins\mcufinder
2025-01-09 08:58:31,130 [INFO] CrossReferenceDbSqlite:203 - Set database path to: C:\Users\Bruno\.stmcufinder\plugins\mcufinder//mcu/cs/
2025-01-09 08:58:31,149 [INFO] ApplicationProperties:184 - Using Application install path: C:\ST\STM32CubeIDE_1.16.1\STM32CubeIDE\plugins\com.st.stm32cube.common.mx_6.13.0.202411220809
2025-01-09 08:58:31,150 [INFO] PluginManage:196 - Search for loadable plugins [exclusion list=, ]
2025-01-09 08:58:31,152 [INFO] PluginManage:310 - Check plugin analytics
2025-01-09 08:58:31,416 [INFO] AnalyticsPlugin:253 - Accepted Software Licenses: STM32CubeMX.6.6.1,STM32CubeMX.6.13.0
2025-01-09 08:58:31,417 [INFO] AnalyticsPlugin:255 - Accepted CMSIS Pack Licenses: 
2025-01-09 08:58:31,417 [INFO] AnalyticsPlugin:257 - Accepted Firmware Licenses: FW.G0.1.6.0,FW.F4.1.28.0
2025-01-09 08:58:31,417 [INFO] PluginManage:359 - Loaded plugin analytics (category:tool,tabindex:-1)
2025-01-09 08:58:31,418 [INFO] PluginManage:310 - Check plugin cadmodel
2025-01-09 08:58:31,439 [INFO] CADModel:105 - Init CAD model plugin
2025-01-09 08:58:31,439 [INFO] PluginManage:359 - Loaded plugin cadmodel (category:power,tabindex:5)
2025-01-09 08:58:31,439 [INFO] PluginManage:310 - Check plugin clock
2025-01-09 08:58:31,461 [INFO] PluginManage:359 - Loaded plugin clock (category:base,tabindex:2)
2025-01-09 08:58:31,462 [INFO] PluginManage:310 - Check plugin ddr
2025-01-09 08:58:31,465 [INFO] PluginManage:359 - Loaded plugin ddr (category:tool,tabindex:6)
2025-01-09 08:58:31,465 [INFO] PluginManage:310 - Check plugin filemanager
2025-01-09 08:58:31,596 [INFO] PluginManage:359 - Loaded plugin filemanager (category:base,tabindex:10)
2025-01-09 08:58:31,597 [INFO] PluginManage:310 - Check plugin ipmanager
2025-01-09 08:58:31,604 [INFO] PluginManage:359 - Loaded plugin ipmanager (category:base,tabindex:5)
2025-01-09 08:58:31,604 [INFO] PluginManage:310 - Check plugin lpbam
2025-01-09 08:58:31,625 [INFO] PluginManage:359 - Loaded plugin lpbam (category:base,tabindex:0)
2025-01-09 08:58:31,625 [INFO] PluginManage:310 - Check plugin memorymap
2025-01-09 08:58:31,650 [INFO] PluginManage:359 - Loaded plugin memorymap (category:base,tabindex:4)
2025-01-09 08:58:31,650 [INFO] PluginManage:310 - Check plugin pinoutandconfiguration
2025-01-09 08:58:31,671 [INFO] PluginManage:359 - Loaded plugin pinoutandconfiguration (category:base,tabindex:1)
2025-01-09 08:58:31,671 [INFO] PluginManage:310 - Check plugin pinoutconfig
2025-01-09 08:58:31,774 [WARN] SupportedApi:132 - Cannot load RTOS API schema: s4s-elt-must-match.1: The content of 'definitions' must match (annotation?, (simpleType | complexType)?, (unique | key | keyref)*)). A problem was found starting at: attribute.
2025-01-09 08:58:31,902 [INFO] PluginManage:359 - Loaded plugin pinoutconfig (category:base,tabindex:0)
2025-01-09 08:58:31,902 [INFO] PluginManage:310 - Check plugin power
2025-01-09 08:58:31,927 [INFO] PluginManage:359 - Loaded plugin power (category:power,tabindex:4)
2025-01-09 08:58:31,927 [INFO] PluginManage:310 - Check plugin projectmanager
2025-01-09 08:58:31,942 [INFO] PluginManage:359 - Loaded plugin projectmanager (category:projectmanager,tabindex:4)
2025-01-09 08:58:31,942 [INFO] PluginManage:310 - Check plugin rif
2025-01-09 08:58:31,961 [INFO] PluginManage:359 - Loaded plugin rif (category:base,tabindex:3)
2025-01-09 08:58:31,962 [INFO] PluginManage:310 - Check plugin thirdparty
2025-01-09 08:58:32,258 [INFO] PluginManage:359 - Loaded plugin thirdparty (category:base,tabindex:-1)
2025-01-09 08:58:32,257 [WARN] IntegrityCheckThread:84 - waiting for thirdparty lock release [integrity check]
2025-01-09 08:58:32,258 [INFO] PluginManage:310 - Check plugin tools
2025-01-09 08:58:32,258 [INFO] IntegrityCheckThread:86 - entering critical section [integrity check]
2025-01-09 08:58:32,258 [INFO] ThirdPartyUpdaterWithRetryManager:70 - Updater plugin not ready yet. [1/15]
2025-01-09 08:58:32,303 [INFO] PluginManage:359 - Loaded plugin tools (category:base,tabindex:7)
2025-01-09 08:58:32,303 [INFO] PluginManage:310 - Check plugin tutovideos
2025-01-09 08:58:32,505 [INFO] PluginManage:359 - Loaded plugin tutovideos (category:base,tabindex:-1)
2025-01-09 08:58:32,505 [INFO] PluginManage:310 - Check plugin updater
2025-01-09 08:58:32,528 [INFO] PluginManage:359 - Loaded plugin updater (category:base,tabindex:12)
2025-01-09 08:58:32,528 [INFO] PluginManage:310 - Check plugin userauth
2025-01-09 08:58:32,532 [INFO] UserAuth:118 - Init User Auth plugin
2025-01-09 08:58:32,533 [INFO] PluginManage:359 - Loaded plugin userauth (category:base,tabindex:14)
2025-01-09 08:58:32,534 [INFO] PluginManage:283 - PluginManage : Loaded plugins [18]
2025-01-09 08:58:32,732 [INFO] PinOutPanel:1589 - setPackage(No Configuration,No Configuration)
2025-01-09 08:58:32,816 [INFO] CADModel:165 - CPN selected for project level
2025-01-09 08:58:32,816 [INFO] CADModel:114 - Register for checkConnection events
2025-01-09 08:58:32,848 [INFO] IPUIPlugin:80 - create IPUIPlugin
2025-01-09 08:58:32,848 [INFO] PluginManager:220 - loadIPPluginJar : add adc
2025-01-09 08:58:32,899 [INFO] IPUIPlugin:80 - create IPUIPlugin
2025-01-09 08:58:32,899 [INFO] PluginManager:220 - loadIPPluginJar : add aes
2025-01-09 08:58:32,955 [INFO] IPUIPlugin:80 - create IPUIPlugin
2025-01-09 08:58:32,955 [INFO] PluginManager:220 - loadIPPluginJar : add can
2025-01-09 08:58:32,989 [INFO] IPUIPlugin:80 - create IPUIPlugin
2025-01-09 08:58:32,989 [INFO] PluginManager:220 - loadIPPluginJar : add comp
2025-01-09 08:58:33,036 [INFO] IPUIPlugin:80 - create IPUIPlugin
2025-01-09 08:58:33,036 [INFO] PluginManager:220 - loadIPPluginJar : add cryp
2025-01-09 08:58:33,052 [INFO] IPUIPlugin:80 - create IPUIPlugin
2025-01-09 08:58:33,052 [INFO] PluginManager:220 - loadIPPluginJar : add ddr_ctrl_phy
2025-01-09 08:58:33,089 [INFO] IPUIPlugin:80 - create IPUIPlugin
2025-01-09 08:58:33,089 [INFO] PluginManager:220 - loadIPPluginJar : add dfsdm
2025-01-09 08:58:33,106 [INFO] IPUIPlugin:80 - create IPUIPlugin
2025-01-09 08:58:33,106 [INFO] PluginManager:220 - loadIPPluginJar : add dma
2025-01-09 08:58:33,154 [INFO] IPUIPlugin:80 - create IPUIPlugin
2025-01-09 08:58:33,154 [INFO] PluginManager:220 - loadIPPluginJar : add dma3
2025-01-09 08:58:33,209 [INFO] IPUIPlugin:80 - create IPUIPlugin
2025-01-09 08:58:33,209 [INFO] PluginManager:220 - loadIPPluginJar : add extmemmanager
2025-01-09 08:58:33,236 [INFO] IPUIPlugin:80 - create IPUIPlugin
2025-01-09 08:58:33,236 [INFO] PluginManager:220 - loadIPPluginJar : add fatfs
2025-01-09 08:58:33,307 [INFO] IPUIPlugin:80 - create IPUIPlugin
2025-01-09 08:58:33,307 [INFO] PluginManager:220 - loadIPPluginJar : add fmc
2025-01-09 08:58:33,326 [INFO] IPUIPlugin:80 - create IPUIPlugin
2025-01-09 08:58:33,327 [INFO] PluginManager:220 - loadIPPluginJar : add freertos
2025-01-09 08:58:33,355 [INFO] IPUIPlugin:80 - create IPUIPlugin
2025-01-09 08:58:33,355 [INFO] PluginManager:220 - loadIPPluginJar : add genericplugin
2025-01-09 08:58:33,480 [INFO] IPUIPlugin:80 - create IPUIPlugin
2025-01-09 08:58:33,480 [INFO] PluginManager:220 - loadIPPluginJar : add gfxmmu
2025-01-09 08:58:33,631 [INFO] IPUIPlugin:80 - create IPUIPlugin
2025-01-09 08:58:33,631 [INFO] PluginManager:220 - loadIPPluginJar : add gic
2025-01-09 08:58:33,647 [INFO] IPUIPlugin:80 - create IPUIPlugin
2025-01-09 08:58:33,647 [INFO] PluginManager:220 - loadIPPluginJar : add gpio
2025-01-09 08:58:33,761 [INFO] IPUIPlugin:80 - create IPUIPlugin
2025-01-09 08:58:33,761 [INFO] PluginManager:220 - loadIPPluginJar : add gtzc
2025-01-09 08:58:33,802 [INFO] IPUIPlugin:80 - create IPUIPlugin
2025-01-09 08:58:33,802 [INFO] PluginManager:220 - loadIPPluginJar : add hash
2025-01-09 08:58:33,865 [INFO] IPUIPlugin:80 - create IPUIPlugin
2025-01-09 08:58:33,865 [INFO] PluginManager:220 - loadIPPluginJar : add i2c
2025-01-09 08:58:33,915 [INFO] IPUIPlugin:80 - create IPUIPlugin
2025-01-09 08:58:33,915 [INFO] PluginManager:220 - loadIPPluginJar : add i2s
2025-01-09 08:58:33,965 [INFO] IPUIPlugin:80 - create IPUIPlugin
2025-01-09 08:58:33,965 [INFO] PluginManager:220 - loadIPPluginJar : add i3c
2025-01-09 08:58:34,093 [INFO] IPUIPlugin:80 - create IPUIPlugin
2025-01-09 08:58:34,093 [INFO] PluginManager:220 - loadIPPluginJar : add ipddr
2025-01-09 08:58:34,203 [INFO] IPUIPlugin:80 - create IPUIPlugin
2025-01-09 08:58:34,204 [INFO] PluginManager:220 - loadIPPluginJar : add linkedlist
2025-01-09 08:58:34,247 [INFO] IPUIPlugin:80 - create IPUIPlugin
2025-01-09 08:58:34,248 [INFO] PluginManager:220 - loadIPPluginJar : add lorawan
2025-01-09 08:58:34,296 [INFO] IPUIPlugin:80 - create IPUIPlugin
2025-01-09 08:58:34,296 [INFO] PluginManager:220 - loadIPPluginJar : add ltdc
2025-01-09 08:58:34,313 [INFO] IPUIPlugin:80 - create IPUIPlugin
2025-01-09 08:58:34,313 [INFO] PluginManager:220 - loadIPPluginJar : add mdma
2025-01-09 08:58:34,328 [INFO] IPUIPlugin:80 - create IPUIPlugin
2025-01-09 08:58:34,328 [INFO] PluginManager:220 - loadIPPluginJar : add nvic
2025-01-09 08:58:34,374 [INFO] IPUIPlugin:80 - create IPUIPlugin
2025-01-09 08:58:34,375 [INFO] PluginManager:220 - loadIPPluginJar : add opamp
2025-01-09 08:58:34,449 [INFO] IPUIPlugin:80 - create IPUIPlugin
2025-01-09 08:58:34,449 [INFO] PluginManager:220 - loadIPPluginJar : add openamp
2025-01-09 08:58:34,501 [INFO] IPUIPlugin:80 - create IPUIPlugin
2025-01-09 08:58:34,501 [INFO] PluginManager:220 - loadIPPluginJar : add pdm2pcm
2025-01-09 08:58:34,518 [INFO] IPUIPlugin:80 - create IPUIPlugin
2025-01-09 08:58:34,521 [INFO] PluginManager:220 - loadIPPluginJar : add plateformsettings
2025-01-09 08:58:34,550 [INFO] IPUIPlugin:80 - create IPUIPlugin
2025-01-09 08:58:34,550 [INFO] PluginManager:220 - loadIPPluginJar : add quadspi
2025-01-09 08:58:34,582 [INFO] IPUIPlugin:80 - create IPUIPlugin
2025-01-09 08:58:34,583 [INFO] PluginManager:220 - loadIPPluginJar : add radio
2025-01-09 08:58:34,599 [INFO] IPUIPlugin:80 - create IPUIPlugin
2025-01-09 08:58:34,599 [INFO] PluginManager:220 - loadIPPluginJar : add resmgrutility
2025-01-09 08:58:34,663 [INFO] IPUIPlugin:80 - create IPUIPlugin
2025-01-09 08:58:34,664 [INFO] PluginManager:220 - loadIPPluginJar : add sai
2025-01-09 08:58:34,709 [INFO] IPUIPlugin:80 - create IPUIPlugin
2025-01-09 08:58:34,709 [INFO] PluginManager:220 - loadIPPluginJar : add spi
2025-01-09 08:58:34,793 [INFO] IPUIPlugin:80 - create IPUIPlugin
2025-01-09 08:58:34,793 [INFO] PluginManager:220 - loadIPPluginJar : add stm32_wpan
2025-01-09 08:58:34,824 [INFO] IPUIPlugin:80 - create IPUIPlugin
2025-01-09 08:58:34,824 [INFO] PluginManager:220 - loadIPPluginJar : add tim
2025-01-09 08:58:34,897 [INFO] IPUIPlugin:80 - create IPUIPlugin
2025-01-09 08:58:34,898 [INFO] PluginManager:220 - loadIPPluginJar : add touchsensing
2025-01-09 08:58:34,927 [INFO] IPUIPlugin:80 - create IPUIPlugin
2025-01-09 08:58:34,927 [INFO] PluginManager:220 - loadIPPluginJar : add tracer_emb
2025-01-09 08:58:34,957 [INFO] IPUIPlugin:80 - create IPUIPlugin
2025-01-09 08:58:34,957 [INFO] PluginManager:220 - loadIPPluginJar : add ts
2025-01-09 08:58:34,986 [INFO] IPUIPlugin:80 - create IPUIPlugin
2025-01-09 08:58:34,986 [INFO] PluginManager:220 - loadIPPluginJar : add tsc
2025-01-09 08:58:35,015 [INFO] IPUIPlugin:80 - create IPUIPlugin
2025-01-09 08:58:35,015 [INFO] PluginManager:220 - loadIPPluginJar : add ucpd
2025-01-09 08:58:35,069 [INFO] IPUIPlugin:80 - create IPUIPlugin
2025-01-09 08:58:35,069 [INFO] PluginManager:220 - loadIPPluginJar : add usart
2025-01-09 08:58:35,121 [INFO] IPUIPlugin:80 - create IPUIPlugin
2025-01-09 08:58:35,122 [INFO] PluginManager:220 - loadIPPluginJar : add usbx
2025-01-09 08:58:35,252 [FATAL] Updater:351 - Updater called before beeing initialized
2025-01-09 08:58:35,276 [INFO] ThirdPartyUpdaterWithRetryManager:70 - Updater plugin not ready yet. [2/15]
2025-01-09 08:58:35,311 [INFO] RulesReader:64 - Compatibility file has been processed (297 Rules)
2025-01-09 08:58:35,321 [INFO] RulesReader:64 - Compatibility file has been processed (297 Rules)
2025-01-09 08:58:35,327 [INFO] CADModel:165 - CPN selected for project level
2025-01-09 08:58:35,327 [INFO] CADModel:114 - Register for checkConnection events
2025-01-09 08:58:35,328 [FATAL] Updater:351 - Updater called before beeing initialized
2025-01-09 08:58:35,328 [ERROR] CADModel:125 - Updater not yet initialized, retry later 
2025-01-09 08:58:35,479 [FATAL] Updater:351 - Updater called before beeing initialized
2025-01-09 08:58:35,481 [INFO] CADModel:165 - CPN selected for project level
2025-01-09 08:58:35,481 [INFO] CADModel:114 - Register for checkConnection events
2025-01-09 08:58:35,481 [FATAL] Updater:351 - Updater called before beeing initialized
2025-01-09 08:58:35,481 [ERROR] CADModel:125 - Updater not yet initialized, retry later 
2025-01-09 08:58:35,484 [FATAL] Updater:351 - Updater called before beeing initialized
2025-01-09 08:58:35,581 [FATAL] Updater:351 - Updater called before beeing initialized
2025-01-09 08:58:35,592 [INFO] DbMcusAds:53 - JSON generation date=Tue Dec 17 17:01:15 CET 2024 (1734451275222)
2025-01-09 08:58:35,592 [FATAL] Updater:351 - Updater called before beeing initialized
2025-01-09 08:58:35,632 [WARN] DetailPanel:346 - Failed to get advertising image, set to default
2025-01-09 08:58:35,895 [FATAL] Updater:351 - Updater called before beeing initialized
2025-01-09 08:58:35,897 [FATAL] Updater:351 - Updater called before beeing initialized
2025-01-09 08:58:35,897 [FATAL] Updater:351 - Updater called before beeing initialized
2025-01-09 08:58:35,897 [WARN] DetailPanel:346 - Failed to get advertising image, set to default
2025-01-09 08:58:35,898 [FATAL] Updater:351 - Updater called before beeing initialized
2025-01-09 08:58:35,959 [ERROR] Updater:1198 - MainUpdater not yet initialized. External WinMGr cannot be set.
2025-01-09 08:58:35,969 [INFO] Updater:1134 - Updater Version found : 6.13.0
2025-01-09 08:58:35,986 [INFO] ApplicationProperties:184 - Using Application install path: C:\ST\STM32CubeIDE_1.16.1\STM32CubeIDE\plugins\com.st.stm32cube.common.mx_6.13.0.202411220809
2025-01-09 08:58:36,357 [INFO] MainUpdater:2872 - connection check result : 10
2025-01-09 08:58:36,357 [INFO] MainUpdater:3566 - Updater definition file requires update
2025-01-09 08:58:36,358 [INFO] MainUpdater:289 - Updater Check For Update Now.
2025-01-09 08:58:36,358 [INFO] MicroXplorer:498 - Change Database Version : DB.6.0.130
2025-01-09 08:58:36,387 [INFO] McuFinderGlobals:63 - Set McuFinder mode to 2 (CubeIDE integrated)
2025-01-09 08:58:36,395 [INFO] UserAuth:486 - Internet connection configuration mode: 1
2025-01-09 08:58:36,422 [INFO] JxBrowserEngine:152 - Initiate JxBrowser Engine with user profile folder
2025-01-09 08:58:36,458 [INFO] ServerAccessManage:473 - Download File updaters.zip
2025-01-09 08:58:36,589 [INFO] FileExtend:240 - Unzip File : updaters.zip
2025-01-09 08:58:36,590 [INFO] FileExtend:255 - Standard Zip Deflate
2025-01-09 08:58:37,101 [INFO] ServerAccessManage:473 - Download File PacksControlFlags.xml
2025-01-09 08:58:37,242 [INFO] ServerAccessManage:473 - Download File cubemx.pidx
2025-01-09 08:58:38,313 [WARN] MainUpdater:1193 - Updater busy. Cannot search thirdparties
2025-01-09 08:58:38,314 [INFO] ThirdPartyUpdaterWithRetryManager:96 - Updater plugin is busy. [1/15]
2025-01-09 08:58:39,175 [INFO] ServerAccessManage:473 - Download File STMicroelectronics.X-CUBE-IPS.pdsc
2025-01-09 08:58:39,445 [INFO] WebApp:168 - Instantiating new browser for Auth
2025-01-09 08:58:40,426 [INFO] ServerAccessManage:473 - Download File STMicroelectronics.X-CUBE-TOUCHGFX.pdsc
2025-01-09 08:58:41,315 [WARN] MainUpdater:1193 - Updater busy. Cannot search thirdparties
2025-01-09 08:58:41,316 [INFO] ThirdPartyUpdaterWithRetryManager:96 - Updater plugin is busy. [2/15]
2025-01-09 08:58:41,447 [INFO] WebApp:449 - Apply proxy settings
2025-01-09 08:58:41,447 [INFO] WebApp:534 - Chromium requires no authentication
2025-01-09 08:58:41,490 [INFO] WebApp:477 - Direct internet connection detected
2025-01-09 08:58:41,583 [INFO] WebApp:880 - Register for checkConnection events
2025-01-09 08:58:41,583 [INFO] WebApp:449 - Apply proxy settings
2025-01-09 08:58:41,583 [INFO] WebApp:534 - Chromium requires no authentication
2025-01-09 08:58:41,583 [INFO] WebApp:477 - Direct internet connection detected
2025-01-09 08:58:41,791 [INFO] WebApp:187 - Connection restablished
2025-01-09 08:58:42,240 [INFO] WebApp:221 - Starting web application
2025-01-09 08:58:42,240 [INFO] WebApp:579 - Web application path used C:\ST\STM32CubeIDE_1.16.1\STM32CubeIDE\plugins\com.st.stm32cube.common.mx_6.13.0.202411220809\db\plugins\mcufinder\reactClient1\index.html
2025-01-09 08:58:42,850 [WARN] PackLoader:240 - Cannot read IP mode file for STMicroelectronics.X-CUBE-IPS.3.1.0
2025-01-09 08:58:42,867 [WARN] PackLoader:240 - Cannot read IP mode file for STMicroelectronics.X-CUBE-TOUCHGFX.4.24.2
2025-01-09 08:58:42,868 [INFO] PopulateThirdPartyThread:66 - Ending populate Thread
2025-01-09 08:58:42,869 [INFO] ThirdParty:1030 - CMSIS Pack Vendor :STMicroelectronics X-CUBE-IPS 3.1.0
2025-01-09 08:58:42,869 [INFO] ThirdParty:1030 - CMSIS Pack Vendor :STMicroelectronics X-CUBE-TOUCHGFX 4.24.2
2025-01-09 08:58:42,869 [INFO] LoadServerUpdatesThread:375 - End of LoadServerUpdate Thread
2025-01-09 08:58:42,952 [INFO] UserAuth:486 - Internet connection configuration mode: 1
2025-01-09 08:58:43,086 [INFO] CheckServerUpdateThread:120 - End of CheckServer Thread
2025-01-09 08:58:44,620 [WARN] PackLoader:240 - Cannot read IP mode file for STMicroelectronics.FP-SNS-MOTENVWB1.1.4.0
2025-01-09 08:58:44,626 [WARN] PackLoader:240 - Cannot read IP mode file for STMicroelectronics.FP-ATR-ASTRA1.2.0.1
2025-01-09 08:58:44,644 [WARN] PackLoader:240 - Cannot read IP mode file for STMicroelectronics.X-CUBE-SMBUS.2.1.0
2025-01-09 08:58:44,665 [WARN] PackLoader:240 - Cannot read IP mode file for STMicroelectronics.X-CUBE-WB05N.1.1.0
2025-01-09 08:58:44,774 [WARN] PackLoader:240 - Cannot read IP mode file for STMicroelectronics.X-CUBE-MEMS1.9.2.0
2025-01-09 08:58:45,228 [WARN] PackLoader:240 - Cannot read IP mode file for STMicroelectronics.X-CUBE-AZRTOS-F7.1.1.0
2025-01-09 08:58:45,249 [WARN] PackLoader:240 - Cannot read IP mode file for STMicroelectronics.X-CUBE-BLE1.6.2.3
2025-01-09 08:58:45,526 [WARN] PackLoader:240 - Cannot read IP mode file for STMicroelectronics.X-CUBE-MEMS1.11.0.0
2025-01-09 08:58:45,799 [WARN] PackLoader:240 - Cannot read IP mode file for STMicroelectronics.FP-SNS-FLIGHT1.5.0.2
2025-01-09 08:58:45,822 [WARN] PackLoader:240 - Cannot read IP mode file for STMicroelectronics.X-CUBE-TOF1.3.1.0
2025-01-09 08:58:45,842 [WARN] PackLoader:240 - Cannot read IP mode file for STMicroelectronics.X-CUBE-DISPLAY.3.0.0
2025-01-09 08:58:45,902 [WARN] PackLoader:240 - Cannot read IP mode file for STMicroelectronics.X-CUBE-BLE1.7.0.0
2025-01-09 08:58:45,918 [WARN] PackLoader:240 - Cannot read IP mode file for STMicroelectronics.X-CUBE-NFC10.1.0.0
2025-01-09 08:58:45,951 [WARN] PackLoader:240 - Cannot read IP mode file for STMicroelectronics.X-CUBE-BLEMGR.4.0.0
2025-01-09 08:58:45,967 [WARN] PackLoader:240 - Cannot read IP mode file for STMicroelectronics.X-CUBE-AI.7.2.0
2025-01-09 08:58:45,994 [WARN] PackLoader:240 - Cannot read IP mode file for STMicroelectronics.X-CUBE-BLEMGR.3.1.0
2025-01-09 08:58:46,011 [WARN] PackLoader:240 - Cannot read IP mode file for STMicroelectronics.FP-SNS-SMARTAG2.1.2.0
2025-01-09 08:58:46,110 [WARN] PackLoader:240 - Cannot read IP mode file for STMicroelectronics.X-CUBE-MEMS1.11.1.0
2025-01-09 08:58:46,243 [INFO] LogOutputStream:77 - [STDOUT_REDIRECT] 1 : Invalid condition id : UX_CORESTACK_Condition cause : null
2025-01-09 08:58:46,243 [INFO] LogOutputStream:77 - [STDOUT_REDIRECT] 1 : Invalid condition id : UX_CORESTACK_Condition cause : null
2025-01-09 08:58:46,244 [INFO] LogOutputStream:77 - [STDOUT_REDIRECT] 1 : Invalid condition id : UX_CORESTACK_Condition cause : null
2025-01-09 08:58:46,249 [INFO] LogOutputStream:77 - [STDOUT_REDIRECT] 1 : Invalid condition id : UX_CORESTACK_Condition cause : null
2025-01-09 08:58:46,251 [INFO] LogOutputStream:77 - [STDOUT_REDIRECT] 1 : Invalid condition id : UX_CORESTACK_Condition cause : null
2025-01-09 08:58:46,253 [WARN] PackLoader:240 - Cannot read IP mode file for STMicroelectronics.X-CUBE-AZRTOS-WL.2.0.0
2025-01-09 08:58:46,268 [WARN] PackLoader:240 - Cannot read IP mode file for STMicroelectronics.FP-SNS-MOTENV1.5.0.0
2025-01-09 08:58:46,274 [WARN] PackLoader:240 - Cannot read IP mode file for wolfSSL.I-CUBE-wolfMQTT.1.19.0
2025-01-09 08:58:46,292 [WARN] PackLoader:240 - Cannot read IP mode file for WES.I-CUBE-Cesium.1.3.0
2025-01-09 08:58:46,308 [WARN] PackLoader:240 - Cannot read IP mode file for STMicroelectronics.X-CUBE-BLE2.3.3.0
2025-01-09 08:58:46,323 [WARN] PackLoader:240 - Cannot read IP mode file for STMicroelectronics.X-CUBE-DISPLAY.2.2.0
2025-01-09 08:58:46,354 [WARN] PackLoader:240 - Cannot read IP mode file for STMicroelectronics.X-CUBE-NFC9.1.0.0
2025-01-09 08:58:46,394 [WARN] PackLoader:240 - Cannot read IP mode file for STMicroelectronics.X-CUBE-AZRTOS-H7.2.1.0
2025-01-09 08:58:46,410 [WARN] PackLoader:240 - Cannot read IP mode file for STMicroelectronics.X-CUBE-TCPP.4.1.0
2025-01-09 08:58:46,433 [WARN] PackLoader:240 - Cannot read IP mode file for STMicroelectronics.X-CUBE-ALGOBUILD.1.3.0
2025-01-09 08:58:46,466 [WARN] PackLoader:240 - Cannot read IP mode file for STMicroelectronics.X-CUBE-AZRTOS-G0.1.1.0
2025-01-09 08:58:46,486 [WARN] PackLoader:240 - Cannot read IP mode file for STMicroelectronics.X-CUBE-SAFEA1.1.2.2
2025-01-09 08:58:46,504 [WARN] PackLoader:240 - Cannot read IP mode file for STMicroelectronics.X-CUBE-NFC4.3.0.0
2025-01-09 08:58:46,544 [WARN] PackLoader:240 - Cannot read IP mode file for SEGGER.I-CUBE-embOS.1.2.0
2025-01-09 08:58:46,579 [WARN] PackLoader:240 - Cannot read IP mode file for EmbeddedOffice.I-CUBE-FS-RTOS.1.0.1
2025-01-09 08:58:46,601 [WARN] PackLoader:240 - Cannot read IP mode file for STMicroelectronics.X-CUBE-TCPP.4.2.0
2025-01-09 08:58:46,618 [WARN] PackLoader:240 - Cannot read IP mode file for RealThread.X-CUBE-RT-Thread_Nano.4.1.1
2025-01-09 08:58:46,623 [WARN] PackLoader:240 - Cannot read IP mode file for STMicroelectronics.FP-ATR-SIGFOX1.3.2.0
2025-01-09 08:58:46,627 [WARN] ConditionMgr:438 - getConditionDescription Invalid condition id : Cortex-A Device cause : null
2025-01-09 08:58:46,647 [WARN] ConditionMgr:1044 - genDependencies : Invalid condition id : Cortex-A Device cause : null
2025-01-09 08:58:46,648 [WARN] ConditionMgr:1044 - genDependencies : Invalid condition id : Cortex-A Device cause : null
2025-01-09 08:58:46,648 [WARN] ConditionMgr:1044 - genDependencies : Invalid condition id : Cortex-A Device cause : null
2025-01-09 08:58:46,666 [WARN] PackLoader:240 - Cannot read IP mode file for STMicroelectronics.X-CUBE-EEPRMA1.5.1.0
2025-01-09 08:58:46,683 [WARN] PackLoader:240 - Cannot read IP mode file for emotas.I-CUBE-CANOPEN.1.1.2
2025-01-09 08:58:46,697 [WARN] PackLoader:240 - Cannot read IP mode file for STMicroelectronics.X-CUBE-TOUCHGFX.4.20.0
2025-01-09 08:58:46,728 [WARN] PackLoader:240 - Cannot read IP mode file for ITTIA_DB.I-CUBE-ITTIADB.8.9.0
2025-01-09 08:58:46,763 [WARN] PackLoader:240 - Cannot read IP mode file for SEGGER.I-CUBE-embOS.1.3.1
2025-01-09 08:58:46,801 [WARN] PackLoader:240 - Cannot read IP mode file for STMicroelectronics.X-CUBE-ALGOBUILD.1.4.0
2025-01-09 08:58:46,817 [WARN] PackLoader:240 - Cannot read IP mode file for STMicroelectronics.X-CUBE-AI.9.1.0
2025-01-09 08:58:46,834 [WARN] PackLoader:240 - Cannot read IP mode file for STMicroelectronics.X-CUBE-GNSS1.6.0.0
2025-01-09 08:58:46,873 [WARN] PackLoader:240 - Cannot read IP mode file for STMicroelectronics.X-CUBE-AZRTOS-F4.1.1.0
2025-01-09 08:58:46,893 [WARN] PackLoader:240 - Cannot read IP mode file for STMicroelectronics.X-CUBE-ISPU.2.1.0
2025-01-09 08:58:46,907 [WARN] PackLoader:240 - Cannot read IP mode file for STMicroelectronics.X-CUBE-FREERTOS.1.2.0
2025-01-09 08:58:46,935 [WARN] PackLoader:240 - Cannot read IP mode file for STMicroelectronics.X-CUBE-AZRTOS-L5.2.0.0
2025-01-09 08:58:46,954 [WARN] PackLoader:240 - Cannot read IP mode file for STMicroelectronics.X-CUBE-NFC6.3.1.0
2025-01-09 08:58:46,969 [WARN] PackLoader:240 - Cannot read IP mode file for STMicroelectronics.X-CUBE-DPower.1.2.0
2025-01-09 08:58:46,985 [WARN] PackLoader:240 - Cannot read IP mode file for STMicroelectronics.X-CUBE-NFC4.2.0.4
2025-01-09 08:58:47,033 [WARN] PackLoader:240 - Cannot read IP mode file for STMicroelectronics.X-CUBE-AZRTOS-F4.1.0.0
2025-01-09 08:58:47,047 [WARN] PackLoader:240 - Cannot read IP mode file for STMicroelectronics.X-CUBE-FREERTOS.1.3.0
2025-01-09 08:58:47,063 [WARN] PackLoader:240 - Cannot read IP mode file for STMicroelectronics.X-CUBE-NFC7.1.0.1
2025-01-09 08:58:47,080 [WARN] PackLoader:240 - Cannot read IP mode file for STMicroelectronics.X-CUBE-NFC7.1.0.0
2025-01-09 08:58:47,116 [WARN] ConditionMgr:438 - getConditionDescription Invalid condition id : LAN8742 Phy interface Condition cause : null
2025-01-09 08:58:47,116 [WARN] PackLoader:240 - Cannot read IP mode file for STMicroelectronics.X-CUBE-AZRTOS-L4.2.0.0
2025-01-09 08:58:47,117 [WARN] ConditionMgr:1044 - genDependencies : Invalid condition id : LAN8742 Phy interface Condition cause : null
2025-01-09 08:58:47,117 [WARN] ConditionMgr:1044 - genDependencies : Invalid condition id : LAN8742 Phy interface Condition cause : null
2025-01-09 08:58:47,117 [WARN] ConditionMgr:1044 - genDependencies : Invalid condition id : LAN8742 Phy interface Condition cause : null
2025-01-09 08:58:47,136 [WARN] PackLoader:240 - Cannot read IP mode file for STMicroelectronics.X-CUBE-SFXS2LP1.4.0.0
2025-01-09 08:58:47,167 [WARN] PackLoader:240 - Cannot read IP mode file for STMicroelectronics.X-CUBE-AZRTOS-H7.3.3.0
2025-01-09 08:58:47,185 [WARN] PackLoader:240 - Cannot read IP mode file for RoweBots.I-CUBE-UNISONRTOS.5.5.0-4
2025-01-09 08:58:47,197 [WARN] PackLoader:240 - Cannot read IP mode file for wolfSSL.I-CUBE-wolfSSL.5.4.0
2025-01-09 08:58:47,217 [WARN] PackLoader:240 - Cannot read IP mode file for STMicroelectronics.X-CUBE-IPS.3.0.0
2025-01-09 08:58:47,244 [WARN] ConditionMgr:438 - getConditionDescription Invalid condition id : UX DEVICE CLASS RTOS Condition cause : null
2025-01-09 08:58:47,244 [WARN] ConditionMgr:438 - getConditionDescription Invalid condition id : UX DEVICE CLASS RTOS Condition cause : null
2025-01-09 08:58:47,245 [WARN] PackLoader:240 - Cannot read IP mode file for STMicroelectronics.X-CUBE-AZRTOS-WB.2.0.0
2025-01-09 08:58:47,246 [WARN] ConditionMgr:1044 - genDependencies : Invalid condition id : UX DEVICE CLASS RTOS Condition cause : null
2025-01-09 08:58:47,246 [WARN] ConditionMgr:1044 - genDependencies : Invalid condition id : UX DEVICE CLASS RTOS Condition cause : null
2025-01-09 08:58:47,246 [WARN] ConditionMgr:1044 - genDependencies : Invalid condition id : UX DEVICE CLASS RTOS Condition cause : null
2025-01-09 08:58:47,246 [WARN] ConditionMgr:1044 - genDependencies : Invalid condition id : UX DEVICE CLASS RTOS Condition cause : null
2025-01-09 08:58:47,246 [WARN] ConditionMgr:1044 - genDependencies : Invalid condition id : UX DEVICE CLASS RTOS Condition cause : null
2025-01-09 08:58:47,262 [WARN] PackLoader:240 - Cannot read IP mode file for STMicroelectronics.X-CUBE-GNSS1.7.0.0
2025-01-09 08:58:47,278 [WARN] PackLoader:240 - Cannot read IP mode file for STMicroelectronics.X-CUBE-GNSS1.7.0.1
2025-01-09 08:58:47,293 [WARN] PackLoader:240 - Cannot read IP mode file for STMicroelectronics.X-CUBE-BLEMGR.1.0.0
2025-01-09 08:58:47,314 [WARN] PackLoader:240 - Cannot read IP mode file for STMicroelectronics.FP-SNS-STBOX1.2.0.0
2025-01-09 08:58:47,341 [WARN] PackLoader:240 - Cannot read IP mode file for STMicroelectronics.X-CUBE-SUBG2.5.0.0
2025-01-09 08:58:47,353 [WARN] PackLoader:240 - Cannot read IP mode file for Cesanta.I-CUBE-Mongoose.7.13.0
2025-01-09 08:58:47,383 [WARN] PackLoader:240 - Cannot read IP mode file for STMicroelectronics.X-CUBE-AZRTOS-G4.2.0.0
2025-01-09 08:58:47,399 [WARN] PackLoader:240 - Cannot read IP mode file for STMicroelectronics.FP-ATR-ASTRA1.1.1.0
2025-01-09 08:58:47,423 [WARN] PackLoader:240 - Cannot read IP mode file for STMicroelectronics.X-CUBE-AZRTOS-G4.1.0.0
2025-01-09 08:58:47,451 [WARN] PackLoader:240 - Cannot read IP mode file for STMicroelectronics.X-CUBE-AZRTOS-L4.1.0.0
2025-01-09 08:58:47,459 [WARN] PackLoader:240 - Cannot read IP mode file for STMicroelectronics.X-CUBE-IPS.3.1.0
2025-01-09 08:58:47,506 [WARN] PackLoader:240 - Cannot read IP mode file for STMicroelectronics.X-CUBE-ALS.1.0.2
2025-01-09 08:58:47,509 [WARN] PackLoader:240 - Cannot read IP mode file for STMicroelectronics.X-CUBE-TOUCHGFX.4.24.2
2025-01-09 08:58:47,530 [WARN] PackLoader:240 - Cannot read IP mode file for STMicroelectronics.X-CUBE-AZRTOS-WL.1.0.0
2025-01-09 08:58:47,545 [WARN] PackLoader:240 - Cannot read IP mode file for STMicroelectronics.X-CUBE-TOUCHGFX.4.24.1
2025-01-09 08:58:47,550 [WARN] PackLoader:240 - Cannot read IP mode file for wolfSSL.I-CUBE-wolfTPM.3.4.0
2025-01-09 08:58:47,613 [WARN] PackLoader:240 - Cannot read IP mode file for portGmbH.I-Cube-SoM-uGOAL.1.1.0
2025-01-09 08:58:47,664 [WARN] PackLoader:240 - Cannot read IP mode file for STMicroelectronics.X-CUBE-ALS.1.0.1
2025-01-09 08:58:47,690 [WARN] PackLoader:240 - Cannot read IP mode file for STMicroelectronics.X-CUBE-AZRTOS-L5.1.0.0
2025-01-09 08:58:47,708 [WARN] PackLoader:240 - Cannot read IP mode file for STMicroelectronics.X-CUBE-EEPRMA1.3.1.1
2025-01-09 08:58:47,743 [WARN] PackLoader:240 - Cannot read IP mode file for STMicroelectronics.X-CUBE-AZRTOS-H7RS.1.0.0
2025-01-09 08:58:47,787 [WARN] PackLoader:240 - Cannot read IP mode file for STMicroelectronics.FP-ATR-ASTRA1.2.0.0
2025-01-09 08:58:47,806 [WARN] PackLoader:240 - Cannot read IP mode file for STMicroelectronics.X-CUBE-TOF1.3.4.2
2025-01-09 08:58:47,846 [WARN] PackLoader:240 - Cannot read IP mode file for Infineon.AIROC-Wi-Fi-Bluetooth-STM32.1.6.1
2025-01-09 08:58:47,862 [WARN] PackLoader:240 - Cannot read IP mode file for wolfSSL.I-CUBE-wolfSSH.1.4.17
2025-01-09 08:58:47,863 [INFO] ThirdParty:978 - Integrity check success = true
2025-01-09 08:58:47,863 [INFO] IntegrityCheckThread:100 - exiting critical section [integrity check]
2025-01-09 08:58:47,863 [INFO] IntegrityCheckThread:103 - End integrity checks thread
2025-01-09 09:31:35,284 [ERROR] LogOutputStream:75 - [STDERR_REDIRECT] org.eclipse.cdt.managedbuilder.core.BuildException: No toolchain option in toolchain configuration cdt.managedbuild.toolchain.gnu.cross.base.613818773: 
2025-01-09 09:31:35,286 [ERROR] LogOutputStream:75 - [STDERR_REDIRECT] 	at com.st.stm32cube.ide.mcu.toolchain.ToolChainHelper.getToolChainId(ToolChainHelper.java:166)
2025-01-09 09:31:35,288 [ERROR] LogOutputStream:75 - [STDERR_REDIRECT] 	at com.st.stm32cube.ide.mcu.toolchain.ToolChainHelper.getToolChainInfo(ToolChainHelper.java:109)
2025-01-09 09:31:35,290 [ERROR] LogOutputStream:75 - [STDERR_REDIRECT] 	at com.st.stm32cube.ide.mcu.toolchain.ui.unmanaged.ToolSettingsTab.createControls(ToolSettingsTab.java:149)
2025-01-09 09:31:35,292 [ERROR] LogOutputStream:75 - [STDERR_REDIRECT] 	at org.eclipse.cdt.ui.newui.AbstractCPropertyTab.createControls(AbstractCPropertyTab.java:139)
2025-01-09 09:31:35,293 [ERROR] LogOutputStream:75 - [STDERR_REDIRECT] 	at org.eclipse.cdt.ui.newui.AbstractPage.loadTab(AbstractPage.java:1199)
2025-01-09 09:31:35,295 [ERROR] LogOutputStream:75 - [STDERR_REDIRECT] 	at org.eclipse.cdt.ui.newui.AbstractPage.loadExtensionsSynchronized(AbstractPage.java:1143)
2025-01-09 09:31:35,296 [ERROR] LogOutputStream:75 - [STDERR_REDIRECT] 	at org.eclipse.cdt.ui.newui.AbstractPage.createWidgets(AbstractPage.java:373)
2025-01-09 09:31:35,298 [ERROR] LogOutputStream:75 - [STDERR_REDIRECT] 	at org.eclipse.cdt.ui.newui.AbstractPage.contentForCDT(AbstractPage.java:359)
2025-01-09 09:31:35,299 [ERROR] LogOutputStream:75 - [STDERR_REDIRECT] 	at org.eclipse.cdt.ui.newui.AbstractPage.createContents(AbstractPage.java:256)
2025-01-09 09:31:35,301 [ERROR] LogOutputStream:75 - [STDERR_REDIRECT] 	at org.eclipse.jface.preference.PreferencePage.createControl(PreferencePage.java:244)
2025-01-09 09:31:35,302 [ERROR] LogOutputStream:75 - [STDERR_REDIRECT] 	at org.eclipse.jface.preference.PreferenceDialog.createPageControl(PreferenceDialog.java:1434)
2025-01-09 09:31:35,305 [ERROR] LogOutputStream:75 - [STDERR_REDIRECT] 	at org.eclipse.jface.preference.PreferenceDialog$8.run(PreferenceDialog.java:1197)
2025-01-09 09:31:35,306 [ERROR] LogOutputStream:75 - [STDERR_REDIRECT] 	at org.eclipse.core.runtime.SafeRunner.run(SafeRunner.java:47)
2025-01-09 09:31:35,307 [ERROR] LogOutputStream:75 - [STDERR_REDIRECT] 	at org.eclipse.jface.util.SafeRunnable.run(SafeRunnable.java:174)
2025-01-09 09:31:35,309 [ERROR] LogOutputStream:75 - [STDERR_REDIRECT] 	at org.eclipse.jface.preference.PreferenceDialog.showPage(PreferenceDialog.java:1189)
2025-01-09 09:31:35,311 [ERROR] LogOutputStream:75 - [STDERR_REDIRECT] 	at org.eclipse.ui.internal.dialogs.FilteredPreferenceDialog.showPage(FilteredPreferenceDialog.java:630)
2025-01-09 09:31:35,312 [ERROR] LogOutputStream:75 - [STDERR_REDIRECT] 	at org.eclipse.jface.preference.PreferenceDialog$5.lambda$0(PreferenceDialog.java:661)
2025-01-09 09:31:35,314 [ERROR] LogOutputStream:75 - [STDERR_REDIRECT] 	at org.eclipse.swt.custom.BusyIndicator.showWhile(BusyIndicator.java:67)
2025-01-09 09:31:35,315 [ERROR] LogOutputStream:75 - [STDERR_REDIRECT] 	at org.eclipse.jface.preference.PreferenceDialog$5.selectionChanged(PreferenceDialog.java:658)
2025-01-09 09:31:35,317 [ERROR] LogOutputStream:75 - [STDERR_REDIRECT] 	at org.eclipse.jface.viewers.StructuredViewer$3.run(StructuredViewer.java:821)
2025-01-09 09:31:35,318 [ERROR] LogOutputStream:75 - [STDERR_REDIRECT] 	at org.eclipse.core.runtime.SafeRunner.run(SafeRunner.java:47)
2025-01-09 09:31:35,319 [ERROR] LogOutputStream:75 - [STDERR_REDIRECT] 	at org.eclipse.jface.util.SafeRunnable.run(SafeRunnable.java:174)
2025-01-09 09:31:35,321 [ERROR] LogOutputStream:75 - [STDERR_REDIRECT] 	at org.eclipse.jface.viewers.StructuredViewer.firePostSelectionChanged(StructuredViewer.java:818)
2025-01-09 09:31:35,323 [ERROR] LogOutputStream:75 - [STDERR_REDIRECT] 	at org.eclipse.jface.viewers.ColumnViewer.firePostSelectionChanged(ColumnViewer.java:1070)
2025-01-09 09:31:35,325 [ERROR] LogOutputStream:75 - [STDERR_REDIRECT] 	at org.eclipse.jface.viewers.StructuredViewer.handlePostSelect(StructuredViewer.java:1190)
2025-01-09 09:31:35,326 [ERROR] LogOutputStream:75 - [STDERR_REDIRECT] 	at org.eclipse.swt.events.SelectionListener$1.widgetSelected(SelectionListener.java:84)
2025-01-09 09:31:35,328 [ERROR] LogOutputStream:75 - [STDERR_REDIRECT] 	at org.eclipse.jface.util.OpenStrategy.firePostSelectionEvent(OpenStrategy.java:284)
2025-01-09 09:31:35,329 [ERROR] LogOutputStream:75 - [STDERR_REDIRECT] 	at org.eclipse.jface.util.OpenStrategy$1.lambda$1(OpenStrategy.java:438)
2025-01-09 09:31:35,331 [ERROR] LogOutputStream:75 - [STDERR_REDIRECT] 	at org.eclipse.swt.widgets.RunnableLock.run(RunnableLock.java:40)
2025-01-09 09:31:35,332 [ERROR] LogOutputStream:75 - [STDERR_REDIRECT] 	at org.eclipse.swt.widgets.Synchronizer.runAsyncMessages(Synchronizer.java:132)
2025-01-09 09:31:35,333 [ERROR] LogOutputStream:75 - [STDERR_REDIRECT] 	at org.eclipse.swt.widgets.Display.runAsyncMessages(Display.java:4046)
2025-01-09 09:31:35,335 [ERROR] LogOutputStream:75 - [STDERR_REDIRECT] 	at org.eclipse.swt.widgets.Display.readAndDispatch(Display.java:3662)
2025-01-09 09:31:35,336 [ERROR] LogOutputStream:75 - [STDERR_REDIRECT] 	at org.eclipse.jface.window.Window.runEventLoop(Window.java:823)
2025-01-09 09:31:35,338 [ERROR] LogOutputStream:75 - [STDERR_REDIRECT] 	at org.eclipse.jface.window.Window.open(Window.java:799)
2025-01-09 09:31:35,339 [ERROR] LogOutputStream:75 - [STDERR_REDIRECT] 	at org.eclipse.ui.dialogs.PropertyDialogAction.run(PropertyDialogAction.java:155)
2025-01-09 09:31:35,341 [ERROR] LogOutputStream:75 - [STDERR_REDIRECT] 	at org.eclipse.jface.action.Action.runWithEvent(Action.java:474)
2025-01-09 09:31:35,342 [ERROR] LogOutputStream:75 - [STDERR_REDIRECT] 	at org.eclipse.jface.action.ActionContributionItem.handleWidgetSelection(ActionContributionItem.java:580)
2025-01-09 09:31:35,344 [ERROR] LogOutputStream:75 - [STDERR_REDIRECT] 	at org.eclipse.jface.action.ActionContributionItem.lambda$4(ActionContributionItem.java:414)
2025-01-09 09:31:35,345 [ERROR] LogOutputStream:75 - [STDERR_REDIRECT] 	at org.eclipse.swt.widgets.EventTable.sendEvent(EventTable.java:89)
2025-01-09 09:31:35,347 [ERROR] LogOutputStream:75 - [STDERR_REDIRECT] 	at org.eclipse.swt.widgets.Display.sendEvent(Display.java:4273)
2025-01-09 09:31:35,348 [ERROR] LogOutputStream:75 - [STDERR_REDIRECT] 	at org.eclipse.swt.widgets.Widget.sendEvent(Widget.java:1066)
2025-01-09 09:31:35,349 [ERROR] LogOutputStream:75 - [STDERR_REDIRECT] 	at org.eclipse.swt.widgets.Display.runDeferredEvents(Display.java:4071)
2025-01-09 09:31:35,351 [ERROR] LogOutputStream:75 - [STDERR_REDIRECT] 	at org.eclipse.swt.widgets.Display.readAndDispatch(Display.java:3659)
2025-01-09 09:31:35,352 [ERROR] LogOutputStream:75 - [STDERR_REDIRECT] 	at org.eclipse.e4.ui.internal.workbench.swt.PartRenderingEngine$5.run(PartRenderingEngine.java:1155)
2025-01-09 09:31:35,354 [ERROR] LogOutputStream:75 - [STDERR_REDIRECT] 	at org.eclipse.core.databinding.observable.Realm.runWithDefault(Realm.java:342)
2025-01-09 09:31:35,356 [ERROR] LogOutputStream:75 - [STDERR_REDIRECT] 	at org.eclipse.e4.ui.internal.workbench.swt.PartRenderingEngine.run(PartRenderingEngine.java:1046)
2025-01-09 09:31:35,357 [ERROR] LogOutputStream:75 - [STDERR_REDIRECT] 	at org.eclipse.e4.ui.internal.workbench.E4Workbench.createAndRunUI(E4Workbench.java:155)
2025-01-09 09:31:35,359 [ERROR] LogOutputStream:75 - [STDERR_REDIRECT] 	at org.eclipse.ui.internal.Workbench.lambda$3(Workbench.java:648)
2025-01-09 09:31:35,360 [ERROR] LogOutputStream:75 - [STDERR_REDIRECT] 	at org.eclipse.core.databinding.observable.Realm.runWithDefault(Realm.java:342)
2025-01-09 09:31:35,362 [ERROR] LogOutputStream:75 - [STDERR_REDIRECT] 	at org.eclipse.ui.internal.Workbench.createAndRunWorkbench(Workbench.java:555)
2025-01-09 09:31:35,363 [ERROR] LogOutputStream:75 - [STDERR_REDIRECT] 	at org.eclipse.ui.PlatformUI.createAndRunWorkbench(PlatformUI.java:173)
2025-01-09 09:31:35,365 [ERROR] LogOutputStream:75 - [STDERR_REDIRECT] 	at org.eclipse.ui.internal.ide.application.IDEApplication.start(IDEApplication.java:152)
2025-01-09 09:31:35,366 [ERROR] LogOutputStream:75 - [STDERR_REDIRECT] 	at org.eclipse.equinox.internal.app.EclipseAppHandle.run(EclipseAppHandle.java:208)
2025-01-09 09:31:35,368 [ERROR] LogOutputStream:75 - [STDERR_REDIRECT] 	at org.eclipse.core.runtime.internal.adaptor.EclipseAppLauncher.runApplication(EclipseAppLauncher.java:136)
2025-01-09 09:31:35,370 [ERROR] LogOutputStream:75 - [STDERR_REDIRECT] 	at org.eclipse.core.runtime.internal.adaptor.EclipseAppLauncher.start(EclipseAppLauncher.java:104)
2025-01-09 09:31:35,372 [ERROR] LogOutputStream:75 - [STDERR_REDIRECT] 	at org.eclipse.core.runtime.adaptor.EclipseStarter.run(EclipseStarter.java:402)
2025-01-09 09:31:35,373 [ERROR] LogOutputStream:75 - [STDERR_REDIRECT] 	at org.eclipse.core.runtime.adaptor.EclipseStarter.run(EclipseStarter.java:255)
2025-01-09 09:31:35,375 [ERROR] LogOutputStream:75 - [STDERR_REDIRECT] 	at java.base/jdk.internal.reflect.DirectMethodHandleAccessor.invoke(DirectMethodHandleAccessor.java:103)
2025-01-09 09:31:35,377 [ERROR] LogOutputStream:75 - [STDERR_REDIRECT] 	at java.base/java.lang.reflect.Method.invoke(Method.java:580)
2025-01-09 09:31:35,378 [ERROR] LogOutputStream:75 - [STDERR_REDIRECT] 	at org.eclipse.equinox.launcher.Main.invokeFramework(Main.java:651)
2025-01-09 09:31:35,379 [ERROR] LogOutputStream:75 - [STDERR_REDIRECT] 	at org.eclipse.equinox.launcher.Main.basicRun(Main.java:588)
2025-01-09 09:31:35,380 [ERROR] LogOutputStream:75 - [STDERR_REDIRECT] 	at org.eclipse.equinox.launcher.Main.run(Main.java:1459)
