2025-02-14 11:35:21,396 [INFO] Activator:176 - 


2025-02-14 11:35:21,401 [INFO] Activator:177 - !SESSION log4j initialized
2025-02-14 11:35:34,250 [INFO] LogOutputStream:77 - [STDOUT_REDIRECT] 
2025-02-14 11:38:27,406 [INFO] ApplicationProperties:184 - Using Application install path: C:\ST\STM32CubeIDE_1.16.1\STM32CubeIDE\plugins\com.st.stm32cube.common.mx_6.13.0.202411220809
2025-02-14 11:38:27,422 [INFO] DbMcusXml:78 - Set database path to: C:\ST\STM32CubeIDE_1.16.1\STM32CubeIDE\plugins\com.st.stm32cube.common.mx_6.13.0.202411220809\\db\/mcu/
2025-02-14 11:38:27,422 [INFO] ApiDb:274 - Set plugin database path to: C:\ST\STM32CubeIDE_1.16.1\STM32CubeIDE\plugins\com.st.stm32cube.common.mx_6.13.0.202411220809\\db\/plugins/boardmanager/
2025-02-14 11:38:27,423 [WARN] ApiDb:259 - Overriding images path with different value:  => C:\ST\STM32CubeIDE_1.16.1\STM32CubeIDE\plugins\com.st.stm32cube.common.mx_6.13.0.202411220809\\db\/plugins/mcufinder/images/
2025-02-14 11:38:27,437 [INFO] ApiDb:250 - Set database path to: C:\Users\Bruno\.stmcufinder\plugins\mcufinder//mcu/
2025-02-14 11:38:27,439 [INFO] DbMcusAds:125 - Set database path to: C:\Users\Bruno\.stmcufinder\plugins\mcufinder//mcu/
2025-02-14 11:38:27,473 [INFO] CrossReferenceDbSqlite:203 - Set database path to: C:\Users\Bruno\.stmcufinder\plugins\mcufinder//mcu/cs/
2025-02-14 11:38:27,598 [INFO] RulesReader:64 - Compatibility file has been processed (297 Rules)
2025-02-14 11:38:27,678 [INFO] DbMcusXml:78 - Set database path to: C:\ST\STM32CubeIDE_1.16.1\STM32CubeIDE\plugins\com.st.stm32cube.common.mx_6.13.0.202411220809\\db\/mcu/
2025-02-14 11:38:27,678 [INFO] ApiDb:274 - Set plugin database path to: C:\ST\STM32CubeIDE_1.16.1\STM32CubeIDE\plugins\com.st.stm32cube.common.mx_6.13.0.202411220809\\db\/plugins/boardmanager/
2025-02-14 11:38:27,679 [INFO] ApiDb:261 - Set plugin images path to: C:\ST\STM32CubeIDE_1.16.1\STM32CubeIDE\plugins\com.st.stm32cube.common.mx_6.13.0.202411220809\\db\/plugins/mcufinder/images/
2025-02-14 11:38:27,679 [WARN] DbFile:41 - Overriding database path with different value: C:\Users\Bruno\.stmcufinder\plugins\mcufinder/ => C:\Users\Bruno\.stmcufinder\plugins\mcufinder
2025-02-14 11:38:27,679 [INFO] ApiDb:250 - Set database path to: C:\Users\Bruno\.stmcufinder\plugins\mcufinder//mcu/
2025-02-14 11:38:27,679 [WARN] DbFile:41 - Overriding database path with different value: C:\Users\Bruno\.stmcufinder\plugins\mcufinder/ => C:\Users\Bruno\.stmcufinder\plugins\mcufinder
2025-02-14 11:38:27,679 [INFO] DbMcusAds:125 - Set database path to: C:\Users\Bruno\.stmcufinder\plugins\mcufinder//mcu/
2025-02-14 11:38:27,679 [WARN] DbFile:41 - Overriding database path with different value: C:\Users\Bruno\.stmcufinder\plugins\mcufinder/ => C:\Users\Bruno\.stmcufinder\plugins\mcufinder
2025-02-14 11:38:27,679 [WARN] DbFile:41 - Overriding database path with different value: C:\Users\Bruno\.stmcufinder\plugins\mcufinder/ => C:\Users\Bruno\.stmcufinder\plugins\mcufinder
2025-02-14 11:38:27,679 [INFO] CrossReferenceDbSqlite:203 - Set database path to: C:\Users\Bruno\.stmcufinder\plugins\mcufinder//mcu/cs/
2025-02-14 11:38:27,755 [INFO] MainPanel:272 - HeapMemory: 1073741824
2025-02-14 11:38:27,866 [INFO] DbMcusXml:78 - Set database path to: C:\ST\STM32CubeIDE_1.16.1\STM32CubeIDE\plugins\com.st.stm32cube.common.mx_6.13.0.202411220809\\db\/mcu/
2025-02-14 11:38:27,866 [INFO] ApiDb:274 - Set plugin database path to: C:\ST\STM32CubeIDE_1.16.1\STM32CubeIDE\plugins\com.st.stm32cube.common.mx_6.13.0.202411220809\\db\/plugins/boardmanager/
2025-02-14 11:38:27,866 [INFO] ApiDb:261 - Set plugin images path to: C:\ST\STM32CubeIDE_1.16.1\STM32CubeIDE\plugins\com.st.stm32cube.common.mx_6.13.0.202411220809\\db\/plugins/mcufinder/images/
2025-02-14 11:38:27,867 [WARN] DbFile:41 - Overriding database path with different value: C:\Users\Bruno\.stmcufinder\plugins\mcufinder/ => C:\Users\Bruno\.stmcufinder\plugins\mcufinder
2025-02-14 11:38:27,867 [INFO] ApiDb:250 - Set database path to: C:\Users\Bruno\.stmcufinder\plugins\mcufinder//mcu/
2025-02-14 11:38:27,867 [WARN] DbFile:41 - Overriding database path with different value: C:\Users\Bruno\.stmcufinder\plugins\mcufinder/ => C:\Users\Bruno\.stmcufinder\plugins\mcufinder
2025-02-14 11:38:27,867 [INFO] DbMcusAds:125 - Set database path to: C:\Users\Bruno\.stmcufinder\plugins\mcufinder//mcu/
2025-02-14 11:38:27,867 [WARN] DbFile:41 - Overriding database path with different value: C:\Users\Bruno\.stmcufinder\plugins\mcufinder/ => C:\Users\Bruno\.stmcufinder\plugins\mcufinder
2025-02-14 11:38:27,867 [WARN] DbFile:41 - Overriding database path with different value: C:\Users\Bruno\.stmcufinder\plugins\mcufinder/ => C:\Users\Bruno\.stmcufinder\plugins\mcufinder
2025-02-14 11:38:27,868 [INFO] CrossReferenceDbSqlite:203 - Set database path to: C:\Users\Bruno\.stmcufinder\plugins\mcufinder//mcu/cs/
2025-02-14 11:38:27,903 [INFO] ApplicationProperties:184 - Using Application install path: C:\ST\STM32CubeIDE_1.16.1\STM32CubeIDE\plugins\com.st.stm32cube.common.mx_6.13.0.202411220809
2025-02-14 11:38:27,905 [INFO] PluginManage:196 - Search for loadable plugins [exclusion list=, ]
2025-02-14 11:38:27,907 [INFO] PluginManage:310 - Check plugin analytics
2025-02-14 11:38:28,128 [INFO] AnalyticsPlugin:253 - Accepted Software Licenses: STM32CubeMX.6.6.1,STM32CubeMX.6.13.0
2025-02-14 11:38:28,129 [INFO] AnalyticsPlugin:255 - Accepted CMSIS Pack Licenses: 
2025-02-14 11:38:28,129 [INFO] AnalyticsPlugin:257 - Accepted Firmware Licenses: FW.G0.1.6.0,FW.F4.1.28.0
2025-02-14 11:38:28,129 [INFO] PluginManage:359 - Loaded plugin analytics (category:tool,tabindex:-1)
2025-02-14 11:38:28,130 [INFO] PluginManage:310 - Check plugin cadmodel
2025-02-14 11:38:28,153 [INFO] CADModel:105 - Init CAD model plugin
2025-02-14 11:38:28,153 [INFO] PluginManage:359 - Loaded plugin cadmodel (category:power,tabindex:5)
2025-02-14 11:38:28,154 [INFO] PluginManage:310 - Check plugin clock
2025-02-14 11:38:28,177 [INFO] PluginManage:359 - Loaded plugin clock (category:base,tabindex:2)
2025-02-14 11:38:28,177 [INFO] PluginManage:310 - Check plugin ddr
2025-02-14 11:38:28,180 [INFO] PluginManage:359 - Loaded plugin ddr (category:tool,tabindex:6)
2025-02-14 11:38:28,180 [INFO] PluginManage:310 - Check plugin filemanager
2025-02-14 11:38:28,313 [INFO] PluginManage:359 - Loaded plugin filemanager (category:base,tabindex:10)
2025-02-14 11:38:28,313 [INFO] PluginManage:310 - Check plugin ipmanager
2025-02-14 11:38:28,321 [INFO] PluginManage:359 - Loaded plugin ipmanager (category:base,tabindex:5)
2025-02-14 11:38:28,321 [INFO] PluginManage:310 - Check plugin lpbam
2025-02-14 11:38:28,342 [INFO] PluginManage:359 - Loaded plugin lpbam (category:base,tabindex:0)
2025-02-14 11:38:28,342 [INFO] PluginManage:310 - Check plugin memorymap
2025-02-14 11:38:28,369 [INFO] PluginManage:359 - Loaded plugin memorymap (category:base,tabindex:4)
2025-02-14 11:38:28,369 [INFO] PluginManage:310 - Check plugin pinoutandconfiguration
2025-02-14 11:38:28,391 [INFO] PluginManage:359 - Loaded plugin pinoutandconfiguration (category:base,tabindex:1)
2025-02-14 11:38:28,391 [INFO] PluginManage:310 - Check plugin pinoutconfig
2025-02-14 11:38:28,499 [WARN] SupportedApi:132 - Cannot load RTOS API schema: s4s-elt-must-match.1: The content of 'definitions' must match (annotation?, (simpleType | complexType)?, (unique | key | keyref)*)). A problem was found starting at: attribute.
2025-02-14 11:38:28,632 [INFO] PluginManage:359 - Loaded plugin pinoutconfig (category:base,tabindex:0)
2025-02-14 11:38:28,633 [INFO] PluginManage:310 - Check plugin power
2025-02-14 11:38:28,655 [INFO] PluginManage:359 - Loaded plugin power (category:power,tabindex:4)
2025-02-14 11:38:28,655 [INFO] PluginManage:310 - Check plugin projectmanager
2025-02-14 11:38:28,670 [INFO] PluginManage:359 - Loaded plugin projectmanager (category:projectmanager,tabindex:4)
2025-02-14 11:38:28,670 [INFO] PluginManage:310 - Check plugin rif
2025-02-14 11:38:28,690 [INFO] PluginManage:359 - Loaded plugin rif (category:base,tabindex:3)
2025-02-14 11:38:28,691 [INFO] PluginManage:310 - Check plugin thirdparty
2025-02-14 11:38:28,999 [WARN] IntegrityCheckThread:84 - waiting for thirdparty lock release [integrity check]
2025-02-14 11:38:28,999 [INFO] PluginManage:359 - Loaded plugin thirdparty (category:base,tabindex:-1)
2025-02-14 11:38:28,999 [INFO] IntegrityCheckThread:86 - entering critical section [integrity check]
2025-02-14 11:38:28,999 [INFO] PluginManage:310 - Check plugin tools
2025-02-14 11:38:29,000 [INFO] ThirdPartyUpdaterWithRetryManager:70 - Updater plugin not ready yet. [1/15]
2025-02-14 11:38:29,051 [INFO] PluginManage:359 - Loaded plugin tools (category:base,tabindex:7)
2025-02-14 11:38:29,052 [INFO] PluginManage:310 - Check plugin tutovideos
2025-02-14 11:38:29,243 [INFO] PluginManage:359 - Loaded plugin tutovideos (category:base,tabindex:-1)
2025-02-14 11:38:29,243 [INFO] PluginManage:310 - Check plugin updater
2025-02-14 11:38:29,265 [INFO] PluginManage:359 - Loaded plugin updater (category:base,tabindex:12)
2025-02-14 11:38:29,265 [INFO] PluginManage:310 - Check plugin userauth
2025-02-14 11:38:29,269 [INFO] UserAuth:118 - Init User Auth plugin
2025-02-14 11:38:29,270 [INFO] PluginManage:359 - Loaded plugin userauth (category:base,tabindex:14)
2025-02-14 11:38:29,270 [INFO] PluginManage:283 - PluginManage : Loaded plugins [18]
2025-02-14 11:38:29,470 [INFO] PinOutPanel:1589 - setPackage(No Configuration,No Configuration)
2025-02-14 11:38:29,559 [INFO] CADModel:165 - CPN selected for project level
2025-02-14 11:38:29,559 [INFO] CADModel:114 - Register for checkConnection events
2025-02-14 11:38:29,590 [INFO] IPUIPlugin:80 - create IPUIPlugin
2025-02-14 11:38:29,591 [INFO] PluginManager:220 - loadIPPluginJar : add adc
2025-02-14 11:38:29,643 [INFO] IPUIPlugin:80 - create IPUIPlugin
2025-02-14 11:38:29,643 [INFO] PluginManager:220 - loadIPPluginJar : add aes
2025-02-14 11:38:29,698 [INFO] IPUIPlugin:80 - create IPUIPlugin
2025-02-14 11:38:29,698 [INFO] PluginManager:220 - loadIPPluginJar : add can
2025-02-14 11:38:29,732 [INFO] IPUIPlugin:80 - create IPUIPlugin
2025-02-14 11:38:29,732 [INFO] PluginManager:220 - loadIPPluginJar : add comp
2025-02-14 11:38:29,779 [INFO] IPUIPlugin:80 - create IPUIPlugin
2025-02-14 11:38:29,779 [INFO] PluginManager:220 - loadIPPluginJar : add cryp
2025-02-14 11:38:29,796 [INFO] IPUIPlugin:80 - create IPUIPlugin
2025-02-14 11:38:29,796 [INFO] PluginManager:220 - loadIPPluginJar : add ddr_ctrl_phy
2025-02-14 11:38:29,842 [INFO] IPUIPlugin:80 - create IPUIPlugin
2025-02-14 11:38:29,843 [INFO] PluginManager:220 - loadIPPluginJar : add dfsdm
2025-02-14 11:38:29,861 [INFO] IPUIPlugin:80 - create IPUIPlugin
2025-02-14 11:38:29,861 [INFO] PluginManager:220 - loadIPPluginJar : add dma
2025-02-14 11:38:29,910 [INFO] IPUIPlugin:80 - create IPUIPlugin
2025-02-14 11:38:29,910 [INFO] PluginManager:220 - loadIPPluginJar : add dma3
2025-02-14 11:38:29,966 [INFO] IPUIPlugin:80 - create IPUIPlugin
2025-02-14 11:38:29,966 [INFO] PluginManager:220 - loadIPPluginJar : add extmemmanager
2025-02-14 11:38:29,991 [INFO] IPUIPlugin:80 - create IPUIPlugin
2025-02-14 11:38:29,991 [INFO] PluginManager:220 - loadIPPluginJar : add fatfs
2025-02-14 11:38:30,048 [INFO] IPUIPlugin:80 - create IPUIPlugin
2025-02-14 11:38:30,048 [INFO] PluginManager:220 - loadIPPluginJar : add fmc
2025-02-14 11:38:30,066 [INFO] IPUIPlugin:80 - create IPUIPlugin
2025-02-14 11:38:30,066 [INFO] PluginManager:220 - loadIPPluginJar : add freertos
2025-02-14 11:38:30,092 [INFO] IPUIPlugin:80 - create IPUIPlugin
2025-02-14 11:38:30,092 [INFO] PluginManager:220 - loadIPPluginJar : add genericplugin
2025-02-14 11:38:30,203 [INFO] IPUIPlugin:80 - create IPUIPlugin
2025-02-14 11:38:30,203 [INFO] PluginManager:220 - loadIPPluginJar : add gfxmmu
2025-02-14 11:38:30,354 [INFO] IPUIPlugin:80 - create IPUIPlugin
2025-02-14 11:38:30,354 [INFO] PluginManager:220 - loadIPPluginJar : add gic
2025-02-14 11:38:30,371 [INFO] IPUIPlugin:80 - create IPUIPlugin
2025-02-14 11:38:30,371 [INFO] PluginManager:220 - loadIPPluginJar : add gpio
2025-02-14 11:38:30,485 [INFO] IPUIPlugin:80 - create IPUIPlugin
2025-02-14 11:38:30,485 [INFO] PluginManager:220 - loadIPPluginJar : add gtzc
2025-02-14 11:38:30,525 [INFO] IPUIPlugin:80 - create IPUIPlugin
2025-02-14 11:38:30,525 [INFO] PluginManager:220 - loadIPPluginJar : add hash
2025-02-14 11:38:30,587 [INFO] IPUIPlugin:80 - create IPUIPlugin
2025-02-14 11:38:30,587 [INFO] PluginManager:220 - loadIPPluginJar : add i2c
2025-02-14 11:38:30,639 [INFO] IPUIPlugin:80 - create IPUIPlugin
2025-02-14 11:38:30,639 [INFO] PluginManager:220 - loadIPPluginJar : add i2s
2025-02-14 11:38:30,691 [INFO] IPUIPlugin:80 - create IPUIPlugin
2025-02-14 11:38:30,691 [INFO] PluginManager:220 - loadIPPluginJar : add i3c
2025-02-14 11:38:30,817 [INFO] IPUIPlugin:80 - create IPUIPlugin
2025-02-14 11:38:30,817 [INFO] PluginManager:220 - loadIPPluginJar : add ipddr
2025-02-14 11:38:30,924 [INFO] IPUIPlugin:80 - create IPUIPlugin
2025-02-14 11:38:30,924 [INFO] PluginManager:220 - loadIPPluginJar : add linkedlist
2025-02-14 11:38:30,967 [INFO] IPUIPlugin:80 - create IPUIPlugin
2025-02-14 11:38:30,967 [INFO] PluginManager:220 - loadIPPluginJar : add lorawan
2025-02-14 11:38:31,012 [INFO] IPUIPlugin:80 - create IPUIPlugin
2025-02-14 11:38:31,012 [INFO] PluginManager:220 - loadIPPluginJar : add ltdc
2025-02-14 11:38:31,028 [INFO] IPUIPlugin:80 - create IPUIPlugin
2025-02-14 11:38:31,029 [INFO] PluginManager:220 - loadIPPluginJar : add mdma
2025-02-14 11:38:31,044 [INFO] IPUIPlugin:80 - create IPUIPlugin
2025-02-14 11:38:31,044 [INFO] PluginManager:220 - loadIPPluginJar : add nvic
2025-02-14 11:38:31,091 [INFO] IPUIPlugin:80 - create IPUIPlugin
2025-02-14 11:38:31,091 [INFO] PluginManager:220 - loadIPPluginJar : add opamp
2025-02-14 11:38:31,163 [INFO] IPUIPlugin:80 - create IPUIPlugin
2025-02-14 11:38:31,163 [INFO] PluginManager:220 - loadIPPluginJar : add openamp
2025-02-14 11:38:31,217 [INFO] IPUIPlugin:80 - create IPUIPlugin
2025-02-14 11:38:31,217 [INFO] PluginManager:220 - loadIPPluginJar : add pdm2pcm
2025-02-14 11:38:31,234 [INFO] IPUIPlugin:80 - create IPUIPlugin
2025-02-14 11:38:31,236 [INFO] PluginManager:220 - loadIPPluginJar : add plateformsettings
2025-02-14 11:38:31,265 [INFO] IPUIPlugin:80 - create IPUIPlugin
2025-02-14 11:38:31,265 [INFO] PluginManager:220 - loadIPPluginJar : add quadspi
2025-02-14 11:38:31,298 [INFO] IPUIPlugin:80 - create IPUIPlugin
2025-02-14 11:38:31,298 [INFO] PluginManager:220 - loadIPPluginJar : add radio
2025-02-14 11:38:31,315 [INFO] IPUIPlugin:80 - create IPUIPlugin
2025-02-14 11:38:31,315 [INFO] PluginManager:220 - loadIPPluginJar : add resmgrutility
2025-02-14 11:38:31,372 [INFO] IPUIPlugin:80 - create IPUIPlugin
2025-02-14 11:38:31,372 [INFO] PluginManager:220 - loadIPPluginJar : add sai
2025-02-14 11:38:31,417 [INFO] IPUIPlugin:80 - create IPUIPlugin
2025-02-14 11:38:31,417 [INFO] PluginManager:220 - loadIPPluginJar : add spi
2025-02-14 11:38:31,510 [INFO] IPUIPlugin:80 - create IPUIPlugin
2025-02-14 11:38:31,510 [INFO] PluginManager:220 - loadIPPluginJar : add stm32_wpan
2025-02-14 11:38:31,540 [INFO] IPUIPlugin:80 - create IPUIPlugin
2025-02-14 11:38:31,540 [INFO] PluginManager:220 - loadIPPluginJar : add tim
2025-02-14 11:38:31,611 [INFO] IPUIPlugin:80 - create IPUIPlugin
2025-02-14 11:38:31,611 [INFO] PluginManager:220 - loadIPPluginJar : add touchsensing
2025-02-14 11:38:31,639 [INFO] IPUIPlugin:80 - create IPUIPlugin
2025-02-14 11:38:31,639 [INFO] PluginManager:220 - loadIPPluginJar : add tracer_emb
2025-02-14 11:38:31,669 [INFO] IPUIPlugin:80 - create IPUIPlugin
2025-02-14 11:38:31,669 [INFO] PluginManager:220 - loadIPPluginJar : add ts
2025-02-14 11:38:31,697 [INFO] IPUIPlugin:80 - create IPUIPlugin
2025-02-14 11:38:31,697 [INFO] PluginManager:220 - loadIPPluginJar : add tsc
2025-02-14 11:38:31,724 [INFO] IPUIPlugin:80 - create IPUIPlugin
2025-02-14 11:38:31,724 [INFO] PluginManager:220 - loadIPPluginJar : add ucpd
2025-02-14 11:38:31,778 [INFO] IPUIPlugin:80 - create IPUIPlugin
2025-02-14 11:38:31,778 [INFO] PluginManager:220 - loadIPPluginJar : add usart
2025-02-14 11:38:31,829 [INFO] IPUIPlugin:80 - create IPUIPlugin
2025-02-14 11:38:31,829 [INFO] PluginManager:220 - loadIPPluginJar : add usbx
2025-02-14 11:38:31,957 [FATAL] Updater:351 - Updater called before beeing initialized
2025-02-14 11:38:32,001 [INFO] ThirdPartyUpdaterWithRetryManager:70 - Updater plugin not ready yet. [2/15]
2025-02-14 11:38:32,006 [INFO] RulesReader:64 - Compatibility file has been processed (297 Rules)
2025-02-14 11:38:32,016 [INFO] RulesReader:64 - Compatibility file has been processed (297 Rules)
2025-02-14 11:38:32,022 [INFO] CADModel:165 - CPN selected for project level
2025-02-14 11:38:32,022 [INFO] CADModel:114 - Register for checkConnection events
2025-02-14 11:38:32,022 [FATAL] Updater:351 - Updater called before beeing initialized
2025-02-14 11:38:32,022 [ERROR] CADModel:125 - Updater not yet initialized, retry later 
2025-02-14 11:38:32,162 [FATAL] Updater:351 - Updater called before beeing initialized
2025-02-14 11:38:32,163 [INFO] CADModel:165 - CPN selected for project level
2025-02-14 11:38:32,163 [INFO] CADModel:114 - Register for checkConnection events
2025-02-14 11:38:32,163 [FATAL] Updater:351 - Updater called before beeing initialized
2025-02-14 11:38:32,163 [ERROR] CADModel:125 - Updater not yet initialized, retry later 
2025-02-14 11:38:32,166 [FATAL] Updater:351 - Updater called before beeing initialized
2025-02-14 11:38:32,268 [FATAL] Updater:351 - Updater called before beeing initialized
2025-02-14 11:38:32,279 [INFO] DbMcusAds:53 - JSON generation date=Tue Dec 17 17:01:15 CET 2024 (1734451275111)
2025-02-14 11:38:32,279 [FATAL] Updater:351 - Updater called before beeing initialized
2025-02-14 11:38:32,319 [WARN] DetailPanel:346 - Failed to get advertising image, set to default
2025-02-14 11:38:32,583 [FATAL] Updater:351 - Updater called before beeing initialized
2025-02-14 11:38:32,585 [FATAL] Updater:351 - Updater called before beeing initialized
2025-02-14 11:38:32,585 [FATAL] Updater:351 - Updater called before beeing initialized
2025-02-14 11:38:32,585 [WARN] DetailPanel:346 - Failed to get advertising image, set to default
2025-02-14 11:38:32,586 [FATAL] Updater:351 - Updater called before beeing initialized
2025-02-14 11:38:32,644 [ERROR] Updater:1198 - MainUpdater not yet initialized. External WinMGr cannot be set.
2025-02-14 11:38:32,655 [INFO] Updater:1134 - Updater Version found : 6.13.0
2025-02-14 11:38:32,670 [INFO] ApplicationProperties:184 - Using Application install path: C:\ST\STM32CubeIDE_1.16.1\STM32CubeIDE\plugins\com.st.stm32cube.common.mx_6.13.0.202411220809
2025-02-14 11:38:33,051 [INFO] MainUpdater:2872 - connection check result : 10
2025-02-14 11:38:33,052 [INFO] MainUpdater:3566 - Updater definition file requires update
2025-02-14 11:38:33,053 [INFO] MainUpdater:289 - Updater Check For Update Now.
2025-02-14 11:38:33,053 [INFO] MicroXplorer:498 - Change Database Version : DB.6.0.130
2025-02-14 11:38:33,078 [INFO] McuFinderGlobals:63 - Set McuFinder mode to 2 (CubeIDE integrated)
2025-02-14 11:38:33,086 [INFO] UserAuth:486 - Internet connection configuration mode: 1
2025-02-14 11:38:33,114 [INFO] JxBrowserEngine:152 - Initiate JxBrowser Engine with user profile folder
2025-02-14 11:38:33,156 [INFO] ServerAccessManage:473 - Download File updaters.zip
2025-02-14 11:38:33,285 [INFO] FileExtend:240 - Unzip File : updaters.zip
2025-02-14 11:38:33,285 [INFO] FileExtend:255 - Standard Zip Deflate
2025-02-14 11:38:33,746 [INFO] ServerAccessManage:473 - Download File PacksControlFlags.xml
2025-02-14 11:38:33,841 [INFO] ServerAccessManage:473 - Download File cubemx.pidx
2025-02-14 11:38:33,959 [INFO] LoadServerUpdatesThread:375 - End of LoadServerUpdate Thread
2025-02-14 11:38:34,578 [INFO] CheckServerUpdateThread:120 - End of CheckServer Thread
2025-02-14 11:38:35,428 [WARN] PackLoader:240 - Cannot read IP mode file for STMicroelectronics.FP-SNS-MOTENVWB1.1.4.0
2025-02-14 11:38:35,455 [WARN] PackLoader:240 - Cannot read IP mode file for STMicroelectronics.FP-ATR-ASTRA1.2.0.1
2025-02-14 11:38:35,472 [WARN] PackLoader:240 - Cannot read IP mode file for STMicroelectronics.X-CUBE-SMBUS.2.1.0
2025-02-14 11:38:35,488 [WARN] PackLoader:240 - Cannot read IP mode file for STMicroelectronics.X-CUBE-WB05N.1.1.0
2025-02-14 11:38:35,627 [WARN] PackLoader:240 - Cannot read IP mode file for STMicroelectronics.X-CUBE-MEMS1.9.2.0
2025-02-14 11:38:35,841 [WARN] PackLoader:240 - Cannot read IP mode file for STMicroelectronics.X-CUBE-AZRTOS-F7.1.1.0
2025-02-14 11:38:35,864 [WARN] PackLoader:240 - Cannot read IP mode file for STMicroelectronics.X-CUBE-BLE1.6.2.3
2025-02-14 11:38:35,920 [WARN] PackLoader:240 - Cannot read IP mode file for STMicroelectronics.X-CUBE-MEMS1.11.0.0
2025-02-14 11:38:36,056 [WARN] PackLoader:240 - Cannot read IP mode file for STMicroelectronics.FP-SNS-FLIGHT1.5.0.2
2025-02-14 11:38:36,078 [WARN] PackLoader:240 - Cannot read IP mode file for STMicroelectronics.X-CUBE-TOF1.3.1.0
2025-02-14 11:38:36,098 [WARN] PackLoader:240 - Cannot read IP mode file for STMicroelectronics.X-CUBE-DISPLAY.3.0.0
2025-02-14 11:38:36,116 [WARN] PackLoader:240 - Cannot read IP mode file for STMicroelectronics.X-CUBE-BLE1.7.0.0
2025-02-14 11:38:36,136 [WARN] PackLoader:240 - Cannot read IP mode file for STMicroelectronics.X-CUBE-NFC10.1.0.0
2025-02-14 11:38:36,162 [WARN] PackLoader:240 - Cannot read IP mode file for STMicroelectronics.X-CUBE-BLEMGR.4.0.0
2025-02-14 11:38:36,179 [WARN] PackLoader:240 - Cannot read IP mode file for STMicroelectronics.X-CUBE-AI.7.2.0
2025-02-14 11:38:36,203 [WARN] PackLoader:240 - Cannot read IP mode file for STMicroelectronics.X-CUBE-BLEMGR.3.1.0
2025-02-14 11:38:36,218 [WARN] PackLoader:240 - Cannot read IP mode file for STMicroelectronics.X-CUBE-AI.10.0.0
2025-02-14 11:38:36,251 [WARN] PackLoader:240 - Cannot read IP mode file for STMicroelectronics.FP-SNS-SMARTAG2.1.2.0
2025-02-14 11:38:36,329 [WARN] PackLoader:240 - Cannot read IP mode file for STMicroelectronics.X-CUBE-MEMS1.11.1.0
2025-02-14 11:38:36,515 [INFO] LogOutputStream:77 - [STDOUT_REDIRECT] 1 : Invalid condition id : UX_CORESTACK_Condition cause : null
2025-02-14 11:38:36,516 [INFO] LogOutputStream:77 - [STDOUT_REDIRECT] 1 : Invalid condition id : UX_CORESTACK_Condition cause : null
2025-02-14 11:38:36,517 [INFO] LogOutputStream:77 - [STDOUT_REDIRECT] 1 : Invalid condition id : UX_CORESTACK_Condition cause : null
2025-02-14 11:38:36,519 [INFO] LogOutputStream:77 - [STDOUT_REDIRECT] 1 : Invalid condition id : UX_CORESTACK_Condition cause : null
2025-02-14 11:38:36,520 [INFO] LogOutputStream:77 - [STDOUT_REDIRECT] 1 : Invalid condition id : UX_CORESTACK_Condition cause : null
2025-02-14 11:38:36,522 [WARN] PackLoader:240 - Cannot read IP mode file for STMicroelectronics.X-CUBE-AZRTOS-WL.2.0.0
2025-02-14 11:38:36,525 [INFO] WebApp:168 - Instantiating new browser for Auth
2025-02-14 11:38:36,539 [WARN] PackLoader:240 - Cannot read IP mode file for STMicroelectronics.FP-SNS-MOTENV1.5.0.0
2025-02-14 11:38:36,566 [WARN] PackLoader:240 - Cannot read IP mode file for wolfSSL.I-CUBE-wolfMQTT.1.19.0
2025-02-14 11:38:36,583 [WARN] PackLoader:240 - Cannot read IP mode file for WES.I-CUBE-Cesium.1.3.0
2025-02-14 11:38:36,597 [WARN] PackLoader:240 - Cannot read IP mode file for STMicroelectronics.X-CUBE-BLE2.3.3.0
2025-02-14 11:38:36,612 [WARN] PackLoader:240 - Cannot read IP mode file for STMicroelectronics.X-CUBE-DISPLAY.2.2.0
2025-02-14 11:38:36,629 [WARN] PackLoader:240 - Cannot read IP mode file for STMicroelectronics.X-CUBE-NFC9.1.0.0
2025-02-14 11:38:36,663 [WARN] PackLoader:240 - Cannot read IP mode file for STMicroelectronics.X-CUBE-AZRTOS-H7.2.1.0
2025-02-14 11:38:36,711 [WARN] PackLoader:240 - Cannot read IP mode file for STMicroelectronics.X-CUBE-TCPP.4.1.0
2025-02-14 11:38:36,743 [WARN] PackLoader:240 - Cannot read IP mode file for STMicroelectronics.X-CUBE-ALGOBUILD.1.3.0
2025-02-14 11:38:36,799 [WARN] PackLoader:240 - Cannot read IP mode file for STMicroelectronics.X-CUBE-AZRTOS-G0.1.1.0
2025-02-14 11:38:36,844 [WARN] PackLoader:240 - Cannot read IP mode file for STMicroelectronics.X-CUBE-SAFEA1.1.2.2
2025-02-14 11:38:36,865 [WARN] PackLoader:240 - Cannot read IP mode file for STMicroelectronics.X-CUBE-NFC4.3.0.0
2025-02-14 11:38:36,962 [WARN] PackLoader:240 - Cannot read IP mode file for SEGGER.I-CUBE-embOS.1.2.0
2025-02-14 11:38:37,010 [WARN] PackLoader:240 - Cannot read IP mode file for EmbeddedOffice.I-CUBE-FS-RTOS.1.0.1
2025-02-14 11:38:37,029 [WARN] PackLoader:240 - Cannot read IP mode file for STMicroelectronics.X-CUBE-TCPP.4.2.0
2025-02-14 11:38:37,076 [WARN] PackLoader:240 - Cannot read IP mode file for RealThread.X-CUBE-RT-Thread_Nano.4.1.1
2025-02-14 11:38:37,093 [WARN] PackLoader:240 - Cannot read IP mode file for STMicroelectronics.FP-ATR-SIGFOX1.3.2.0
2025-02-14 11:38:37,110 [WARN] ConditionMgr:438 - getConditionDescription Invalid condition id : Cortex-A Device cause : null
2025-02-14 11:38:37,144 [WARN] ConditionMgr:1044 - genDependencies : Invalid condition id : Cortex-A Device cause : null
2025-02-14 11:38:37,144 [WARN] ConditionMgr:1044 - genDependencies : Invalid condition id : Cortex-A Device cause : null
2025-02-14 11:38:37,144 [WARN] ConditionMgr:1044 - genDependencies : Invalid condition id : Cortex-A Device cause : null
2025-02-14 11:38:37,161 [WARN] PackLoader:240 - Cannot read IP mode file for STMicroelectronics.X-CUBE-EEPRMA1.5.1.0
2025-02-14 11:38:37,184 [WARN] PackLoader:240 - Cannot read IP mode file for emotas.I-CUBE-CANOPEN.1.1.2
2025-02-14 11:38:37,204 [WARN] PackLoader:240 - Cannot read IP mode file for STMicroelectronics.X-CUBE-TOUCHGFX.4.20.0
2025-02-14 11:38:37,223 [WARN] PackLoader:240 - Cannot read IP mode file for ITTIA_DB.I-CUBE-ITTIADB.8.9.0
2025-02-14 11:38:37,259 [WARN] PackLoader:240 - Cannot read IP mode file for SEGGER.I-CUBE-embOS.1.3.1
2025-02-14 11:38:37,343 [WARN] PackLoader:240 - Cannot read IP mode file for STMicroelectronics.X-CUBE-ALGOBUILD.1.4.0
2025-02-14 11:38:37,358 [WARN] PackLoader:240 - Cannot read IP mode file for STMicroelectronics.X-CUBE-AI.9.1.0
2025-02-14 11:38:37,371 [WARN] PackLoader:240 - Cannot read IP mode file for STMicroelectronics.X-CUBE-GNSS1.6.0.0
2025-02-14 11:38:37,433 [WARN] PackLoader:240 - Cannot read IP mode file for STMicroelectronics.X-CUBE-AZRTOS-F4.1.1.0
2025-02-14 11:38:37,448 [WARN] PackLoader:240 - Cannot read IP mode file for STMicroelectronics.X-CUBE-ISPU.2.1.0
2025-02-14 11:38:37,461 [WARN] PackLoader:240 - Cannot read IP mode file for STMicroelectronics.X-CUBE-FREERTOS.1.2.0
2025-02-14 11:38:37,500 [WARN] PackLoader:240 - Cannot read IP mode file for STMicroelectronics.X-CUBE-AZRTOS-L5.2.0.0
2025-02-14 11:38:37,519 [WARN] PackLoader:240 - Cannot read IP mode file for STMicroelectronics.X-CUBE-NFC6.3.1.0
2025-02-14 11:38:37,535 [WARN] PackLoader:240 - Cannot read IP mode file for STMicroelectronics.X-CUBE-DPower.1.2.0
2025-02-14 11:38:37,548 [WARN] PackLoader:240 - Cannot read IP mode file for STMicroelectronics.X-CUBE-NFC4.2.0.4
2025-02-14 11:38:37,577 [WARN] PackLoader:240 - Cannot read IP mode file for STMicroelectronics.X-CUBE-AZRTOS-F4.1.0.0
2025-02-14 11:38:37,591 [WARN] PackLoader:240 - Cannot read IP mode file for STMicroelectronics.X-CUBE-FREERTOS.1.3.0
2025-02-14 11:38:37,606 [WARN] PackLoader:240 - Cannot read IP mode file for STMicroelectronics.X-CUBE-NFC7.1.0.1
2025-02-14 11:38:37,620 [WARN] PackLoader:240 - Cannot read IP mode file for STMicroelectronics.X-CUBE-NFC7.1.0.0
2025-02-14 11:38:37,653 [WARN] ConditionMgr:438 - getConditionDescription Invalid condition id : LAN8742 Phy interface Condition cause : null
2025-02-14 11:38:37,653 [WARN] PackLoader:240 - Cannot read IP mode file for STMicroelectronics.X-CUBE-AZRTOS-L4.2.0.0
2025-02-14 11:38:37,654 [WARN] ConditionMgr:1044 - genDependencies : Invalid condition id : LAN8742 Phy interface Condition cause : null
2025-02-14 11:38:37,654 [WARN] ConditionMgr:1044 - genDependencies : Invalid condition id : LAN8742 Phy interface Condition cause : null
2025-02-14 11:38:37,655 [WARN] ConditionMgr:1044 - genDependencies : Invalid condition id : LAN8742 Phy interface Condition cause : null
2025-02-14 11:38:37,671 [WARN] PackLoader:240 - Cannot read IP mode file for STMicroelectronics.X-CUBE-SFXS2LP1.4.0.0
2025-02-14 11:38:37,737 [WARN] PackLoader:240 - Cannot read IP mode file for STMicroelectronics.X-CUBE-AZRTOS-H7.3.3.0
2025-02-14 11:38:37,760 [WARN] PackLoader:240 - Cannot read IP mode file for RoweBots.I-CUBE-UNISONRTOS.5.5.0-4
2025-02-14 11:38:37,774 [WARN] PackLoader:240 - Cannot read IP mode file for wolfSSL.I-CUBE-wolfSSL.5.4.0
2025-02-14 11:38:37,794 [WARN] PackLoader:240 - Cannot read IP mode file for STMicroelectronics.X-CUBE-IPS.3.0.0
2025-02-14 11:38:37,821 [WARN] ConditionMgr:438 - getConditionDescription Invalid condition id : UX DEVICE CLASS RTOS Condition cause : null
2025-02-14 11:38:37,821 [WARN] ConditionMgr:438 - getConditionDescription Invalid condition id : UX DEVICE CLASS RTOS Condition cause : null
2025-02-14 11:38:37,822 [WARN] PackLoader:240 - Cannot read IP mode file for STMicroelectronics.X-CUBE-AZRTOS-WB.2.0.0
2025-02-14 11:38:37,823 [WARN] ConditionMgr:1044 - genDependencies : Invalid condition id : UX DEVICE CLASS RTOS Condition cause : null
2025-02-14 11:38:37,823 [WARN] ConditionMgr:1044 - genDependencies : Invalid condition id : UX DEVICE CLASS RTOS Condition cause : null
2025-02-14 11:38:37,823 [WARN] ConditionMgr:1044 - genDependencies : Invalid condition id : UX DEVICE CLASS RTOS Condition cause : null
2025-02-14 11:38:37,823 [WARN] ConditionMgr:1044 - genDependencies : Invalid condition id : UX DEVICE CLASS RTOS Condition cause : null
2025-02-14 11:38:37,823 [WARN] ConditionMgr:1044 - genDependencies : Invalid condition id : UX DEVICE CLASS RTOS Condition cause : null
2025-02-14 11:38:37,840 [WARN] PackLoader:240 - Cannot read IP mode file for STMicroelectronics.X-CUBE-GNSS1.7.0.0
2025-02-14 11:38:37,855 [WARN] PackLoader:240 - Cannot read IP mode file for STMicroelectronics.X-CUBE-GNSS1.7.0.1
2025-02-14 11:38:37,872 [WARN] PackLoader:240 - Cannot read IP mode file for STMicroelectronics.X-CUBE-BLEMGR.1.0.0
2025-02-14 11:38:37,889 [WARN] PackLoader:240 - Cannot read IP mode file for STMicroelectronics.FP-SNS-STBOX1.2.0.0
2025-02-14 11:38:37,911 [WARN] PackLoader:240 - Cannot read IP mode file for STMicroelectronics.X-CUBE-SUBG2.5.0.0
2025-02-14 11:38:37,932 [WARN] PackLoader:240 - Cannot read IP mode file for Cesanta.I-CUBE-Mongoose.7.13.0
2025-02-14 11:38:37,964 [WARN] PackLoader:240 - Cannot read IP mode file for STMicroelectronics.X-CUBE-AZRTOS-G4.2.0.0
2025-02-14 11:38:37,978 [WARN] PackLoader:240 - Cannot read IP mode file for STMicroelectronics.FP-ATR-ASTRA1.1.1.0
2025-02-14 11:38:38,034 [WARN] PackLoader:240 - Cannot read IP mode file for STMicroelectronics.X-CUBE-AZRTOS-G4.1.0.0
2025-02-14 11:38:38,063 [WARN] PackLoader:240 - Cannot read IP mode file for STMicroelectronics.X-CUBE-AZRTOS-L4.1.0.0
2025-02-14 11:38:38,085 [WARN] PackLoader:240 - Cannot read IP mode file for STMicroelectronics.X-CUBE-IPS.3.1.0
2025-02-14 11:38:38,103 [WARN] PackLoader:240 - Cannot read IP mode file for STMicroelectronics.X-CUBE-ALS.1.0.2
2025-02-14 11:38:38,119 [WARN] PackLoader:240 - Cannot read IP mode file for STMicroelectronics.X-CUBE-TOUCHGFX.4.24.2
2025-02-14 11:38:38,144 [WARN] PackLoader:240 - Cannot read IP mode file for STMicroelectronics.X-CUBE-AZRTOS-WL.1.0.0
2025-02-14 11:38:38,161 [WARN] PackLoader:240 - Cannot read IP mode file for STMicroelectronics.X-CUBE-TOUCHGFX.4.24.1
2025-02-14 11:38:38,180 [WARN] PackLoader:240 - Cannot read IP mode file for wolfSSL.I-CUBE-wolfTPM.3.4.0
2025-02-14 11:38:38,201 [WARN] PackLoader:240 - Cannot read IP mode file for portGmbH.I-Cube-SoM-uGOAL.1.1.0
2025-02-14 11:38:38,222 [WARN] PackLoader:240 - Cannot read IP mode file for STMicroelectronics.X-CUBE-ALS.1.0.1
2025-02-14 11:38:38,254 [WARN] PackLoader:240 - Cannot read IP mode file for STMicroelectronics.X-CUBE-AZRTOS-L5.1.0.0
2025-02-14 11:38:38,269 [WARN] PackLoader:240 - Cannot read IP mode file for STMicroelectronics.X-CUBE-EEPRMA1.3.1.1
2025-02-14 11:38:38,302 [WARN] PackLoader:240 - Cannot read IP mode file for STMicroelectronics.X-CUBE-AZRTOS-H7RS.1.0.0
2025-02-14 11:38:38,319 [WARN] PackLoader:240 - Cannot read IP mode file for STMicroelectronics.FP-ATR-ASTRA1.2.0.0
2025-02-14 11:38:38,344 [WARN] PackLoader:240 - Cannot read IP mode file for STMicroelectronics.X-CUBE-TOF1.3.4.2
2025-02-14 11:38:38,394 [WARN] PackLoader:240 - Cannot read IP mode file for Infineon.AIROC-Wi-Fi-Bluetooth-STM32.1.6.1
2025-02-14 11:38:38,408 [WARN] PackLoader:240 - Cannot read IP mode file for wolfSSL.I-CUBE-wolfSSH.1.4.17
2025-02-14 11:38:38,409 [INFO] ThirdParty:978 - Integrity check success = true
2025-02-14 11:38:38,409 [INFO] IntegrityCheckThread:100 - exiting critical section [integrity check]
2025-02-14 11:38:38,409 [INFO] IntegrityCheckThread:103 - End integrity checks thread
2025-02-14 11:38:38,980 [INFO] WebApp:449 - Apply proxy settings
2025-02-14 11:38:38,980 [INFO] WebApp:534 - Chromium requires no authentication
2025-02-14 11:38:39,023 [INFO] WebApp:477 - Direct internet connection detected
2025-02-14 11:38:39,092 [INFO] WebApp:880 - Register for checkConnection events
2025-02-14 11:38:39,092 [INFO] WebApp:449 - Apply proxy settings
2025-02-14 11:38:39,092 [INFO] WebApp:534 - Chromium requires no authentication
2025-02-14 11:38:39,092 [INFO] WebApp:477 - Direct internet connection detected
2025-02-14 11:38:39,339 [INFO] WebApp:187 - Connection restablished
2025-02-14 11:38:39,457 [INFO] WebApp:221 - Starting web application
2025-02-14 11:38:39,457 [INFO] WebApp:579 - Web application path used C:\ST\STM32CubeIDE_1.16.1\STM32CubeIDE\plugins\com.st.stm32cube.common.mx_6.13.0.202411220809\db\plugins\mcufinder\reactClient1\index.html
2025-02-14 11:38:39,636 [INFO] UserAuth:486 - Internet connection configuration mode: 1
