2025-03-01 11:06:34,394 [INFO] Activator:176 - 


2025-03-01 11:06:34,400 [INFO] Activator:177 - !SESSION log4j initialized
2025-03-01 11:06:49,415 [INFO] LogOutputStream:77 - [STDOUT_REDIRECT] 
2025-03-01 11:10:37,156 [INFO] ApplicationProperties:184 - Using Application install path: C:\ST\STM32CubeIDE_1.16.1\STM32CubeIDE\plugins\com.st.stm32cube.common.mx_6.13.0.202411220809
2025-03-01 11:10:37,172 [INFO] DbMcusXml:78 - Set database path to: C:\ST\STM32CubeIDE_1.16.1\STM32CubeIDE\plugins\com.st.stm32cube.common.mx_6.13.0.202411220809\\db\/mcu/
2025-03-01 11:10:37,172 [INFO] ApiDb:274 - Set plugin database path to: C:\ST\STM32CubeIDE_1.16.1\STM32CubeIDE\plugins\com.st.stm32cube.common.mx_6.13.0.202411220809\\db\/plugins/boardmanager/
2025-03-01 11:10:37,173 [WARN] ApiDb:259 - Overriding images path with different value:  => C:\ST\STM32CubeIDE_1.16.1\STM32CubeIDE\plugins\com.st.stm32cube.common.mx_6.13.0.202411220809\\db\/plugins/mcufinder/images/
2025-03-01 11:10:37,187 [INFO] ApiDb:250 - Set database path to: C:\Users\Bruno\.stmcufinder\plugins\mcufinder//mcu/
2025-03-01 11:10:37,188 [INFO] DbMcusAds:125 - Set database path to: C:\Users\Bruno\.stmcufinder\plugins\mcufinder//mcu/
2025-03-01 11:10:37,220 [INFO] CrossReferenceDbSqlite:203 - Set database path to: C:\Users\Bruno\.stmcufinder\plugins\mcufinder//mcu/cs/
2025-03-01 11:10:37,340 [INFO] RulesReader:64 - Compatibility file has been processed (297 Rules)
2025-03-01 11:10:37,423 [INFO] DbMcusXml:78 - Set database path to: C:\ST\STM32CubeIDE_1.16.1\STM32CubeIDE\plugins\com.st.stm32cube.common.mx_6.13.0.202411220809\\db\/mcu/
2025-03-01 11:10:37,423 [INFO] ApiDb:274 - Set plugin database path to: C:\ST\STM32CubeIDE_1.16.1\STM32CubeIDE\plugins\com.st.stm32cube.common.mx_6.13.0.202411220809\\db\/plugins/boardmanager/
2025-03-01 11:10:37,423 [INFO] ApiDb:261 - Set plugin images path to: C:\ST\STM32CubeIDE_1.16.1\STM32CubeIDE\plugins\com.st.stm32cube.common.mx_6.13.0.202411220809\\db\/plugins/mcufinder/images/
2025-03-01 11:10:37,424 [WARN] DbFile:41 - Overriding database path with different value: C:\Users\Bruno\.stmcufinder\plugins\mcufinder/ => C:\Users\Bruno\.stmcufinder\plugins\mcufinder
2025-03-01 11:10:37,424 [INFO] ApiDb:250 - Set database path to: C:\Users\Bruno\.stmcufinder\plugins\mcufinder//mcu/
2025-03-01 11:10:37,424 [WARN] DbFile:41 - Overriding database path with different value: C:\Users\Bruno\.stmcufinder\plugins\mcufinder/ => C:\Users\Bruno\.stmcufinder\plugins\mcufinder
2025-03-01 11:10:37,424 [INFO] DbMcusAds:125 - Set database path to: C:\Users\Bruno\.stmcufinder\plugins\mcufinder//mcu/
2025-03-01 11:10:37,424 [WARN] DbFile:41 - Overriding database path with different value: C:\Users\Bruno\.stmcufinder\plugins\mcufinder/ => C:\Users\Bruno\.stmcufinder\plugins\mcufinder
2025-03-01 11:10:37,424 [WARN] DbFile:41 - Overriding database path with different value: C:\Users\Bruno\.stmcufinder\plugins\mcufinder/ => C:\Users\Bruno\.stmcufinder\plugins\mcufinder
2025-03-01 11:10:37,424 [INFO] CrossReferenceDbSqlite:203 - Set database path to: C:\Users\Bruno\.stmcufinder\plugins\mcufinder//mcu/cs/
2025-03-01 11:10:37,517 [INFO] MainPanel:272 - HeapMemory: 1073741824
2025-03-01 11:10:37,623 [INFO] DbMcusXml:78 - Set database path to: C:\ST\STM32CubeIDE_1.16.1\STM32CubeIDE\plugins\com.st.stm32cube.common.mx_6.13.0.202411220809\\db\/mcu/
2025-03-01 11:10:37,623 [INFO] ApiDb:274 - Set plugin database path to: C:\ST\STM32CubeIDE_1.16.1\STM32CubeIDE\plugins\com.st.stm32cube.common.mx_6.13.0.202411220809\\db\/plugins/boardmanager/
2025-03-01 11:10:37,623 [INFO] ApiDb:261 - Set plugin images path to: C:\ST\STM32CubeIDE_1.16.1\STM32CubeIDE\plugins\com.st.stm32cube.common.mx_6.13.0.202411220809\\db\/plugins/mcufinder/images/
2025-03-01 11:10:37,624 [WARN] DbFile:41 - Overriding database path with different value: C:\Users\Bruno\.stmcufinder\plugins\mcufinder/ => C:\Users\Bruno\.stmcufinder\plugins\mcufinder
2025-03-01 11:10:37,624 [INFO] ApiDb:250 - Set database path to: C:\Users\Bruno\.stmcufinder\plugins\mcufinder//mcu/
2025-03-01 11:10:37,624 [WARN] DbFile:41 - Overriding database path with different value: C:\Users\Bruno\.stmcufinder\plugins\mcufinder/ => C:\Users\Bruno\.stmcufinder\plugins\mcufinder
2025-03-01 11:10:37,624 [INFO] DbMcusAds:125 - Set database path to: C:\Users\Bruno\.stmcufinder\plugins\mcufinder//mcu/
2025-03-01 11:10:37,624 [WARN] DbFile:41 - Overriding database path with different value: C:\Users\Bruno\.stmcufinder\plugins\mcufinder/ => C:\Users\Bruno\.stmcufinder\plugins\mcufinder
2025-03-01 11:10:37,624 [WARN] DbFile:41 - Overriding database path with different value: C:\Users\Bruno\.stmcufinder\plugins\mcufinder/ => C:\Users\Bruno\.stmcufinder\plugins\mcufinder
2025-03-01 11:10:37,624 [INFO] CrossReferenceDbSqlite:203 - Set database path to: C:\Users\Bruno\.stmcufinder\plugins\mcufinder//mcu/cs/
2025-03-01 11:10:37,642 [INFO] ApplicationProperties:184 - Using Application install path: C:\ST\STM32CubeIDE_1.16.1\STM32CubeIDE\plugins\com.st.stm32cube.common.mx_6.13.0.202411220809
2025-03-01 11:10:37,643 [INFO] PluginManage:196 - Search for loadable plugins [exclusion list=, ]
2025-03-01 11:10:37,644 [INFO] PluginManage:310 - Check plugin analytics
2025-03-01 11:10:37,814 [INFO] AnalyticsPlugin:253 - Accepted Software Licenses: STM32CubeMX.6.6.1,STM32CubeMX.6.13.0
2025-03-01 11:10:37,814 [INFO] AnalyticsPlugin:255 - Accepted CMSIS Pack Licenses: 
2025-03-01 11:10:37,814 [INFO] AnalyticsPlugin:257 - Accepted Firmware Licenses: FW.G0.1.6.0,FW.F4.1.28.0
2025-03-01 11:10:37,815 [INFO] PluginManage:359 - Loaded plugin analytics (category:tool,tabindex:-1)
2025-03-01 11:10:37,815 [INFO] PluginManage:310 - Check plugin cadmodel
2025-03-01 11:10:37,836 [INFO] CADModel:105 - Init CAD model plugin
2025-03-01 11:10:37,837 [INFO] PluginManage:359 - Loaded plugin cadmodel (category:power,tabindex:5)
2025-03-01 11:10:37,837 [INFO] PluginManage:310 - Check plugin clock
2025-03-01 11:10:37,861 [INFO] PluginManage:359 - Loaded plugin clock (category:base,tabindex:2)
2025-03-01 11:10:37,861 [INFO] PluginManage:310 - Check plugin ddr
2025-03-01 11:10:37,864 [INFO] PluginManage:359 - Loaded plugin ddr (category:tool,tabindex:6)
2025-03-01 11:10:37,864 [INFO] PluginManage:310 - Check plugin filemanager
2025-03-01 11:10:37,991 [INFO] PluginManage:359 - Loaded plugin filemanager (category:base,tabindex:10)
2025-03-01 11:10:37,992 [INFO] PluginManage:310 - Check plugin ipmanager
2025-03-01 11:10:37,999 [INFO] PluginManage:359 - Loaded plugin ipmanager (category:base,tabindex:5)
2025-03-01 11:10:37,999 [INFO] PluginManage:310 - Check plugin lpbam
2025-03-01 11:10:38,021 [INFO] PluginManage:359 - Loaded plugin lpbam (category:base,tabindex:0)
2025-03-01 11:10:38,021 [INFO] PluginManage:310 - Check plugin memorymap
2025-03-01 11:10:38,046 [INFO] PluginManage:359 - Loaded plugin memorymap (category:base,tabindex:4)
2025-03-01 11:10:38,046 [INFO] PluginManage:310 - Check plugin pinoutandconfiguration
2025-03-01 11:10:38,068 [INFO] PluginManage:359 - Loaded plugin pinoutandconfiguration (category:base,tabindex:1)
2025-03-01 11:10:38,068 [INFO] PluginManage:310 - Check plugin pinoutconfig
2025-03-01 11:10:38,167 [WARN] SupportedApi:132 - Cannot load RTOS API schema: s4s-elt-must-match.1: The content of 'definitions' must match (annotation?, (simpleType | complexType)?, (unique | key | keyref)*)). A problem was found starting at: attribute.
2025-03-01 11:10:38,301 [INFO] PluginManage:359 - Loaded plugin pinoutconfig (category:base,tabindex:0)
2025-03-01 11:10:38,301 [INFO] PluginManage:310 - Check plugin power
2025-03-01 11:10:38,325 [INFO] PluginManage:359 - Loaded plugin power (category:power,tabindex:4)
2025-03-01 11:10:38,325 [INFO] PluginManage:310 - Check plugin projectmanager
2025-03-01 11:10:38,339 [INFO] PluginManage:359 - Loaded plugin projectmanager (category:projectmanager,tabindex:4)
2025-03-01 11:10:38,339 [INFO] PluginManage:310 - Check plugin rif
2025-03-01 11:10:38,359 [INFO] PluginManage:359 - Loaded plugin rif (category:base,tabindex:3)
2025-03-01 11:10:38,359 [INFO] PluginManage:310 - Check plugin thirdparty
2025-03-01 11:10:38,661 [WARN] IntegrityCheckThread:84 - waiting for thirdparty lock release [integrity check]
2025-03-01 11:10:38,661 [INFO] PluginManage:359 - Loaded plugin thirdparty (category:base,tabindex:-1)
2025-03-01 11:10:38,661 [INFO] IntegrityCheckThread:86 - entering critical section [integrity check]
2025-03-01 11:10:38,661 [INFO] PluginManage:310 - Check plugin tools
2025-03-01 11:10:38,661 [INFO] ThirdPartyUpdaterWithRetryManager:70 - Updater plugin not ready yet. [1/15]
2025-03-01 11:10:38,706 [INFO] PluginManage:359 - Loaded plugin tools (category:base,tabindex:7)
2025-03-01 11:10:38,706 [INFO] PluginManage:310 - Check plugin tutovideos
2025-03-01 11:10:38,916 [INFO] PluginManage:359 - Loaded plugin tutovideos (category:base,tabindex:-1)
2025-03-01 11:10:38,916 [INFO] PluginManage:310 - Check plugin updater
2025-03-01 11:10:38,939 [INFO] PluginManage:359 - Loaded plugin updater (category:base,tabindex:12)
2025-03-01 11:10:38,939 [INFO] PluginManage:310 - Check plugin userauth
2025-03-01 11:10:38,943 [INFO] UserAuth:118 - Init User Auth plugin
2025-03-01 11:10:38,944 [INFO] PluginManage:359 - Loaded plugin userauth (category:base,tabindex:14)
2025-03-01 11:10:38,944 [INFO] PluginManage:283 - PluginManage : Loaded plugins [18]
2025-03-01 11:10:39,145 [INFO] PinOutPanel:1589 - setPackage(No Configuration,No Configuration)
2025-03-01 11:10:39,229 [INFO] CADModel:165 - CPN selected for project level
2025-03-01 11:10:39,229 [INFO] CADModel:114 - Register for checkConnection events
2025-03-01 11:10:39,258 [INFO] IPUIPlugin:80 - create IPUIPlugin
2025-03-01 11:10:39,259 [INFO] PluginManager:220 - loadIPPluginJar : add adc
2025-03-01 11:10:39,309 [INFO] IPUIPlugin:80 - create IPUIPlugin
2025-03-01 11:10:39,309 [INFO] PluginManager:220 - loadIPPluginJar : add aes
2025-03-01 11:10:39,367 [INFO] IPUIPlugin:80 - create IPUIPlugin
2025-03-01 11:10:39,367 [INFO] PluginManager:220 - loadIPPluginJar : add can
2025-03-01 11:10:39,401 [INFO] IPUIPlugin:80 - create IPUIPlugin
2025-03-01 11:10:39,401 [INFO] PluginManager:220 - loadIPPluginJar : add comp
2025-03-01 11:10:39,450 [INFO] IPUIPlugin:80 - create IPUIPlugin
2025-03-01 11:10:39,450 [INFO] PluginManager:220 - loadIPPluginJar : add cryp
2025-03-01 11:10:39,467 [INFO] IPUIPlugin:80 - create IPUIPlugin
2025-03-01 11:10:39,467 [INFO] PluginManager:220 - loadIPPluginJar : add ddr_ctrl_phy
2025-03-01 11:10:39,510 [INFO] IPUIPlugin:80 - create IPUIPlugin
2025-03-01 11:10:39,510 [INFO] PluginManager:220 - loadIPPluginJar : add dfsdm
2025-03-01 11:10:39,527 [INFO] IPUIPlugin:80 - create IPUIPlugin
2025-03-01 11:10:39,528 [INFO] PluginManager:220 - loadIPPluginJar : add dma
2025-03-01 11:10:39,576 [INFO] IPUIPlugin:80 - create IPUIPlugin
2025-03-01 11:10:39,576 [INFO] PluginManager:220 - loadIPPluginJar : add dma3
2025-03-01 11:10:39,633 [INFO] IPUIPlugin:80 - create IPUIPlugin
2025-03-01 11:10:39,634 [INFO] PluginManager:220 - loadIPPluginJar : add extmemmanager
2025-03-01 11:10:39,660 [INFO] IPUIPlugin:80 - create IPUIPlugin
2025-03-01 11:10:39,660 [INFO] PluginManager:220 - loadIPPluginJar : add fatfs
2025-03-01 11:10:39,720 [INFO] IPUIPlugin:80 - create IPUIPlugin
2025-03-01 11:10:39,721 [INFO] PluginManager:220 - loadIPPluginJar : add fmc
2025-03-01 11:10:39,739 [INFO] IPUIPlugin:80 - create IPUIPlugin
2025-03-01 11:10:39,739 [INFO] PluginManager:220 - loadIPPluginJar : add freertos
2025-03-01 11:10:39,765 [INFO] IPUIPlugin:80 - create IPUIPlugin
2025-03-01 11:10:39,765 [INFO] PluginManager:220 - loadIPPluginJar : add genericplugin
2025-03-01 11:10:39,879 [INFO] IPUIPlugin:80 - create IPUIPlugin
2025-03-01 11:10:39,880 [INFO] PluginManager:220 - loadIPPluginJar : add gfxmmu
2025-03-01 11:10:40,039 [INFO] IPUIPlugin:80 - create IPUIPlugin
2025-03-01 11:10:40,040 [INFO] PluginManager:220 - loadIPPluginJar : add gic
2025-03-01 11:10:40,056 [INFO] IPUIPlugin:80 - create IPUIPlugin
2025-03-01 11:10:40,056 [INFO] PluginManager:220 - loadIPPluginJar : add gpio
2025-03-01 11:10:40,176 [INFO] IPUIPlugin:80 - create IPUIPlugin
2025-03-01 11:10:40,176 [INFO] PluginManager:220 - loadIPPluginJar : add gtzc
2025-03-01 11:10:40,218 [INFO] IPUIPlugin:80 - create IPUIPlugin
2025-03-01 11:10:40,218 [INFO] PluginManager:220 - loadIPPluginJar : add hash
2025-03-01 11:10:40,284 [INFO] IPUIPlugin:80 - create IPUIPlugin
2025-03-01 11:10:40,284 [INFO] PluginManager:220 - loadIPPluginJar : add i2c
2025-03-01 11:10:40,333 [INFO] IPUIPlugin:80 - create IPUIPlugin
2025-03-01 11:10:40,334 [INFO] PluginManager:220 - loadIPPluginJar : add i2s
2025-03-01 11:10:40,386 [INFO] IPUIPlugin:80 - create IPUIPlugin
2025-03-01 11:10:40,386 [INFO] PluginManager:220 - loadIPPluginJar : add i3c
2025-03-01 11:10:40,521 [INFO] IPUIPlugin:80 - create IPUIPlugin
2025-03-01 11:10:40,521 [INFO] PluginManager:220 - loadIPPluginJar : add ipddr
2025-03-01 11:10:40,635 [INFO] IPUIPlugin:80 - create IPUIPlugin
2025-03-01 11:10:40,635 [INFO] PluginManager:220 - loadIPPluginJar : add linkedlist
2025-03-01 11:10:40,680 [INFO] IPUIPlugin:80 - create IPUIPlugin
2025-03-01 11:10:40,680 [INFO] PluginManager:220 - loadIPPluginJar : add lorawan
2025-03-01 11:10:40,728 [INFO] IPUIPlugin:80 - create IPUIPlugin
2025-03-01 11:10:40,728 [INFO] PluginManager:220 - loadIPPluginJar : add ltdc
2025-03-01 11:10:40,745 [INFO] IPUIPlugin:80 - create IPUIPlugin
2025-03-01 11:10:40,745 [INFO] PluginManager:220 - loadIPPluginJar : add mdma
2025-03-01 11:10:40,762 [INFO] IPUIPlugin:80 - create IPUIPlugin
2025-03-01 11:10:40,762 [INFO] PluginManager:220 - loadIPPluginJar : add nvic
2025-03-01 11:10:40,810 [INFO] IPUIPlugin:80 - create IPUIPlugin
2025-03-01 11:10:40,810 [INFO] PluginManager:220 - loadIPPluginJar : add opamp
2025-03-01 11:10:40,886 [INFO] IPUIPlugin:80 - create IPUIPlugin
2025-03-01 11:10:40,886 [INFO] PluginManager:220 - loadIPPluginJar : add openamp
2025-03-01 11:10:40,939 [INFO] IPUIPlugin:80 - create IPUIPlugin
2025-03-01 11:10:40,939 [INFO] PluginManager:220 - loadIPPluginJar : add pdm2pcm
2025-03-01 11:10:40,958 [INFO] IPUIPlugin:80 - create IPUIPlugin
2025-03-01 11:10:40,960 [INFO] PluginManager:220 - loadIPPluginJar : add plateformsettings
2025-03-01 11:10:40,990 [INFO] IPUIPlugin:80 - create IPUIPlugin
2025-03-01 11:10:40,990 [INFO] PluginManager:220 - loadIPPluginJar : add quadspi
2025-03-01 11:10:41,023 [INFO] IPUIPlugin:80 - create IPUIPlugin
2025-03-01 11:10:41,024 [INFO] PluginManager:220 - loadIPPluginJar : add radio
2025-03-01 11:10:41,041 [INFO] IPUIPlugin:80 - create IPUIPlugin
2025-03-01 11:10:41,041 [INFO] PluginManager:220 - loadIPPluginJar : add resmgrutility
2025-03-01 11:10:41,120 [INFO] IPUIPlugin:80 - create IPUIPlugin
2025-03-01 11:10:41,120 [INFO] PluginManager:220 - loadIPPluginJar : add sai
2025-03-01 11:10:41,168 [INFO] IPUIPlugin:80 - create IPUIPlugin
2025-03-01 11:10:41,168 [INFO] PluginManager:220 - loadIPPluginJar : add spi
2025-03-01 11:10:41,256 [INFO] IPUIPlugin:80 - create IPUIPlugin
2025-03-01 11:10:41,256 [INFO] PluginManager:220 - loadIPPluginJar : add stm32_wpan
2025-03-01 11:10:41,287 [INFO] IPUIPlugin:80 - create IPUIPlugin
2025-03-01 11:10:41,287 [INFO] PluginManager:220 - loadIPPluginJar : add tim
2025-03-01 11:10:41,362 [INFO] IPUIPlugin:80 - create IPUIPlugin
2025-03-01 11:10:41,363 [INFO] PluginManager:220 - loadIPPluginJar : add touchsensing
2025-03-01 11:10:41,392 [INFO] IPUIPlugin:80 - create IPUIPlugin
2025-03-01 11:10:41,392 [INFO] PluginManager:220 - loadIPPluginJar : add tracer_emb
2025-03-01 11:10:41,423 [INFO] IPUIPlugin:80 - create IPUIPlugin
2025-03-01 11:10:41,423 [INFO] PluginManager:220 - loadIPPluginJar : add ts
2025-03-01 11:10:41,453 [INFO] IPUIPlugin:80 - create IPUIPlugin
2025-03-01 11:10:41,453 [INFO] PluginManager:220 - loadIPPluginJar : add tsc
2025-03-01 11:10:41,482 [INFO] IPUIPlugin:80 - create IPUIPlugin
2025-03-01 11:10:41,483 [INFO] PluginManager:220 - loadIPPluginJar : add ucpd
2025-03-01 11:10:41,539 [INFO] IPUIPlugin:80 - create IPUIPlugin
2025-03-01 11:10:41,540 [INFO] PluginManager:220 - loadIPPluginJar : add usart
2025-03-01 11:10:41,594 [INFO] IPUIPlugin:80 - create IPUIPlugin
2025-03-01 11:10:41,594 [INFO] PluginManager:220 - loadIPPluginJar : add usbx
2025-03-01 11:10:41,662 [INFO] ThirdPartyUpdaterWithRetryManager:70 - Updater plugin not ready yet. [2/15]
2025-03-01 11:10:41,725 [FATAL] Updater:351 - Updater called before beeing initialized
2025-03-01 11:10:41,796 [INFO] RulesReader:64 - Compatibility file has been processed (297 Rules)
2025-03-01 11:10:41,806 [INFO] RulesReader:64 - Compatibility file has been processed (297 Rules)
2025-03-01 11:10:41,812 [INFO] CADModel:165 - CPN selected for project level
2025-03-01 11:10:41,812 [INFO] CADModel:114 - Register for checkConnection events
2025-03-01 11:10:41,812 [FATAL] Updater:351 - Updater called before beeing initialized
2025-03-01 11:10:41,812 [ERROR] CADModel:125 - Updater not yet initialized, retry later 
2025-03-01 11:10:41,958 [FATAL] Updater:351 - Updater called before beeing initialized
2025-03-01 11:10:41,960 [INFO] CADModel:165 - CPN selected for project level
2025-03-01 11:10:41,960 [INFO] CADModel:114 - Register for checkConnection events
2025-03-01 11:10:41,960 [FATAL] Updater:351 - Updater called before beeing initialized
2025-03-01 11:10:41,960 [ERROR] CADModel:125 - Updater not yet initialized, retry later 
2025-03-01 11:10:41,963 [FATAL] Updater:351 - Updater called before beeing initialized
2025-03-01 11:10:42,072 [FATAL] Updater:351 - Updater called before beeing initialized
2025-03-01 11:10:42,082 [INFO] DbMcusAds:53 - JSON generation date=Tue Dec 17 17:01:15 CET 2024 (1734451275143)
2025-03-01 11:10:42,082 [FATAL] Updater:351 - Updater called before beeing initialized
2025-03-01 11:10:42,123 [WARN] DetailPanel:346 - Failed to get advertising image, set to default
2025-03-01 11:10:42,389 [FATAL] Updater:351 - Updater called before beeing initialized
2025-03-01 11:10:42,391 [FATAL] Updater:351 - Updater called before beeing initialized
2025-03-01 11:10:42,391 [FATAL] Updater:351 - Updater called before beeing initialized
2025-03-01 11:10:42,391 [WARN] DetailPanel:346 - Failed to get advertising image, set to default
2025-03-01 11:10:42,392 [FATAL] Updater:351 - Updater called before beeing initialized
2025-03-01 11:10:42,457 [ERROR] Updater:1198 - MainUpdater not yet initialized. External WinMGr cannot be set.
2025-03-01 11:10:42,469 [INFO] Updater:1134 - Updater Version found : 6.13.0
2025-03-01 11:10:42,485 [INFO] ApplicationProperties:184 - Using Application install path: C:\ST\STM32CubeIDE_1.16.1\STM32CubeIDE\plugins\com.st.stm32cube.common.mx_6.13.0.202411220809
2025-03-01 11:10:42,850 [INFO] MainUpdater:2872 - connection check result : 10
2025-03-01 11:10:42,851 [INFO] MainUpdater:289 - Updater Check For Update Now.
2025-03-01 11:10:42,851 [INFO] MicroXplorer:498 - Change Database Version : DB.6.0.130
2025-03-01 11:10:42,865 [INFO] McuFinderGlobals:63 - Set McuFinder mode to 2 (CubeIDE integrated)
2025-03-01 11:10:42,873 [INFO] UserAuth:486 - Internet connection configuration mode: 1
2025-03-01 11:10:42,905 [INFO] JxBrowserEngine:152 - Initiate JxBrowser Engine with user profile folder
2025-03-01 11:10:43,072 [INFO] CheckServerUpdateThread:120 - End of CheckServer Thread
2025-03-01 11:10:44,655 [INFO] WebApp:168 - Instantiating new browser for Auth
2025-03-01 11:10:45,125 [WARN] PackLoader:240 - Cannot read IP mode file for STMicroelectronics.FP-SNS-MOTENVWB1.1.4.0
2025-03-01 11:10:45,146 [WARN] PackLoader:240 - Cannot read IP mode file for STMicroelectronics.FP-ATR-ASTRA1.2.0.2
2025-03-01 11:10:45,160 [WARN] PackLoader:240 - Cannot read IP mode file for STMicroelectronics.FP-ATR-ASTRA1.2.0.1
2025-03-01 11:10:45,184 [WARN] PackLoader:240 - Cannot read IP mode file for STMicroelectronics.X-CUBE-SMBUS.2.1.0
2025-03-01 11:10:45,209 [WARN] PackLoader:240 - Cannot read IP mode file for STMicroelectronics.X-CUBE-WB05N.1.1.0
2025-03-01 11:10:45,291 [WARN] PackLoader:240 - Cannot read IP mode file for STMicroelectronics.X-CUBE-MEMS1.9.2.0
2025-03-01 11:10:45,474 [WARN] PackLoader:240 - Cannot read IP mode file for STMicroelectronics.X-CUBE-AZRTOS-F7.1.1.0
2025-03-01 11:10:45,495 [WARN] PackLoader:240 - Cannot read IP mode file for STMicroelectronics.X-CUBE-BLE1.6.2.3
2025-03-01 11:10:45,552 [WARN] PackLoader:240 - Cannot read IP mode file for STMicroelectronics.X-CUBE-MEMS1.11.0.0
2025-03-01 11:10:45,731 [WARN] PackLoader:240 - Cannot read IP mode file for STMicroelectronics.FP-SNS-FLIGHT1.5.0.2
2025-03-01 11:10:45,751 [WARN] PackLoader:240 - Cannot read IP mode file for STMicroelectronics.X-CUBE-TOF1.3.1.0
2025-03-01 11:10:45,772 [WARN] PackLoader:240 - Cannot read IP mode file for STMicroelectronics.X-CUBE-DISPLAY.3.0.0
2025-03-01 11:10:45,792 [WARN] PackLoader:240 - Cannot read IP mode file for STMicroelectronics.X-CUBE-BLE1.7.0.0
2025-03-01 11:10:45,810 [WARN] PackLoader:240 - Cannot read IP mode file for STMicroelectronics.X-CUBE-NFC10.1.0.0
2025-03-01 11:10:45,832 [WARN] PackLoader:240 - Cannot read IP mode file for STMicroelectronics.X-CUBE-BLEMGR.4.0.0
2025-03-01 11:10:45,849 [WARN] PackLoader:240 - Cannot read IP mode file for STMicroelectronics.X-CUBE-AI.7.2.0
2025-03-01 11:10:45,867 [WARN] PackLoader:240 - Cannot read IP mode file for STMicroelectronics.X-CUBE-BLEMGR.3.1.0
2025-03-01 11:10:45,885 [WARN] PackLoader:240 - Cannot read IP mode file for STMicroelectronics.X-CUBE-AI.10.0.0
2025-03-01 11:10:45,900 [WARN] PackLoader:240 - Cannot read IP mode file for STMicroelectronics.FP-SNS-SMARTAG2.1.2.0
2025-03-01 11:10:45,958 [WARN] PackLoader:240 - Cannot read IP mode file for STMicroelectronics.X-CUBE-MEMS1.11.1.0
2025-03-01 11:10:46,134 [INFO] LogOutputStream:77 - [STDOUT_REDIRECT] 1 : Invalid condition id : UX_CORESTACK_Condition cause : null
2025-03-01 11:10:46,135 [INFO] LogOutputStream:77 - [STDOUT_REDIRECT] 1 : Invalid condition id : UX_CORESTACK_Condition cause : null
2025-03-01 11:10:46,137 [INFO] LogOutputStream:77 - [STDOUT_REDIRECT] 1 : Invalid condition id : UX_CORESTACK_Condition cause : null
2025-03-01 11:10:46,138 [INFO] LogOutputStream:77 - [STDOUT_REDIRECT] 1 : Invalid condition id : UX_CORESTACK_Condition cause : null
2025-03-01 11:10:46,139 [INFO] LogOutputStream:77 - [STDOUT_REDIRECT] 1 : Invalid condition id : UX_CORESTACK_Condition cause : null
2025-03-01 11:10:46,142 [WARN] PackLoader:240 - Cannot read IP mode file for STMicroelectronics.X-CUBE-AZRTOS-WL.2.0.0
2025-03-01 11:10:46,161 [WARN] PackLoader:240 - Cannot read IP mode file for STMicroelectronics.FP-SNS-MOTENV1.5.0.0
2025-03-01 11:10:46,177 [WARN] PackLoader:240 - Cannot read IP mode file for wolfSSL.I-CUBE-wolfMQTT.1.19.0
2025-03-01 11:10:46,203 [WARN] PackLoader:240 - Cannot read IP mode file for WES.I-CUBE-Cesium.1.3.0
2025-03-01 11:10:46,225 [WARN] PackLoader:240 - Cannot read IP mode file for STMicroelectronics.X-CUBE-BLE2.3.3.0
2025-03-01 11:10:46,252 [WARN] PackLoader:240 - Cannot read IP mode file for STMicroelectronics.X-CUBE-DISPLAY.2.2.0
2025-03-01 11:10:46,272 [WARN] PackLoader:240 - Cannot read IP mode file for STMicroelectronics.X-CUBE-NFC9.1.0.0
2025-03-01 11:10:46,311 [WARN] PackLoader:240 - Cannot read IP mode file for STMicroelectronics.X-CUBE-AZRTOS-H7.2.1.0
2025-03-01 11:10:46,329 [WARN] PackLoader:240 - Cannot read IP mode file for STMicroelectronics.X-CUBE-TCPP.4.1.0
2025-03-01 11:10:46,346 [WARN] PackLoader:240 - Cannot read IP mode file for STMicroelectronics.X-CUBE-ALGOBUILD.1.3.0
2025-03-01 11:10:46,389 [WARN] PackLoader:240 - Cannot read IP mode file for STMicroelectronics.X-CUBE-AZRTOS-G0.1.1.0
2025-03-01 11:10:46,407 [WARN] PackLoader:240 - Cannot read IP mode file for STMicroelectronics.X-CUBE-SAFEA1.1.2.2
2025-03-01 11:10:46,436 [WARN] PackLoader:240 - Cannot read IP mode file for STMicroelectronics.X-CUBE-NFC4.3.0.0
2025-03-01 11:10:46,495 [WARN] PackLoader:240 - Cannot read IP mode file for SEGGER.I-CUBE-embOS.1.2.0
2025-03-01 11:10:46,525 [INFO] WebApp:449 - Apply proxy settings
2025-03-01 11:10:46,525 [INFO] WebApp:534 - Chromium requires no authentication
2025-03-01 11:10:46,553 [WARN] PackLoader:240 - Cannot read IP mode file for EmbeddedOffice.I-CUBE-FS-RTOS.1.0.1
2025-03-01 11:10:46,556 [INFO] WebApp:477 - Direct internet connection detected
2025-03-01 11:10:46,570 [WARN] PackLoader:240 - Cannot read IP mode file for STMicroelectronics.X-CUBE-TCPP.4.2.0
2025-03-01 11:10:46,592 [WARN] PackLoader:240 - Cannot read IP mode file for RealThread.X-CUBE-RT-Thread_Nano.4.1.1
2025-03-01 11:10:46,609 [WARN] PackLoader:240 - Cannot read IP mode file for STMicroelectronics.FP-ATR-SIGFOX1.3.2.0
2025-03-01 11:10:46,623 [WARN] ConditionMgr:438 - getConditionDescription Invalid condition id : Cortex-A Device cause : null
2025-03-01 11:10:46,630 [INFO] WebApp:880 - Register for checkConnection events
2025-03-01 11:10:46,631 [INFO] WebApp:449 - Apply proxy settings
2025-03-01 11:10:46,631 [INFO] WebApp:534 - Chromium requires no authentication
2025-03-01 11:10:46,631 [INFO] WebApp:477 - Direct internet connection detected
2025-03-01 11:10:46,647 [WARN] ConditionMgr:1044 - genDependencies : Invalid condition id : Cortex-A Device cause : null
2025-03-01 11:10:46,647 [WARN] ConditionMgr:1044 - genDependencies : Invalid condition id : Cortex-A Device cause : null
2025-03-01 11:10:46,648 [WARN] ConditionMgr:1044 - genDependencies : Invalid condition id : Cortex-A Device cause : null
2025-03-01 11:10:46,664 [WARN] PackLoader:240 - Cannot read IP mode file for STMicroelectronics.X-CUBE-EEPRMA1.5.1.0
2025-03-01 11:10:46,684 [WARN] PackLoader:240 - Cannot read IP mode file for emotas.I-CUBE-CANOPEN.1.1.2
2025-03-01 11:10:46,701 [WARN] PackLoader:240 - Cannot read IP mode file for STMicroelectronics.X-CUBE-TOUCHGFX.4.20.0
2025-03-01 11:10:46,724 [WARN] PackLoader:240 - Cannot read IP mode file for ITTIA_DB.I-CUBE-ITTIADB.8.9.0
2025-03-01 11:10:46,772 [WARN] PackLoader:240 - Cannot read IP mode file for SEGGER.I-CUBE-embOS.1.3.1
2025-03-01 11:10:46,810 [WARN] PackLoader:240 - Cannot read IP mode file for STMicroelectronics.X-CUBE-ALGOBUILD.1.4.0
2025-03-01 11:10:46,824 [WARN] PackLoader:240 - Cannot read IP mode file for STMicroelectronics.X-CUBE-AI.9.1.0
2025-03-01 11:10:46,841 [WARN] PackLoader:240 - Cannot read IP mode file for STMicroelectronics.X-CUBE-GNSS1.6.0.0
2025-03-01 11:10:46,918 [WARN] PackLoader:240 - Cannot read IP mode file for STMicroelectronics.X-CUBE-AZRTOS-F4.1.1.0
2025-03-01 11:10:46,934 [WARN] PackLoader:240 - Cannot read IP mode file for STMicroelectronics.X-CUBE-ISPU.2.1.0
2025-03-01 11:10:46,952 [WARN] PackLoader:240 - Cannot read IP mode file for STMicroelectronics.X-CUBE-FREERTOS.1.2.0
2025-03-01 11:10:46,987 [WARN] PackLoader:240 - Cannot read IP mode file for STMicroelectronics.X-CUBE-AZRTOS-L5.2.0.0
2025-03-01 11:10:47,007 [WARN] PackLoader:240 - Cannot read IP mode file for STMicroelectronics.X-CUBE-NFC6.3.1.0
2025-03-01 11:10:47,028 [WARN] PackLoader:240 - Cannot read IP mode file for STMicroelectronics.X-CUBE-DPower.1.2.0
2025-03-01 11:10:47,048 [WARN] PackLoader:240 - Cannot read IP mode file for STMicroelectronics.X-CUBE-NFC4.2.0.4
2025-03-01 11:10:47,105 [WARN] PackLoader:240 - Cannot read IP mode file for STMicroelectronics.X-CUBE-AZRTOS-F4.1.0.0
2025-03-01 11:10:47,126 [WARN] PackLoader:240 - Cannot read IP mode file for STMicroelectronics.X-CUBE-FREERTOS.1.3.0
2025-03-01 11:10:47,141 [WARN] PackLoader:240 - Cannot read IP mode file for STMicroelectronics.X-CUBE-NFC7.1.0.1
2025-03-01 11:10:47,155 [WARN] PackLoader:240 - Cannot read IP mode file for STMicroelectronics.X-CUBE-NFC7.1.0.0
2025-03-01 11:10:47,189 [WARN] ConditionMgr:438 - getConditionDescription Invalid condition id : LAN8742 Phy interface Condition cause : null
2025-03-01 11:10:47,190 [WARN] PackLoader:240 - Cannot read IP mode file for STMicroelectronics.X-CUBE-AZRTOS-L4.2.0.0
2025-03-01 11:10:47,191 [WARN] ConditionMgr:1044 - genDependencies : Invalid condition id : LAN8742 Phy interface Condition cause : null
2025-03-01 11:10:47,191 [WARN] ConditionMgr:1044 - genDependencies : Invalid condition id : LAN8742 Phy interface Condition cause : null
2025-03-01 11:10:47,192 [WARN] ConditionMgr:1044 - genDependencies : Invalid condition id : LAN8742 Phy interface Condition cause : null
2025-03-01 11:10:47,209 [WARN] PackLoader:240 - Cannot read IP mode file for STMicroelectronics.X-CUBE-SFXS2LP1.4.0.0
2025-03-01 11:10:47,246 [WARN] PackLoader:240 - Cannot read IP mode file for STMicroelectronics.X-CUBE-AZRTOS-H7.3.3.0
2025-03-01 11:10:47,267 [WARN] PackLoader:240 - Cannot read IP mode file for RoweBots.I-CUBE-UNISONRTOS.5.5.0-4
2025-03-01 11:10:47,281 [WARN] PackLoader:240 - Cannot read IP mode file for wolfSSL.I-CUBE-wolfSSL.5.4.0
2025-03-01 11:10:47,304 [WARN] PackLoader:240 - Cannot read IP mode file for STMicroelectronics.X-CUBE-IPS.3.0.0
2025-03-01 11:10:47,339 [WARN] ConditionMgr:438 - getConditionDescription Invalid condition id : UX DEVICE CLASS RTOS Condition cause : null
2025-03-01 11:10:47,339 [WARN] ConditionMgr:438 - getConditionDescription Invalid condition id : UX DEVICE CLASS RTOS Condition cause : null
2025-03-01 11:10:47,340 [WARN] PackLoader:240 - Cannot read IP mode file for STMicroelectronics.X-CUBE-AZRTOS-WB.2.0.0
2025-03-01 11:10:47,341 [WARN] ConditionMgr:1044 - genDependencies : Invalid condition id : UX DEVICE CLASS RTOS Condition cause : null
2025-03-01 11:10:47,341 [WARN] ConditionMgr:1044 - genDependencies : Invalid condition id : UX DEVICE CLASS RTOS Condition cause : null
2025-03-01 11:10:47,341 [WARN] ConditionMgr:1044 - genDependencies : Invalid condition id : UX DEVICE CLASS RTOS Condition cause : null
2025-03-01 11:10:47,342 [WARN] ConditionMgr:1044 - genDependencies : Invalid condition id : UX DEVICE CLASS RTOS Condition cause : null
2025-03-01 11:10:47,342 [WARN] ConditionMgr:1044 - genDependencies : Invalid condition id : UX DEVICE CLASS RTOS Condition cause : null
2025-03-01 11:10:47,357 [WARN] PackLoader:240 - Cannot read IP mode file for STMicroelectronics.X-CUBE-GNSS1.7.0.0
2025-03-01 11:10:47,386 [INFO] WebApp:221 - Starting web application
2025-03-01 11:10:47,386 [INFO] WebApp:579 - Web application path used C:\ST\STM32CubeIDE_1.16.1\STM32CubeIDE\plugins\com.st.stm32cube.common.mx_6.13.0.202411220809\db\plugins\mcufinder\reactClient1\index.html
2025-03-01 11:10:47,390 [WARN] PackLoader:240 - Cannot read IP mode file for STMicroelectronics.X-CUBE-GNSS1.7.0.1
2025-03-01 11:10:47,406 [WARN] PackLoader:240 - Cannot read IP mode file for STMicroelectronics.X-CUBE-BLEMGR.1.0.0
2025-03-01 11:10:47,425 [WARN] PackLoader:240 - Cannot read IP mode file for STMicroelectronics.FP-SNS-STBOX1.2.0.0
2025-03-01 11:10:47,452 [WARN] PackLoader:240 - Cannot read IP mode file for STMicroelectronics.X-CUBE-SUBG2.5.0.0
2025-03-01 11:10:47,469 [WARN] PackLoader:240 - Cannot read IP mode file for Cesanta.I-CUBE-Mongoose.7.13.0
2025-03-01 11:10:47,501 [WARN] PackLoader:240 - Cannot read IP mode file for STMicroelectronics.X-CUBE-AZRTOS-G4.2.0.0
2025-03-01 11:10:47,517 [WARN] PackLoader:240 - Cannot read IP mode file for STMicroelectronics.FP-ATR-ASTRA1.1.1.0
2025-03-01 11:10:47,547 [WARN] PackLoader:240 - Cannot read IP mode file for STMicroelectronics.X-CUBE-AZRTOS-G4.1.0.0
2025-03-01 11:10:47,578 [WARN] PackLoader:240 - Cannot read IP mode file for STMicroelectronics.X-CUBE-AZRTOS-L4.1.0.0
2025-03-01 11:10:47,604 [WARN] PackLoader:240 - Cannot read IP mode file for STMicroelectronics.X-CUBE-IPS.3.1.0
2025-03-01 11:10:47,622 [WARN] PackLoader:240 - Cannot read IP mode file for STMicroelectronics.X-CUBE-ALS.1.0.2
2025-03-01 11:10:47,637 [WARN] PackLoader:240 - Cannot read IP mode file for STMicroelectronics.X-CUBE-TOUCHGFX.4.24.2
2025-03-01 11:10:47,663 [INFO] WebApp:187 - Connection restablished
2025-03-01 11:10:47,670 [WARN] PackLoader:240 - Cannot read IP mode file for STMicroelectronics.X-CUBE-AZRTOS-WL.1.0.0
2025-03-01 11:10:47,685 [WARN] PackLoader:240 - Cannot read IP mode file for STMicroelectronics.X-CUBE-TOUCHGFX.4.24.1
2025-03-01 11:10:47,716 [WARN] PackLoader:240 - Cannot read IP mode file for wolfSSL.I-CUBE-wolfTPM.3.4.0
2025-03-01 11:10:47,733 [WARN] PackLoader:240 - Cannot read IP mode file for portGmbH.I-Cube-SoM-uGOAL.1.1.0
2025-03-01 11:10:47,748 [WARN] PackLoader:240 - Cannot read IP mode file for STMicroelectronics.X-CUBE-ALS.1.0.1
2025-03-01 11:10:47,786 [WARN] PackLoader:240 - Cannot read IP mode file for STMicroelectronics.X-CUBE-AZRTOS-L5.1.0.0
2025-03-01 11:10:47,806 [WARN] PackLoader:240 - Cannot read IP mode file for STMicroelectronics.X-CUBE-EEPRMA1.3.1.1
2025-03-01 11:10:47,840 [WARN] PackLoader:240 - Cannot read IP mode file for STMicroelectronics.X-CUBE-AZRTOS-H7RS.1.0.0
2025-03-01 11:10:47,853 [WARN] PackLoader:240 - Cannot read IP mode file for STMicroelectronics.FP-ATR-ASTRA1.2.0.0
2025-03-01 11:10:47,879 [WARN] PackLoader:240 - Cannot read IP mode file for STMicroelectronics.X-CUBE-TOF1.3.4.2
2025-03-01 11:10:47,916 [WARN] PackLoader:240 - Cannot read IP mode file for Infineon.AIROC-Wi-Fi-Bluetooth-STM32.1.6.1
2025-03-01 11:10:47,947 [WARN] PackLoader:240 - Cannot read IP mode file for wolfSSL.I-CUBE-wolfSSH.1.4.17
2025-03-01 11:10:47,947 [INFO] ThirdParty:978 - Integrity check success = true
2025-03-01 11:10:47,948 [INFO] IntegrityCheckThread:100 - exiting critical section [integrity check]
2025-03-01 11:10:47,948 [INFO] IntegrityCheckThread:103 - End integrity checks thread
2025-03-01 11:10:48,074 [INFO] UserAuth:486 - Internet connection configuration mode: 1
