2025-07-07 00:09:50,109 [ERROR] LogOutputStream:75 - [STDERR_REDIRECT] 
2025-07-07 12:46:16,324 [INFO] Activator:176 - 


2025-07-07 12:46:16,326 [INFO] Activator:177 - !SESSION log4j initialized
2025-07-07 12:46:29,766 [INFO] LogOutputStream:77 - [STDOUT_REDIRECT] 
2025-07-07 12:49:25,854 [INFO] ApplicationProperties:184 - Using Application install path: C:\ST\STM32CubeIDE_1.16.1\STM32CubeIDE\plugins\com.st.stm32cube.common.mx_6.13.0.202411220809
2025-07-07 12:49:25,869 [INFO] DbMcusXml:78 - Set database path to: C:\ST\STM32CubeIDE_1.16.1\STM32CubeIDE\plugins\com.st.stm32cube.common.mx_6.13.0.202411220809\\db\/mcu/
2025-07-07 12:49:25,870 [INFO] ApiDb:274 - Set plugin database path to: C:\ST\STM32CubeIDE_1.16.1\STM32CubeIDE\plugins\com.st.stm32cube.common.mx_6.13.0.202411220809\\db\/plugins/boardmanager/
2025-07-07 12:49:25,870 [WARN] ApiDb:259 - Overriding images path with different value:  => C:\ST\STM32CubeIDE_1.16.1\STM32CubeIDE\plugins\com.st.stm32cube.common.mx_6.13.0.202411220809\\db\/plugins/mcufinder/images/
2025-07-07 12:49:25,883 [INFO] ApiDb:250 - Set database path to: C:\Users\Bruno\.stmcufinder\plugins\mcufinder//mcu/
2025-07-07 12:49:25,884 [INFO] DbMcusAds:125 - Set database path to: C:\Users\Bruno\.stmcufinder\plugins\mcufinder//mcu/
2025-07-07 12:49:25,909 [INFO] CrossReferenceDbSqlite:203 - Set database path to: C:\Users\Bruno\.stmcufinder\plugins\mcufinder//mcu/cs/
2025-07-07 12:49:26,027 [INFO] RulesReader:64 - Compatibility file has been processed (297 Rules)
2025-07-07 12:49:26,109 [INFO] DbMcusXml:78 - Set database path to: C:\ST\STM32CubeIDE_1.16.1\STM32CubeIDE\plugins\com.st.stm32cube.common.mx_6.13.0.202411220809\\db\/mcu/
2025-07-07 12:49:26,109 [INFO] ApiDb:274 - Set plugin database path to: C:\ST\STM32CubeIDE_1.16.1\STM32CubeIDE\plugins\com.st.stm32cube.common.mx_6.13.0.202411220809\\db\/plugins/boardmanager/
2025-07-07 12:49:26,109 [INFO] ApiDb:261 - Set plugin images path to: C:\ST\STM32CubeIDE_1.16.1\STM32CubeIDE\plugins\com.st.stm32cube.common.mx_6.13.0.202411220809\\db\/plugins/mcufinder/images/
2025-07-07 12:49:26,110 [WARN] DbFile:41 - Overriding database path with different value: C:\Users\Bruno\.stmcufinder\plugins\mcufinder/ => C:\Users\Bruno\.stmcufinder\plugins\mcufinder
2025-07-07 12:49:26,110 [INFO] ApiDb:250 - Set database path to: C:\Users\Bruno\.stmcufinder\plugins\mcufinder//mcu/
2025-07-07 12:49:26,110 [WARN] DbFile:41 - Overriding database path with different value: C:\Users\Bruno\.stmcufinder\plugins\mcufinder/ => C:\Users\Bruno\.stmcufinder\plugins\mcufinder
2025-07-07 12:49:26,110 [INFO] DbMcusAds:125 - Set database path to: C:\Users\Bruno\.stmcufinder\plugins\mcufinder//mcu/
2025-07-07 12:49:26,110 [WARN] DbFile:41 - Overriding database path with different value: C:\Users\Bruno\.stmcufinder\plugins\mcufinder/ => C:\Users\Bruno\.stmcufinder\plugins\mcufinder
2025-07-07 12:49:26,110 [WARN] DbFile:41 - Overriding database path with different value: C:\Users\Bruno\.stmcufinder\plugins\mcufinder/ => C:\Users\Bruno\.stmcufinder\plugins\mcufinder
2025-07-07 12:49:26,110 [INFO] CrossReferenceDbSqlite:203 - Set database path to: C:\Users\Bruno\.stmcufinder\plugins\mcufinder//mcu/cs/
2025-07-07 12:49:26,186 [INFO] MainPanel:272 - HeapMemory: 1073741824
2025-07-07 12:49:26,287 [INFO] DbMcusXml:78 - Set database path to: C:\ST\STM32CubeIDE_1.16.1\STM32CubeIDE\plugins\com.st.stm32cube.common.mx_6.13.0.202411220809\\db\/mcu/
2025-07-07 12:49:26,287 [INFO] ApiDb:274 - Set plugin database path to: C:\ST\STM32CubeIDE_1.16.1\STM32CubeIDE\plugins\com.st.stm32cube.common.mx_6.13.0.202411220809\\db\/plugins/boardmanager/
2025-07-07 12:49:26,287 [INFO] ApiDb:261 - Set plugin images path to: C:\ST\STM32CubeIDE_1.16.1\STM32CubeIDE\plugins\com.st.stm32cube.common.mx_6.13.0.202411220809\\db\/plugins/mcufinder/images/
2025-07-07 12:49:26,288 [WARN] DbFile:41 - Overriding database path with different value: C:\Users\Bruno\.stmcufinder\plugins\mcufinder/ => C:\Users\Bruno\.stmcufinder\plugins\mcufinder
2025-07-07 12:49:26,288 [INFO] ApiDb:250 - Set database path to: C:\Users\Bruno\.stmcufinder\plugins\mcufinder//mcu/
2025-07-07 12:49:26,288 [WARN] DbFile:41 - Overriding database path with different value: C:\Users\Bruno\.stmcufinder\plugins\mcufinder/ => C:\Users\Bruno\.stmcufinder\plugins\mcufinder
2025-07-07 12:49:26,288 [INFO] DbMcusAds:125 - Set database path to: C:\Users\Bruno\.stmcufinder\plugins\mcufinder//mcu/
2025-07-07 12:49:26,288 [WARN] DbFile:41 - Overriding database path with different value: C:\Users\Bruno\.stmcufinder\plugins\mcufinder/ => C:\Users\Bruno\.stmcufinder\plugins\mcufinder
2025-07-07 12:49:26,288 [WARN] DbFile:41 - Overriding database path with different value: C:\Users\Bruno\.stmcufinder\plugins\mcufinder/ => C:\Users\Bruno\.stmcufinder\plugins\mcufinder
2025-07-07 12:49:26,288 [INFO] CrossReferenceDbSqlite:203 - Set database path to: C:\Users\Bruno\.stmcufinder\plugins\mcufinder//mcu/cs/
2025-07-07 12:49:26,307 [INFO] ApplicationProperties:184 - Using Application install path: C:\ST\STM32CubeIDE_1.16.1\STM32CubeIDE\plugins\com.st.stm32cube.common.mx_6.13.0.202411220809
2025-07-07 12:49:26,309 [INFO] PluginManage:196 - Search for loadable plugins [exclusion list=, ]
2025-07-07 12:49:26,310 [INFO] PluginManage:310 - Check plugin analytics
2025-07-07 12:49:26,465 [INFO] AnalyticsPlugin:253 - Accepted Software Licenses: STM32CubeMX.6.6.1,STM32CubeMX.6.13.0
2025-07-07 12:49:26,465 [INFO] AnalyticsPlugin:255 - Accepted CMSIS Pack Licenses: 
2025-07-07 12:49:26,465 [INFO] AnalyticsPlugin:257 - Accepted Firmware Licenses: FW.G0.1.6.0,FW.F4.1.28.0
2025-07-07 12:49:26,466 [INFO] PluginManage:359 - Loaded plugin analytics (category:tool,tabindex:-1)
2025-07-07 12:49:26,466 [INFO] PluginManage:310 - Check plugin cadmodel
2025-07-07 12:49:26,487 [INFO] CADModel:105 - Init CAD model plugin
2025-07-07 12:49:26,487 [INFO] PluginManage:359 - Loaded plugin cadmodel (category:power,tabindex:5)
2025-07-07 12:49:26,487 [INFO] PluginManage:310 - Check plugin clock
2025-07-07 12:49:26,509 [INFO] PluginManage:359 - Loaded plugin clock (category:base,tabindex:2)
2025-07-07 12:49:26,510 [INFO] PluginManage:310 - Check plugin ddr
2025-07-07 12:49:26,512 [INFO] PluginManage:359 - Loaded plugin ddr (category:tool,tabindex:6)
2025-07-07 12:49:26,512 [INFO] PluginManage:310 - Check plugin filemanager
2025-07-07 12:49:26,646 [INFO] PluginManage:359 - Loaded plugin filemanager (category:base,tabindex:10)
2025-07-07 12:49:26,646 [INFO] PluginManage:310 - Check plugin ipmanager
2025-07-07 12:49:26,653 [INFO] PluginManage:359 - Loaded plugin ipmanager (category:base,tabindex:5)
2025-07-07 12:49:26,653 [INFO] PluginManage:310 - Check plugin lpbam
2025-07-07 12:49:26,671 [INFO] PluginManage:359 - Loaded plugin lpbam (category:base,tabindex:0)
2025-07-07 12:49:26,672 [INFO] PluginManage:310 - Check plugin memorymap
2025-07-07 12:49:26,698 [INFO] PluginManage:359 - Loaded plugin memorymap (category:base,tabindex:4)
2025-07-07 12:49:26,698 [INFO] PluginManage:310 - Check plugin pinoutandconfiguration
2025-07-07 12:49:26,720 [INFO] PluginManage:359 - Loaded plugin pinoutandconfiguration (category:base,tabindex:1)
2025-07-07 12:49:26,720 [INFO] PluginManage:310 - Check plugin pinoutconfig
2025-07-07 12:49:26,822 [WARN] SupportedApi:132 - Cannot load RTOS API schema: s4s-elt-must-match.1: The content of 'definitions' must match (annotation?, (simpleType | complexType)?, (unique | key | keyref)*)). A problem was found starting at: attribute.
2025-07-07 12:49:26,959 [INFO] PluginManage:359 - Loaded plugin pinoutconfig (category:base,tabindex:0)
2025-07-07 12:49:26,959 [INFO] PluginManage:310 - Check plugin power
2025-07-07 12:49:26,985 [INFO] PluginManage:359 - Loaded plugin power (category:power,tabindex:4)
2025-07-07 12:49:26,985 [INFO] PluginManage:310 - Check plugin projectmanager
2025-07-07 12:49:27,001 [INFO] PluginManage:359 - Loaded plugin projectmanager (category:projectmanager,tabindex:4)
2025-07-07 12:49:27,001 [INFO] PluginManage:310 - Check plugin rif
2025-07-07 12:49:27,021 [INFO] PluginManage:359 - Loaded plugin rif (category:base,tabindex:3)
2025-07-07 12:49:27,022 [INFO] PluginManage:310 - Check plugin thirdparty
2025-07-07 12:49:27,316 [INFO] PluginManage:359 - Loaded plugin thirdparty (category:base,tabindex:-1)
2025-07-07 12:49:27,316 [WARN] IntegrityCheckThread:84 - waiting for thirdparty lock release [integrity check]
2025-07-07 12:49:27,317 [INFO] IntegrityCheckThread:86 - entering critical section [integrity check]
2025-07-07 12:49:27,317 [INFO] PluginManage:310 - Check plugin tools
2025-07-07 12:49:27,317 [INFO] ThirdPartyUpdaterWithRetryManager:70 - Updater plugin not ready yet. [1/15]
2025-07-07 12:49:27,362 [INFO] PluginManage:359 - Loaded plugin tools (category:base,tabindex:7)
2025-07-07 12:49:27,362 [INFO] PluginManage:310 - Check plugin tutovideos
2025-07-07 12:49:27,550 [INFO] PluginManage:359 - Loaded plugin tutovideos (category:base,tabindex:-1)
2025-07-07 12:49:27,550 [INFO] PluginManage:310 - Check plugin updater
2025-07-07 12:49:27,568 [INFO] PluginManage:359 - Loaded plugin updater (category:base,tabindex:12)
2025-07-07 12:49:27,568 [INFO] PluginManage:310 - Check plugin userauth
2025-07-07 12:49:27,571 [INFO] UserAuth:118 - Init User Auth plugin
2025-07-07 12:49:27,572 [INFO] PluginManage:359 - Loaded plugin userauth (category:base,tabindex:14)
2025-07-07 12:49:27,572 [INFO] PluginManage:283 - PluginManage : Loaded plugins [18]
2025-07-07 12:49:27,766 [INFO] PinOutPanel:1589 - setPackage(No Configuration,No Configuration)
2025-07-07 12:49:27,851 [INFO] CADModel:165 - CPN selected for project level
2025-07-07 12:49:27,851 [INFO] CADModel:114 - Register for checkConnection events
2025-07-07 12:49:27,880 [INFO] IPUIPlugin:80 - create IPUIPlugin
2025-07-07 12:49:27,880 [INFO] PluginManager:220 - loadIPPluginJar : add adc
2025-07-07 12:49:27,934 [INFO] IPUIPlugin:80 - create IPUIPlugin
2025-07-07 12:49:27,935 [INFO] PluginManager:220 - loadIPPluginJar : add aes
2025-07-07 12:49:27,993 [INFO] IPUIPlugin:80 - create IPUIPlugin
2025-07-07 12:49:27,993 [INFO] PluginManager:220 - loadIPPluginJar : add can
2025-07-07 12:49:28,027 [INFO] IPUIPlugin:80 - create IPUIPlugin
2025-07-07 12:49:28,027 [INFO] PluginManager:220 - loadIPPluginJar : add comp
2025-07-07 12:49:28,075 [INFO] IPUIPlugin:80 - create IPUIPlugin
2025-07-07 12:49:28,075 [INFO] PluginManager:220 - loadIPPluginJar : add cryp
2025-07-07 12:49:28,091 [INFO] IPUIPlugin:80 - create IPUIPlugin
2025-07-07 12:49:28,091 [INFO] PluginManager:220 - loadIPPluginJar : add ddr_ctrl_phy
2025-07-07 12:49:28,138 [INFO] IPUIPlugin:80 - create IPUIPlugin
2025-07-07 12:49:28,138 [INFO] PluginManager:220 - loadIPPluginJar : add dfsdm
2025-07-07 12:49:28,156 [INFO] IPUIPlugin:80 - create IPUIPlugin
2025-07-07 12:49:28,157 [INFO] PluginManager:220 - loadIPPluginJar : add dma
2025-07-07 12:49:28,207 [INFO] IPUIPlugin:80 - create IPUIPlugin
2025-07-07 12:49:28,208 [INFO] PluginManager:220 - loadIPPluginJar : add dma3
2025-07-07 12:49:28,264 [INFO] IPUIPlugin:80 - create IPUIPlugin
2025-07-07 12:49:28,264 [INFO] PluginManager:220 - loadIPPluginJar : add extmemmanager
2025-07-07 12:49:28,291 [INFO] IPUIPlugin:80 - create IPUIPlugin
2025-07-07 12:49:28,291 [INFO] PluginManager:220 - loadIPPluginJar : add fatfs
2025-07-07 12:49:28,353 [INFO] IPUIPlugin:80 - create IPUIPlugin
2025-07-07 12:49:28,353 [INFO] PluginManager:220 - loadIPPluginJar : add fmc
2025-07-07 12:49:28,370 [INFO] IPUIPlugin:80 - create IPUIPlugin
2025-07-07 12:49:28,370 [INFO] PluginManager:220 - loadIPPluginJar : add freertos
2025-07-07 12:49:28,398 [INFO] IPUIPlugin:80 - create IPUIPlugin
2025-07-07 12:49:28,398 [INFO] PluginManager:220 - loadIPPluginJar : add genericplugin
2025-07-07 12:49:28,521 [INFO] IPUIPlugin:80 - create IPUIPlugin
2025-07-07 12:49:28,522 [INFO] PluginManager:220 - loadIPPluginJar : add gfxmmu
2025-07-07 12:49:28,691 [INFO] IPUIPlugin:80 - create IPUIPlugin
2025-07-07 12:49:28,691 [INFO] PluginManager:220 - loadIPPluginJar : add gic
2025-07-07 12:49:28,706 [INFO] IPUIPlugin:80 - create IPUIPlugin
2025-07-07 12:49:28,706 [INFO] PluginManager:220 - loadIPPluginJar : add gpio
2025-07-07 12:49:28,824 [INFO] IPUIPlugin:80 - create IPUIPlugin
2025-07-07 12:49:28,824 [INFO] PluginManager:220 - loadIPPluginJar : add gtzc
2025-07-07 12:49:28,866 [INFO] IPUIPlugin:80 - create IPUIPlugin
2025-07-07 12:49:28,866 [INFO] PluginManager:220 - loadIPPluginJar : add hash
2025-07-07 12:49:28,936 [INFO] IPUIPlugin:80 - create IPUIPlugin
2025-07-07 12:49:28,936 [INFO] PluginManager:220 - loadIPPluginJar : add i2c
2025-07-07 12:49:28,987 [INFO] IPUIPlugin:80 - create IPUIPlugin
2025-07-07 12:49:28,987 [INFO] PluginManager:220 - loadIPPluginJar : add i2s
2025-07-07 12:49:29,044 [INFO] IPUIPlugin:80 - create IPUIPlugin
2025-07-07 12:49:29,044 [INFO] PluginManager:220 - loadIPPluginJar : add i3c
2025-07-07 12:49:29,185 [INFO] IPUIPlugin:80 - create IPUIPlugin
2025-07-07 12:49:29,185 [INFO] PluginManager:220 - loadIPPluginJar : add ipddr
2025-07-07 12:49:29,311 [INFO] IPUIPlugin:80 - create IPUIPlugin
2025-07-07 12:49:29,311 [INFO] PluginManager:220 - loadIPPluginJar : add linkedlist
2025-07-07 12:49:29,360 [INFO] IPUIPlugin:80 - create IPUIPlugin
2025-07-07 12:49:29,360 [INFO] PluginManager:220 - loadIPPluginJar : add lorawan
2025-07-07 12:49:29,407 [INFO] IPUIPlugin:80 - create IPUIPlugin
2025-07-07 12:49:29,407 [INFO] PluginManager:220 - loadIPPluginJar : add ltdc
2025-07-07 12:49:29,424 [INFO] IPUIPlugin:80 - create IPUIPlugin
2025-07-07 12:49:29,424 [INFO] PluginManager:220 - loadIPPluginJar : add mdma
2025-07-07 12:49:29,438 [INFO] IPUIPlugin:80 - create IPUIPlugin
2025-07-07 12:49:29,438 [INFO] PluginManager:220 - loadIPPluginJar : add nvic
2025-07-07 12:49:29,486 [INFO] IPUIPlugin:80 - create IPUIPlugin
2025-07-07 12:49:29,486 [INFO] PluginManager:220 - loadIPPluginJar : add opamp
2025-07-07 12:49:29,562 [INFO] IPUIPlugin:80 - create IPUIPlugin
2025-07-07 12:49:29,562 [INFO] PluginManager:220 - loadIPPluginJar : add openamp
2025-07-07 12:49:29,616 [INFO] IPUIPlugin:80 - create IPUIPlugin
2025-07-07 12:49:29,616 [INFO] PluginManager:220 - loadIPPluginJar : add pdm2pcm
2025-07-07 12:49:29,635 [INFO] IPUIPlugin:80 - create IPUIPlugin
2025-07-07 12:49:29,637 [INFO] PluginManager:220 - loadIPPluginJar : add plateformsettings
2025-07-07 12:49:29,673 [INFO] IPUIPlugin:80 - create IPUIPlugin
2025-07-07 12:49:29,673 [INFO] PluginManager:220 - loadIPPluginJar : add quadspi
2025-07-07 12:49:29,713 [INFO] IPUIPlugin:80 - create IPUIPlugin
2025-07-07 12:49:29,714 [INFO] PluginManager:220 - loadIPPluginJar : add radio
2025-07-07 12:49:29,732 [INFO] IPUIPlugin:80 - create IPUIPlugin
2025-07-07 12:49:29,732 [INFO] PluginManager:220 - loadIPPluginJar : add resmgrutility
2025-07-07 12:49:29,795 [INFO] IPUIPlugin:80 - create IPUIPlugin
2025-07-07 12:49:29,795 [INFO] PluginManager:220 - loadIPPluginJar : add sai
2025-07-07 12:49:29,841 [INFO] IPUIPlugin:80 - create IPUIPlugin
2025-07-07 12:49:29,842 [INFO] PluginManager:220 - loadIPPluginJar : add spi
2025-07-07 12:49:29,926 [INFO] IPUIPlugin:80 - create IPUIPlugin
2025-07-07 12:49:29,926 [INFO] PluginManager:220 - loadIPPluginJar : add stm32_wpan
2025-07-07 12:49:29,957 [INFO] IPUIPlugin:80 - create IPUIPlugin
2025-07-07 12:49:29,957 [INFO] PluginManager:220 - loadIPPluginJar : add tim
2025-07-07 12:49:30,031 [INFO] IPUIPlugin:80 - create IPUIPlugin
2025-07-07 12:49:30,031 [INFO] PluginManager:220 - loadIPPluginJar : add touchsensing
2025-07-07 12:49:30,060 [INFO] IPUIPlugin:80 - create IPUIPlugin
2025-07-07 12:49:30,060 [INFO] PluginManager:220 - loadIPPluginJar : add tracer_emb
2025-07-07 12:49:30,090 [INFO] IPUIPlugin:80 - create IPUIPlugin
2025-07-07 12:49:30,090 [INFO] PluginManager:220 - loadIPPluginJar : add ts
2025-07-07 12:49:30,120 [INFO] IPUIPlugin:80 - create IPUIPlugin
2025-07-07 12:49:30,120 [INFO] PluginManager:220 - loadIPPluginJar : add tsc
2025-07-07 12:49:30,148 [INFO] IPUIPlugin:80 - create IPUIPlugin
2025-07-07 12:49:30,148 [INFO] PluginManager:220 - loadIPPluginJar : add ucpd
2025-07-07 12:49:30,203 [INFO] IPUIPlugin:80 - create IPUIPlugin
2025-07-07 12:49:30,203 [INFO] PluginManager:220 - loadIPPluginJar : add usart
2025-07-07 12:49:30,257 [INFO] IPUIPlugin:80 - create IPUIPlugin
2025-07-07 12:49:30,257 [INFO] PluginManager:220 - loadIPPluginJar : add usbx
2025-07-07 12:49:30,318 [INFO] ThirdPartyUpdaterWithRetryManager:70 - Updater plugin not ready yet. [2/15]
2025-07-07 12:49:30,383 [FATAL] Updater:351 - Updater called before beeing initialized
2025-07-07 12:49:30,422 [INFO] RulesReader:64 - Compatibility file has been processed (297 Rules)
2025-07-07 12:49:30,434 [INFO] RulesReader:64 - Compatibility file has been processed (297 Rules)
2025-07-07 12:49:30,440 [INFO] CADModel:165 - CPN selected for project level
2025-07-07 12:49:30,440 [INFO] CADModel:114 - Register for checkConnection events
2025-07-07 12:49:30,441 [FATAL] Updater:351 - Updater called before beeing initialized
2025-07-07 12:49:30,441 [ERROR] CADModel:125 - Updater not yet initialized, retry later 
2025-07-07 12:49:30,587 [FATAL] Updater:351 - Updater called before beeing initialized
2025-07-07 12:49:30,589 [INFO] CADModel:165 - CPN selected for project level
2025-07-07 12:49:30,589 [INFO] CADModel:114 - Register for checkConnection events
2025-07-07 12:49:30,590 [FATAL] Updater:351 - Updater called before beeing initialized
2025-07-07 12:49:30,590 [ERROR] CADModel:125 - Updater not yet initialized, retry later 
2025-07-07 12:49:30,592 [FATAL] Updater:351 - Updater called before beeing initialized
2025-07-07 12:49:30,680 [FATAL] Updater:351 - Updater called before beeing initialized
2025-07-07 12:49:30,694 [INFO] DbMcusAds:53 - JSON generation date=Wed May 07 11:07:55 CEST 2025 (1746608875484)
2025-07-07 12:49:30,694 [FATAL] Updater:351 - Updater called before beeing initialized
2025-07-07 12:49:30,730 [WARN] DetailPanel:346 - Failed to get advertising image, set to default
2025-07-07 12:49:30,997 [FATAL] Updater:351 - Updater called before beeing initialized
2025-07-07 12:49:30,998 [FATAL] Updater:351 - Updater called before beeing initialized
2025-07-07 12:49:30,998 [FATAL] Updater:351 - Updater called before beeing initialized
2025-07-07 12:49:30,998 [WARN] DetailPanel:346 - Failed to get advertising image, set to default
2025-07-07 12:49:30,999 [FATAL] Updater:351 - Updater called before beeing initialized
2025-07-07 12:49:31,055 [ERROR] Updater:1198 - MainUpdater not yet initialized. External WinMGr cannot be set.
2025-07-07 12:49:31,066 [INFO] Updater:1134 - Updater Version found : 6.13.0
2025-07-07 12:49:31,079 [INFO] ApplicationProperties:184 - Using Application install path: C:\ST\STM32CubeIDE_1.16.1\STM32CubeIDE\plugins\com.st.stm32cube.common.mx_6.13.0.202411220809
2025-07-07 12:49:31,426 [INFO] MainUpdater:2872 - connection check result : 10
2025-07-07 12:49:31,426 [INFO] MainUpdater:289 - Updater Check For Update Now.
2025-07-07 12:49:31,426 [INFO] MicroXplorer:498 - Change Database Version : DB.6.0.130
2025-07-07 12:49:31,442 [INFO] McuFinderGlobals:63 - Set McuFinder mode to 2 (CubeIDE integrated)
2025-07-07 12:49:31,450 [INFO] UserAuth:486 - Internet connection configuration mode: 1
2025-07-07 12:49:31,481 [INFO] JxBrowserEngine:152 - Initiate JxBrowser Engine with user profile folder
2025-07-07 12:49:31,675 [INFO] CheckServerUpdateThread:120 - End of CheckServer Thread
2025-07-07 12:49:33,097 [INFO] WebApp:168 - Instantiating new browser for Auth
2025-07-07 12:49:33,705 [WARN] PackLoader:240 - Cannot read IP mode file for STMicroelectronics.FP-SNS-MOTENVWB1.1.4.0
2025-07-07 12:49:33,731 [WARN] PackLoader:240 - Cannot read IP mode file for STMicroelectronics.FP-ATR-ASTRA1.2.0.2
2025-07-07 12:49:33,746 [WARN] PackLoader:240 - Cannot read IP mode file for STMicroelectronics.FP-ATR-ASTRA1.2.0.1
2025-07-07 12:49:33,779 [WARN] PackLoader:240 - Cannot read IP mode file for STMicroelectronics.X-CUBE-SMBUS.2.1.0
2025-07-07 12:49:33,801 [WARN] PackLoader:240 - Cannot read IP mode file for STMicroelectronics.X-CUBE-WB05N.1.1.0
2025-07-07 12:49:33,819 [WARN] PackLoader:240 - Cannot read IP mode file for STMicroelectronics.X-CUBE-ST60.1.0.0
2025-07-07 12:49:33,893 [WARN] PackLoader:240 - Cannot read IP mode file for STMicroelectronics.X-CUBE-MEMS1.9.2.0
2025-07-07 12:49:34,110 [WARN] PackLoader:240 - Cannot read IP mode file for STMicroelectronics.X-CUBE-AZRTOS-F7.1.1.0
2025-07-07 12:49:34,129 [WARN] PackLoader:240 - Cannot read IP mode file for STMicroelectronics.X-CUBE-BLE1.6.2.3
2025-07-07 12:49:34,222 [WARN] PackLoader:240 - Cannot read IP mode file for STMicroelectronics.X-CUBE-MEMS1.11.0.0
2025-07-07 12:49:34,350 [WARN] PackLoader:240 - Cannot read IP mode file for STMicroelectronics.FP-SNS-FLIGHT1.5.0.2
2025-07-07 12:49:34,371 [WARN] PackLoader:240 - Cannot read IP mode file for STMicroelectronics.X-CUBE-TOF1.3.1.0
2025-07-07 12:49:34,407 [WARN] PackLoader:240 - Cannot read IP mode file for STMicroelectronics.X-CUBE-AZRTOS-H7.3.4.0
2025-07-07 12:49:34,425 [WARN] PackLoader:240 - Cannot read IP mode file for STMicroelectronics.X-CUBE-DISPLAY.3.0.0
2025-07-07 12:49:34,443 [WARN] PackLoader:240 - Cannot read IP mode file for STMicroelectronics.X-CUBE-BLE1.7.0.0
2025-07-07 12:49:34,459 [WARN] PackLoader:240 - Cannot read IP mode file for STMicroelectronics.X-CUBE-NFC10.1.0.0
2025-07-07 12:49:34,479 [WARN] PackLoader:240 - Cannot read IP mode file for STMicroelectronics.X-CUBE-BLEMGR.4.0.0
2025-07-07 12:49:34,495 [WARN] PackLoader:240 - Cannot read IP mode file for STMicroelectronics.X-CUBE-AI.7.2.0
2025-07-07 12:49:34,544 [WARN] PackLoader:240 - Cannot read IP mode file for STMicroelectronics.X-CUBE-BLEMGR.3.1.0
2025-07-07 12:49:34,558 [WARN] PackLoader:240 - Cannot read IP mode file for STMicroelectronics.X-CUBE-AI.10.0.0
2025-07-07 12:49:34,574 [WARN] PackLoader:240 - Cannot read IP mode file for STMicroelectronics.FP-SNS-SMARTAG2.1.2.0
2025-07-07 12:49:34,599 [WARN] PackLoader:240 - Cannot read IP mode file for STMicroelectronics.FP-SNS-FLIGHT1.5.1.0
2025-07-07 12:49:34,671 [WARN] PackLoader:240 - Cannot read IP mode file for STMicroelectronics.X-CUBE-MEMS1.11.1.0
2025-07-07 12:49:34,815 [INFO] LogOutputStream:77 - [STDOUT_REDIRECT] 1 : Invalid condition id : UX_CORESTACK_Condition cause : null
2025-07-07 12:49:34,816 [INFO] LogOutputStream:77 - [STDOUT_REDIRECT] 1 : Invalid condition id : UX_CORESTACK_Condition cause : null
2025-07-07 12:49:34,817 [INFO] LogOutputStream:77 - [STDOUT_REDIRECT] 1 : Invalid condition id : UX_CORESTACK_Condition cause : null
2025-07-07 12:49:34,818 [INFO] LogOutputStream:77 - [STDOUT_REDIRECT] 1 : Invalid condition id : UX_CORESTACK_Condition cause : null
2025-07-07 12:49:34,819 [INFO] LogOutputStream:77 - [STDOUT_REDIRECT] 1 : Invalid condition id : UX_CORESTACK_Condition cause : null
2025-07-07 12:49:34,821 [WARN] PackLoader:240 - Cannot read IP mode file for STMicroelectronics.X-CUBE-AZRTOS-WL.2.0.0
2025-07-07 12:49:34,836 [WARN] PackLoader:240 - Cannot read IP mode file for STMicroelectronics.FP-SNS-MOTENV1.5.0.0
2025-07-07 12:49:34,850 [WARN] PackLoader:240 - Cannot read IP mode file for wolfSSL.I-CUBE-wolfMQTT.1.19.0
2025-07-07 12:49:34,881 [WARN] PackLoader:240 - Cannot read IP mode file for WES.I-CUBE-Cesium.1.3.0
2025-07-07 12:49:34,888 [INFO] WebApp:449 - Apply proxy settings
2025-07-07 12:49:34,889 [INFO] WebApp:534 - Chromium requires no authentication
2025-07-07 12:49:34,897 [WARN] PackLoader:240 - Cannot read IP mode file for STMicroelectronics.X-CUBE-BLE2.3.3.0
2025-07-07 12:49:34,910 [INFO] WebApp:477 - Direct internet connection detected
2025-07-07 12:49:34,917 [WARN] PackLoader:240 - Cannot read IP mode file for STMicroelectronics.X-CUBE-DISPLAY.2.2.0
2025-07-07 12:49:34,935 [WARN] PackLoader:240 - Cannot read IP mode file for STMicroelectronics.X-CUBE-NFC9.1.0.0
2025-07-07 12:49:34,951 [INFO] WebApp:880 - Register for checkConnection events
2025-07-07 12:49:34,951 [INFO] WebApp:449 - Apply proxy settings
2025-07-07 12:49:34,952 [INFO] WebApp:534 - Chromium requires no authentication
2025-07-07 12:49:34,952 [INFO] WebApp:477 - Direct internet connection detected
2025-07-07 12:49:34,987 [WARN] PackLoader:240 - Cannot read IP mode file for STMicroelectronics.X-CUBE-AZRTOS-H7.2.1.0
2025-07-07 12:49:35,017 [WARN] PackLoader:240 - Cannot read IP mode file for STMicroelectronics.X-CUBE-BLE1.7.1.0
2025-07-07 12:49:35,047 [WARN] PackLoader:240 - Cannot read IP mode file for STMicroelectronics.X-CUBE-TCPP.4.1.0
2025-07-07 12:49:35,070 [WARN] PackLoader:240 - Cannot read IP mode file for STMicroelectronics.X-CUBE-AI.10.1.0
2025-07-07 12:49:35,088 [WARN] PackLoader:240 - Cannot read IP mode file for STMicroelectronics.X-CUBE-ALGOBUILD.1.3.0
2025-07-07 12:49:35,153 [WARN] PackLoader:240 - Cannot read IP mode file for STMicroelectronics.X-CUBE-MEMS1.11.2.0
2025-07-07 12:49:35,316 [WARN] PackLoader:240 - Cannot read IP mode file for STMicroelectronics.X-CUBE-AZRTOS-G0.1.1.0
2025-07-07 12:49:35,337 [WARN] PackLoader:240 - Cannot read IP mode file for STMicroelectronics.X-CUBE-SAFEA1.1.2.2
2025-07-07 12:49:35,353 [WARN] PackLoader:240 - Cannot read IP mode file for STMicroelectronics.X-CUBE-NFC4.3.0.0
2025-07-07 12:49:35,393 [WARN] PackLoader:240 - Cannot read IP mode file for SEGGER.I-CUBE-embOS.1.2.0
2025-07-07 12:49:35,446 [INFO] WebApp:187 - Connection restablished
2025-07-07 12:49:35,456 [WARN] PackLoader:240 - Cannot read IP mode file for EmbeddedOffice.I-CUBE-FS-RTOS.1.0.1
2025-07-07 12:49:35,471 [WARN] PackLoader:240 - Cannot read IP mode file for STMicroelectronics.X-CUBE-WB05N.2.0.0
2025-07-07 12:49:35,487 [WARN] PackLoader:240 - Cannot read IP mode file for STMicroelectronics.X-CUBE-TCPP.4.2.0
2025-07-07 12:49:35,502 [WARN] PackLoader:240 - Cannot read IP mode file for RealThread.X-CUBE-RT-Thread_Nano.4.1.1
2025-07-07 12:49:35,517 [WARN] PackLoader:240 - Cannot read IP mode file for STMicroelectronics.FP-ATR-SIGFOX1.3.2.0
2025-07-07 12:49:35,530 [WARN] ConditionMgr:438 - getConditionDescription Invalid condition id : Cortex-A Device cause : null
2025-07-07 12:49:35,534 [INFO] WebApp:221 - Starting web application
2025-07-07 12:49:35,534 [INFO] WebApp:579 - Web application path used C:\ST\STM32CubeIDE_1.16.1\STM32CubeIDE\plugins\com.st.stm32cube.common.mx_6.13.0.202411220809\db\plugins\mcufinder\reactClient1\index.html
2025-07-07 12:49:35,552 [WARN] ConditionMgr:1044 - genDependencies : Invalid condition id : Cortex-A Device cause : null
2025-07-07 12:49:35,552 [WARN] ConditionMgr:1044 - genDependencies : Invalid condition id : Cortex-A Device cause : null
2025-07-07 12:49:35,552 [WARN] ConditionMgr:1044 - genDependencies : Invalid condition id : Cortex-A Device cause : null
2025-07-07 12:49:35,567 [WARN] PackLoader:240 - Cannot read IP mode file for STMicroelectronics.X-CUBE-EEPRMA1.5.1.0
2025-07-07 12:49:35,585 [WARN] PackLoader:240 - Cannot read IP mode file for emotas.I-CUBE-CANOPEN.1.1.2
2025-07-07 12:49:35,600 [WARN] PackLoader:240 - Cannot read IP mode file for STMicroelectronics.X-CUBE-TOUCHGFX.4.20.0
2025-07-07 12:49:35,616 [WARN] PackLoader:240 - Cannot read IP mode file for ITTIA_DB.I-CUBE-ITTIADB.8.9.0
2025-07-07 12:49:35,633 [WARN] PackLoader:240 - Cannot read IP mode file for STMicroelectronics.X-CUBE-ST67W61.1.0.0
2025-07-07 12:49:35,664 [WARN] PackLoader:240 - Cannot read IP mode file for SEGGER.I-CUBE-embOS.1.3.1
2025-07-07 12:49:35,742 [WARN] PackLoader:240 - Cannot read IP mode file for STMicroelectronics.X-CUBE-ALGOBUILD.1.4.0
2025-07-07 12:49:35,793 [WARN] PackLoader:240 - Cannot read IP mode file for STMicroelectronics.X-CUBE-MEMS1.11.3.0
2025-07-07 12:49:35,824 [INFO] UserAuth:486 - Internet connection configuration mode: 1
2025-07-07 12:49:35,909 [WARN] PackLoader:240 - Cannot read IP mode file for STMicroelectronics.X-CUBE-AI.9.1.0
2025-07-07 12:49:35,926 [WARN] PackLoader:240 - Cannot read IP mode file for STMicroelectronics.X-CUBE-PM33A1.1.0.0
2025-07-07 12:49:35,942 [WARN] PackLoader:240 - Cannot read IP mode file for STMicroelectronics.X-CUBE-GNSS1.6.0.0
2025-07-07 12:49:35,980 [WARN] PackLoader:240 - Cannot read IP mode file for STMicroelectronics.X-CUBE-AZRTOS-F4.1.1.0
2025-07-07 12:49:35,995 [WARN] PackLoader:240 - Cannot read IP mode file for Avnet-IotConnect.X-CUBE-IoTC-DA16k-PMOD.1.0.0
2025-07-07 12:49:36,009 [WARN] PackLoader:240 - Cannot read IP mode file for STMicroelectronics.X-CUBE-ISPU.2.1.0
2025-07-07 12:49:36,024 [WARN] PackLoader:240 - Cannot read IP mode file for STMicroelectronics.X-CUBE-FREERTOS.1.2.0
2025-07-07 12:49:36,056 [WARN] PackLoader:240 - Cannot read IP mode file for STMicroelectronics.X-CUBE-AZRTOS-L5.2.0.0
2025-07-07 12:49:36,076 [WARN] PackLoader:240 - Cannot read IP mode file for STMicroelectronics.X-CUBE-NFC6.3.1.0
2025-07-07 12:49:36,092 [WARN] PackLoader:240 - Cannot read IP mode file for STMicroelectronics.X-CUBE-DPower.1.2.0
2025-07-07 12:49:36,106 [WARN] PackLoader:240 - Cannot read IP mode file for STMicroelectronics.X-CUBE-NFC4.2.0.4
2025-07-07 12:49:36,137 [WARN] PackLoader:240 - Cannot read IP mode file for STMicroelectronics.X-CUBE-AZRTOS-F4.1.0.0
2025-07-07 12:49:36,152 [WARN] PackLoader:240 - Cannot read IP mode file for STMicroelectronics.X-CUBE-FREERTOS.1.3.1
2025-07-07 12:49:36,166 [WARN] PackLoader:240 - Cannot read IP mode file for STMicroelectronics.X-CUBE-FREERTOS.1.3.0
2025-07-07 12:49:36,237 [WARN] PackLoader:240 - Cannot read IP mode file for STMicroelectronics.X-CUBE-NFC7.1.0.1
2025-07-07 12:49:36,253 [WARN] PackLoader:240 - Cannot read IP mode file for STMicroelectronics.X-CUBE-NFC7.1.0.0
2025-07-07 12:49:36,270 [WARN] PackLoader:240 - Cannot read IP mode file for STMicroelectronics.FP-SNS-STAIOTCFT.1.0.0
2025-07-07 12:49:36,284 [WARN] PackLoader:240 - Cannot read IP mode file for STMicroelectronics.X-CUBE-DPower.1.3.0
2025-07-07 12:49:36,317 [WARN] ConditionMgr:438 - getConditionDescription Invalid condition id : LAN8742 Phy interface Condition cause : null
2025-07-07 12:49:36,318 [WARN] PackLoader:240 - Cannot read IP mode file for STMicroelectronics.X-CUBE-AZRTOS-L4.2.0.0
2025-07-07 12:49:36,319 [WARN] ConditionMgr:1044 - genDependencies : Invalid condition id : LAN8742 Phy interface Condition cause : null
2025-07-07 12:49:36,319 [WARN] ConditionMgr:1044 - genDependencies : Invalid condition id : LAN8742 Phy interface Condition cause : null
2025-07-07 12:49:36,319 [WARN] ConditionMgr:1044 - genDependencies : Invalid condition id : LAN8742 Phy interface Condition cause : null
2025-07-07 12:49:36,337 [WARN] PackLoader:240 - Cannot read IP mode file for STMicroelectronics.X-CUBE-SFXS2LP1.4.0.0
2025-07-07 12:49:36,374 [WARN] PackLoader:240 - Cannot read IP mode file for STMicroelectronics.X-CUBE-AZRTOS-H7.3.3.0
2025-07-07 12:49:36,392 [WARN] PackLoader:240 - Cannot read IP mode file for RoweBots.I-CUBE-UNISONRTOS.5.5.0-4
2025-07-07 12:49:36,407 [WARN] PackLoader:240 - Cannot read IP mode file for wolfSSL.I-CUBE-wolfSSL.5.4.0
2025-07-07 12:49:36,460 [WARN] PackLoader:240 - Cannot read IP mode file for STMicroelectronics.X-CUBE-IPS.3.0.0
2025-07-07 12:49:36,492 [WARN] ConditionMgr:438 - getConditionDescription Invalid condition id : UX DEVICE CLASS RTOS Condition cause : null
2025-07-07 12:49:36,492 [WARN] ConditionMgr:438 - getConditionDescription Invalid condition id : UX DEVICE CLASS RTOS Condition cause : null
2025-07-07 12:49:36,494 [WARN] PackLoader:240 - Cannot read IP mode file for STMicroelectronics.X-CUBE-AZRTOS-WB.2.0.0
2025-07-07 12:49:36,494 [WARN] ConditionMgr:1044 - genDependencies : Invalid condition id : UX DEVICE CLASS RTOS Condition cause : null
2025-07-07 12:49:36,495 [WARN] ConditionMgr:1044 - genDependencies : Invalid condition id : UX DEVICE CLASS RTOS Condition cause : null
2025-07-07 12:49:36,495 [WARN] ConditionMgr:1044 - genDependencies : Invalid condition id : UX DEVICE CLASS RTOS Condition cause : null
2025-07-07 12:49:36,496 [WARN] ConditionMgr:1044 - genDependencies : Invalid condition id : UX DEVICE CLASS RTOS Condition cause : null
2025-07-07 12:49:36,496 [WARN] ConditionMgr:1044 - genDependencies : Invalid condition id : UX DEVICE CLASS RTOS Condition cause : null
2025-07-07 12:49:36,511 [WARN] PackLoader:240 - Cannot read IP mode file for STMicroelectronics.X-CUBE-GNSS1.7.0.0
2025-07-07 12:49:36,527 [WARN] PackLoader:240 - Cannot read IP mode file for STMicroelectronics.X-CUBE-GNSS1.7.0.1
2025-07-07 12:49:36,543 [WARN] PackLoader:240 - Cannot read IP mode file for STMicroelectronics.X-CUBE-BLEMGR.1.0.0
2025-07-07 12:49:36,594 [WARN] PackLoader:240 - Cannot read IP mode file for STMicroelectronics.X-CUBE-TOUCHGFX.4.25.0
2025-07-07 12:49:36,614 [WARN] PackLoader:240 - Cannot read IP mode file for STMicroelectronics.FP-SNS-STBOX1.2.0.0
2025-07-07 12:49:36,635 [WARN] PackLoader:240 - Cannot read IP mode file for STMicroelectronics.X-CUBE-SUBG2.5.0.0
2025-07-07 12:49:36,676 [WARN] PackLoader:240 - Cannot read IP mode file for STMicroelectronics.X-CUBE-AZRTOS-H7RS.1.1.0
2025-07-07 12:49:36,695 [WARN] PackLoader:240 - Cannot read IP mode file for Cesanta.I-CUBE-Mongoose.7.13.0
2025-07-07 12:49:36,730 [WARN] PackLoader:240 - Cannot read IP mode file for STMicroelectronics.X-CUBE-AZRTOS-G4.2.0.0
2025-07-07 12:49:36,745 [WARN] PackLoader:240 - Cannot read IP mode file for STMicroelectronics.FP-ATR-ASTRA1.1.1.0
2025-07-07 12:49:36,760 [WARN] PackLoader:240 - Cannot read IP mode file for STMicroelectronics.X-CUBE-NFC7.2.0.0
2025-07-07 12:49:36,787 [WARN] PackLoader:240 - Cannot read IP mode file for STMicroelectronics.X-CUBE-AZRTOS-G4.1.0.0
2025-07-07 12:49:36,822 [WARN] PackLoader:240 - Cannot read IP mode file for STMicroelectronics.X-CUBE-AZRTOS-L4.1.0.0
2025-07-07 12:49:36,844 [WARN] PackLoader:240 - Cannot read IP mode file for STMicroelectronics.X-CUBE-IPS.3.1.0
2025-07-07 12:49:36,865 [WARN] PackLoader:240 - Cannot read IP mode file for STMicroelectronics.X-CUBE-ALS.1.0.2
2025-07-07 12:49:36,899 [WARN] PackLoader:240 - Cannot read IP mode file for STMicroelectronics.X-CUBE-TOUCHGFX.4.24.2
2025-07-07 12:49:36,922 [WARN] PackLoader:240 - Cannot read IP mode file for STMicroelectronics.X-CUBE-AZRTOS-WL.1.0.0
2025-07-07 12:49:36,936 [WARN] PackLoader:240 - Cannot read IP mode file for STMicroelectronics.X-CUBE-TOUCHGFX.4.24.1
2025-07-07 12:49:36,951 [WARN] PackLoader:240 - Cannot read IP mode file for wolfSSL.I-CUBE-wolfTPM.3.4.0
2025-07-07 12:49:36,966 [WARN] PackLoader:240 - Cannot read IP mode file for portGmbH.I-Cube-SoM-uGOAL.1.1.0
2025-07-07 12:49:36,979 [WARN] PackLoader:240 - Cannot read IP mode file for STMicroelectronics.X-CUBE-ALS.1.0.1
2025-07-07 12:49:37,006 [WARN] PackLoader:240 - Cannot read IP mode file for STMicroelectronics.X-CUBE-AZRTOS-L5.1.0.0
2025-07-07 12:49:37,023 [WARN] PackLoader:240 - Cannot read IP mode file for STMicroelectronics.X-CUBE-EEPRMA1.3.1.1
2025-07-07 12:49:37,055 [WARN] PackLoader:240 - Cannot read IP mode file for STMicroelectronics.X-CUBE-AZRTOS-H7RS.1.0.0
2025-07-07 12:49:37,072 [WARN] PackLoader:240 - Cannot read IP mode file for STMicroelectronics.FP-ATR-ASTRA1.2.0.0
2025-07-07 12:49:37,094 [WARN] PackLoader:240 - Cannot read IP mode file for STMicroelectronics.X-CUBE-TOF1.3.4.2
2025-07-07 12:49:37,124 [WARN] PackLoader:240 - Cannot read IP mode file for STMicroelectronics.X-CUBE-TOF1.3.4.3
2025-07-07 12:49:37,158 [WARN] PackLoader:240 - Cannot read IP mode file for Infineon.AIROC-Wi-Fi-Bluetooth-STM32.1.6.1
2025-07-07 12:49:37,182 [WARN] PackLoader:240 - Cannot read IP mode file for wolfSSL.I-CUBE-wolfSSH.1.4.17
2025-07-07 12:49:37,183 [INFO] ThirdParty:978 - Integrity check success = true
2025-07-07 12:49:37,183 [INFO] IntegrityCheckThread:100 - exiting critical section [integrity check]
2025-07-07 12:49:37,183 [INFO] IntegrityCheckThread:103 - End integrity checks thread
2025-07-07 15:32:38,773 [ERROR] LogOutputStream:75 - [STDERR_REDIRECT] org.eclipse.cdt.managedbuilder.core.BuildException: No toolchain option in toolchain configuration cdt.managedbuild.toolchain.gnu.cross.base.2056087779: 
2025-07-07 15:32:38,776 [ERROR] LogOutputStream:75 - [STDERR_REDIRECT] 	at com.st.stm32cube.ide.mcu.toolchain.ToolChainHelper.getToolChainId(ToolChainHelper.java:166)
2025-07-07 15:32:38,778 [ERROR] LogOutputStream:75 - [STDERR_REDIRECT] 	at com.st.stm32cube.ide.mcu.toolchain.ToolChainHelper.getToolChainInfo(ToolChainHelper.java:109)
2025-07-07 15:32:38,780 [ERROR] LogOutputStream:75 - [STDERR_REDIRECT] 	at com.st.stm32cube.ide.mcu.toolchain.ui.unmanaged.ToolSettingsTab.createControls(ToolSettingsTab.java:149)
2025-07-07 15:32:38,782 [ERROR] LogOutputStream:75 - [STDERR_REDIRECT] 	at org.eclipse.cdt.ui.newui.AbstractCPropertyTab.createControls(AbstractCPropertyTab.java:139)
2025-07-07 15:32:38,783 [ERROR] LogOutputStream:75 - [STDERR_REDIRECT] 	at org.eclipse.cdt.ui.newui.AbstractPage.loadTab(AbstractPage.java:1199)
2025-07-07 15:32:38,785 [ERROR] LogOutputStream:75 - [STDERR_REDIRECT] 	at org.eclipse.cdt.ui.newui.AbstractPage.loadExtensionsSynchronized(AbstractPage.java:1143)
2025-07-07 15:32:38,787 [ERROR] LogOutputStream:75 - [STDERR_REDIRECT] 	at org.eclipse.cdt.ui.newui.AbstractPage.createWidgets(AbstractPage.java:373)
2025-07-07 15:32:38,788 [ERROR] LogOutputStream:75 - [STDERR_REDIRECT] 	at org.eclipse.cdt.ui.newui.AbstractPage.contentForCDT(AbstractPage.java:359)
2025-07-07 15:32:38,790 [ERROR] LogOutputStream:75 - [STDERR_REDIRECT] 	at org.eclipse.cdt.ui.newui.AbstractPage.createContents(AbstractPage.java:256)
2025-07-07 15:32:38,792 [ERROR] LogOutputStream:75 - [STDERR_REDIRECT] 	at org.eclipse.jface.preference.PreferencePage.createControl(PreferencePage.java:244)
2025-07-07 15:32:38,794 [ERROR] LogOutputStream:75 - [STDERR_REDIRECT] 	at org.eclipse.jface.preference.PreferenceDialog.createPageControl(PreferenceDialog.java:1434)
2025-07-07 15:32:38,795 [ERROR] LogOutputStream:75 - [STDERR_REDIRECT] 	at org.eclipse.jface.preference.PreferenceDialog$8.run(PreferenceDialog.java:1197)
2025-07-07 15:32:38,797 [ERROR] LogOutputStream:75 - [STDERR_REDIRECT] 	at org.eclipse.core.runtime.SafeRunner.run(SafeRunner.java:47)
2025-07-07 15:32:38,798 [ERROR] LogOutputStream:75 - [STDERR_REDIRECT] 	at org.eclipse.jface.util.SafeRunnable.run(SafeRunnable.java:174)
2025-07-07 15:32:38,800 [ERROR] LogOutputStream:75 - [STDERR_REDIRECT] 	at org.eclipse.jface.preference.PreferenceDialog.showPage(PreferenceDialog.java:1189)
2025-07-07 15:32:38,802 [ERROR] LogOutputStream:75 - [STDERR_REDIRECT] 	at org.eclipse.ui.internal.dialogs.FilteredPreferenceDialog.showPage(FilteredPreferenceDialog.java:630)
2025-07-07 15:32:38,803 [ERROR] LogOutputStream:75 - [STDERR_REDIRECT] 	at org.eclipse.jface.preference.PreferenceDialog$5.lambda$0(PreferenceDialog.java:661)
2025-07-07 15:32:38,805 [ERROR] LogOutputStream:75 - [STDERR_REDIRECT] 	at org.eclipse.swt.custom.BusyIndicator.showWhile(BusyIndicator.java:67)
2025-07-07 15:32:38,806 [ERROR] LogOutputStream:75 - [STDERR_REDIRECT] 	at org.eclipse.jface.preference.PreferenceDialog$5.selectionChanged(PreferenceDialog.java:658)
2025-07-07 15:32:38,808 [ERROR] LogOutputStream:75 - [STDERR_REDIRECT] 	at org.eclipse.jface.viewers.StructuredViewer$3.run(StructuredViewer.java:821)
2025-07-07 15:32:38,810 [ERROR] LogOutputStream:75 - [STDERR_REDIRECT] 	at org.eclipse.core.runtime.SafeRunner.run(SafeRunner.java:47)
2025-07-07 15:32:38,812 [ERROR] LogOutputStream:75 - [STDERR_REDIRECT] 	at org.eclipse.jface.util.SafeRunnable.run(SafeRunnable.java:174)
2025-07-07 15:32:38,814 [ERROR] LogOutputStream:75 - [STDERR_REDIRECT] 	at org.eclipse.jface.viewers.StructuredViewer.firePostSelectionChanged(StructuredViewer.java:818)
2025-07-07 15:32:38,815 [ERROR] LogOutputStream:75 - [STDERR_REDIRECT] 	at org.eclipse.jface.viewers.ColumnViewer.firePostSelectionChanged(ColumnViewer.java:1070)
2025-07-07 15:32:38,817 [ERROR] LogOutputStream:75 - [STDERR_REDIRECT] 	at org.eclipse.jface.viewers.StructuredViewer.handlePostSelect(StructuredViewer.java:1190)
2025-07-07 15:32:38,819 [ERROR] LogOutputStream:75 - [STDERR_REDIRECT] 	at org.eclipse.swt.events.SelectionListener$1.widgetSelected(SelectionListener.java:84)
2025-07-07 15:32:38,820 [ERROR] LogOutputStream:75 - [STDERR_REDIRECT] 	at org.eclipse.jface.util.OpenStrategy.firePostSelectionEvent(OpenStrategy.java:284)
2025-07-07 15:32:38,822 [ERROR] LogOutputStream:75 - [STDERR_REDIRECT] 	at org.eclipse.jface.util.OpenStrategy$1.lambda$1(OpenStrategy.java:438)
2025-07-07 15:32:38,823 [ERROR] LogOutputStream:75 - [STDERR_REDIRECT] 	at org.eclipse.swt.widgets.RunnableLock.run(RunnableLock.java:40)
2025-07-07 15:32:38,826 [ERROR] LogOutputStream:75 - [STDERR_REDIRECT] 	at org.eclipse.swt.widgets.Synchronizer.runAsyncMessages(Synchronizer.java:132)
2025-07-07 15:32:38,827 [ERROR] LogOutputStream:75 - [STDERR_REDIRECT] 	at org.eclipse.swt.widgets.Display.runAsyncMessages(Display.java:4046)
2025-07-07 15:32:38,828 [ERROR] LogOutputStream:75 - [STDERR_REDIRECT] 	at org.eclipse.swt.widgets.Display.readAndDispatch(Display.java:3662)
2025-07-07 15:32:38,830 [ERROR] LogOutputStream:75 - [STDERR_REDIRECT] 	at org.eclipse.jface.window.Window.runEventLoop(Window.java:823)
2025-07-07 15:32:38,831 [ERROR] LogOutputStream:75 - [STDERR_REDIRECT] 	at org.eclipse.jface.window.Window.open(Window.java:799)
2025-07-07 15:32:38,833 [ERROR] LogOutputStream:75 - [STDERR_REDIRECT] 	at org.eclipse.ui.dialogs.PropertyDialogAction.run(PropertyDialogAction.java:155)
2025-07-07 15:32:38,834 [ERROR] LogOutputStream:75 - [STDERR_REDIRECT] 	at org.eclipse.jface.action.Action.runWithEvent(Action.java:474)
2025-07-07 15:32:38,836 [ERROR] LogOutputStream:75 - [STDERR_REDIRECT] 	at org.eclipse.jface.action.ActionContributionItem.handleWidgetSelection(ActionContributionItem.java:580)
2025-07-07 15:32:38,837 [ERROR] LogOutputStream:75 - [STDERR_REDIRECT] 	at org.eclipse.jface.action.ActionContributionItem.lambda$4(ActionContributionItem.java:414)
2025-07-07 15:32:38,839 [ERROR] LogOutputStream:75 - [STDERR_REDIRECT] 	at org.eclipse.swt.widgets.EventTable.sendEvent(EventTable.java:89)
2025-07-07 15:32:38,840 [ERROR] LogOutputStream:75 - [STDERR_REDIRECT] 	at org.eclipse.swt.widgets.Display.sendEvent(Display.java:4273)
2025-07-07 15:32:38,842 [ERROR] LogOutputStream:75 - [STDERR_REDIRECT] 	at org.eclipse.swt.widgets.Widget.sendEvent(Widget.java:1066)
2025-07-07 15:32:38,843 [ERROR] LogOutputStream:75 - [STDERR_REDIRECT] 	at org.eclipse.swt.widgets.Display.runDeferredEvents(Display.java:4071)
2025-07-07 15:32:38,844 [ERROR] LogOutputStream:75 - [STDERR_REDIRECT] 	at org.eclipse.swt.widgets.Display.readAndDispatch(Display.java:3659)
2025-07-07 15:32:38,846 [ERROR] LogOutputStream:75 - [STDERR_REDIRECT] 	at org.eclipse.e4.ui.internal.workbench.swt.PartRenderingEngine$5.run(PartRenderingEngine.java:1155)
2025-07-07 15:32:38,848 [ERROR] LogOutputStream:75 - [STDERR_REDIRECT] 	at org.eclipse.core.databinding.observable.Realm.runWithDefault(Realm.java:342)
2025-07-07 15:32:38,850 [ERROR] LogOutputStream:75 - [STDERR_REDIRECT] 	at org.eclipse.e4.ui.internal.workbench.swt.PartRenderingEngine.run(PartRenderingEngine.java:1046)
2025-07-07 15:32:38,851 [ERROR] LogOutputStream:75 - [STDERR_REDIRECT] 	at org.eclipse.e4.ui.internal.workbench.E4Workbench.createAndRunUI(E4Workbench.java:155)
2025-07-07 15:32:38,852 [ERROR] LogOutputStream:75 - [STDERR_REDIRECT] 	at org.eclipse.ui.internal.Workbench.lambda$3(Workbench.java:648)
2025-07-07 15:32:38,854 [ERROR] LogOutputStream:75 - [STDERR_REDIRECT] 	at org.eclipse.core.databinding.observable.Realm.runWithDefault(Realm.java:342)
2025-07-07 15:32:38,855 [ERROR] LogOutputStream:75 - [STDERR_REDIRECT] 	at org.eclipse.ui.internal.Workbench.createAndRunWorkbench(Workbench.java:555)
2025-07-07 15:32:38,857 [ERROR] LogOutputStream:75 - [STDERR_REDIRECT] 	at org.eclipse.ui.PlatformUI.createAndRunWorkbench(PlatformUI.java:173)
2025-07-07 15:32:38,859 [ERROR] LogOutputStream:75 - [STDERR_REDIRECT] 	at org.eclipse.ui.internal.ide.application.IDEApplication.start(IDEApplication.java:152)
2025-07-07 15:32:38,861 [ERROR] LogOutputStream:75 - [STDERR_REDIRECT] 	at org.eclipse.equinox.internal.app.EclipseAppHandle.run(EclipseAppHandle.java:208)
2025-07-07 15:32:38,863 [ERROR] LogOutputStream:75 - [STDERR_REDIRECT] 	at org.eclipse.core.runtime.internal.adaptor.EclipseAppLauncher.runApplication(EclipseAppLauncher.java:136)
2025-07-07 15:32:38,864 [ERROR] LogOutputStream:75 - [STDERR_REDIRECT] 	at org.eclipse.core.runtime.internal.adaptor.EclipseAppLauncher.start(EclipseAppLauncher.java:104)
2025-07-07 15:32:38,866 [ERROR] LogOutputStream:75 - [STDERR_REDIRECT] 	at org.eclipse.core.runtime.adaptor.EclipseStarter.run(EclipseStarter.java:402)
2025-07-07 15:32:38,867 [ERROR] LogOutputStream:75 - [STDERR_REDIRECT] 	at org.eclipse.core.runtime.adaptor.EclipseStarter.run(EclipseStarter.java:255)
2025-07-07 15:32:38,869 [ERROR] LogOutputStream:75 - [STDERR_REDIRECT] 	at java.base/jdk.internal.reflect.DirectMethodHandleAccessor.invoke(DirectMethodHandleAccessor.java:103)
2025-07-07 15:32:38,870 [ERROR] LogOutputStream:75 - [STDERR_REDIRECT] 	at java.base/java.lang.reflect.Method.invoke(Method.java:580)
2025-07-07 15:32:38,872 [ERROR] LogOutputStream:75 - [STDERR_REDIRECT] 	at org.eclipse.equinox.launcher.Main.invokeFramework(Main.java:651)
2025-07-07 15:32:38,873 [ERROR] LogOutputStream:75 - [STDERR_REDIRECT] 	at org.eclipse.equinox.launcher.Main.basicRun(Main.java:588)
2025-07-07 15:32:38,874 [ERROR] LogOutputStream:75 - [STDERR_REDIRECT] 	at org.eclipse.equinox.launcher.Main.run(Main.java:1459)
2025-07-07 17:39:46,791 [INFO] Activator:176 - 


2025-07-07 17:39:46,794 [INFO] Activator:177 - !SESSION log4j initialized
2025-07-07 17:40:00,314 [INFO] LogOutputStream:77 - [STDOUT_REDIRECT] 
2025-07-07 17:40:12,769 [INFO] ApplicationProperties:184 - Using Application install path: C:\ST\STM32CubeIDE_1.16.1\STM32CubeIDE\plugins\com.st.stm32cube.common.mx_6.13.0.202411220809
2025-07-07 17:40:12,785 [INFO] DbMcusXml:78 - Set database path to: C:\ST\STM32CubeIDE_1.16.1\STM32CubeIDE\plugins\com.st.stm32cube.common.mx_6.13.0.202411220809\\db\/mcu/
2025-07-07 17:40:12,785 [INFO] ApiDb:274 - Set plugin database path to: C:\ST\STM32CubeIDE_1.16.1\STM32CubeIDE\plugins\com.st.stm32cube.common.mx_6.13.0.202411220809\\db\/plugins/boardmanager/
2025-07-07 17:40:12,786 [WARN] ApiDb:259 - Overriding images path with different value:  => C:\ST\STM32CubeIDE_1.16.1\STM32CubeIDE\plugins\com.st.stm32cube.common.mx_6.13.0.202411220809\\db\/plugins/mcufinder/images/
2025-07-07 17:40:12,791 [INFO] ApiDb:250 - Set database path to: C:\Users\Bruno\.stmcufinder\plugins\mcufinder//mcu/
2025-07-07 17:40:12,792 [INFO] DbMcusAds:125 - Set database path to: C:\Users\Bruno\.stmcufinder\plugins\mcufinder//mcu/
2025-07-07 17:40:12,812 [INFO] CrossReferenceDbSqlite:203 - Set database path to: C:\Users\Bruno\.stmcufinder\plugins\mcufinder//mcu/cs/
2025-07-07 17:40:12,926 [INFO] RulesReader:64 - Compatibility file has been processed (297 Rules)
2025-07-07 17:40:13,004 [INFO] DbMcusXml:78 - Set database path to: C:\ST\STM32CubeIDE_1.16.1\STM32CubeIDE\plugins\com.st.stm32cube.common.mx_6.13.0.202411220809\\db\/mcu/
2025-07-07 17:40:13,004 [INFO] ApiDb:274 - Set plugin database path to: C:\ST\STM32CubeIDE_1.16.1\STM32CubeIDE\plugins\com.st.stm32cube.common.mx_6.13.0.202411220809\\db\/plugins/boardmanager/
2025-07-07 17:40:13,004 [INFO] ApiDb:261 - Set plugin images path to: C:\ST\STM32CubeIDE_1.16.1\STM32CubeIDE\plugins\com.st.stm32cube.common.mx_6.13.0.202411220809\\db\/plugins/mcufinder/images/
2025-07-07 17:40:13,004 [WARN] DbFile:41 - Overriding database path with different value: C:\Users\Bruno\.stmcufinder\plugins\mcufinder/ => C:\Users\Bruno\.stmcufinder\plugins\mcufinder
2025-07-07 17:40:13,005 [INFO] ApiDb:250 - Set database path to: C:\Users\Bruno\.stmcufinder\plugins\mcufinder//mcu/
2025-07-07 17:40:13,005 [WARN] DbFile:41 - Overriding database path with different value: C:\Users\Bruno\.stmcufinder\plugins\mcufinder/ => C:\Users\Bruno\.stmcufinder\plugins\mcufinder
2025-07-07 17:40:13,005 [INFO] DbMcusAds:125 - Set database path to: C:\Users\Bruno\.stmcufinder\plugins\mcufinder//mcu/
2025-07-07 17:40:13,005 [WARN] DbFile:41 - Overriding database path with different value: C:\Users\Bruno\.stmcufinder\plugins\mcufinder/ => C:\Users\Bruno\.stmcufinder\plugins\mcufinder
2025-07-07 17:40:13,005 [WARN] DbFile:41 - Overriding database path with different value: C:\Users\Bruno\.stmcufinder\plugins\mcufinder/ => C:\Users\Bruno\.stmcufinder\plugins\mcufinder
2025-07-07 17:40:13,005 [INFO] CrossReferenceDbSqlite:203 - Set database path to: C:\Users\Bruno\.stmcufinder\plugins\mcufinder//mcu/cs/
2025-07-07 17:40:13,077 [INFO] MainPanel:272 - HeapMemory: 268435456
2025-07-07 17:40:13,170 [INFO] DbMcusXml:78 - Set database path to: C:\ST\STM32CubeIDE_1.16.1\STM32CubeIDE\plugins\com.st.stm32cube.common.mx_6.13.0.202411220809\\db\/mcu/
2025-07-07 17:40:13,170 [INFO] ApiDb:274 - Set plugin database path to: C:\ST\STM32CubeIDE_1.16.1\STM32CubeIDE\plugins\com.st.stm32cube.common.mx_6.13.0.202411220809\\db\/plugins/boardmanager/
2025-07-07 17:40:13,170 [INFO] ApiDb:261 - Set plugin images path to: C:\ST\STM32CubeIDE_1.16.1\STM32CubeIDE\plugins\com.st.stm32cube.common.mx_6.13.0.202411220809\\db\/plugins/mcufinder/images/
2025-07-07 17:40:13,171 [WARN] DbFile:41 - Overriding database path with different value: C:\Users\Bruno\.stmcufinder\plugins\mcufinder/ => C:\Users\Bruno\.stmcufinder\plugins\mcufinder
2025-07-07 17:40:13,171 [INFO] ApiDb:250 - Set database path to: C:\Users\Bruno\.stmcufinder\plugins\mcufinder//mcu/
2025-07-07 17:40:13,171 [WARN] DbFile:41 - Overriding database path with different value: C:\Users\Bruno\.stmcufinder\plugins\mcufinder/ => C:\Users\Bruno\.stmcufinder\plugins\mcufinder
2025-07-07 17:40:13,171 [INFO] DbMcusAds:125 - Set database path to: C:\Users\Bruno\.stmcufinder\plugins\mcufinder//mcu/
2025-07-07 17:40:13,171 [WARN] DbFile:41 - Overriding database path with different value: C:\Users\Bruno\.stmcufinder\plugins\mcufinder/ => C:\Users\Bruno\.stmcufinder\plugins\mcufinder
2025-07-07 17:40:13,171 [WARN] DbFile:41 - Overriding database path with different value: C:\Users\Bruno\.stmcufinder\plugins\mcufinder/ => C:\Users\Bruno\.stmcufinder\plugins\mcufinder
2025-07-07 17:40:13,171 [INFO] CrossReferenceDbSqlite:203 - Set database path to: C:\Users\Bruno\.stmcufinder\plugins\mcufinder//mcu/cs/
2025-07-07 17:40:13,189 [INFO] ApplicationProperties:184 - Using Application install path: C:\ST\STM32CubeIDE_1.16.1\STM32CubeIDE\plugins\com.st.stm32cube.common.mx_6.13.0.202411220809
2025-07-07 17:40:13,190 [INFO] PluginManage:196 - Search for loadable plugins [exclusion list=, ]
2025-07-07 17:40:13,191 [INFO] PluginManage:310 - Check plugin analytics
2025-07-07 17:40:13,346 [INFO] AnalyticsPlugin:253 - Accepted Software Licenses: STM32CubeMX.6.6.1,STM32CubeMX.6.13.0
2025-07-07 17:40:13,346 [INFO] AnalyticsPlugin:255 - Accepted CMSIS Pack Licenses: 
2025-07-07 17:40:13,347 [INFO] AnalyticsPlugin:257 - Accepted Firmware Licenses: FW.G0.1.6.0,FW.F4.1.28.0
2025-07-07 17:40:13,349 [INFO] PluginManage:359 - Loaded plugin analytics (category:tool,tabindex:-1)
2025-07-07 17:40:13,349 [INFO] PluginManage:310 - Check plugin cadmodel
2025-07-07 17:40:13,367 [INFO] CADModel:105 - Init CAD model plugin
2025-07-07 17:40:13,367 [INFO] PluginManage:359 - Loaded plugin cadmodel (category:power,tabindex:5)
2025-07-07 17:40:13,367 [INFO] PluginManage:310 - Check plugin clock
2025-07-07 17:40:13,387 [INFO] PluginManage:359 - Loaded plugin clock (category:base,tabindex:2)
2025-07-07 17:40:13,388 [INFO] PluginManage:310 - Check plugin ddr
2025-07-07 17:40:13,390 [INFO] PluginManage:359 - Loaded plugin ddr (category:tool,tabindex:6)
2025-07-07 17:40:13,390 [INFO] PluginManage:310 - Check plugin filemanager
2025-07-07 17:40:13,518 [INFO] PluginManage:359 - Loaded plugin filemanager (category:base,tabindex:10)
2025-07-07 17:40:13,518 [INFO] PluginManage:310 - Check plugin ipmanager
2025-07-07 17:40:13,525 [INFO] PluginManage:359 - Loaded plugin ipmanager (category:base,tabindex:5)
2025-07-07 17:40:13,525 [INFO] PluginManage:310 - Check plugin lpbam
2025-07-07 17:40:13,544 [INFO] PluginManage:359 - Loaded plugin lpbam (category:base,tabindex:0)
2025-07-07 17:40:13,544 [INFO] PluginManage:310 - Check plugin memorymap
2025-07-07 17:40:13,569 [INFO] PluginManage:359 - Loaded plugin memorymap (category:base,tabindex:4)
2025-07-07 17:40:13,570 [INFO] PluginManage:310 - Check plugin pinoutandconfiguration
2025-07-07 17:40:13,589 [INFO] PluginManage:359 - Loaded plugin pinoutandconfiguration (category:base,tabindex:1)
2025-07-07 17:40:13,589 [INFO] PluginManage:310 - Check plugin pinoutconfig
2025-07-07 17:40:13,681 [WARN] SupportedApi:132 - Cannot load RTOS API schema: s4s-elt-must-match.1: The content of 'definitions' must match (annotation?, (simpleType | complexType)?, (unique | key | keyref)*)). A problem was found starting at: attribute.
2025-07-07 17:40:13,795 [INFO] PluginManage:359 - Loaded plugin pinoutconfig (category:base,tabindex:0)
2025-07-07 17:40:13,795 [INFO] PluginManage:310 - Check plugin power
2025-07-07 17:40:13,816 [INFO] PluginManage:359 - Loaded plugin power (category:power,tabindex:4)
2025-07-07 17:40:13,817 [INFO] PluginManage:310 - Check plugin projectmanager
2025-07-07 17:40:13,830 [INFO] PluginManage:359 - Loaded plugin projectmanager (category:projectmanager,tabindex:4)
2025-07-07 17:40:13,830 [INFO] PluginManage:310 - Check plugin rif
2025-07-07 17:40:13,848 [INFO] PluginManage:359 - Loaded plugin rif (category:base,tabindex:3)
2025-07-07 17:40:13,848 [INFO] PluginManage:310 - Check plugin thirdparty
2025-07-07 17:40:14,117 [INFO] PluginManage:359 - Loaded plugin thirdparty (category:base,tabindex:-1)
2025-07-07 17:40:14,117 [WARN] IntegrityCheckThread:84 - waiting for thirdparty lock release [integrity check]
2025-07-07 17:40:14,117 [INFO] PluginManage:310 - Check plugin tools
2025-07-07 17:40:14,117 [INFO] IntegrityCheckThread:86 - entering critical section [integrity check]
2025-07-07 17:40:14,117 [INFO] ThirdPartyUpdaterWithRetryManager:70 - Updater plugin not ready yet. [1/15]
2025-07-07 17:40:14,165 [INFO] PluginManage:359 - Loaded plugin tools (category:base,tabindex:7)
2025-07-07 17:40:14,165 [INFO] PluginManage:310 - Check plugin tutovideos
2025-07-07 17:40:14,345 [INFO] PluginManage:359 - Loaded plugin tutovideos (category:base,tabindex:-1)
2025-07-07 17:40:14,345 [INFO] PluginManage:310 - Check plugin updater
2025-07-07 17:40:14,364 [INFO] PluginManage:359 - Loaded plugin updater (category:base,tabindex:12)
2025-07-07 17:40:14,365 [INFO] PluginManage:310 - Check plugin userauth
2025-07-07 17:40:14,368 [INFO] UserAuth:118 - Init User Auth plugin
2025-07-07 17:40:14,369 [INFO] PluginManage:359 - Loaded plugin userauth (category:base,tabindex:14)
2025-07-07 17:40:14,369 [INFO] PluginManage:283 - PluginManage : Loaded plugins [18]
2025-07-07 17:40:14,559 [INFO] PinOutPanel:1589 - setPackage(No Configuration,No Configuration)
2025-07-07 17:40:14,645 [INFO] CADModel:165 - CPN selected for project level
2025-07-07 17:40:14,645 [INFO] CADModel:114 - Register for checkConnection events
2025-07-07 17:40:14,673 [INFO] IPUIPlugin:80 - create IPUIPlugin
2025-07-07 17:40:14,674 [INFO] PluginManager:220 - loadIPPluginJar : add adc
2025-07-07 17:40:14,730 [INFO] IPUIPlugin:80 - create IPUIPlugin
2025-07-07 17:40:14,730 [INFO] PluginManager:220 - loadIPPluginJar : add aes
2025-07-07 17:40:14,789 [INFO] IPUIPlugin:80 - create IPUIPlugin
2025-07-07 17:40:14,789 [INFO] PluginManager:220 - loadIPPluginJar : add can
2025-07-07 17:40:14,825 [INFO] IPUIPlugin:80 - create IPUIPlugin
2025-07-07 17:40:14,825 [INFO] PluginManager:220 - loadIPPluginJar : add comp
2025-07-07 17:40:14,875 [INFO] IPUIPlugin:80 - create IPUIPlugin
2025-07-07 17:40:14,875 [INFO] PluginManager:220 - loadIPPluginJar : add cryp
2025-07-07 17:40:14,891 [INFO] IPUIPlugin:80 - create IPUIPlugin
2025-07-07 17:40:14,891 [INFO] PluginManager:220 - loadIPPluginJar : add ddr_ctrl_phy
2025-07-07 17:40:14,894 [INFO] IPUIPlugin:80 - create IPUIPlugin
2025-07-07 17:40:14,894 [INFO] PluginManager:220 - loadIPPluginJar : add dfsdm
2025-07-07 17:40:14,913 [INFO] IPUIPlugin:80 - create IPUIPlugin
2025-07-07 17:40:14,913 [INFO] PluginManager:220 - loadIPPluginJar : add dma
2025-07-07 17:40:14,971 [INFO] IPUIPlugin:80 - create IPUIPlugin
2025-07-07 17:40:14,971 [INFO] PluginManager:220 - loadIPPluginJar : add dma3
2025-07-07 17:40:15,030 [INFO] IPUIPlugin:80 - create IPUIPlugin
2025-07-07 17:40:15,030 [INFO] PluginManager:220 - loadIPPluginJar : add extmemmanager
2025-07-07 17:40:15,059 [INFO] IPUIPlugin:80 - create IPUIPlugin
2025-07-07 17:40:15,059 [INFO] PluginManager:220 - loadIPPluginJar : add fatfs
2025-07-07 17:40:15,120 [INFO] IPUIPlugin:80 - create IPUIPlugin
2025-07-07 17:40:15,120 [INFO] PluginManager:220 - loadIPPluginJar : add fmc
2025-07-07 17:40:15,137 [INFO] IPUIPlugin:80 - create IPUIPlugin
2025-07-07 17:40:15,137 [INFO] PluginManager:220 - loadIPPluginJar : add freertos
2025-07-07 17:40:15,165 [INFO] IPUIPlugin:80 - create IPUIPlugin
2025-07-07 17:40:15,165 [INFO] PluginManager:220 - loadIPPluginJar : add genericplugin
2025-07-07 17:40:15,285 [INFO] IPUIPlugin:80 - create IPUIPlugin
2025-07-07 17:40:15,285 [INFO] PluginManager:220 - loadIPPluginJar : add gfxmmu
2025-07-07 17:40:15,469 [INFO] IPUIPlugin:80 - create IPUIPlugin
2025-07-07 17:40:15,469 [INFO] PluginManager:220 - loadIPPluginJar : add gic
2025-07-07 17:40:15,487 [INFO] IPUIPlugin:80 - create IPUIPlugin
2025-07-07 17:40:15,487 [INFO] PluginManager:220 - loadIPPluginJar : add gpio
2025-07-07 17:40:15,613 [INFO] IPUIPlugin:80 - create IPUIPlugin
2025-07-07 17:40:15,613 [INFO] PluginManager:220 - loadIPPluginJar : add gtzc
2025-07-07 17:40:15,655 [INFO] IPUIPlugin:80 - create IPUIPlugin
2025-07-07 17:40:15,655 [INFO] PluginManager:220 - loadIPPluginJar : add hash
2025-07-07 17:40:15,722 [INFO] IPUIPlugin:80 - create IPUIPlugin
2025-07-07 17:40:15,722 [INFO] PluginManager:220 - loadIPPluginJar : add i2c
2025-07-07 17:40:15,772 [INFO] IPUIPlugin:80 - create IPUIPlugin
2025-07-07 17:40:15,772 [INFO] PluginManager:220 - loadIPPluginJar : add i2s
2025-07-07 17:40:15,825 [INFO] IPUIPlugin:80 - create IPUIPlugin
2025-07-07 17:40:15,825 [INFO] PluginManager:220 - loadIPPluginJar : add i3c
2025-07-07 17:40:15,953 [INFO] IPUIPlugin:80 - create IPUIPlugin
2025-07-07 17:40:15,953 [INFO] PluginManager:220 - loadIPPluginJar : add ipddr
2025-07-07 17:40:16,067 [INFO] IPUIPlugin:80 - create IPUIPlugin
2025-07-07 17:40:16,067 [INFO] PluginManager:220 - loadIPPluginJar : add linkedlist
2025-07-07 17:40:16,071 [INFO] IPUIPlugin:80 - create IPUIPlugin
2025-07-07 17:40:16,071 [INFO] PluginManager:220 - loadIPPluginJar : add lorawan
2025-07-07 17:40:16,118 [INFO] IPUIPlugin:80 - create IPUIPlugin
2025-07-07 17:40:16,118 [INFO] PluginManager:220 - loadIPPluginJar : add ltdc
2025-07-07 17:40:16,134 [INFO] IPUIPlugin:80 - create IPUIPlugin
2025-07-07 17:40:16,134 [INFO] PluginManager:220 - loadIPPluginJar : add mdma
2025-07-07 17:40:16,149 [INFO] IPUIPlugin:80 - create IPUIPlugin
2025-07-07 17:40:16,149 [INFO] PluginManager:220 - loadIPPluginJar : add nvic
2025-07-07 17:40:16,196 [INFO] IPUIPlugin:80 - create IPUIPlugin
2025-07-07 17:40:16,197 [INFO] PluginManager:220 - loadIPPluginJar : add opamp
2025-07-07 17:40:16,285 [INFO] IPUIPlugin:80 - create IPUIPlugin
2025-07-07 17:40:16,285 [INFO] PluginManager:220 - loadIPPluginJar : add openamp
2025-07-07 17:40:16,350 [INFO] IPUIPlugin:80 - create IPUIPlugin
2025-07-07 17:40:16,350 [INFO] PluginManager:220 - loadIPPluginJar : add pdm2pcm
2025-07-07 17:40:16,368 [INFO] IPUIPlugin:80 - create IPUIPlugin
2025-07-07 17:40:16,370 [INFO] PluginManager:220 - loadIPPluginJar : add plateformsettings
2025-07-07 17:40:16,401 [INFO] IPUIPlugin:80 - create IPUIPlugin
2025-07-07 17:40:16,401 [INFO] PluginManager:220 - loadIPPluginJar : add quadspi
2025-07-07 17:40:16,436 [INFO] IPUIPlugin:80 - create IPUIPlugin
2025-07-07 17:40:16,436 [INFO] PluginManager:220 - loadIPPluginJar : add radio
2025-07-07 17:40:16,452 [INFO] IPUIPlugin:80 - create IPUIPlugin
2025-07-07 17:40:16,452 [INFO] PluginManager:220 - loadIPPluginJar : add resmgrutility
2025-07-07 17:40:16,514 [INFO] IPUIPlugin:80 - create IPUIPlugin
2025-07-07 17:40:16,514 [INFO] PluginManager:220 - loadIPPluginJar : add sai
2025-07-07 17:40:16,564 [INFO] IPUIPlugin:80 - create IPUIPlugin
2025-07-07 17:40:16,564 [INFO] PluginManager:220 - loadIPPluginJar : add spi
2025-07-07 17:40:16,647 [INFO] IPUIPlugin:80 - create IPUIPlugin
2025-07-07 17:40:16,648 [INFO] PluginManager:220 - loadIPPluginJar : add stm32_wpan
2025-07-07 17:40:16,678 [INFO] IPUIPlugin:80 - create IPUIPlugin
2025-07-07 17:40:16,679 [INFO] PluginManager:220 - loadIPPluginJar : add tim
2025-07-07 17:40:16,756 [INFO] IPUIPlugin:80 - create IPUIPlugin
2025-07-07 17:40:16,756 [INFO] PluginManager:220 - loadIPPluginJar : add touchsensing
2025-07-07 17:40:16,798 [INFO] IPUIPlugin:80 - create IPUIPlugin
2025-07-07 17:40:16,798 [INFO] PluginManager:220 - loadIPPluginJar : add tracer_emb
2025-07-07 17:40:16,833 [INFO] IPUIPlugin:80 - create IPUIPlugin
2025-07-07 17:40:16,833 [INFO] PluginManager:220 - loadIPPluginJar : add ts
2025-07-07 17:40:16,865 [INFO] IPUIPlugin:80 - create IPUIPlugin
2025-07-07 17:40:16,865 [INFO] PluginManager:220 - loadIPPluginJar : add tsc
2025-07-07 17:40:16,896 [INFO] IPUIPlugin:80 - create IPUIPlugin
2025-07-07 17:40:16,896 [INFO] PluginManager:220 - loadIPPluginJar : add ucpd
2025-07-07 17:40:16,966 [INFO] IPUIPlugin:80 - create IPUIPlugin
2025-07-07 17:40:16,966 [INFO] PluginManager:220 - loadIPPluginJar : add usart
2025-07-07 17:40:17,026 [INFO] IPUIPlugin:80 - create IPUIPlugin
2025-07-07 17:40:17,026 [INFO] PluginManager:220 - loadIPPluginJar : add usbx
2025-07-07 17:40:17,119 [INFO] ThirdPartyUpdaterWithRetryManager:70 - Updater plugin not ready yet. [2/15]
2025-07-07 17:40:17,154 [FATAL] Updater:351 - Updater called before beeing initialized
2025-07-07 17:40:17,208 [INFO] RulesReader:64 - Compatibility file has been processed (297 Rules)
2025-07-07 17:40:17,219 [INFO] RulesReader:64 - Compatibility file has been processed (297 Rules)
2025-07-07 17:40:17,225 [INFO] CADModel:165 - CPN selected for project level
2025-07-07 17:40:17,225 [INFO] CADModel:114 - Register for checkConnection events
2025-07-07 17:40:17,225 [FATAL] Updater:351 - Updater called before beeing initialized
2025-07-07 17:40:17,225 [ERROR] CADModel:125 - Updater not yet initialized, retry later 
2025-07-07 17:40:17,363 [FATAL] Updater:351 - Updater called before beeing initialized
2025-07-07 17:40:17,365 [INFO] CADModel:165 - CPN selected for project level
2025-07-07 17:40:17,365 [INFO] CADModel:114 - Register for checkConnection events
2025-07-07 17:40:17,365 [FATAL] Updater:351 - Updater called before beeing initialized
2025-07-07 17:40:17,365 [ERROR] CADModel:125 - Updater not yet initialized, retry later 
2025-07-07 17:40:17,368 [FATAL] Updater:351 - Updater called before beeing initialized
2025-07-07 17:40:17,467 [FATAL] Updater:351 - Updater called before beeing initialized
2025-07-07 17:40:17,478 [INFO] DbMcusAds:53 - JSON generation date=Wed May 07 11:07:55 CEST 2025 (1746608875484)
2025-07-07 17:40:17,478 [FATAL] Updater:351 - Updater called before beeing initialized
2025-07-07 17:40:17,514 [WARN] DetailPanel:346 - Failed to get advertising image, set to default
2025-07-07 17:40:17,863 [FATAL] Updater:351 - Updater called before beeing initialized
2025-07-07 17:40:17,866 [FATAL] Updater:351 - Updater called before beeing initialized
2025-07-07 17:40:17,866 [FATAL] Updater:351 - Updater called before beeing initialized
2025-07-07 17:40:17,866 [WARN] DetailPanel:346 - Failed to get advertising image, set to default
2025-07-07 17:40:17,867 [FATAL] Updater:351 - Updater called before beeing initialized
2025-07-07 17:40:18,092 [ERROR] Updater:1198 - MainUpdater not yet initialized. External WinMGr cannot be set.
2025-07-07 17:40:18,106 [INFO] Updater:1134 - Updater Version found : 6.13.0
2025-07-07 17:40:18,130 [INFO] ApplicationProperties:184 - Using Application install path: C:\ST\STM32CubeIDE_1.16.1\STM32CubeIDE\plugins\com.st.stm32cube.common.mx_6.13.0.202411220809
2025-07-07 17:40:18,617 [INFO] MainUpdater:2872 - connection check result : 10
2025-07-07 17:40:18,618 [INFO] MainUpdater:289 - Updater Check For Update Now.
2025-07-07 17:40:18,618 [INFO] MicroXplorer:498 - Change Database Version : DB.6.0.130
2025-07-07 17:40:18,633 [INFO] McuFinderGlobals:63 - Set McuFinder mode to 2 (CubeIDE integrated)
2025-07-07 17:40:18,641 [INFO] UserAuth:486 - Internet connection configuration mode: 1
2025-07-07 17:40:18,721 [INFO] JxBrowserEngine:152 - Initiate JxBrowser Engine with user profile folder
2025-07-07 17:40:18,882 [INFO] CheckServerUpdateThread:120 - End of CheckServer Thread
2025-07-07 17:40:20,543 [INFO] WebApp:168 - Instantiating new browser for Auth
2025-07-07 17:40:20,627 [WARN] PackLoader:240 - Cannot read IP mode file for STMicroelectronics.FP-SNS-MOTENVWB1.1.4.0
2025-07-07 17:40:20,648 [WARN] PackLoader:240 - Cannot read IP mode file for STMicroelectronics.FP-ATR-ASTRA1.2.0.2
2025-07-07 17:40:20,673 [WARN] PackLoader:240 - Cannot read IP mode file for STMicroelectronics.FP-ATR-ASTRA1.2.0.1
2025-07-07 17:40:20,704 [WARN] PackLoader:240 - Cannot read IP mode file for STMicroelectronics.X-CUBE-SMBUS.2.1.0
2025-07-07 17:40:20,751 [WARN] PackLoader:240 - Cannot read IP mode file for STMicroelectronics.X-CUBE-WB05N.1.1.0
2025-07-07 17:40:20,766 [WARN] PackLoader:240 - Cannot read IP mode file for STMicroelectronics.X-CUBE-ST60.1.0.0
2025-07-07 17:40:20,846 [WARN] PackLoader:240 - Cannot read IP mode file for STMicroelectronics.X-CUBE-MEMS1.9.2.0
2025-07-07 17:40:21,112 [WARN] PackLoader:240 - Cannot read IP mode file for STMicroelectronics.X-CUBE-AZRTOS-F7.1.1.0
2025-07-07 17:40:21,139 [WARN] PackLoader:240 - Cannot read IP mode file for STMicroelectronics.X-CUBE-BLE1.6.2.3
2025-07-07 17:40:21,208 [WARN] PackLoader:240 - Cannot read IP mode file for STMicroelectronics.X-CUBE-MEMS1.11.0.0
2025-07-07 17:40:21,316 [WARN] PackLoader:240 - Cannot read IP mode file for STMicroelectronics.FP-SNS-FLIGHT1.5.0.2
2025-07-07 17:40:21,341 [WARN] PackLoader:240 - Cannot read IP mode file for STMicroelectronics.X-CUBE-TOF1.3.1.0
2025-07-07 17:40:21,387 [WARN] PackLoader:240 - Cannot read IP mode file for STMicroelectronics.X-CUBE-AZRTOS-H7.3.4.0
2025-07-07 17:40:21,413 [WARN] PackLoader:240 - Cannot read IP mode file for STMicroelectronics.X-CUBE-DISPLAY.3.0.0
2025-07-07 17:40:21,430 [WARN] PackLoader:240 - Cannot read IP mode file for STMicroelectronics.X-CUBE-BLE1.7.0.0
2025-07-07 17:40:21,454 [WARN] PackLoader:240 - Cannot read IP mode file for STMicroelectronics.X-CUBE-NFC10.1.0.0
2025-07-07 17:40:21,479 [WARN] PackLoader:240 - Cannot read IP mode file for STMicroelectronics.X-CUBE-BLEMGR.4.0.0
2025-07-07 17:40:21,617 [WARN] PackLoader:240 - Cannot read IP mode file for STMicroelectronics.X-CUBE-AI.7.2.0
2025-07-07 17:40:21,677 [WARN] PackLoader:240 - Cannot read IP mode file for STMicroelectronics.X-CUBE-BLEMGR.3.1.0
2025-07-07 17:40:21,696 [WARN] PackLoader:240 - Cannot read IP mode file for STMicroelectronics.X-CUBE-AI.10.0.0
2025-07-07 17:40:21,713 [WARN] PackLoader:240 - Cannot read IP mode file for STMicroelectronics.FP-SNS-SMARTAG2.1.2.0
2025-07-07 17:40:21,742 [WARN] PackLoader:240 - Cannot read IP mode file for STMicroelectronics.FP-SNS-FLIGHT1.5.1.0
2025-07-07 17:40:21,858 [WARN] PackLoader:240 - Cannot read IP mode file for STMicroelectronics.X-CUBE-MEMS1.11.1.0
2025-07-07 17:40:21,995 [INFO] LogOutputStream:77 - [STDOUT_REDIRECT] 1 : Invalid condition id : UX_CORESTACK_Condition cause : null
2025-07-07 17:40:21,996 [INFO] LogOutputStream:77 - [STDOUT_REDIRECT] 1 : Invalid condition id : UX_CORESTACK_Condition cause : null
2025-07-07 17:40:21,999 [INFO] LogOutputStream:77 - [STDOUT_REDIRECT] 1 : Invalid condition id : UX_CORESTACK_Condition cause : null
2025-07-07 17:40:22,002 [INFO] LogOutputStream:77 - [STDOUT_REDIRECT] 1 : Invalid condition id : UX_CORESTACK_Condition cause : null
2025-07-07 17:40:22,005 [INFO] LogOutputStream:77 - [STDOUT_REDIRECT] 1 : Invalid condition id : UX_CORESTACK_Condition cause : null
2025-07-07 17:40:22,007 [WARN] PackLoader:240 - Cannot read IP mode file for STMicroelectronics.X-CUBE-AZRTOS-WL.2.0.0
2025-07-07 17:40:22,023 [WARN] PackLoader:240 - Cannot read IP mode file for STMicroelectronics.FP-SNS-MOTENV1.5.0.0
2025-07-07 17:40:22,048 [WARN] PackLoader:240 - Cannot read IP mode file for wolfSSL.I-CUBE-wolfMQTT.1.19.0
2025-07-07 17:40:22,065 [WARN] PackLoader:240 - Cannot read IP mode file for WES.I-CUBE-Cesium.1.3.0
2025-07-07 17:40:22,081 [WARN] PackLoader:240 - Cannot read IP mode file for STMicroelectronics.X-CUBE-BLE2.3.3.0
2025-07-07 17:40:22,097 [WARN] PackLoader:240 - Cannot read IP mode file for STMicroelectronics.X-CUBE-DISPLAY.2.2.0
2025-07-07 17:40:22,115 [WARN] PackLoader:240 - Cannot read IP mode file for STMicroelectronics.X-CUBE-NFC9.1.0.0
2025-07-07 17:40:22,184 [WARN] PackLoader:240 - Cannot read IP mode file for STMicroelectronics.X-CUBE-AZRTOS-H7.2.1.0
2025-07-07 17:40:22,201 [WARN] PackLoader:240 - Cannot read IP mode file for STMicroelectronics.X-CUBE-BLE1.7.1.0
2025-07-07 17:40:22,219 [WARN] PackLoader:240 - Cannot read IP mode file for STMicroelectronics.X-CUBE-TCPP.4.1.0
2025-07-07 17:40:22,234 [WARN] PackLoader:240 - Cannot read IP mode file for STMicroelectronics.X-CUBE-AI.10.1.0
2025-07-07 17:40:22,251 [WARN] PackLoader:240 - Cannot read IP mode file for STMicroelectronics.X-CUBE-ALGOBUILD.1.3.0
2025-07-07 17:40:22,312 [WARN] PackLoader:240 - Cannot read IP mode file for STMicroelectronics.X-CUBE-MEMS1.11.2.0
2025-07-07 17:40:22,460 [WARN] PackLoader:240 - Cannot read IP mode file for STMicroelectronics.X-CUBE-AZRTOS-G0.1.1.0
2025-07-07 17:40:22,480 [WARN] PackLoader:240 - Cannot read IP mode file for STMicroelectronics.X-CUBE-SAFEA1.1.2.2
2025-07-07 17:40:22,495 [WARN] PackLoader:240 - Cannot read IP mode file for STMicroelectronics.X-CUBE-NFC4.3.0.0
2025-07-07 17:40:22,532 [WARN] PackLoader:240 - Cannot read IP mode file for SEGGER.I-CUBE-embOS.1.2.0
2025-07-07 17:40:22,591 [WARN] PackLoader:240 - Cannot read IP mode file for EmbeddedOffice.I-CUBE-FS-RTOS.1.0.1
2025-07-07 17:40:22,605 [WARN] PackLoader:240 - Cannot read IP mode file for STMicroelectronics.X-CUBE-WB05N.2.0.0
2025-07-07 17:40:22,621 [WARN] PackLoader:240 - Cannot read IP mode file for STMicroelectronics.X-CUBE-TCPP.4.2.0
2025-07-07 17:40:22,636 [WARN] PackLoader:240 - Cannot read IP mode file for RealThread.X-CUBE-RT-Thread_Nano.4.1.1
2025-07-07 17:40:22,651 [WARN] PackLoader:240 - Cannot read IP mode file for STMicroelectronics.FP-ATR-SIGFOX1.3.2.0
2025-07-07 17:40:22,665 [WARN] ConditionMgr:438 - getConditionDescription Invalid condition id : Cortex-A Device cause : null
2025-07-07 17:40:22,691 [WARN] ConditionMgr:1044 - genDependencies : Invalid condition id : Cortex-A Device cause : null
2025-07-07 17:40:22,691 [WARN] ConditionMgr:1044 - genDependencies : Invalid condition id : Cortex-A Device cause : null
2025-07-07 17:40:22,691 [WARN] ConditionMgr:1044 - genDependencies : Invalid condition id : Cortex-A Device cause : null
2025-07-07 17:40:22,706 [WARN] PackLoader:240 - Cannot read IP mode file for STMicroelectronics.X-CUBE-EEPRMA1.5.1.0
2025-07-07 17:40:22,725 [WARN] PackLoader:240 - Cannot read IP mode file for emotas.I-CUBE-CANOPEN.1.1.2
2025-07-07 17:40:22,741 [WARN] PackLoader:240 - Cannot read IP mode file for STMicroelectronics.X-CUBE-TOUCHGFX.4.20.0
2025-07-07 17:40:22,756 [WARN] PackLoader:240 - Cannot read IP mode file for ITTIA_DB.I-CUBE-ITTIADB.8.9.0
2025-07-07 17:40:22,775 [WARN] PackLoader:240 - Cannot read IP mode file for STMicroelectronics.X-CUBE-ST67W61.1.0.0
2025-07-07 17:40:22,830 [WARN] PackLoader:240 - Cannot read IP mode file for SEGGER.I-CUBE-embOS.1.3.1
2025-07-07 17:40:22,874 [WARN] PackLoader:240 - Cannot read IP mode file for STMicroelectronics.X-CUBE-ALGOBUILD.1.4.0
2025-07-07 17:40:22,952 [WARN] PackLoader:240 - Cannot read IP mode file for STMicroelectronics.X-CUBE-MEMS1.11.3.0
2025-07-07 17:40:23,182 [WARN] PackLoader:240 - Cannot read IP mode file for STMicroelectronics.X-CUBE-AI.9.1.0
2025-07-07 17:40:23,348 [INFO] WebApp:449 - Apply proxy settings
2025-07-07 17:40:23,349 [INFO] WebApp:534 - Chromium requires no authentication
2025-07-07 17:40:23,351 [WARN] PackLoader:240 - Cannot read IP mode file for STMicroelectronics.X-CUBE-PM33A1.1.0.0
2025-07-07 17:40:23,372 [WARN] PackLoader:240 - Cannot read IP mode file for STMicroelectronics.X-CUBE-GNSS1.6.0.0
2025-07-07 17:40:23,383 [INFO] WebApp:477 - Direct internet connection detected
2025-07-07 17:40:23,403 [WARN] PackLoader:240 - Cannot read IP mode file for STMicroelectronics.X-CUBE-AZRTOS-F4.1.1.0
2025-07-07 17:40:23,410 [WARN] PackLoader:240 - Cannot read IP mode file for Avnet-IotConnect.X-CUBE-IoTC-DA16k-PMOD.1.0.0
2025-07-07 17:40:23,426 [INFO] WebApp:880 - Register for checkConnection events
2025-07-07 17:40:23,426 [INFO] WebApp:449 - Apply proxy settings
2025-07-07 17:40:23,426 [INFO] WebApp:534 - Chromium requires no authentication
2025-07-07 17:40:23,427 [INFO] WebApp:477 - Direct internet connection detected
2025-07-07 17:40:23,429 [WARN] PackLoader:240 - Cannot read IP mode file for STMicroelectronics.X-CUBE-ISPU.2.1.0
2025-07-07 17:40:23,455 [WARN] PackLoader:240 - Cannot read IP mode file for STMicroelectronics.X-CUBE-FREERTOS.1.2.0
2025-07-07 17:40:23,624 [WARN] PackLoader:240 - Cannot read IP mode file for STMicroelectronics.X-CUBE-AZRTOS-L5.2.0.0
2025-07-07 17:40:23,646 [WARN] PackLoader:240 - Cannot read IP mode file for STMicroelectronics.X-CUBE-NFC6.3.1.0
2025-07-07 17:40:23,721 [WARN] PackLoader:240 - Cannot read IP mode file for STMicroelectronics.X-CUBE-DPower.1.2.0
2025-07-07 17:40:23,798 [WARN] PackLoader:240 - Cannot read IP mode file for STMicroelectronics.X-CUBE-NFC4.2.0.4
2025-07-07 17:40:23,827 [WARN] PackLoader:240 - Cannot read IP mode file for STMicroelectronics.X-CUBE-AZRTOS-F4.1.0.0
2025-07-07 17:40:23,842 [WARN] PackLoader:240 - Cannot read IP mode file for STMicroelectronics.X-CUBE-FREERTOS.1.3.1
2025-07-07 17:40:23,859 [WARN] PackLoader:240 - Cannot read IP mode file for STMicroelectronics.X-CUBE-FREERTOS.1.3.0
2025-07-07 17:40:23,877 [WARN] PackLoader:240 - Cannot read IP mode file for STMicroelectronics.X-CUBE-NFC7.1.0.1
2025-07-07 17:40:23,890 [WARN] PackLoader:240 - Cannot read IP mode file for STMicroelectronics.X-CUBE-NFC7.1.0.0
2025-07-07 17:40:23,908 [WARN] PackLoader:240 - Cannot read IP mode file for STMicroelectronics.FP-SNS-STAIOTCFT.1.0.0
2025-07-07 17:40:23,914 [INFO] WebApp:221 - Starting web application
2025-07-07 17:40:23,914 [INFO] WebApp:579 - Web application path used C:\ST\STM32CubeIDE_1.16.1\STM32CubeIDE\plugins\com.st.stm32cube.common.mx_6.13.0.202411220809\db\plugins\mcufinder\reactClient1\index.html
2025-07-07 17:40:23,922 [WARN] PackLoader:240 - Cannot read IP mode file for STMicroelectronics.X-CUBE-DPower.1.3.0
2025-07-07 17:40:23,961 [WARN] ConditionMgr:438 - getConditionDescription Invalid condition id : LAN8742 Phy interface Condition cause : null
2025-07-07 17:40:23,961 [WARN] PackLoader:240 - Cannot read IP mode file for STMicroelectronics.X-CUBE-AZRTOS-L4.2.0.0
2025-07-07 17:40:23,962 [WARN] ConditionMgr:1044 - genDependencies : Invalid condition id : LAN8742 Phy interface Condition cause : null
2025-07-07 17:40:23,962 [WARN] ConditionMgr:1044 - genDependencies : Invalid condition id : LAN8742 Phy interface Condition cause : null
2025-07-07 17:40:23,962 [WARN] ConditionMgr:1044 - genDependencies : Invalid condition id : LAN8742 Phy interface Condition cause : null
2025-07-07 17:40:23,994 [WARN] PackLoader:240 - Cannot read IP mode file for STMicroelectronics.X-CUBE-SFXS2LP1.4.0.0
2025-07-07 17:40:24,027 [WARN] PackLoader:240 - Cannot read IP mode file for STMicroelectronics.X-CUBE-AZRTOS-H7.3.3.0
2025-07-07 17:40:24,058 [WARN] PackLoader:240 - Cannot read IP mode file for RoweBots.I-CUBE-UNISONRTOS.5.5.0-4
2025-07-07 17:40:24,074 [WARN] PackLoader:240 - Cannot read IP mode file for wolfSSL.I-CUBE-wolfSSL.5.4.0
2025-07-07 17:40:24,105 [WARN] PackLoader:240 - Cannot read IP mode file for STMicroelectronics.X-CUBE-IPS.3.0.0
2025-07-07 17:40:24,142 [WARN] ConditionMgr:438 - getConditionDescription Invalid condition id : UX DEVICE CLASS RTOS Condition cause : null
2025-07-07 17:40:24,142 [WARN] ConditionMgr:438 - getConditionDescription Invalid condition id : UX DEVICE CLASS RTOS Condition cause : null
2025-07-07 17:40:24,144 [WARN] PackLoader:240 - Cannot read IP mode file for STMicroelectronics.X-CUBE-AZRTOS-WB.2.0.0
2025-07-07 17:40:24,144 [WARN] ConditionMgr:1044 - genDependencies : Invalid condition id : UX DEVICE CLASS RTOS Condition cause : null
2025-07-07 17:40:24,144 [WARN] ConditionMgr:1044 - genDependencies : Invalid condition id : UX DEVICE CLASS RTOS Condition cause : null
2025-07-07 17:40:24,144 [WARN] ConditionMgr:1044 - genDependencies : Invalid condition id : UX DEVICE CLASS RTOS Condition cause : null
2025-07-07 17:40:24,145 [WARN] ConditionMgr:1044 - genDependencies : Invalid condition id : UX DEVICE CLASS RTOS Condition cause : null
2025-07-07 17:40:24,145 [WARN] ConditionMgr:1044 - genDependencies : Invalid condition id : UX DEVICE CLASS RTOS Condition cause : null
2025-07-07 17:40:24,169 [WARN] PackLoader:240 - Cannot read IP mode file for STMicroelectronics.X-CUBE-GNSS1.7.0.0
2025-07-07 17:40:24,192 [WARN] PackLoader:240 - Cannot read IP mode file for STMicroelectronics.X-CUBE-GNSS1.7.0.1
2025-07-07 17:40:24,208 [WARN] PackLoader:240 - Cannot read IP mode file for STMicroelectronics.X-CUBE-BLEMGR.1.0.0
2025-07-07 17:40:24,226 [WARN] PackLoader:240 - Cannot read IP mode file for STMicroelectronics.X-CUBE-TOUCHGFX.4.25.0
2025-07-07 17:40:24,245 [WARN] PackLoader:240 - Cannot read IP mode file for STMicroelectronics.FP-SNS-STBOX1.2.0.0
2025-07-07 17:40:24,272 [WARN] PackLoader:240 - Cannot read IP mode file for STMicroelectronics.X-CUBE-SUBG2.5.0.0
2025-07-07 17:40:24,321 [WARN] PackLoader:240 - Cannot read IP mode file for STMicroelectronics.X-CUBE-AZRTOS-H7RS.1.1.0
2025-07-07 17:40:24,366 [INFO] UserAuth:486 - Internet connection configuration mode: 1
2025-07-07 17:40:24,394 [WARN] PackLoader:240 - Cannot read IP mode file for Cesanta.I-CUBE-Mongoose.7.13.0
2025-07-07 17:40:24,431 [WARN] PackLoader:240 - Cannot read IP mode file for STMicroelectronics.X-CUBE-AZRTOS-G4.2.0.0
2025-07-07 17:40:24,438 [WARN] PackLoader:240 - Cannot read IP mode file for STMicroelectronics.FP-ATR-ASTRA1.1.1.0
2025-07-07 17:40:24,452 [WARN] PackLoader:240 - Cannot read IP mode file for STMicroelectronics.X-CUBE-NFC7.2.0.0
2025-07-07 17:40:24,486 [WARN] PackLoader:240 - Cannot read IP mode file for STMicroelectronics.X-CUBE-AZRTOS-G4.1.0.0
2025-07-07 17:40:24,517 [WARN] PackLoader:240 - Cannot read IP mode file for STMicroelectronics.X-CUBE-AZRTOS-L4.1.0.0
2025-07-07 17:40:24,539 [WARN] PackLoader:240 - Cannot read IP mode file for STMicroelectronics.X-CUBE-IPS.3.1.0
2025-07-07 17:40:24,578 [WARN] PackLoader:240 - Cannot read IP mode file for STMicroelectronics.X-CUBE-ALS.1.0.2
2025-07-07 17:40:24,592 [WARN] PackLoader:240 - Cannot read IP mode file for STMicroelectronics.X-CUBE-TOUCHGFX.4.24.2
2025-07-07 17:40:24,615 [WARN] PackLoader:240 - Cannot read IP mode file for STMicroelectronics.X-CUBE-AZRTOS-WL.1.0.0
2025-07-07 17:40:24,630 [WARN] PackLoader:240 - Cannot read IP mode file for STMicroelectronics.X-CUBE-TOUCHGFX.4.24.1
2025-07-07 17:40:24,645 [WARN] PackLoader:240 - Cannot read IP mode file for wolfSSL.I-CUBE-wolfTPM.3.4.0
2025-07-07 17:40:24,663 [WARN] PackLoader:240 - Cannot read IP mode file for portGmbH.I-Cube-SoM-uGOAL.1.1.0
2025-07-07 17:40:24,669 [INFO] WebApp:187 - Connection restablished
2025-07-07 17:40:24,678 [WARN] PackLoader:240 - Cannot read IP mode file for STMicroelectronics.X-CUBE-ALS.1.0.1
2025-07-07 17:40:24,708 [WARN] PackLoader:240 - Cannot read IP mode file for STMicroelectronics.X-CUBE-AZRTOS-L5.1.0.0
2025-07-07 17:40:24,724 [WARN] PackLoader:240 - Cannot read IP mode file for STMicroelectronics.X-CUBE-EEPRMA1.3.1.1
2025-07-07 17:40:24,761 [WARN] PackLoader:240 - Cannot read IP mode file for STMicroelectronics.X-CUBE-AZRTOS-H7RS.1.0.0
2025-07-07 17:40:24,779 [WARN] PackLoader:240 - Cannot read IP mode file for STMicroelectronics.FP-ATR-ASTRA1.2.0.0
2025-07-07 17:40:24,800 [WARN] PackLoader:240 - Cannot read IP mode file for STMicroelectronics.X-CUBE-TOF1.3.4.2
2025-07-07 17:40:24,839 [WARN] PackLoader:240 - Cannot read IP mode file for STMicroelectronics.X-CUBE-TOF1.3.4.3
2025-07-07 17:40:24,875 [WARN] PackLoader:240 - Cannot read IP mode file for Infineon.AIROC-Wi-Fi-Bluetooth-STM32.1.6.1
2025-07-07 17:40:24,918 [WARN] PackLoader:240 - Cannot read IP mode file for wolfSSL.I-CUBE-wolfSSH.1.4.17
2025-07-07 17:40:24,918 [INFO] ThirdParty:978 - Integrity check success = true
2025-07-07 17:40:24,918 [INFO] IntegrityCheckThread:100 - exiting critical section [integrity check]
2025-07-07 17:40:24,918 [INFO] IntegrityCheckThread:103 - End integrity checks thread
