2025-04-05 22:20:55,635 [ERROR] LogOutputStream:75 - [STDERR_REDIRECT] org.eclipse.cdt.managedbuilder.core.BuildException: No toolchain option in toolchain configuration cdt.managedbuild.toolchain.gnu.cross.base.2056087779: 
2025-04-05 22:20:55,659 [ERROR] LogOutputStream:75 - [STDERR_REDIRECT] 	at com.st.stm32cube.ide.mcu.toolchain.ToolChainHelper.getToolChainId(ToolChainHelper.java:166)
2025-04-05 22:20:55,661 [ERROR] LogOutputStream:75 - [STDERR_REDIRECT] 	at com.st.stm32cube.ide.mcu.toolchain.ToolChainHelper.getToolChainInfo(ToolChainHelper.java:109)
2025-04-05 22:20:55,663 [ERROR] LogOutputStream:75 - [STDERR_REDIRECT] 	at com.st.stm32cube.ide.mcu.toolchain.ui.unmanaged.ToolSettingsTab.createControls(ToolSettingsTab.java:149)
2025-04-05 22:20:55,665 [ERROR] LogOutputStream:75 - [STDERR_REDIRECT] 	at org.eclipse.cdt.ui.newui.AbstractCPropertyTab.createControls(AbstractCPropertyTab.java:139)
2025-04-05 22:20:55,666 [ERROR] LogOutputStream:75 - [STDERR_REDIRECT] 	at org.eclipse.cdt.ui.newui.AbstractPage.loadTab(AbstractPage.java:1199)
2025-04-05 22:20:55,669 [ERROR] LogOutputStream:75 - [STDERR_REDIRECT] 	at org.eclipse.cdt.ui.newui.AbstractPage.loadExtensionsSynchronized(AbstractPage.java:1143)
2025-04-05 22:20:55,671 [ERROR] LogOutputStream:75 - [STDERR_REDIRECT] 	at org.eclipse.cdt.ui.newui.AbstractPage.createWidgets(AbstractPage.java:373)
2025-04-05 22:20:55,673 [ERROR] LogOutputStream:75 - [STDERR_REDIRECT] 	at org.eclipse.cdt.ui.newui.AbstractPage.contentForCDT(AbstractPage.java:359)
2025-04-05 22:20:55,674 [ERROR] LogOutputStream:75 - [STDERR_REDIRECT] 	at org.eclipse.cdt.ui.newui.AbstractPage.createContents(AbstractPage.java:256)
2025-04-05 22:20:55,676 [ERROR] LogOutputStream:75 - [STDERR_REDIRECT] 	at org.eclipse.jface.preference.PreferencePage.createControl(PreferencePage.java:244)
2025-04-05 22:20:55,678 [ERROR] LogOutputStream:75 - [STDERR_REDIRECT] 	at org.eclipse.jface.preference.PreferenceDialog.createPageControl(PreferenceDialog.java:1434)
2025-04-05 22:20:55,679 [ERROR] LogOutputStream:75 - [STDERR_REDIRECT] 	at org.eclipse.jface.preference.PreferenceDialog$8.run(PreferenceDialog.java:1197)
2025-04-05 22:20:55,681 [ERROR] LogOutputStream:75 - [STDERR_REDIRECT] 	at org.eclipse.core.runtime.SafeRunner.run(SafeRunner.java:47)
2025-04-05 22:20:55,682 [ERROR] LogOutputStream:75 - [STDERR_REDIRECT] 	at org.eclipse.jface.util.SafeRunnable.run(SafeRunnable.java:174)
2025-04-05 22:20:55,684 [ERROR] LogOutputStream:75 - [STDERR_REDIRECT] 	at org.eclipse.jface.preference.PreferenceDialog.showPage(PreferenceDialog.java:1189)
2025-04-05 22:20:55,686 [ERROR] LogOutputStream:75 - [STDERR_REDIRECT] 	at org.eclipse.ui.internal.dialogs.FilteredPreferenceDialog.showPage(FilteredPreferenceDialog.java:630)
2025-04-05 22:20:55,687 [ERROR] LogOutputStream:75 - [STDERR_REDIRECT] 	at org.eclipse.jface.preference.PreferenceDialog$5.lambda$0(PreferenceDialog.java:661)
2025-04-05 22:20:55,689 [ERROR] LogOutputStream:75 - [STDERR_REDIRECT] 	at org.eclipse.swt.custom.BusyIndicator.showWhile(BusyIndicator.java:67)
2025-04-05 22:20:55,691 [ERROR] LogOutputStream:75 - [STDERR_REDIRECT] 	at org.eclipse.jface.preference.PreferenceDialog$5.selectionChanged(PreferenceDialog.java:658)
2025-04-05 22:20:55,692 [ERROR] LogOutputStream:75 - [STDERR_REDIRECT] 	at org.eclipse.jface.viewers.StructuredViewer$3.run(StructuredViewer.java:821)
2025-04-05 22:20:55,693 [ERROR] LogOutputStream:75 - [STDERR_REDIRECT] 	at org.eclipse.core.runtime.SafeRunner.run(SafeRunner.java:47)
2025-04-05 22:20:55,695 [ERROR] LogOutputStream:75 - [STDERR_REDIRECT] 	at org.eclipse.jface.util.SafeRunnable.run(SafeRunnable.java:174)
2025-04-05 22:20:55,696 [ERROR] LogOutputStream:75 - [STDERR_REDIRECT] 	at org.eclipse.jface.viewers.StructuredViewer.firePostSelectionChanged(StructuredViewer.java:818)
2025-04-05 22:20:55,698 [ERROR] LogOutputStream:75 - [STDERR_REDIRECT] 	at org.eclipse.jface.viewers.ColumnViewer.firePostSelectionChanged(ColumnViewer.java:1070)
2025-04-05 22:20:55,700 [ERROR] LogOutputStream:75 - [STDERR_REDIRECT] 	at org.eclipse.jface.viewers.StructuredViewer.handlePostSelect(StructuredViewer.java:1190)
2025-04-05 22:20:55,702 [ERROR] LogOutputStream:75 - [STDERR_REDIRECT] 	at org.eclipse.swt.events.SelectionListener$1.widgetSelected(SelectionListener.java:84)
2025-04-05 22:20:55,703 [ERROR] LogOutputStream:75 - [STDERR_REDIRECT] 	at org.eclipse.jface.util.OpenStrategy.firePostSelectionEvent(OpenStrategy.java:284)
2025-04-05 22:20:55,705 [ERROR] LogOutputStream:75 - [STDERR_REDIRECT] 	at org.eclipse.jface.util.OpenStrategy$1.lambda$1(OpenStrategy.java:438)
2025-04-05 22:20:55,706 [ERROR] LogOutputStream:75 - [STDERR_REDIRECT] 	at org.eclipse.swt.widgets.RunnableLock.run(RunnableLock.java:40)
2025-04-05 22:20:55,707 [ERROR] LogOutputStream:75 - [STDERR_REDIRECT] 	at org.eclipse.swt.widgets.Synchronizer.runAsyncMessages(Synchronizer.java:132)
2025-04-05 22:20:55,709 [ERROR] LogOutputStream:75 - [STDERR_REDIRECT] 	at org.eclipse.swt.widgets.Display.runAsyncMessages(Display.java:4046)
2025-04-05 22:20:55,710 [ERROR] LogOutputStream:75 - [STDERR_REDIRECT] 	at org.eclipse.swt.widgets.Display.readAndDispatch(Display.java:3662)
2025-04-05 22:20:55,711 [ERROR] LogOutputStream:75 - [STDERR_REDIRECT] 	at org.eclipse.jface.window.Window.runEventLoop(Window.java:823)
2025-04-05 22:20:55,713 [ERROR] LogOutputStream:75 - [STDERR_REDIRECT] 	at org.eclipse.jface.window.Window.open(Window.java:799)
2025-04-05 22:20:55,714 [ERROR] LogOutputStream:75 - [STDERR_REDIRECT] 	at org.eclipse.ui.dialogs.PropertyDialogAction.run(PropertyDialogAction.java:155)
2025-04-05 22:20:55,716 [ERROR] LogOutputStream:75 - [STDERR_REDIRECT] 	at org.eclipse.ui.internal.ide.actions.ProjectPropertyDialogAction.run(ProjectPropertyDialogAction.java:81)
2025-04-05 22:20:55,717 [ERROR] LogOutputStream:75 - [STDERR_REDIRECT] 	at org.eclipse.jface.action.Action.runWithEvent(Action.java:474)
2025-04-05 22:20:55,719 [ERROR] LogOutputStream:75 - [STDERR_REDIRECT] 	at org.eclipse.jface.action.ActionContributionItem.handleWidgetSelection(ActionContributionItem.java:580)
2025-04-05 22:20:55,721 [ERROR] LogOutputStream:75 - [STDERR_REDIRECT] 	at org.eclipse.jface.action.ActionContributionItem.lambda$4(ActionContributionItem.java:414)
2025-04-05 22:20:55,723 [ERROR] LogOutputStream:75 - [STDERR_REDIRECT] 	at org.eclipse.swt.widgets.EventTable.sendEvent(EventTable.java:89)
2025-04-05 22:20:55,724 [ERROR] LogOutputStream:75 - [STDERR_REDIRECT] 	at org.eclipse.swt.widgets.Display.sendEvent(Display.java:4273)
2025-04-05 22:20:55,725 [ERROR] LogOutputStream:75 - [STDERR_REDIRECT] 	at org.eclipse.swt.widgets.Widget.sendEvent(Widget.java:1066)
2025-04-05 22:20:55,727 [ERROR] LogOutputStream:75 - [STDERR_REDIRECT] 	at org.eclipse.swt.widgets.Display.runDeferredEvents(Display.java:4071)
2025-04-05 22:20:55,728 [ERROR] LogOutputStream:75 - [STDERR_REDIRECT] 	at org.eclipse.swt.widgets.Display.readAndDispatch(Display.java:3659)
2025-04-05 22:20:55,730 [ERROR] LogOutputStream:75 - [STDERR_REDIRECT] 	at org.eclipse.e4.ui.internal.workbench.swt.PartRenderingEngine$5.run(PartRenderingEngine.java:1155)
2025-04-05 22:20:55,731 [ERROR] LogOutputStream:75 - [STDERR_REDIRECT] 	at org.eclipse.core.databinding.observable.Realm.runWithDefault(Realm.java:342)
2025-04-05 22:20:55,733 [ERROR] LogOutputStream:75 - [STDERR_REDIRECT] 	at org.eclipse.e4.ui.internal.workbench.swt.PartRenderingEngine.run(PartRenderingEngine.java:1046)
2025-04-05 22:20:55,736 [ERROR] LogOutputStream:75 - [STDERR_REDIRECT] 	at org.eclipse.e4.ui.internal.workbench.E4Workbench.createAndRunUI(E4Workbench.java:155)
2025-04-05 22:20:55,737 [ERROR] LogOutputStream:75 - [STDERR_REDIRECT] 	at org.eclipse.ui.internal.Workbench.lambda$3(Workbench.java:648)
2025-04-05 22:20:55,739 [ERROR] LogOutputStream:75 - [STDERR_REDIRECT] 	at org.eclipse.core.databinding.observable.Realm.runWithDefault(Realm.java:342)
2025-04-05 22:20:55,740 [ERROR] LogOutputStream:75 - [STDERR_REDIRECT] 	at org.eclipse.ui.internal.Workbench.createAndRunWorkbench(Workbench.java:555)
2025-04-05 22:20:55,741 [ERROR] LogOutputStream:75 - [STDERR_REDIRECT] 	at org.eclipse.ui.PlatformUI.createAndRunWorkbench(PlatformUI.java:173)
2025-04-05 22:20:55,743 [ERROR] LogOutputStream:75 - [STDERR_REDIRECT] 	at org.eclipse.ui.internal.ide.application.IDEApplication.start(IDEApplication.java:152)
2025-04-05 22:20:55,745 [ERROR] LogOutputStream:75 - [STDERR_REDIRECT] 	at org.eclipse.equinox.internal.app.EclipseAppHandle.run(EclipseAppHandle.java:208)
2025-04-05 22:20:55,746 [ERROR] LogOutputStream:75 - [STDERR_REDIRECT] 	at org.eclipse.core.runtime.internal.adaptor.EclipseAppLauncher.runApplication(EclipseAppLauncher.java:136)
2025-04-05 22:20:55,748 [ERROR] LogOutputStream:75 - [STDERR_REDIRECT] 	at org.eclipse.core.runtime.internal.adaptor.EclipseAppLauncher.start(EclipseAppLauncher.java:104)
2025-04-05 22:20:55,750 [ERROR] LogOutputStream:75 - [STDERR_REDIRECT] 	at org.eclipse.core.runtime.adaptor.EclipseStarter.run(EclipseStarter.java:402)
2025-04-05 22:20:55,751 [ERROR] LogOutputStream:75 - [STDERR_REDIRECT] 	at org.eclipse.core.runtime.adaptor.EclipseStarter.run(EclipseStarter.java:255)
2025-04-05 22:20:55,753 [ERROR] LogOutputStream:75 - [STDERR_REDIRECT] 	at java.base/jdk.internal.reflect.DirectMethodHandleAccessor.invoke(DirectMethodHandleAccessor.java:103)
2025-04-05 22:20:55,755 [ERROR] LogOutputStream:75 - [STDERR_REDIRECT] 	at java.base/java.lang.reflect.Method.invoke(Method.java:580)
2025-04-05 22:20:55,756 [ERROR] LogOutputStream:75 - [STDERR_REDIRECT] 	at org.eclipse.equinox.launcher.Main.invokeFramework(Main.java:651)
2025-04-05 22:20:55,757 [ERROR] LogOutputStream:75 - [STDERR_REDIRECT] 	at org.eclipse.equinox.launcher.Main.basicRun(Main.java:588)
2025-04-05 22:20:55,758 [ERROR] LogOutputStream:75 - [STDERR_REDIRECT] 	at org.eclipse.equinox.launcher.Main.run(Main.java:1459)
2025-04-05 22:27:55,836 [ERROR] LogOutputStream:75 - [STDERR_REDIRECT] 
2025-04-05 22:34:50,459 [INFO] Activator:176 - 


2025-04-05 22:34:50,462 [INFO] Activator:177 - !SESSION log4j initialized
2025-04-05 22:35:03,092 [INFO] LogOutputStream:77 - [STDOUT_REDIRECT] 
2025-04-05 22:37:44,077 [INFO] ApplicationProperties:184 - Using Application install path: C:\ST\STM32CubeIDE_1.16.1\STM32CubeIDE\plugins\com.st.stm32cube.common.mx_6.13.0.202411220809
2025-04-05 22:37:44,092 [INFO] DbMcusXml:78 - Set database path to: C:\ST\STM32CubeIDE_1.16.1\STM32CubeIDE\plugins\com.st.stm32cube.common.mx_6.13.0.202411220809\\db\/mcu/
2025-04-05 22:37:44,093 [INFO] ApiDb:274 - Set plugin database path to: C:\ST\STM32CubeIDE_1.16.1\STM32CubeIDE\plugins\com.st.stm32cube.common.mx_6.13.0.202411220809\\db\/plugins/boardmanager/
2025-04-05 22:37:44,093 [WARN] ApiDb:259 - Overriding images path with different value:  => C:\ST\STM32CubeIDE_1.16.1\STM32CubeIDE\plugins\com.st.stm32cube.common.mx_6.13.0.202411220809\\db\/plugins/mcufinder/images/
2025-04-05 22:37:44,107 [INFO] ApiDb:250 - Set database path to: C:\Users\Bruno\.stmcufinder\plugins\mcufinder//mcu/
2025-04-05 22:37:44,108 [INFO] DbMcusAds:125 - Set database path to: C:\Users\Bruno\.stmcufinder\plugins\mcufinder//mcu/
2025-04-05 22:37:44,136 [INFO] CrossReferenceDbSqlite:203 - Set database path to: C:\Users\Bruno\.stmcufinder\plugins\mcufinder//mcu/cs/
2025-04-05 22:37:44,253 [INFO] RulesReader:64 - Compatibility file has been processed (297 Rules)
2025-04-05 22:37:44,332 [INFO] DbMcusXml:78 - Set database path to: C:\ST\STM32CubeIDE_1.16.1\STM32CubeIDE\plugins\com.st.stm32cube.common.mx_6.13.0.202411220809\\db\/mcu/
2025-04-05 22:37:44,332 [INFO] ApiDb:274 - Set plugin database path to: C:\ST\STM32CubeIDE_1.16.1\STM32CubeIDE\plugins\com.st.stm32cube.common.mx_6.13.0.202411220809\\db\/plugins/boardmanager/
2025-04-05 22:37:44,332 [INFO] ApiDb:261 - Set plugin images path to: C:\ST\STM32CubeIDE_1.16.1\STM32CubeIDE\plugins\com.st.stm32cube.common.mx_6.13.0.202411220809\\db\/plugins/mcufinder/images/
2025-04-05 22:37:44,333 [WARN] DbFile:41 - Overriding database path with different value: C:\Users\Bruno\.stmcufinder\plugins\mcufinder/ => C:\Users\Bruno\.stmcufinder\plugins\mcufinder
2025-04-05 22:37:44,333 [INFO] ApiDb:250 - Set database path to: C:\Users\Bruno\.stmcufinder\plugins\mcufinder//mcu/
2025-04-05 22:37:44,333 [WARN] DbFile:41 - Overriding database path with different value: C:\Users\Bruno\.stmcufinder\plugins\mcufinder/ => C:\Users\Bruno\.stmcufinder\plugins\mcufinder
2025-04-05 22:37:44,333 [INFO] DbMcusAds:125 - Set database path to: C:\Users\Bruno\.stmcufinder\plugins\mcufinder//mcu/
2025-04-05 22:37:44,333 [WARN] DbFile:41 - Overriding database path with different value: C:\Users\Bruno\.stmcufinder\plugins\mcufinder/ => C:\Users\Bruno\.stmcufinder\plugins\mcufinder
2025-04-05 22:37:44,333 [WARN] DbFile:41 - Overriding database path with different value: C:\Users\Bruno\.stmcufinder\plugins\mcufinder/ => C:\Users\Bruno\.stmcufinder\plugins\mcufinder
2025-04-05 22:37:44,333 [INFO] CrossReferenceDbSqlite:203 - Set database path to: C:\Users\Bruno\.stmcufinder\plugins\mcufinder//mcu/cs/
2025-04-05 22:37:44,407 [INFO] MainPanel:272 - HeapMemory: 1073741824
2025-04-05 22:37:44,510 [INFO] DbMcusXml:78 - Set database path to: C:\ST\STM32CubeIDE_1.16.1\STM32CubeIDE\plugins\com.st.stm32cube.common.mx_6.13.0.202411220809\\db\/mcu/
2025-04-05 22:37:44,510 [INFO] ApiDb:274 - Set plugin database path to: C:\ST\STM32CubeIDE_1.16.1\STM32CubeIDE\plugins\com.st.stm32cube.common.mx_6.13.0.202411220809\\db\/plugins/boardmanager/
2025-04-05 22:37:44,510 [INFO] ApiDb:261 - Set plugin images path to: C:\ST\STM32CubeIDE_1.16.1\STM32CubeIDE\plugins\com.st.stm32cube.common.mx_6.13.0.202411220809\\db\/plugins/mcufinder/images/
2025-04-05 22:37:44,510 [WARN] DbFile:41 - Overriding database path with different value: C:\Users\Bruno\.stmcufinder\plugins\mcufinder/ => C:\Users\Bruno\.stmcufinder\plugins\mcufinder
2025-04-05 22:37:44,511 [INFO] ApiDb:250 - Set database path to: C:\Users\Bruno\.stmcufinder\plugins\mcufinder//mcu/
2025-04-05 22:37:44,511 [WARN] DbFile:41 - Overriding database path with different value: C:\Users\Bruno\.stmcufinder\plugins\mcufinder/ => C:\Users\Bruno\.stmcufinder\plugins\mcufinder
2025-04-05 22:37:44,511 [INFO] DbMcusAds:125 - Set database path to: C:\Users\Bruno\.stmcufinder\plugins\mcufinder//mcu/
2025-04-05 22:37:44,511 [WARN] DbFile:41 - Overriding database path with different value: C:\Users\Bruno\.stmcufinder\plugins\mcufinder/ => C:\Users\Bruno\.stmcufinder\plugins\mcufinder
2025-04-05 22:37:44,511 [WARN] DbFile:41 - Overriding database path with different value: C:\Users\Bruno\.stmcufinder\plugins\mcufinder/ => C:\Users\Bruno\.stmcufinder\plugins\mcufinder
2025-04-05 22:37:44,511 [INFO] CrossReferenceDbSqlite:203 - Set database path to: C:\Users\Bruno\.stmcufinder\plugins\mcufinder//mcu/cs/
2025-04-05 22:37:44,529 [INFO] ApplicationProperties:184 - Using Application install path: C:\ST\STM32CubeIDE_1.16.1\STM32CubeIDE\plugins\com.st.stm32cube.common.mx_6.13.0.202411220809
2025-04-05 22:37:44,530 [INFO] PluginManage:196 - Search for loadable plugins [exclusion list=, ]
2025-04-05 22:37:44,530 [INFO] PluginManage:310 - Check plugin analytics
2025-04-05 22:37:44,702 [INFO] AnalyticsPlugin:253 - Accepted Software Licenses: STM32CubeMX.6.6.1,STM32CubeMX.6.13.0
2025-04-05 22:37:44,702 [INFO] AnalyticsPlugin:255 - Accepted CMSIS Pack Licenses: 
2025-04-05 22:37:44,702 [INFO] AnalyticsPlugin:257 - Accepted Firmware Licenses: FW.G0.1.6.0,FW.F4.1.28.0
2025-04-05 22:37:44,703 [INFO] PluginManage:359 - Loaded plugin analytics (category:tool,tabindex:-1)
2025-04-05 22:37:44,703 [INFO] PluginManage:310 - Check plugin cadmodel
2025-04-05 22:37:44,722 [INFO] CADModel:105 - Init CAD model plugin
2025-04-05 22:37:44,722 [INFO] PluginManage:359 - Loaded plugin cadmodel (category:power,tabindex:5)
2025-04-05 22:37:44,723 [INFO] PluginManage:310 - Check plugin clock
2025-04-05 22:37:44,745 [INFO] PluginManage:359 - Loaded plugin clock (category:base,tabindex:2)
2025-04-05 22:37:44,745 [INFO] PluginManage:310 - Check plugin ddr
2025-04-05 22:37:44,747 [INFO] PluginManage:359 - Loaded plugin ddr (category:tool,tabindex:6)
2025-04-05 22:37:44,748 [INFO] PluginManage:310 - Check plugin filemanager
2025-04-05 22:37:44,882 [INFO] PluginManage:359 - Loaded plugin filemanager (category:base,tabindex:10)
2025-04-05 22:37:44,882 [INFO] PluginManage:310 - Check plugin ipmanager
2025-04-05 22:37:44,890 [INFO] PluginManage:359 - Loaded plugin ipmanager (category:base,tabindex:5)
2025-04-05 22:37:44,890 [INFO] PluginManage:310 - Check plugin lpbam
2025-04-05 22:37:44,908 [INFO] PluginManage:359 - Loaded plugin lpbam (category:base,tabindex:0)
2025-04-05 22:37:44,908 [INFO] PluginManage:310 - Check plugin memorymap
2025-04-05 22:37:44,947 [INFO] PluginManage:359 - Loaded plugin memorymap (category:base,tabindex:4)
2025-04-05 22:37:44,947 [INFO] PluginManage:310 - Check plugin pinoutandconfiguration
2025-04-05 22:37:44,966 [INFO] PluginManage:359 - Loaded plugin pinoutandconfiguration (category:base,tabindex:1)
2025-04-05 22:37:44,966 [INFO] PluginManage:310 - Check plugin pinoutconfig
2025-04-05 22:37:45,063 [WARN] SupportedApi:132 - Cannot load RTOS API schema: s4s-elt-must-match.1: The content of 'definitions' must match (annotation?, (simpleType | complexType)?, (unique | key | keyref)*)). A problem was found starting at: attribute.
2025-04-05 22:37:45,193 [INFO] PluginManage:359 - Loaded plugin pinoutconfig (category:base,tabindex:0)
2025-04-05 22:37:45,193 [INFO] PluginManage:310 - Check plugin power
2025-04-05 22:37:45,217 [INFO] PluginManage:359 - Loaded plugin power (category:power,tabindex:4)
2025-04-05 22:37:45,217 [INFO] PluginManage:310 - Check plugin projectmanager
2025-04-05 22:37:45,232 [INFO] PluginManage:359 - Loaded plugin projectmanager (category:projectmanager,tabindex:4)
2025-04-05 22:37:45,232 [INFO] PluginManage:310 - Check plugin rif
2025-04-05 22:37:45,250 [INFO] PluginManage:359 - Loaded plugin rif (category:base,tabindex:3)
2025-04-05 22:37:45,251 [INFO] PluginManage:310 - Check plugin thirdparty
2025-04-05 22:37:45,542 [INFO] PluginManage:359 - Loaded plugin thirdparty (category:base,tabindex:-1)
2025-04-05 22:37:45,541 [WARN] IntegrityCheckThread:84 - waiting for thirdparty lock release [integrity check]
2025-04-05 22:37:45,542 [INFO] IntegrityCheckThread:86 - entering critical section [integrity check]
2025-04-05 22:37:45,542 [INFO] PluginManage:310 - Check plugin tools
2025-04-05 22:37:45,542 [INFO] ThirdPartyUpdaterWithRetryManager:70 - Updater plugin not ready yet. [1/15]
2025-04-05 22:37:45,585 [INFO] PluginManage:359 - Loaded plugin tools (category:base,tabindex:7)
2025-04-05 22:37:45,585 [INFO] PluginManage:310 - Check plugin tutovideos
2025-04-05 22:37:45,771 [INFO] PluginManage:359 - Loaded plugin tutovideos (category:base,tabindex:-1)
2025-04-05 22:37:45,771 [INFO] PluginManage:310 - Check plugin updater
2025-04-05 22:37:45,791 [INFO] PluginManage:359 - Loaded plugin updater (category:base,tabindex:12)
2025-04-05 22:37:45,791 [INFO] PluginManage:310 - Check plugin userauth
2025-04-05 22:37:45,795 [INFO] UserAuth:118 - Init User Auth plugin
2025-04-05 22:37:45,795 [INFO] PluginManage:359 - Loaded plugin userauth (category:base,tabindex:14)
2025-04-05 22:37:45,796 [INFO] PluginManage:283 - PluginManage : Loaded plugins [18]
2025-04-05 22:37:45,995 [INFO] PinOutPanel:1589 - setPackage(No Configuration,No Configuration)
2025-04-05 22:37:46,079 [INFO] CADModel:165 - CPN selected for project level
2025-04-05 22:37:46,079 [INFO] CADModel:114 - Register for checkConnection events
2025-04-05 22:37:46,107 [INFO] IPUIPlugin:80 - create IPUIPlugin
2025-04-05 22:37:46,107 [INFO] PluginManager:220 - loadIPPluginJar : add adc
2025-04-05 22:37:46,160 [INFO] IPUIPlugin:80 - create IPUIPlugin
2025-04-05 22:37:46,160 [INFO] PluginManager:220 - loadIPPluginJar : add aes
2025-04-05 22:37:46,215 [INFO] IPUIPlugin:80 - create IPUIPlugin
2025-04-05 22:37:46,215 [INFO] PluginManager:220 - loadIPPluginJar : add can
2025-04-05 22:37:46,248 [INFO] IPUIPlugin:80 - create IPUIPlugin
2025-04-05 22:37:46,248 [INFO] PluginManager:220 - loadIPPluginJar : add comp
2025-04-05 22:37:46,291 [INFO] IPUIPlugin:80 - create IPUIPlugin
2025-04-05 22:37:46,291 [INFO] PluginManager:220 - loadIPPluginJar : add cryp
2025-04-05 22:37:46,305 [INFO] IPUIPlugin:80 - create IPUIPlugin
2025-04-05 22:37:46,305 [INFO] PluginManager:220 - loadIPPluginJar : add ddr_ctrl_phy
2025-04-05 22:37:46,342 [INFO] IPUIPlugin:80 - create IPUIPlugin
2025-04-05 22:37:46,342 [INFO] PluginManager:220 - loadIPPluginJar : add dfsdm
2025-04-05 22:37:46,358 [INFO] IPUIPlugin:80 - create IPUIPlugin
2025-04-05 22:37:46,358 [INFO] PluginManager:220 - loadIPPluginJar : add dma
2025-04-05 22:37:46,406 [INFO] IPUIPlugin:80 - create IPUIPlugin
2025-04-05 22:37:46,406 [INFO] PluginManager:220 - loadIPPluginJar : add dma3
2025-04-05 22:37:46,461 [INFO] IPUIPlugin:80 - create IPUIPlugin
2025-04-05 22:37:46,461 [INFO] PluginManager:220 - loadIPPluginJar : add extmemmanager
2025-04-05 22:37:46,486 [INFO] IPUIPlugin:80 - create IPUIPlugin
2025-04-05 22:37:46,486 [INFO] PluginManager:220 - loadIPPluginJar : add fatfs
2025-04-05 22:37:46,544 [INFO] IPUIPlugin:80 - create IPUIPlugin
2025-04-05 22:37:46,544 [INFO] PluginManager:220 - loadIPPluginJar : add fmc
2025-04-05 22:37:46,561 [INFO] IPUIPlugin:80 - create IPUIPlugin
2025-04-05 22:37:46,561 [INFO] PluginManager:220 - loadIPPluginJar : add freertos
2025-04-05 22:37:46,586 [INFO] IPUIPlugin:80 - create IPUIPlugin
2025-04-05 22:37:46,586 [INFO] PluginManager:220 - loadIPPluginJar : add genericplugin
2025-04-05 22:37:46,699 [INFO] IPUIPlugin:80 - create IPUIPlugin
2025-04-05 22:37:46,699 [INFO] PluginManager:220 - loadIPPluginJar : add gfxmmu
2025-04-05 22:37:46,860 [INFO] IPUIPlugin:80 - create IPUIPlugin
2025-04-05 22:37:46,861 [INFO] PluginManager:220 - loadIPPluginJar : add gic
2025-04-05 22:37:46,876 [INFO] IPUIPlugin:80 - create IPUIPlugin
2025-04-05 22:37:46,876 [INFO] PluginManager:220 - loadIPPluginJar : add gpio
2025-04-05 22:37:46,990 [INFO] IPUIPlugin:80 - create IPUIPlugin
2025-04-05 22:37:46,990 [INFO] PluginManager:220 - loadIPPluginJar : add gtzc
2025-04-05 22:37:47,031 [INFO] IPUIPlugin:80 - create IPUIPlugin
2025-04-05 22:37:47,031 [INFO] PluginManager:220 - loadIPPluginJar : add hash
2025-04-05 22:37:47,095 [INFO] IPUIPlugin:80 - create IPUIPlugin
2025-04-05 22:37:47,095 [INFO] PluginManager:220 - loadIPPluginJar : add i2c
2025-04-05 22:37:47,144 [INFO] IPUIPlugin:80 - create IPUIPlugin
2025-04-05 22:37:47,144 [INFO] PluginManager:220 - loadIPPluginJar : add i2s
2025-04-05 22:37:47,197 [INFO] IPUIPlugin:80 - create IPUIPlugin
2025-04-05 22:37:47,197 [INFO] PluginManager:220 - loadIPPluginJar : add i3c
2025-04-05 22:37:47,331 [INFO] IPUIPlugin:80 - create IPUIPlugin
2025-04-05 22:37:47,331 [INFO] PluginManager:220 - loadIPPluginJar : add ipddr
2025-04-05 22:37:47,441 [INFO] IPUIPlugin:80 - create IPUIPlugin
2025-04-05 22:37:47,441 [INFO] PluginManager:220 - loadIPPluginJar : add linkedlist
2025-04-05 22:37:47,485 [INFO] IPUIPlugin:80 - create IPUIPlugin
2025-04-05 22:37:47,485 [INFO] PluginManager:220 - loadIPPluginJar : add lorawan
2025-04-05 22:37:47,531 [INFO] IPUIPlugin:80 - create IPUIPlugin
2025-04-05 22:37:47,532 [INFO] PluginManager:220 - loadIPPluginJar : add ltdc
2025-04-05 22:37:47,547 [INFO] IPUIPlugin:80 - create IPUIPlugin
2025-04-05 22:37:47,547 [INFO] PluginManager:220 - loadIPPluginJar : add mdma
2025-04-05 22:37:47,561 [INFO] IPUIPlugin:80 - create IPUIPlugin
2025-04-05 22:37:47,561 [INFO] PluginManager:220 - loadIPPluginJar : add nvic
2025-04-05 22:37:47,608 [INFO] IPUIPlugin:80 - create IPUIPlugin
2025-04-05 22:37:47,608 [INFO] PluginManager:220 - loadIPPluginJar : add opamp
2025-04-05 22:37:47,682 [INFO] IPUIPlugin:80 - create IPUIPlugin
2025-04-05 22:37:47,682 [INFO] PluginManager:220 - loadIPPluginJar : add openamp
2025-04-05 22:37:47,735 [INFO] IPUIPlugin:80 - create IPUIPlugin
2025-04-05 22:37:47,735 [INFO] PluginManager:220 - loadIPPluginJar : add pdm2pcm
2025-04-05 22:37:47,752 [INFO] IPUIPlugin:80 - create IPUIPlugin
2025-04-05 22:37:47,754 [INFO] PluginManager:220 - loadIPPluginJar : add plateformsettings
2025-04-05 22:37:47,782 [INFO] IPUIPlugin:80 - create IPUIPlugin
2025-04-05 22:37:47,782 [INFO] PluginManager:220 - loadIPPluginJar : add quadspi
2025-04-05 22:37:47,813 [INFO] IPUIPlugin:80 - create IPUIPlugin
2025-04-05 22:37:47,814 [INFO] PluginManager:220 - loadIPPluginJar : add radio
2025-04-05 22:37:47,828 [INFO] IPUIPlugin:80 - create IPUIPlugin
2025-04-05 22:37:47,828 [INFO] PluginManager:220 - loadIPPluginJar : add resmgrutility
2025-04-05 22:37:47,887 [INFO] IPUIPlugin:80 - create IPUIPlugin
2025-04-05 22:37:47,887 [INFO] PluginManager:220 - loadIPPluginJar : add sai
2025-04-05 22:37:47,932 [INFO] IPUIPlugin:80 - create IPUIPlugin
2025-04-05 22:37:47,932 [INFO] PluginManager:220 - loadIPPluginJar : add spi
2025-04-05 22:37:48,016 [INFO] IPUIPlugin:80 - create IPUIPlugin
2025-04-05 22:37:48,016 [INFO] PluginManager:220 - loadIPPluginJar : add stm32_wpan
2025-04-05 22:37:48,044 [INFO] IPUIPlugin:80 - create IPUIPlugin
2025-04-05 22:37:48,044 [INFO] PluginManager:220 - loadIPPluginJar : add tim
2025-04-05 22:37:48,119 [INFO] IPUIPlugin:80 - create IPUIPlugin
2025-04-05 22:37:48,119 [INFO] PluginManager:220 - loadIPPluginJar : add touchsensing
2025-04-05 22:37:48,146 [INFO] IPUIPlugin:80 - create IPUIPlugin
2025-04-05 22:37:48,146 [INFO] PluginManager:220 - loadIPPluginJar : add tracer_emb
2025-04-05 22:37:48,175 [INFO] IPUIPlugin:80 - create IPUIPlugin
2025-04-05 22:37:48,176 [INFO] PluginManager:220 - loadIPPluginJar : add ts
2025-04-05 22:37:48,203 [INFO] IPUIPlugin:80 - create IPUIPlugin
2025-04-05 22:37:48,203 [INFO] PluginManager:220 - loadIPPluginJar : add tsc
2025-04-05 22:37:48,229 [INFO] IPUIPlugin:80 - create IPUIPlugin
2025-04-05 22:37:48,229 [INFO] PluginManager:220 - loadIPPluginJar : add ucpd
2025-04-05 22:37:48,283 [INFO] IPUIPlugin:80 - create IPUIPlugin
2025-04-05 22:37:48,283 [INFO] PluginManager:220 - loadIPPluginJar : add usart
2025-04-05 22:37:48,336 [INFO] IPUIPlugin:80 - create IPUIPlugin
2025-04-05 22:37:48,336 [INFO] PluginManager:220 - loadIPPluginJar : add usbx
2025-04-05 22:37:48,460 [FATAL] Updater:351 - Updater called before beeing initialized
2025-04-05 22:37:48,504 [INFO] RulesReader:64 - Compatibility file has been processed (297 Rules)
2025-04-05 22:37:48,514 [INFO] RulesReader:64 - Compatibility file has been processed (297 Rules)
2025-04-05 22:37:48,520 [INFO] CADModel:165 - CPN selected for project level
2025-04-05 22:37:48,520 [INFO] CADModel:114 - Register for checkConnection events
2025-04-05 22:37:48,520 [FATAL] Updater:351 - Updater called before beeing initialized
2025-04-05 22:37:48,520 [ERROR] CADModel:125 - Updater not yet initialized, retry later 
2025-04-05 22:37:48,544 [INFO] ThirdPartyUpdaterWithRetryManager:70 - Updater plugin not ready yet. [2/15]
2025-04-05 22:37:48,686 [FATAL] Updater:351 - Updater called before beeing initialized
2025-04-05 22:37:48,688 [INFO] CADModel:165 - CPN selected for project level
2025-04-05 22:37:48,688 [INFO] CADModel:114 - Register for checkConnection events
2025-04-05 22:37:48,688 [FATAL] Updater:351 - Updater called before beeing initialized
2025-04-05 22:37:48,688 [ERROR] CADModel:125 - Updater not yet initialized, retry later 
2025-04-05 22:37:48,691 [FATAL] Updater:351 - Updater called before beeing initialized
2025-04-05 22:37:48,795 [FATAL] Updater:351 - Updater called before beeing initialized
2025-04-05 22:37:48,807 [INFO] DbMcusAds:53 - JSON generation date=Tue Dec 17 17:01:15 CET 2024 (1734451275143)
2025-04-05 22:37:48,807 [FATAL] Updater:351 - Updater called before beeing initialized
2025-04-05 22:37:48,849 [WARN] DetailPanel:346 - Failed to get advertising image, set to default
2025-04-05 22:37:49,113 [FATAL] Updater:351 - Updater called before beeing initialized
2025-04-05 22:37:49,115 [FATAL] Updater:351 - Updater called before beeing initialized
2025-04-05 22:37:49,115 [FATAL] Updater:351 - Updater called before beeing initialized
2025-04-05 22:37:49,115 [WARN] DetailPanel:346 - Failed to get advertising image, set to default
2025-04-05 22:37:49,116 [FATAL] Updater:351 - Updater called before beeing initialized
2025-04-05 22:37:49,184 [ERROR] Updater:1198 - MainUpdater not yet initialized. External WinMGr cannot be set.
2025-04-05 22:37:49,195 [INFO] Updater:1134 - Updater Version found : 6.13.0
2025-04-05 22:37:49,210 [INFO] ApplicationProperties:184 - Using Application install path: C:\ST\STM32CubeIDE_1.16.1\STM32CubeIDE\plugins\com.st.stm32cube.common.mx_6.13.0.202411220809
2025-04-05 22:37:49,611 [INFO] MainUpdater:2872 - connection check result : 10
2025-04-05 22:37:49,611 [INFO] MainUpdater:289 - Updater Check For Update Now.
2025-04-05 22:37:49,611 [INFO] MicroXplorer:498 - Change Database Version : DB.6.0.130
2025-04-05 22:37:49,627 [INFO] McuFinderGlobals:63 - Set McuFinder mode to 2 (CubeIDE integrated)
2025-04-05 22:37:49,634 [INFO] UserAuth:486 - Internet connection configuration mode: 1
2025-04-05 22:37:49,661 [INFO] JxBrowserEngine:152 - Initiate JxBrowser Engine with user profile folder
2025-04-05 22:37:49,914 [INFO] CheckServerUpdateThread:120 - End of CheckServer Thread
2025-04-05 22:37:51,389 [INFO] WebApp:168 - Instantiating new browser for Auth
2025-04-05 22:37:52,397 [WARN] PackLoader:240 - Cannot read IP mode file for STMicroelectronics.FP-SNS-MOTENVWB1.1.4.0
2025-04-05 22:37:52,413 [WARN] PackLoader:240 - Cannot read IP mode file for STMicroelectronics.FP-ATR-ASTRA1.2.0.2
2025-04-05 22:37:52,426 [WARN] PackLoader:240 - Cannot read IP mode file for STMicroelectronics.FP-ATR-ASTRA1.2.0.1
2025-04-05 22:37:52,442 [WARN] PackLoader:240 - Cannot read IP mode file for STMicroelectronics.X-CUBE-SMBUS.2.1.0
2025-04-05 22:37:52,459 [WARN] PackLoader:240 - Cannot read IP mode file for STMicroelectronics.X-CUBE-WB05N.1.1.0
2025-04-05 22:37:52,545 [WARN] PackLoader:240 - Cannot read IP mode file for STMicroelectronics.X-CUBE-MEMS1.9.2.0
2025-04-05 22:37:52,719 [WARN] PackLoader:240 - Cannot read IP mode file for STMicroelectronics.X-CUBE-AZRTOS-F7.1.1.0
2025-04-05 22:37:52,757 [WARN] PackLoader:240 - Cannot read IP mode file for STMicroelectronics.X-CUBE-BLE1.6.2.3
2025-04-05 22:37:52,862 [WARN] PackLoader:240 - Cannot read IP mode file for STMicroelectronics.X-CUBE-MEMS1.11.0.0
2025-04-05 22:37:53,027 [WARN] PackLoader:240 - Cannot read IP mode file for STMicroelectronics.FP-SNS-FLIGHT1.5.0.2
2025-04-05 22:37:53,066 [WARN] PackLoader:240 - Cannot read IP mode file for STMicroelectronics.X-CUBE-TOF1.3.1.0
2025-04-05 22:37:53,098 [WARN] PackLoader:240 - Cannot read IP mode file for STMicroelectronics.X-CUBE-DISPLAY.3.0.0
2025-04-05 22:37:53,125 [WARN] PackLoader:240 - Cannot read IP mode file for STMicroelectronics.X-CUBE-BLE1.7.0.0
2025-04-05 22:37:53,143 [WARN] PackLoader:240 - Cannot read IP mode file for STMicroelectronics.X-CUBE-NFC10.1.0.0
2025-04-05 22:37:53,164 [WARN] PackLoader:240 - Cannot read IP mode file for STMicroelectronics.X-CUBE-BLEMGR.4.0.0
2025-04-05 22:37:53,181 [WARN] PackLoader:240 - Cannot read IP mode file for STMicroelectronics.X-CUBE-AI.7.2.0
2025-04-05 22:37:53,203 [WARN] PackLoader:240 - Cannot read IP mode file for STMicroelectronics.X-CUBE-BLEMGR.3.1.0
2025-04-05 22:37:53,217 [WARN] PackLoader:240 - Cannot read IP mode file for STMicroelectronics.X-CUBE-AI.10.0.0
2025-04-05 22:37:53,232 [WARN] PackLoader:240 - Cannot read IP mode file for STMicroelectronics.FP-SNS-SMARTAG2.1.2.0
2025-04-05 22:37:53,245 [WARN] PackLoader:240 - Cannot read IP mode file for STMicroelectronics.FP-SNS-FLIGHT1.5.1.0
2025-04-05 22:37:53,352 [WARN] PackLoader:240 - Cannot read IP mode file for STMicroelectronics.X-CUBE-MEMS1.11.1.0
2025-04-05 22:37:53,458 [INFO] WebApp:449 - Apply proxy settings
2025-04-05 22:37:53,458 [INFO] WebApp:534 - Chromium requires no authentication
2025-04-05 22:37:53,488 [INFO] WebApp:477 - Direct internet connection detected
2025-04-05 22:37:53,489 [INFO] LogOutputStream:77 - [STDOUT_REDIRECT] 1 : Invalid condition id : UX_CORESTACK_Condition cause : null
2025-04-05 22:37:53,490 [INFO] LogOutputStream:77 - [STDOUT_REDIRECT] 1 : Invalid condition id : UX_CORESTACK_Condition cause : null
2025-04-05 22:37:53,492 [INFO] LogOutputStream:77 - [STDOUT_REDIRECT] 1 : Invalid condition id : UX_CORESTACK_Condition cause : null
2025-04-05 22:37:53,494 [INFO] LogOutputStream:77 - [STDOUT_REDIRECT] 1 : Invalid condition id : UX_CORESTACK_Condition cause : null
2025-04-05 22:37:53,496 [INFO] LogOutputStream:77 - [STDOUT_REDIRECT] 1 : Invalid condition id : UX_CORESTACK_Condition cause : null
2025-04-05 22:37:53,498 [WARN] PackLoader:240 - Cannot read IP mode file for STMicroelectronics.X-CUBE-AZRTOS-WL.2.0.0
2025-04-05 22:37:53,520 [WARN] PackLoader:240 - Cannot read IP mode file for STMicroelectronics.FP-SNS-MOTENV1.5.0.0
2025-04-05 22:37:53,537 [WARN] PackLoader:240 - Cannot read IP mode file for wolfSSL.I-CUBE-wolfMQTT.1.19.0
2025-04-05 22:37:53,554 [INFO] WebApp:880 - Register for checkConnection events
2025-04-05 22:37:53,555 [INFO] WebApp:449 - Apply proxy settings
2025-04-05 22:37:53,555 [INFO] WebApp:534 - Chromium requires no authentication
2025-04-05 22:37:53,556 [INFO] WebApp:477 - Direct internet connection detected
2025-04-05 22:37:53,557 [WARN] PackLoader:240 - Cannot read IP mode file for WES.I-CUBE-Cesium.1.3.0
2025-04-05 22:37:53,578 [WARN] PackLoader:240 - Cannot read IP mode file for STMicroelectronics.X-CUBE-BLE2.3.3.0
2025-04-05 22:37:53,598 [WARN] PackLoader:240 - Cannot read IP mode file for STMicroelectronics.X-CUBE-DISPLAY.2.2.0
2025-04-05 22:37:53,617 [WARN] PackLoader:240 - Cannot read IP mode file for STMicroelectronics.X-CUBE-NFC9.1.0.0
2025-04-05 22:37:53,658 [WARN] PackLoader:240 - Cannot read IP mode file for STMicroelectronics.X-CUBE-AZRTOS-H7.2.1.0
2025-04-05 22:37:53,676 [WARN] PackLoader:240 - Cannot read IP mode file for STMicroelectronics.X-CUBE-BLE1.7.1.0
2025-04-05 22:37:53,697 [WARN] PackLoader:240 - Cannot read IP mode file for STMicroelectronics.X-CUBE-TCPP.4.1.0
2025-04-05 22:37:53,730 [WARN] PackLoader:240 - Cannot read IP mode file for STMicroelectronics.X-CUBE-ALGOBUILD.1.3.0
2025-04-05 22:37:53,765 [WARN] PackLoader:240 - Cannot read IP mode file for STMicroelectronics.X-CUBE-AZRTOS-G0.1.1.0
2025-04-05 22:37:53,782 [WARN] PackLoader:240 - Cannot read IP mode file for STMicroelectronics.X-CUBE-SAFEA1.1.2.2
2025-04-05 22:37:53,800 [WARN] PackLoader:240 - Cannot read IP mode file for STMicroelectronics.X-CUBE-NFC4.3.0.0
2025-04-05 22:37:53,843 [WARN] PackLoader:240 - Cannot read IP mode file for SEGGER.I-CUBE-embOS.1.2.0
2025-04-05 22:37:53,881 [WARN] PackLoader:240 - Cannot read IP mode file for EmbeddedOffice.I-CUBE-FS-RTOS.1.0.1
2025-04-05 22:37:53,897 [WARN] PackLoader:240 - Cannot read IP mode file for STMicroelectronics.X-CUBE-TCPP.4.2.0
2025-04-05 22:37:53,913 [WARN] PackLoader:240 - Cannot read IP mode file for RealThread.X-CUBE-RT-Thread_Nano.4.1.1
2025-04-05 22:37:53,928 [WARN] PackLoader:240 - Cannot read IP mode file for STMicroelectronics.FP-ATR-SIGFOX1.3.2.0
2025-04-05 22:37:53,947 [WARN] ConditionMgr:438 - getConditionDescription Invalid condition id : Cortex-A Device cause : null
2025-04-05 22:37:53,957 [INFO] WebApp:221 - Starting web application
2025-04-05 22:37:53,958 [INFO] WebApp:579 - Web application path used C:\ST\STM32CubeIDE_1.16.1\STM32CubeIDE\plugins\com.st.stm32cube.common.mx_6.13.0.202411220809\db\plugins\mcufinder\reactClient1\index.html
2025-04-05 22:37:53,986 [WARN] ConditionMgr:1044 - genDependencies : Invalid condition id : Cortex-A Device cause : null
2025-04-05 22:37:53,986 [WARN] ConditionMgr:1044 - genDependencies : Invalid condition id : Cortex-A Device cause : null
2025-04-05 22:37:53,986 [WARN] ConditionMgr:1044 - genDependencies : Invalid condition id : Cortex-A Device cause : null
2025-04-05 22:37:54,001 [WARN] PackLoader:240 - Cannot read IP mode file for STMicroelectronics.X-CUBE-EEPRMA1.5.1.0
2025-04-05 22:37:54,019 [WARN] PackLoader:240 - Cannot read IP mode file for emotas.I-CUBE-CANOPEN.1.1.2
2025-04-05 22:37:54,035 [WARN] PackLoader:240 - Cannot read IP mode file for STMicroelectronics.X-CUBE-TOUCHGFX.4.20.0
2025-04-05 22:37:54,051 [WARN] PackLoader:240 - Cannot read IP mode file for ITTIA_DB.I-CUBE-ITTIADB.8.9.0
2025-04-05 22:37:54,080 [WARN] PackLoader:240 - Cannot read IP mode file for SEGGER.I-CUBE-embOS.1.3.1
2025-04-05 22:37:54,113 [WARN] PackLoader:240 - Cannot read IP mode file for STMicroelectronics.X-CUBE-ALGOBUILD.1.4.0
2025-04-05 22:37:54,125 [WARN] PackLoader:240 - Cannot read IP mode file for STMicroelectronics.X-CUBE-AI.9.1.0
2025-04-05 22:37:54,140 [WARN] PackLoader:240 - Cannot read IP mode file for STMicroelectronics.X-CUBE-GNSS1.6.0.0
2025-04-05 22:37:54,168 [WARN] PackLoader:240 - Cannot read IP mode file for STMicroelectronics.X-CUBE-AZRTOS-F4.1.1.0
2025-04-05 22:37:54,183 [WARN] PackLoader:240 - Cannot read IP mode file for STMicroelectronics.X-CUBE-ISPU.2.1.0
2025-04-05 22:37:54,191 [INFO] WebApp:187 - Connection restablished
2025-04-05 22:37:54,216 [WARN] PackLoader:240 - Cannot read IP mode file for STMicroelectronics.X-CUBE-FREERTOS.1.2.0
2025-04-05 22:37:54,238 [INFO] UserAuth:486 - Internet connection configuration mode: 1
2025-04-05 22:37:54,251 [WARN] PackLoader:240 - Cannot read IP mode file for STMicroelectronics.X-CUBE-AZRTOS-L5.2.0.0
2025-04-05 22:37:54,272 [WARN] PackLoader:240 - Cannot read IP mode file for STMicroelectronics.X-CUBE-NFC6.3.1.0
2025-04-05 22:37:54,289 [WARN] PackLoader:240 - Cannot read IP mode file for STMicroelectronics.X-CUBE-DPower.1.2.0
2025-04-05 22:37:54,306 [WARN] PackLoader:240 - Cannot read IP mode file for STMicroelectronics.X-CUBE-NFC4.2.0.4
2025-04-05 22:37:54,333 [WARN] PackLoader:240 - Cannot read IP mode file for STMicroelectronics.X-CUBE-AZRTOS-F4.1.0.0
2025-04-05 22:37:54,347 [WARN] PackLoader:240 - Cannot read IP mode file for STMicroelectronics.X-CUBE-FREERTOS.1.3.0
2025-04-05 22:37:54,361 [WARN] PackLoader:240 - Cannot read IP mode file for STMicroelectronics.X-CUBE-NFC7.1.0.1
2025-04-05 22:37:54,377 [WARN] PackLoader:240 - Cannot read IP mode file for STMicroelectronics.X-CUBE-NFC7.1.0.0
2025-04-05 22:37:54,393 [WARN] PackLoader:240 - Cannot read IP mode file for STMicroelectronics.X-CUBE-DPower.1.3.0
2025-04-05 22:37:54,425 [WARN] ConditionMgr:438 - getConditionDescription Invalid condition id : LAN8742 Phy interface Condition cause : null
2025-04-05 22:37:54,425 [WARN] PackLoader:240 - Cannot read IP mode file for STMicroelectronics.X-CUBE-AZRTOS-L4.2.0.0
2025-04-05 22:37:54,426 [WARN] ConditionMgr:1044 - genDependencies : Invalid condition id : LAN8742 Phy interface Condition cause : null
2025-04-05 22:37:54,426 [WARN] ConditionMgr:1044 - genDependencies : Invalid condition id : LAN8742 Phy interface Condition cause : null
2025-04-05 22:37:54,427 [WARN] ConditionMgr:1044 - genDependencies : Invalid condition id : LAN8742 Phy interface Condition cause : null
2025-04-05 22:37:54,445 [WARN] PackLoader:240 - Cannot read IP mode file for STMicroelectronics.X-CUBE-SFXS2LP1.4.0.0
2025-04-05 22:37:54,492 [WARN] PackLoader:240 - Cannot read IP mode file for STMicroelectronics.X-CUBE-AZRTOS-H7.3.3.0
2025-04-05 22:37:54,514 [WARN] PackLoader:240 - Cannot read IP mode file for RoweBots.I-CUBE-UNISONRTOS.5.5.0-4
2025-04-05 22:37:54,528 [WARN] PackLoader:240 - Cannot read IP mode file for wolfSSL.I-CUBE-wolfSSL.5.4.0
2025-04-05 22:37:54,545 [WARN] PackLoader:240 - Cannot read IP mode file for STMicroelectronics.X-CUBE-IPS.3.0.0
2025-04-05 22:37:54,573 [WARN] ConditionMgr:438 - getConditionDescription Invalid condition id : UX DEVICE CLASS RTOS Condition cause : null
2025-04-05 22:37:54,573 [WARN] ConditionMgr:438 - getConditionDescription Invalid condition id : UX DEVICE CLASS RTOS Condition cause : null
2025-04-05 22:37:54,574 [WARN] PackLoader:240 - Cannot read IP mode file for STMicroelectronics.X-CUBE-AZRTOS-WB.2.0.0
2025-04-05 22:37:54,575 [WARN] ConditionMgr:1044 - genDependencies : Invalid condition id : UX DEVICE CLASS RTOS Condition cause : null
2025-04-05 22:37:54,575 [WARN] ConditionMgr:1044 - genDependencies : Invalid condition id : UX DEVICE CLASS RTOS Condition cause : null
2025-04-05 22:37:54,575 [WARN] ConditionMgr:1044 - genDependencies : Invalid condition id : UX DEVICE CLASS RTOS Condition cause : null
2025-04-05 22:37:54,575 [WARN] ConditionMgr:1044 - genDependencies : Invalid condition id : UX DEVICE CLASS RTOS Condition cause : null
2025-04-05 22:37:54,575 [WARN] ConditionMgr:1044 - genDependencies : Invalid condition id : UX DEVICE CLASS RTOS Condition cause : null
2025-04-05 22:37:54,591 [WARN] PackLoader:240 - Cannot read IP mode file for STMicroelectronics.X-CUBE-GNSS1.7.0.0
2025-04-05 22:37:54,604 [WARN] PackLoader:240 - Cannot read IP mode file for STMicroelectronics.X-CUBE-GNSS1.7.0.1
2025-04-05 22:37:54,618 [WARN] PackLoader:240 - Cannot read IP mode file for STMicroelectronics.X-CUBE-BLEMGR.1.0.0
2025-04-05 22:37:54,633 [WARN] PackLoader:240 - Cannot read IP mode file for STMicroelectronics.X-CUBE-TOUCHGFX.4.25.0
2025-04-05 22:37:54,648 [WARN] PackLoader:240 - Cannot read IP mode file for STMicroelectronics.FP-SNS-STBOX1.2.0.0
2025-04-05 22:37:54,668 [WARN] PackLoader:240 - Cannot read IP mode file for STMicroelectronics.X-CUBE-SUBG2.5.0.0
2025-04-05 22:37:54,702 [WARN] PackLoader:240 - Cannot read IP mode file for STMicroelectronics.X-CUBE-AZRTOS-H7RS.1.1.0
2025-04-05 22:37:54,741 [WARN] PackLoader:240 - Cannot read IP mode file for Cesanta.I-CUBE-Mongoose.7.13.0
2025-04-05 22:37:54,792 [WARN] PackLoader:240 - Cannot read IP mode file for STMicroelectronics.X-CUBE-AZRTOS-G4.2.0.0
2025-04-05 22:37:54,806 [WARN] PackLoader:240 - Cannot read IP mode file for STMicroelectronics.FP-ATR-ASTRA1.1.1.0
2025-04-05 22:37:54,830 [WARN] PackLoader:240 - Cannot read IP mode file for STMicroelectronics.X-CUBE-AZRTOS-G4.1.0.0
2025-04-05 22:37:54,856 [WARN] PackLoader:240 - Cannot read IP mode file for STMicroelectronics.X-CUBE-AZRTOS-L4.1.0.0
2025-04-05 22:37:54,878 [WARN] PackLoader:240 - Cannot read IP mode file for STMicroelectronics.X-CUBE-IPS.3.1.0
2025-04-05 22:37:54,896 [WARN] PackLoader:240 - Cannot read IP mode file for STMicroelectronics.X-CUBE-ALS.1.0.2
2025-04-05 22:37:54,909 [WARN] PackLoader:240 - Cannot read IP mode file for STMicroelectronics.X-CUBE-TOUCHGFX.4.24.2
2025-04-05 22:37:54,930 [WARN] PackLoader:240 - Cannot read IP mode file for STMicroelectronics.X-CUBE-AZRTOS-WL.1.0.0
2025-04-05 22:37:54,946 [WARN] PackLoader:240 - Cannot read IP mode file for STMicroelectronics.X-CUBE-TOUCHGFX.4.24.1
2025-04-05 22:37:54,961 [WARN] PackLoader:240 - Cannot read IP mode file for wolfSSL.I-CUBE-wolfTPM.3.4.0
2025-04-05 22:37:54,976 [WARN] PackLoader:240 - Cannot read IP mode file for portGmbH.I-Cube-SoM-uGOAL.1.1.0
2025-04-05 22:37:54,989 [WARN] PackLoader:240 - Cannot read IP mode file for STMicroelectronics.X-CUBE-ALS.1.0.1
2025-04-05 22:37:55,014 [WARN] PackLoader:240 - Cannot read IP mode file for STMicroelectronics.X-CUBE-AZRTOS-L5.1.0.0
2025-04-05 22:37:55,028 [WARN] PackLoader:240 - Cannot read IP mode file for STMicroelectronics.X-CUBE-EEPRMA1.3.1.1
2025-04-05 22:37:55,056 [WARN] PackLoader:240 - Cannot read IP mode file for STMicroelectronics.X-CUBE-AZRTOS-H7RS.1.0.0
2025-04-05 22:37:55,070 [WARN] PackLoader:240 - Cannot read IP mode file for STMicroelectronics.FP-ATR-ASTRA1.2.0.0
2025-04-05 22:37:55,089 [WARN] PackLoader:240 - Cannot read IP mode file for STMicroelectronics.X-CUBE-TOF1.3.4.2
2025-04-05 22:37:55,121 [WARN] PackLoader:240 - Cannot read IP mode file for Infineon.AIROC-Wi-Fi-Bluetooth-STM32.1.6.1
2025-04-05 22:37:55,136 [WARN] PackLoader:240 - Cannot read IP mode file for wolfSSL.I-CUBE-wolfSSH.1.4.17
2025-04-05 22:37:55,137 [INFO] ThirdParty:978 - Integrity check success = true
2025-04-05 22:37:55,137 [INFO] IntegrityCheckThread:100 - exiting critical section [integrity check]
2025-04-05 22:37:55,137 [INFO] IntegrityCheckThread:103 - End integrity checks thread
