2025-07-05 22:22:49,629 [INFO] Activator:176 - 


2025-07-05 22:22:49,634 [INFO] Activator:177 - !SESSION log4j initialized
2025-07-05 22:23:04,476 [INFO] LogOutputStream:77 - [STDOUT_REDIRECT] 
2025-07-05 22:26:02,348 [INFO] ApplicationProperties:184 - Using Application install path: C:\ST\STM32CubeIDE_1.16.1\STM32CubeIDE\plugins\com.st.stm32cube.common.mx_6.13.0.202411220809
2025-07-05 22:26:02,362 [INFO] DbMcusXml:78 - Set database path to: C:\ST\STM32CubeIDE_1.16.1\STM32CubeIDE\plugins\com.st.stm32cube.common.mx_6.13.0.202411220809\\db\/mcu/
2025-07-05 22:26:02,363 [INFO] ApiDb:274 - Set plugin database path to: C:\ST\STM32CubeIDE_1.16.1\STM32CubeIDE\plugins\com.st.stm32cube.common.mx_6.13.0.202411220809\\db\/plugins/boardmanager/
2025-07-05 22:26:02,363 [WARN] ApiDb:259 - Overriding images path with different value:  => C:\ST\STM32CubeIDE_1.16.1\STM32CubeIDE\plugins\com.st.stm32cube.common.mx_6.13.0.202411220809\\db\/plugins/mcufinder/images/
2025-07-05 22:26:02,378 [INFO] ApiDb:250 - Set database path to: C:\Users\Bruno\.stmcufinder\plugins\mcufinder//mcu/
2025-07-05 22:26:02,379 [INFO] DbMcusAds:125 - Set database path to: C:\Users\Bruno\.stmcufinder\plugins\mcufinder//mcu/
2025-07-05 22:26:02,410 [INFO] CrossReferenceDbSqlite:203 - Set database path to: C:\Users\Bruno\.stmcufinder\plugins\mcufinder//mcu/cs/
2025-07-05 22:26:02,522 [INFO] RulesReader:64 - Compatibility file has been processed (297 Rules)
2025-07-05 22:26:02,602 [INFO] DbMcusXml:78 - Set database path to: C:\ST\STM32CubeIDE_1.16.1\STM32CubeIDE\plugins\com.st.stm32cube.common.mx_6.13.0.202411220809\\db\/mcu/
2025-07-05 22:26:02,602 [INFO] ApiDb:274 - Set plugin database path to: C:\ST\STM32CubeIDE_1.16.1\STM32CubeIDE\plugins\com.st.stm32cube.common.mx_6.13.0.202411220809\\db\/plugins/boardmanager/
2025-07-05 22:26:02,602 [INFO] ApiDb:261 - Set plugin images path to: C:\ST\STM32CubeIDE_1.16.1\STM32CubeIDE\plugins\com.st.stm32cube.common.mx_6.13.0.202411220809\\db\/plugins/mcufinder/images/
2025-07-05 22:26:02,603 [WARN] DbFile:41 - Overriding database path with different value: C:\Users\Bruno\.stmcufinder\plugins\mcufinder/ => C:\Users\Bruno\.stmcufinder\plugins\mcufinder
2025-07-05 22:26:02,603 [INFO] ApiDb:250 - Set database path to: C:\Users\Bruno\.stmcufinder\plugins\mcufinder//mcu/
2025-07-05 22:26:02,603 [WARN] DbFile:41 - Overriding database path with different value: C:\Users\Bruno\.stmcufinder\plugins\mcufinder/ => C:\Users\Bruno\.stmcufinder\plugins\mcufinder
2025-07-05 22:26:02,603 [INFO] DbMcusAds:125 - Set database path to: C:\Users\Bruno\.stmcufinder\plugins\mcufinder//mcu/
2025-07-05 22:26:02,603 [WARN] DbFile:41 - Overriding database path with different value: C:\Users\Bruno\.stmcufinder\plugins\mcufinder/ => C:\Users\Bruno\.stmcufinder\plugins\mcufinder
2025-07-05 22:26:02,603 [WARN] DbFile:41 - Overriding database path with different value: C:\Users\Bruno\.stmcufinder\plugins\mcufinder/ => C:\Users\Bruno\.stmcufinder\plugins\mcufinder
2025-07-05 22:26:02,603 [INFO] CrossReferenceDbSqlite:203 - Set database path to: C:\Users\Bruno\.stmcufinder\plugins\mcufinder//mcu/cs/
2025-07-05 22:26:02,674 [INFO] MainPanel:272 - HeapMemory: 1073741824
2025-07-05 22:26:02,774 [INFO] DbMcusXml:78 - Set database path to: C:\ST\STM32CubeIDE_1.16.1\STM32CubeIDE\plugins\com.st.stm32cube.common.mx_6.13.0.202411220809\\db\/mcu/
2025-07-05 22:26:02,774 [INFO] ApiDb:274 - Set plugin database path to: C:\ST\STM32CubeIDE_1.16.1\STM32CubeIDE\plugins\com.st.stm32cube.common.mx_6.13.0.202411220809\\db\/plugins/boardmanager/
2025-07-05 22:26:02,774 [INFO] ApiDb:261 - Set plugin images path to: C:\ST\STM32CubeIDE_1.16.1\STM32CubeIDE\plugins\com.st.stm32cube.common.mx_6.13.0.202411220809\\db\/plugins/mcufinder/images/
2025-07-05 22:26:02,774 [WARN] DbFile:41 - Overriding database path with different value: C:\Users\Bruno\.stmcufinder\plugins\mcufinder/ => C:\Users\Bruno\.stmcufinder\plugins\mcufinder
2025-07-05 22:26:02,774 [INFO] ApiDb:250 - Set database path to: C:\Users\Bruno\.stmcufinder\plugins\mcufinder//mcu/
2025-07-05 22:26:02,774 [WARN] DbFile:41 - Overriding database path with different value: C:\Users\Bruno\.stmcufinder\plugins\mcufinder/ => C:\Users\Bruno\.stmcufinder\plugins\mcufinder
2025-07-05 22:26:02,774 [INFO] DbMcusAds:125 - Set database path to: C:\Users\Bruno\.stmcufinder\plugins\mcufinder//mcu/
2025-07-05 22:26:02,774 [WARN] DbFile:41 - Overriding database path with different value: C:\Users\Bruno\.stmcufinder\plugins\mcufinder/ => C:\Users\Bruno\.stmcufinder\plugins\mcufinder
2025-07-05 22:26:02,774 [WARN] DbFile:41 - Overriding database path with different value: C:\Users\Bruno\.stmcufinder\plugins\mcufinder/ => C:\Users\Bruno\.stmcufinder\plugins\mcufinder
2025-07-05 22:26:02,774 [INFO] CrossReferenceDbSqlite:203 - Set database path to: C:\Users\Bruno\.stmcufinder\plugins\mcufinder//mcu/cs/
2025-07-05 22:26:02,793 [INFO] ApplicationProperties:184 - Using Application install path: C:\ST\STM32CubeIDE_1.16.1\STM32CubeIDE\plugins\com.st.stm32cube.common.mx_6.13.0.202411220809
2025-07-05 22:26:02,794 [INFO] PluginManage:196 - Search for loadable plugins [exclusion list=, ]
2025-07-05 22:26:02,796 [INFO] PluginManage:310 - Check plugin analytics
2025-07-05 22:26:02,968 [INFO] AnalyticsPlugin:253 - Accepted Software Licenses: STM32CubeMX.6.6.1,STM32CubeMX.6.13.0
2025-07-05 22:26:02,968 [INFO] AnalyticsPlugin:255 - Accepted CMSIS Pack Licenses: 
2025-07-05 22:26:02,969 [INFO] AnalyticsPlugin:257 - Accepted Firmware Licenses: FW.G0.1.6.0,FW.F4.1.28.0
2025-07-05 22:26:02,969 [INFO] PluginManage:359 - Loaded plugin analytics (category:tool,tabindex:-1)
2025-07-05 22:26:02,970 [INFO] PluginManage:310 - Check plugin cadmodel
2025-07-05 22:26:02,990 [INFO] CADModel:105 - Init CAD model plugin
2025-07-05 22:26:02,990 [INFO] PluginManage:359 - Loaded plugin cadmodel (category:power,tabindex:5)
2025-07-05 22:26:02,990 [INFO] PluginManage:310 - Check plugin clock
2025-07-05 22:26:03,015 [INFO] PluginManage:359 - Loaded plugin clock (category:base,tabindex:2)
2025-07-05 22:26:03,015 [INFO] PluginManage:310 - Check plugin ddr
2025-07-05 22:26:03,017 [INFO] PluginManage:359 - Loaded plugin ddr (category:tool,tabindex:6)
2025-07-05 22:26:03,018 [INFO] PluginManage:310 - Check plugin filemanager
2025-07-05 22:26:03,154 [INFO] PluginManage:359 - Loaded plugin filemanager (category:base,tabindex:10)
2025-07-05 22:26:03,154 [INFO] PluginManage:310 - Check plugin ipmanager
2025-07-05 22:26:03,162 [INFO] PluginManage:359 - Loaded plugin ipmanager (category:base,tabindex:5)
2025-07-05 22:26:03,162 [INFO] PluginManage:310 - Check plugin lpbam
2025-07-05 22:26:03,185 [INFO] PluginManage:359 - Loaded plugin lpbam (category:base,tabindex:0)
2025-07-05 22:26:03,185 [INFO] PluginManage:310 - Check plugin memorymap
2025-07-05 22:26:03,213 [INFO] PluginManage:359 - Loaded plugin memorymap (category:base,tabindex:4)
2025-07-05 22:26:03,214 [INFO] PluginManage:310 - Check plugin pinoutandconfiguration
2025-07-05 22:26:03,234 [INFO] PluginManage:359 - Loaded plugin pinoutandconfiguration (category:base,tabindex:1)
2025-07-05 22:26:03,235 [INFO] PluginManage:310 - Check plugin pinoutconfig
2025-07-05 22:26:03,332 [WARN] SupportedApi:132 - Cannot load RTOS API schema: s4s-elt-must-match.1: The content of 'definitions' must match (annotation?, (simpleType | complexType)?, (unique | key | keyref)*)). A problem was found starting at: attribute.
2025-07-05 22:26:03,473 [INFO] PluginManage:359 - Loaded plugin pinoutconfig (category:base,tabindex:0)
2025-07-05 22:26:03,473 [INFO] PluginManage:310 - Check plugin power
2025-07-05 22:26:03,496 [INFO] PluginManage:359 - Loaded plugin power (category:power,tabindex:4)
2025-07-05 22:26:03,497 [INFO] PluginManage:310 - Check plugin projectmanager
2025-07-05 22:26:03,512 [INFO] PluginManage:359 - Loaded plugin projectmanager (category:projectmanager,tabindex:4)
2025-07-05 22:26:03,512 [INFO] PluginManage:310 - Check plugin rif
2025-07-05 22:26:03,533 [INFO] PluginManage:359 - Loaded plugin rif (category:base,tabindex:3)
2025-07-05 22:26:03,534 [INFO] PluginManage:310 - Check plugin thirdparty
2025-07-05 22:26:03,833 [WARN] IntegrityCheckThread:84 - waiting for thirdparty lock release [integrity check]
2025-07-05 22:26:03,833 [INFO] PluginManage:359 - Loaded plugin thirdparty (category:base,tabindex:-1)
2025-07-05 22:26:03,833 [INFO] IntegrityCheckThread:86 - entering critical section [integrity check]
2025-07-05 22:26:03,833 [INFO] PluginManage:310 - Check plugin tools
2025-07-05 22:26:03,833 [INFO] ThirdPartyUpdaterWithRetryManager:70 - Updater plugin not ready yet. [1/15]
2025-07-05 22:26:03,877 [INFO] PluginManage:359 - Loaded plugin tools (category:base,tabindex:7)
2025-07-05 22:26:03,877 [INFO] PluginManage:310 - Check plugin tutovideos
2025-07-05 22:26:04,059 [INFO] PluginManage:359 - Loaded plugin tutovideos (category:base,tabindex:-1)
2025-07-05 22:26:04,059 [INFO] PluginManage:310 - Check plugin updater
2025-07-05 22:26:04,079 [INFO] PluginManage:359 - Loaded plugin updater (category:base,tabindex:12)
2025-07-05 22:26:04,080 [INFO] PluginManage:310 - Check plugin userauth
2025-07-05 22:26:04,083 [INFO] UserAuth:118 - Init User Auth plugin
2025-07-05 22:26:04,084 [INFO] PluginManage:359 - Loaded plugin userauth (category:base,tabindex:14)
2025-07-05 22:26:04,085 [INFO] PluginManage:283 - PluginManage : Loaded plugins [18]
2025-07-05 22:26:04,289 [INFO] PinOutPanel:1589 - setPackage(No Configuration,No Configuration)
2025-07-05 22:26:04,371 [INFO] CADModel:165 - CPN selected for project level
2025-07-05 22:26:04,372 [INFO] CADModel:114 - Register for checkConnection events
2025-07-05 22:26:04,402 [INFO] IPUIPlugin:80 - create IPUIPlugin
2025-07-05 22:26:04,402 [INFO] PluginManager:220 - loadIPPluginJar : add adc
2025-07-05 22:26:04,453 [INFO] IPUIPlugin:80 - create IPUIPlugin
2025-07-05 22:26:04,453 [INFO] PluginManager:220 - loadIPPluginJar : add aes
2025-07-05 22:26:04,508 [INFO] IPUIPlugin:80 - create IPUIPlugin
2025-07-05 22:26:04,509 [INFO] PluginManager:220 - loadIPPluginJar : add can
2025-07-05 22:26:04,542 [INFO] IPUIPlugin:80 - create IPUIPlugin
2025-07-05 22:26:04,542 [INFO] PluginManager:220 - loadIPPluginJar : add comp
2025-07-05 22:26:04,587 [INFO] IPUIPlugin:80 - create IPUIPlugin
2025-07-05 22:26:04,587 [INFO] PluginManager:220 - loadIPPluginJar : add cryp
2025-07-05 22:26:04,603 [INFO] IPUIPlugin:80 - create IPUIPlugin
2025-07-05 22:26:04,603 [INFO] PluginManager:220 - loadIPPluginJar : add ddr_ctrl_phy
2025-07-05 22:26:04,646 [INFO] IPUIPlugin:80 - create IPUIPlugin
2025-07-05 22:26:04,646 [INFO] PluginManager:220 - loadIPPluginJar : add dfsdm
2025-07-05 22:26:04,662 [INFO] IPUIPlugin:80 - create IPUIPlugin
2025-07-05 22:26:04,662 [INFO] PluginManager:220 - loadIPPluginJar : add dma
2025-07-05 22:26:04,711 [INFO] IPUIPlugin:80 - create IPUIPlugin
2025-07-05 22:26:04,711 [INFO] PluginManager:220 - loadIPPluginJar : add dma3
2025-07-05 22:26:04,766 [INFO] IPUIPlugin:80 - create IPUIPlugin
2025-07-05 22:26:04,766 [INFO] PluginManager:220 - loadIPPluginJar : add extmemmanager
2025-07-05 22:26:04,792 [INFO] IPUIPlugin:80 - create IPUIPlugin
2025-07-05 22:26:04,792 [INFO] PluginManager:220 - loadIPPluginJar : add fatfs
2025-07-05 22:26:04,851 [INFO] IPUIPlugin:80 - create IPUIPlugin
2025-07-05 22:26:04,851 [INFO] PluginManager:220 - loadIPPluginJar : add fmc
2025-07-05 22:26:04,869 [INFO] IPUIPlugin:80 - create IPUIPlugin
2025-07-05 22:26:04,869 [INFO] PluginManager:220 - loadIPPluginJar : add freertos
2025-07-05 22:26:04,895 [INFO] IPUIPlugin:80 - create IPUIPlugin
2025-07-05 22:26:04,896 [INFO] PluginManager:220 - loadIPPluginJar : add genericplugin
2025-07-05 22:26:05,014 [INFO] IPUIPlugin:80 - create IPUIPlugin
2025-07-05 22:26:05,014 [INFO] PluginManager:220 - loadIPPluginJar : add gfxmmu
2025-07-05 22:26:05,175 [INFO] IPUIPlugin:80 - create IPUIPlugin
2025-07-05 22:26:05,176 [INFO] PluginManager:220 - loadIPPluginJar : add gic
2025-07-05 22:26:05,191 [INFO] IPUIPlugin:80 - create IPUIPlugin
2025-07-05 22:26:05,191 [INFO] PluginManager:220 - loadIPPluginJar : add gpio
2025-07-05 22:26:05,308 [INFO] IPUIPlugin:80 - create IPUIPlugin
2025-07-05 22:26:05,308 [INFO] PluginManager:220 - loadIPPluginJar : add gtzc
2025-07-05 22:26:05,349 [INFO] IPUIPlugin:80 - create IPUIPlugin
2025-07-05 22:26:05,349 [INFO] PluginManager:220 - loadIPPluginJar : add hash
2025-07-05 22:26:05,414 [INFO] IPUIPlugin:80 - create IPUIPlugin
2025-07-05 22:26:05,414 [INFO] PluginManager:220 - loadIPPluginJar : add i2c
2025-07-05 22:26:05,463 [INFO] IPUIPlugin:80 - create IPUIPlugin
2025-07-05 22:26:05,463 [INFO] PluginManager:220 - loadIPPluginJar : add i2s
2025-07-05 22:26:05,514 [INFO] IPUIPlugin:80 - create IPUIPlugin
2025-07-05 22:26:05,514 [INFO] PluginManager:220 - loadIPPluginJar : add i3c
2025-07-05 22:26:05,641 [INFO] IPUIPlugin:80 - create IPUIPlugin
2025-07-05 22:26:05,641 [INFO] PluginManager:220 - loadIPPluginJar : add ipddr
2025-07-05 22:26:05,753 [INFO] IPUIPlugin:80 - create IPUIPlugin
2025-07-05 22:26:05,753 [INFO] PluginManager:220 - loadIPPluginJar : add linkedlist
2025-07-05 22:26:05,797 [INFO] IPUIPlugin:80 - create IPUIPlugin
2025-07-05 22:26:05,797 [INFO] PluginManager:220 - loadIPPluginJar : add lorawan
2025-07-05 22:26:05,844 [INFO] IPUIPlugin:80 - create IPUIPlugin
2025-07-05 22:26:05,844 [INFO] PluginManager:220 - loadIPPluginJar : add ltdc
2025-07-05 22:26:05,861 [INFO] IPUIPlugin:80 - create IPUIPlugin
2025-07-05 22:26:05,861 [INFO] PluginManager:220 - loadIPPluginJar : add mdma
2025-07-05 22:26:05,876 [INFO] IPUIPlugin:80 - create IPUIPlugin
2025-07-05 22:26:05,876 [INFO] PluginManager:220 - loadIPPluginJar : add nvic
2025-07-05 22:26:05,925 [INFO] IPUIPlugin:80 - create IPUIPlugin
2025-07-05 22:26:05,925 [INFO] PluginManager:220 - loadIPPluginJar : add opamp
2025-07-05 22:26:06,001 [INFO] IPUIPlugin:80 - create IPUIPlugin
2025-07-05 22:26:06,001 [INFO] PluginManager:220 - loadIPPluginJar : add openamp
2025-07-05 22:26:06,055 [INFO] IPUIPlugin:80 - create IPUIPlugin
2025-07-05 22:26:06,055 [INFO] PluginManager:220 - loadIPPluginJar : add pdm2pcm
2025-07-05 22:26:06,072 [INFO] IPUIPlugin:80 - create IPUIPlugin
2025-07-05 22:26:06,074 [INFO] PluginManager:220 - loadIPPluginJar : add plateformsettings
2025-07-05 22:26:06,103 [INFO] IPUIPlugin:80 - create IPUIPlugin
2025-07-05 22:26:06,103 [INFO] PluginManager:220 - loadIPPluginJar : add quadspi
2025-07-05 22:26:06,136 [INFO] IPUIPlugin:80 - create IPUIPlugin
2025-07-05 22:26:06,137 [INFO] PluginManager:220 - loadIPPluginJar : add radio
2025-07-05 22:26:06,153 [INFO] IPUIPlugin:80 - create IPUIPlugin
2025-07-05 22:26:06,153 [INFO] PluginManager:220 - loadIPPluginJar : add resmgrutility
2025-07-05 22:26:06,211 [INFO] IPUIPlugin:80 - create IPUIPlugin
2025-07-05 22:26:06,211 [INFO] PluginManager:220 - loadIPPluginJar : add sai
2025-07-05 22:26:06,258 [INFO] IPUIPlugin:80 - create IPUIPlugin
2025-07-05 22:26:06,258 [INFO] PluginManager:220 - loadIPPluginJar : add spi
2025-07-05 22:26:06,342 [INFO] IPUIPlugin:80 - create IPUIPlugin
2025-07-05 22:26:06,342 [INFO] PluginManager:220 - loadIPPluginJar : add stm32_wpan
2025-07-05 22:26:06,372 [INFO] IPUIPlugin:80 - create IPUIPlugin
2025-07-05 22:26:06,372 [INFO] PluginManager:220 - loadIPPluginJar : add tim
2025-07-05 22:26:06,447 [INFO] IPUIPlugin:80 - create IPUIPlugin
2025-07-05 22:26:06,447 [INFO] PluginManager:220 - loadIPPluginJar : add touchsensing
2025-07-05 22:26:06,476 [INFO] IPUIPlugin:80 - create IPUIPlugin
2025-07-05 22:26:06,476 [INFO] PluginManager:220 - loadIPPluginJar : add tracer_emb
2025-07-05 22:26:06,507 [INFO] IPUIPlugin:80 - create IPUIPlugin
2025-07-05 22:26:06,507 [INFO] PluginManager:220 - loadIPPluginJar : add ts
2025-07-05 22:26:06,535 [INFO] IPUIPlugin:80 - create IPUIPlugin
2025-07-05 22:26:06,535 [INFO] PluginManager:220 - loadIPPluginJar : add tsc
2025-07-05 22:26:06,563 [INFO] IPUIPlugin:80 - create IPUIPlugin
2025-07-05 22:26:06,564 [INFO] PluginManager:220 - loadIPPluginJar : add ucpd
2025-07-05 22:26:06,617 [INFO] IPUIPlugin:80 - create IPUIPlugin
2025-07-05 22:26:06,617 [INFO] PluginManager:220 - loadIPPluginJar : add usart
2025-07-05 22:26:06,672 [INFO] IPUIPlugin:80 - create IPUIPlugin
2025-07-05 22:26:06,672 [INFO] PluginManager:220 - loadIPPluginJar : add usbx
2025-07-05 22:26:06,820 [FATAL] Updater:351 - Updater called before beeing initialized
2025-07-05 22:26:06,836 [INFO] ThirdPartyUpdaterWithRetryManager:70 - Updater plugin not ready yet. [2/15]
2025-07-05 22:26:06,865 [INFO] RulesReader:64 - Compatibility file has been processed (297 Rules)
2025-07-05 22:26:06,875 [INFO] RulesReader:64 - Compatibility file has been processed (297 Rules)
2025-07-05 22:26:06,880 [INFO] CADModel:165 - CPN selected for project level
2025-07-05 22:26:06,880 [INFO] CADModel:114 - Register for checkConnection events
2025-07-05 22:26:06,880 [FATAL] Updater:351 - Updater called before beeing initialized
2025-07-05 22:26:06,880 [ERROR] CADModel:125 - Updater not yet initialized, retry later 
2025-07-05 22:26:07,028 [FATAL] Updater:351 - Updater called before beeing initialized
2025-07-05 22:26:07,030 [INFO] CADModel:165 - CPN selected for project level
2025-07-05 22:26:07,030 [INFO] CADModel:114 - Register for checkConnection events
2025-07-05 22:26:07,030 [FATAL] Updater:351 - Updater called before beeing initialized
2025-07-05 22:26:07,031 [ERROR] CADModel:125 - Updater not yet initialized, retry later 
2025-07-05 22:26:07,033 [FATAL] Updater:351 - Updater called before beeing initialized
2025-07-05 22:26:07,135 [FATAL] Updater:351 - Updater called before beeing initialized
2025-07-05 22:26:07,146 [INFO] DbMcusAds:53 - JSON generation date=Wed May 07 11:07:55 CEST 2025 (1746608875484)
2025-07-05 22:26:07,147 [FATAL] Updater:351 - Updater called before beeing initialized
2025-07-05 22:26:07,186 [WARN] DetailPanel:346 - Failed to get advertising image, set to default
2025-07-05 22:26:07,452 [FATAL] Updater:351 - Updater called before beeing initialized
2025-07-05 22:26:07,454 [FATAL] Updater:351 - Updater called before beeing initialized
2025-07-05 22:26:07,454 [FATAL] Updater:351 - Updater called before beeing initialized
2025-07-05 22:26:07,454 [WARN] DetailPanel:346 - Failed to get advertising image, set to default
2025-07-05 22:26:07,455 [FATAL] Updater:351 - Updater called before beeing initialized
2025-07-05 22:26:07,514 [ERROR] Updater:1198 - MainUpdater not yet initialized. External WinMGr cannot be set.
2025-07-05 22:26:07,525 [INFO] Updater:1134 - Updater Version found : 6.13.0
2025-07-05 22:26:07,540 [INFO] ApplicationProperties:184 - Using Application install path: C:\ST\STM32CubeIDE_1.16.1\STM32CubeIDE\plugins\com.st.stm32cube.common.mx_6.13.0.202411220809
2025-07-05 22:26:08,028 [INFO] MainUpdater:2872 - connection check result : 10
2025-07-05 22:26:08,029 [INFO] MainUpdater:289 - Updater Check For Update Now.
2025-07-05 22:26:08,029 [INFO] MicroXplorer:498 - Change Database Version : DB.6.0.130
2025-07-05 22:26:08,045 [INFO] McuFinderGlobals:63 - Set McuFinder mode to 2 (CubeIDE integrated)
2025-07-05 22:26:08,052 [INFO] UserAuth:486 - Internet connection configuration mode: 1
2025-07-05 22:26:08,085 [INFO] JxBrowserEngine:152 - Initiate JxBrowser Engine with user profile folder
2025-07-05 22:26:08,272 [INFO] CheckServerUpdateThread:120 - End of CheckServer Thread
2025-07-05 22:26:09,759 [INFO] WebApp:168 - Instantiating new browser for Auth
2025-07-05 22:26:10,398 [WARN] PackLoader:240 - Cannot read IP mode file for STMicroelectronics.FP-SNS-MOTENVWB1.1.4.0
2025-07-05 22:26:10,417 [WARN] PackLoader:240 - Cannot read IP mode file for STMicroelectronics.FP-ATR-ASTRA1.2.0.2
2025-07-05 22:26:10,432 [WARN] PackLoader:240 - Cannot read IP mode file for STMicroelectronics.FP-ATR-ASTRA1.2.0.1
2025-07-05 22:26:10,450 [WARN] PackLoader:240 - Cannot read IP mode file for STMicroelectronics.X-CUBE-SMBUS.2.1.0
2025-07-05 22:26:10,467 [WARN] PackLoader:240 - Cannot read IP mode file for STMicroelectronics.X-CUBE-WB05N.1.1.0
2025-07-05 22:26:10,484 [WARN] PackLoader:240 - Cannot read IP mode file for STMicroelectronics.X-CUBE-ST60.1.0.0
2025-07-05 22:26:10,551 [WARN] PackLoader:240 - Cannot read IP mode file for STMicroelectronics.X-CUBE-MEMS1.9.2.0
2025-07-05 22:26:10,708 [WARN] PackLoader:240 - Cannot read IP mode file for STMicroelectronics.X-CUBE-AZRTOS-F7.1.1.0
2025-07-05 22:26:10,726 [WARN] PackLoader:240 - Cannot read IP mode file for STMicroelectronics.X-CUBE-BLE1.6.2.3
2025-07-05 22:26:10,776 [WARN] PackLoader:240 - Cannot read IP mode file for STMicroelectronics.X-CUBE-MEMS1.11.0.0
2025-07-05 22:26:10,909 [WARN] PackLoader:240 - Cannot read IP mode file for STMicroelectronics.FP-SNS-FLIGHT1.5.0.2
2025-07-05 22:26:10,928 [WARN] PackLoader:240 - Cannot read IP mode file for STMicroelectronics.X-CUBE-TOF1.3.1.0
2025-07-05 22:26:10,964 [WARN] PackLoader:240 - Cannot read IP mode file for STMicroelectronics.X-CUBE-AZRTOS-H7.3.4.0
2025-07-05 22:26:10,987 [WARN] PackLoader:240 - Cannot read IP mode file for STMicroelectronics.X-CUBE-DISPLAY.3.0.0
2025-07-05 22:26:11,004 [WARN] PackLoader:240 - Cannot read IP mode file for STMicroelectronics.X-CUBE-BLE1.7.0.0
2025-07-05 22:26:11,027 [WARN] PackLoader:240 - Cannot read IP mode file for STMicroelectronics.X-CUBE-NFC10.1.0.0
2025-07-05 22:26:11,061 [WARN] PackLoader:240 - Cannot read IP mode file for STMicroelectronics.X-CUBE-BLEMGR.4.0.0
2025-07-05 22:26:11,100 [WARN] PackLoader:240 - Cannot read IP mode file for STMicroelectronics.X-CUBE-AI.7.2.0
2025-07-05 22:26:11,121 [WARN] PackLoader:240 - Cannot read IP mode file for STMicroelectronics.X-CUBE-BLEMGR.3.1.0
2025-07-05 22:26:11,136 [WARN] PackLoader:240 - Cannot read IP mode file for STMicroelectronics.X-CUBE-AI.10.0.0
2025-07-05 22:26:11,152 [WARN] PackLoader:240 - Cannot read IP mode file for STMicroelectronics.FP-SNS-SMARTAG2.1.2.0
2025-07-05 22:26:11,164 [WARN] PackLoader:240 - Cannot read IP mode file for STMicroelectronics.FP-SNS-FLIGHT1.5.1.0
2025-07-05 22:26:11,218 [WARN] PackLoader:240 - Cannot read IP mode file for STMicroelectronics.X-CUBE-MEMS1.11.1.0
2025-07-05 22:26:11,329 [INFO] LogOutputStream:77 - [STDOUT_REDIRECT] 1 : Invalid condition id : UX_CORESTACK_Condition cause : null
2025-07-05 22:26:11,329 [INFO] LogOutputStream:77 - [STDOUT_REDIRECT] 1 : Invalid condition id : UX_CORESTACK_Condition cause : null
2025-07-05 22:26:11,330 [INFO] LogOutputStream:77 - [STDOUT_REDIRECT] 1 : Invalid condition id : UX_CORESTACK_Condition cause : null
2025-07-05 22:26:11,331 [INFO] LogOutputStream:77 - [STDOUT_REDIRECT] 1 : Invalid condition id : UX_CORESTACK_Condition cause : null
2025-07-05 22:26:11,332 [INFO] LogOutputStream:77 - [STDOUT_REDIRECT] 1 : Invalid condition id : UX_CORESTACK_Condition cause : null
2025-07-05 22:26:11,334 [WARN] PackLoader:240 - Cannot read IP mode file for STMicroelectronics.X-CUBE-AZRTOS-WL.2.0.0
2025-07-05 22:26:11,351 [WARN] PackLoader:240 - Cannot read IP mode file for STMicroelectronics.FP-SNS-MOTENV1.5.0.0
2025-07-05 22:26:11,364 [WARN] PackLoader:240 - Cannot read IP mode file for wolfSSL.I-CUBE-wolfMQTT.1.19.0
2025-07-05 22:26:11,381 [WARN] PackLoader:240 - Cannot read IP mode file for WES.I-CUBE-Cesium.1.3.0
2025-07-05 22:26:11,399 [WARN] PackLoader:240 - Cannot read IP mode file for STMicroelectronics.X-CUBE-BLE2.3.3.0
2025-07-05 22:26:11,416 [WARN] PackLoader:240 - Cannot read IP mode file for STMicroelectronics.X-CUBE-DISPLAY.2.2.0
2025-07-05 22:26:11,433 [INFO] WebApp:449 - Apply proxy settings
2025-07-05 22:26:11,433 [INFO] WebApp:534 - Chromium requires no authentication
2025-07-05 22:26:11,435 [WARN] PackLoader:240 - Cannot read IP mode file for STMicroelectronics.X-CUBE-NFC9.1.0.0
2025-07-05 22:26:11,447 [INFO] WebApp:477 - Direct internet connection detected
2025-07-05 22:26:11,469 [WARN] PackLoader:240 - Cannot read IP mode file for STMicroelectronics.X-CUBE-AZRTOS-H7.2.1.0
2025-07-05 22:26:11,487 [WARN] PackLoader:240 - Cannot read IP mode file for STMicroelectronics.X-CUBE-BLE1.7.1.0
2025-07-05 22:26:11,503 [WARN] PackLoader:240 - Cannot read IP mode file for STMicroelectronics.X-CUBE-TCPP.4.1.0
2025-07-05 22:26:11,504 [INFO] WebApp:880 - Register for checkConnection events
2025-07-05 22:26:11,505 [INFO] WebApp:449 - Apply proxy settings
2025-07-05 22:26:11,505 [INFO] WebApp:534 - Chromium requires no authentication
2025-07-05 22:26:11,508 [INFO] WebApp:477 - Direct internet connection detected
2025-07-05 22:26:11,519 [WARN] PackLoader:240 - Cannot read IP mode file for STMicroelectronics.X-CUBE-AI.10.1.0
2025-07-05 22:26:11,538 [WARN] PackLoader:240 - Cannot read IP mode file for STMicroelectronics.X-CUBE-ALGOBUILD.1.3.0
2025-07-05 22:26:11,623 [WARN] PackLoader:240 - Cannot read IP mode file for STMicroelectronics.X-CUBE-MEMS1.11.2.0
2025-07-05 22:26:11,768 [WARN] PackLoader:240 - Cannot read IP mode file for STMicroelectronics.X-CUBE-AZRTOS-G0.1.1.0
2025-07-05 22:26:11,786 [WARN] PackLoader:240 - Cannot read IP mode file for STMicroelectronics.X-CUBE-SAFEA1.1.2.2
2025-07-05 22:26:11,805 [WARN] PackLoader:240 - Cannot read IP mode file for STMicroelectronics.X-CUBE-NFC4.3.0.0
2025-07-05 22:26:11,842 [WARN] PackLoader:240 - Cannot read IP mode file for SEGGER.I-CUBE-embOS.1.2.0
2025-07-05 22:26:11,897 [WARN] PackLoader:240 - Cannot read IP mode file for EmbeddedOffice.I-CUBE-FS-RTOS.1.0.1
2025-07-05 22:26:11,913 [WARN] PackLoader:240 - Cannot read IP mode file for STMicroelectronics.X-CUBE-WB05N.2.0.0
2025-07-05 22:26:11,928 [WARN] PackLoader:240 - Cannot read IP mode file for STMicroelectronics.X-CUBE-TCPP.4.2.0
2025-07-05 22:26:11,946 [WARN] PackLoader:240 - Cannot read IP mode file for RealThread.X-CUBE-RT-Thread_Nano.4.1.1
2025-07-05 22:26:11,959 [WARN] PackLoader:240 - Cannot read IP mode file for STMicroelectronics.FP-ATR-SIGFOX1.3.2.0
2025-07-05 22:26:11,973 [WARN] ConditionMgr:438 - getConditionDescription Invalid condition id : Cortex-A Device cause : null
2025-07-05 22:26:11,995 [WARN] ConditionMgr:1044 - genDependencies : Invalid condition id : Cortex-A Device cause : null
2025-07-05 22:26:11,995 [WARN] ConditionMgr:1044 - genDependencies : Invalid condition id : Cortex-A Device cause : null
2025-07-05 22:26:11,995 [WARN] ConditionMgr:1044 - genDependencies : Invalid condition id : Cortex-A Device cause : null
2025-07-05 22:26:12,008 [INFO] WebApp:187 - Connection restablished
2025-07-05 22:26:12,010 [WARN] PackLoader:240 - Cannot read IP mode file for STMicroelectronics.X-CUBE-EEPRMA1.5.1.0
2025-07-05 22:26:12,030 [WARN] PackLoader:240 - Cannot read IP mode file for emotas.I-CUBE-CANOPEN.1.1.2
2025-07-05 22:26:12,037 [INFO] WebApp:221 - Starting web application
2025-07-05 22:26:12,037 [INFO] WebApp:579 - Web application path used C:\ST\STM32CubeIDE_1.16.1\STM32CubeIDE\plugins\com.st.stm32cube.common.mx_6.13.0.202411220809\db\plugins\mcufinder\reactClient1\index.html
2025-07-05 22:26:12,046 [WARN] PackLoader:240 - Cannot read IP mode file for STMicroelectronics.X-CUBE-TOUCHGFX.4.20.0
2025-07-05 22:26:12,064 [WARN] PackLoader:240 - Cannot read IP mode file for ITTIA_DB.I-CUBE-ITTIADB.8.9.0
2025-07-05 22:26:12,080 [WARN] PackLoader:240 - Cannot read IP mode file for STMicroelectronics.X-CUBE-ST67W61.1.0.0
2025-07-05 22:26:12,110 [WARN] PackLoader:240 - Cannot read IP mode file for SEGGER.I-CUBE-embOS.1.3.1
2025-07-05 22:26:12,243 [WARN] PackLoader:240 - Cannot read IP mode file for STMicroelectronics.X-CUBE-ALGOBUILD.1.4.0
2025-07-05 22:26:12,307 [WARN] PackLoader:240 - Cannot read IP mode file for STMicroelectronics.X-CUBE-MEMS1.11.3.0
2025-07-05 22:26:12,441 [WARN] PackLoader:240 - Cannot read IP mode file for STMicroelectronics.X-CUBE-AI.9.1.0
2025-07-05 22:26:12,454 [WARN] PackLoader:240 - Cannot read IP mode file for STMicroelectronics.X-CUBE-PM33A1.1.0.0
2025-07-05 22:26:12,468 [WARN] PackLoader:240 - Cannot read IP mode file for STMicroelectronics.X-CUBE-GNSS1.6.0.0
2025-07-05 22:26:12,500 [WARN] PackLoader:240 - Cannot read IP mode file for STMicroelectronics.X-CUBE-AZRTOS-F4.1.1.0
2025-07-05 22:26:12,515 [WARN] PackLoader:240 - Cannot read IP mode file for Avnet-IotConnect.X-CUBE-IoTC-DA16k-PMOD.1.0.0
2025-07-05 22:26:12,529 [WARN] PackLoader:240 - Cannot read IP mode file for STMicroelectronics.X-CUBE-ISPU.2.1.0
2025-07-05 22:26:12,544 [WARN] PackLoader:240 - Cannot read IP mode file for STMicroelectronics.X-CUBE-FREERTOS.1.2.0
2025-07-05 22:26:12,578 [WARN] PackLoader:240 - Cannot read IP mode file for STMicroelectronics.X-CUBE-AZRTOS-L5.2.0.0
2025-07-05 22:26:12,597 [WARN] PackLoader:240 - Cannot read IP mode file for STMicroelectronics.X-CUBE-NFC6.3.1.0
2025-07-05 22:26:12,661 [WARN] PackLoader:240 - Cannot read IP mode file for STMicroelectronics.X-CUBE-DPower.1.2.0
2025-07-05 22:26:12,676 [WARN] PackLoader:240 - Cannot read IP mode file for STMicroelectronics.X-CUBE-NFC4.2.0.4
2025-07-05 22:26:12,704 [WARN] PackLoader:240 - Cannot read IP mode file for STMicroelectronics.X-CUBE-AZRTOS-F4.1.0.0
2025-07-05 22:26:12,719 [WARN] PackLoader:240 - Cannot read IP mode file for STMicroelectronics.X-CUBE-FREERTOS.1.3.1
2025-07-05 22:26:12,732 [WARN] PackLoader:240 - Cannot read IP mode file for STMicroelectronics.X-CUBE-FREERTOS.1.3.0
2025-07-05 22:26:12,746 [WARN] PackLoader:240 - Cannot read IP mode file for STMicroelectronics.X-CUBE-NFC7.1.0.1
2025-07-05 22:26:12,762 [WARN] PackLoader:240 - Cannot read IP mode file for STMicroelectronics.X-CUBE-NFC7.1.0.0
2025-07-05 22:26:12,778 [WARN] PackLoader:240 - Cannot read IP mode file for STMicroelectronics.FP-SNS-STAIOTCFT.1.0.0
2025-07-05 22:26:12,793 [WARN] PackLoader:240 - Cannot read IP mode file for STMicroelectronics.X-CUBE-DPower.1.3.0
2025-07-05 22:26:12,827 [WARN] ConditionMgr:438 - getConditionDescription Invalid condition id : LAN8742 Phy interface Condition cause : null
2025-07-05 22:26:12,828 [WARN] PackLoader:240 - Cannot read IP mode file for STMicroelectronics.X-CUBE-AZRTOS-L4.2.0.0
2025-07-05 22:26:12,828 [WARN] ConditionMgr:1044 - genDependencies : Invalid condition id : LAN8742 Phy interface Condition cause : null
2025-07-05 22:26:12,829 [WARN] ConditionMgr:1044 - genDependencies : Invalid condition id : LAN8742 Phy interface Condition cause : null
2025-07-05 22:26:12,829 [WARN] ConditionMgr:1044 - genDependencies : Invalid condition id : LAN8742 Phy interface Condition cause : null
2025-07-05 22:26:12,846 [WARN] PackLoader:240 - Cannot read IP mode file for STMicroelectronics.X-CUBE-SFXS2LP1.4.0.0
2025-07-05 22:26:12,877 [WARN] PackLoader:240 - Cannot read IP mode file for STMicroelectronics.X-CUBE-AZRTOS-H7.3.3.0
2025-07-05 22:26:12,896 [WARN] PackLoader:240 - Cannot read IP mode file for RoweBots.I-CUBE-UNISONRTOS.5.5.0-4
2025-07-05 22:26:12,909 [WARN] PackLoader:240 - Cannot read IP mode file for wolfSSL.I-CUBE-wolfSSL.5.4.0
2025-07-05 22:26:12,928 [WARN] PackLoader:240 - Cannot read IP mode file for STMicroelectronics.X-CUBE-IPS.3.0.0
2025-07-05 22:26:12,991 [WARN] ConditionMgr:438 - getConditionDescription Invalid condition id : UX DEVICE CLASS RTOS Condition cause : null
2025-07-05 22:26:12,991 [WARN] ConditionMgr:438 - getConditionDescription Invalid condition id : UX DEVICE CLASS RTOS Condition cause : null
2025-07-05 22:26:12,995 [WARN] PackLoader:240 - Cannot read IP mode file for STMicroelectronics.X-CUBE-AZRTOS-WB.2.0.0
2025-07-05 22:26:12,997 [WARN] ConditionMgr:1044 - genDependencies : Invalid condition id : UX DEVICE CLASS RTOS Condition cause : null
2025-07-05 22:26:12,997 [WARN] ConditionMgr:1044 - genDependencies : Invalid condition id : UX DEVICE CLASS RTOS Condition cause : null
2025-07-05 22:26:12,998 [WARN] ConditionMgr:1044 - genDependencies : Invalid condition id : UX DEVICE CLASS RTOS Condition cause : null
2025-07-05 22:26:12,998 [WARN] ConditionMgr:1044 - genDependencies : Invalid condition id : UX DEVICE CLASS RTOS Condition cause : null
2025-07-05 22:26:12,998 [WARN] ConditionMgr:1044 - genDependencies : Invalid condition id : UX DEVICE CLASS RTOS Condition cause : null
2025-07-05 22:26:13,019 [WARN] PackLoader:240 - Cannot read IP mode file for STMicroelectronics.X-CUBE-GNSS1.7.0.0
2025-07-05 22:26:13,038 [WARN] PackLoader:240 - Cannot read IP mode file for STMicroelectronics.X-CUBE-GNSS1.7.0.1
2025-07-05 22:26:13,054 [WARN] PackLoader:240 - Cannot read IP mode file for STMicroelectronics.X-CUBE-BLEMGR.1.0.0
2025-07-05 22:26:13,071 [WARN] PackLoader:240 - Cannot read IP mode file for STMicroelectronics.X-CUBE-TOUCHGFX.4.25.0
2025-07-05 22:26:13,087 [WARN] PackLoader:240 - Cannot read IP mode file for STMicroelectronics.FP-SNS-STBOX1.2.0.0
2025-07-05 22:26:13,117 [WARN] PackLoader:240 - Cannot read IP mode file for STMicroelectronics.X-CUBE-SUBG2.5.0.0
2025-07-05 22:26:13,153 [WARN] PackLoader:240 - Cannot read IP mode file for STMicroelectronics.X-CUBE-AZRTOS-H7RS.1.1.0
2025-07-05 22:26:13,169 [WARN] PackLoader:240 - Cannot read IP mode file for Cesanta.I-CUBE-Mongoose.7.13.0
2025-07-05 22:26:13,224 [WARN] PackLoader:240 - Cannot read IP mode file for STMicroelectronics.X-CUBE-AZRTOS-G4.2.0.0
2025-07-05 22:26:13,239 [WARN] PackLoader:240 - Cannot read IP mode file for STMicroelectronics.FP-ATR-ASTRA1.1.1.0
2025-07-05 22:26:13,253 [WARN] PackLoader:240 - Cannot read IP mode file for STMicroelectronics.X-CUBE-NFC7.2.0.0
2025-07-05 22:26:13,276 [WARN] PackLoader:240 - Cannot read IP mode file for STMicroelectronics.X-CUBE-AZRTOS-G4.1.0.0
2025-07-05 22:26:13,322 [WARN] PackLoader:240 - Cannot read IP mode file for STMicroelectronics.X-CUBE-AZRTOS-L4.1.0.0
2025-07-05 22:26:13,345 [WARN] PackLoader:240 - Cannot read IP mode file for STMicroelectronics.X-CUBE-IPS.3.1.0
2025-07-05 22:26:13,387 [WARN] PackLoader:240 - Cannot read IP mode file for STMicroelectronics.X-CUBE-ALS.1.0.2
2025-07-05 22:26:13,403 [WARN] PackLoader:240 - Cannot read IP mode file for STMicroelectronics.X-CUBE-TOUCHGFX.4.24.2
2025-07-05 22:26:13,423 [WARN] PackLoader:240 - Cannot read IP mode file for STMicroelectronics.X-CUBE-AZRTOS-WL.1.0.0
2025-07-05 22:26:13,438 [WARN] PackLoader:240 - Cannot read IP mode file for STMicroelectronics.X-CUBE-TOUCHGFX.4.24.1
2025-07-05 22:26:13,452 [WARN] PackLoader:240 - Cannot read IP mode file for wolfSSL.I-CUBE-wolfTPM.3.4.0
2025-07-05 22:26:13,467 [WARN] PackLoader:240 - Cannot read IP mode file for portGmbH.I-Cube-SoM-uGOAL.1.1.0
2025-07-05 22:26:13,480 [WARN] PackLoader:240 - Cannot read IP mode file for STMicroelectronics.X-CUBE-ALS.1.0.1
2025-07-05 22:26:13,504 [WARN] PackLoader:240 - Cannot read IP mode file for STMicroelectronics.X-CUBE-AZRTOS-L5.1.0.0
2025-07-05 22:26:13,519 [WARN] PackLoader:240 - Cannot read IP mode file for STMicroelectronics.X-CUBE-EEPRMA1.3.1.1
2025-07-05 22:26:13,546 [WARN] PackLoader:240 - Cannot read IP mode file for STMicroelectronics.X-CUBE-AZRTOS-H7RS.1.0.0
2025-07-05 22:26:13,559 [WARN] PackLoader:240 - Cannot read IP mode file for STMicroelectronics.FP-ATR-ASTRA1.2.0.0
2025-07-05 22:26:13,578 [WARN] PackLoader:240 - Cannot read IP mode file for STMicroelectronics.X-CUBE-TOF1.3.4.2
2025-07-05 22:26:13,601 [WARN] PackLoader:240 - Cannot read IP mode file for STMicroelectronics.X-CUBE-TOF1.3.4.3
2025-07-05 22:26:13,632 [INFO] UserAuth:486 - Internet connection configuration mode: 1
2025-07-05 22:26:13,679 [WARN] PackLoader:240 - Cannot read IP mode file for Infineon.AIROC-Wi-Fi-Bluetooth-STM32.1.6.1
2025-07-05 22:26:13,698 [WARN] PackLoader:240 - Cannot read IP mode file for wolfSSL.I-CUBE-wolfSSH.1.4.17
2025-07-05 22:26:13,698 [INFO] ThirdParty:978 - Integrity check success = true
2025-07-05 22:26:13,699 [INFO] IntegrityCheckThread:100 - exiting critical section [integrity check]
2025-07-05 22:26:13,699 [INFO] IntegrityCheckThread:103 - End integrity checks thread
