2024-12-13 22:21:43,684 [INFO] Activator:176 - 


2024-12-13 22:21:43,689 [INFO] Activator:177 - !SESSION log4j initialized
2024-12-13 22:21:52,778 [INFO] LogOutputStream:77 - [STDOUT_REDIRECT] 
2024-12-13 22:23:08,603 [INFO] ApplicationProperties:184 - Using Application install path: C:\ST\STM32CubeIDE_1.16.1\STM32CubeIDE\plugins\com.st.stm32cube.common.mx_6.13.0.202411220809
2024-12-13 22:23:08,622 [INFO] DbMcusXml:78 - Set database path to: C:\ST\STM32CubeIDE_1.16.1\STM32CubeIDE\plugins\com.st.stm32cube.common.mx_6.13.0.202411220809\\db\/mcu/
2024-12-13 22:23:08,623 [INFO] ApiDb:274 - Set plugin database path to: C:\ST\STM32CubeIDE_1.16.1\STM32CubeIDE\plugins\com.st.stm32cube.common.mx_6.13.0.202411220809\\db\/plugins/boardmanager/
2024-12-13 22:23:08,623 [WARN] ApiDb:259 - Overriding images path with different value:  => C:\ST\STM32CubeIDE_1.16.1\STM32CubeIDE\plugins\com.st.stm32cube.common.mx_6.13.0.202411220809\\db\/plugins/mcufinder/images/
2024-12-13 22:23:08,644 [INFO] ApiDb:250 - Set database path to: C:\Users\Bruno\.stmcufinder\plugins\mcufinder//mcu/
2024-12-13 22:23:08,646 [INFO] DbMcusAds:125 - Set database path to: C:\Users\Bruno\.stmcufinder\plugins\mcufinder//mcu/
2024-12-13 22:23:08,676 [INFO] CrossReferenceDbSqlite:203 - Set database path to: C:\Users\Bruno\.stmcufinder\plugins\mcufinder//mcu/cs/
2024-12-13 22:23:08,811 [INFO] RulesReader:64 - Compatibility file has been processed (297 Rules)
2024-12-13 22:23:08,910 [INFO] DbMcusXml:78 - Set database path to: C:\ST\STM32CubeIDE_1.16.1\STM32CubeIDE\plugins\com.st.stm32cube.common.mx_6.13.0.202411220809\\db\/mcu/
2024-12-13 22:23:08,910 [INFO] ApiDb:274 - Set plugin database path to: C:\ST\STM32CubeIDE_1.16.1\STM32CubeIDE\plugins\com.st.stm32cube.common.mx_6.13.0.202411220809\\db\/plugins/boardmanager/
2024-12-13 22:23:08,910 [INFO] ApiDb:261 - Set plugin images path to: C:\ST\STM32CubeIDE_1.16.1\STM32CubeIDE\plugins\com.st.stm32cube.common.mx_6.13.0.202411220809\\db\/plugins/mcufinder/images/
2024-12-13 22:23:08,910 [WARN] DbFile:41 - Overriding database path with different value: C:\Users\Bruno\.stmcufinder\plugins\mcufinder/ => C:\Users\Bruno\.stmcufinder\plugins\mcufinder
2024-12-13 22:23:08,911 [INFO] ApiDb:250 - Set database path to: C:\Users\Bruno\.stmcufinder\plugins\mcufinder//mcu/
2024-12-13 22:23:08,911 [WARN] DbFile:41 - Overriding database path with different value: C:\Users\Bruno\.stmcufinder\plugins\mcufinder/ => C:\Users\Bruno\.stmcufinder\plugins\mcufinder
2024-12-13 22:23:08,911 [INFO] DbMcusAds:125 - Set database path to: C:\Users\Bruno\.stmcufinder\plugins\mcufinder//mcu/
2024-12-13 22:23:08,911 [WARN] DbFile:41 - Overriding database path with different value: C:\Users\Bruno\.stmcufinder\plugins\mcufinder/ => C:\Users\Bruno\.stmcufinder\plugins\mcufinder
2024-12-13 22:23:08,911 [WARN] DbFile:41 - Overriding database path with different value: C:\Users\Bruno\.stmcufinder\plugins\mcufinder/ => C:\Users\Bruno\.stmcufinder\plugins\mcufinder
2024-12-13 22:23:08,911 [INFO] CrossReferenceDbSqlite:203 - Set database path to: C:\Users\Bruno\.stmcufinder\plugins\mcufinder//mcu/cs/
2024-12-13 22:23:09,016 [INFO] MainPanel:272 - HeapMemory: 1073741824
2024-12-13 22:23:09,154 [INFO] DbMcusXml:78 - Set database path to: C:\ST\STM32CubeIDE_1.16.1\STM32CubeIDE\plugins\com.st.stm32cube.common.mx_6.13.0.202411220809\\db\/mcu/
2024-12-13 22:23:09,154 [INFO] ApiDb:274 - Set plugin database path to: C:\ST\STM32CubeIDE_1.16.1\STM32CubeIDE\plugins\com.st.stm32cube.common.mx_6.13.0.202411220809\\db\/plugins/boardmanager/
2024-12-13 22:23:09,155 [INFO] ApiDb:261 - Set plugin images path to: C:\ST\STM32CubeIDE_1.16.1\STM32CubeIDE\plugins\com.st.stm32cube.common.mx_6.13.0.202411220809\\db\/plugins/mcufinder/images/
2024-12-13 22:23:09,155 [WARN] DbFile:41 - Overriding database path with different value: C:\Users\Bruno\.stmcufinder\plugins\mcufinder/ => C:\Users\Bruno\.stmcufinder\plugins\mcufinder
2024-12-13 22:23:09,155 [INFO] ApiDb:250 - Set database path to: C:\Users\Bruno\.stmcufinder\plugins\mcufinder//mcu/
2024-12-13 22:23:09,155 [WARN] DbFile:41 - Overriding database path with different value: C:\Users\Bruno\.stmcufinder\plugins\mcufinder/ => C:\Users\Bruno\.stmcufinder\plugins\mcufinder
2024-12-13 22:23:09,155 [INFO] DbMcusAds:125 - Set database path to: C:\Users\Bruno\.stmcufinder\plugins\mcufinder//mcu/
2024-12-13 22:23:09,155 [WARN] DbFile:41 - Overriding database path with different value: C:\Users\Bruno\.stmcufinder\plugins\mcufinder/ => C:\Users\Bruno\.stmcufinder\plugins\mcufinder
2024-12-13 22:23:09,155 [WARN] DbFile:41 - Overriding database path with different value: C:\Users\Bruno\.stmcufinder\plugins\mcufinder/ => C:\Users\Bruno\.stmcufinder\plugins\mcufinder
2024-12-13 22:23:09,156 [INFO] CrossReferenceDbSqlite:203 - Set database path to: C:\Users\Bruno\.stmcufinder\plugins\mcufinder//mcu/cs/
2024-12-13 22:23:09,176 [INFO] ApplicationProperties:184 - Using Application install path: C:\ST\STM32CubeIDE_1.16.1\STM32CubeIDE\plugins\com.st.stm32cube.common.mx_6.13.0.202411220809
2024-12-13 22:23:09,177 [INFO] PluginManage:196 - Search for loadable plugins [exclusion list=, ]
2024-12-13 22:23:09,178 [INFO] PluginManage:310 - Check plugin analytics
2024-12-13 22:23:09,413 [INFO] AnalyticsPlugin:253 - Accepted Software Licenses: STM32CubeMX.6.6.1
2024-12-13 22:23:09,413 [INFO] AnalyticsPlugin:255 - Accepted CMSIS Pack Licenses: 
2024-12-13 22:23:09,413 [INFO] AnalyticsPlugin:257 - Accepted Firmware Licenses: FW.G0.1.6.0,FW.F4.1.28.0
2024-12-13 22:23:09,414 [INFO] PluginManage:359 - Loaded plugin analytics (category:tool,tabindex:-1)
2024-12-13 22:23:09,414 [INFO] PluginManage:310 - Check plugin cadmodel
2024-12-13 22:23:09,433 [INFO] CADModel:105 - Init CAD model plugin
2024-12-13 22:23:09,433 [INFO] PluginManage:359 - Loaded plugin cadmodel (category:power,tabindex:5)
2024-12-13 22:23:09,433 [INFO] PluginManage:310 - Check plugin clock
2024-12-13 22:23:09,466 [INFO] PluginManage:359 - Loaded plugin clock (category:base,tabindex:2)
2024-12-13 22:23:09,466 [INFO] PluginManage:310 - Check plugin ddr
2024-12-13 22:23:09,469 [INFO] PluginManage:359 - Loaded plugin ddr (category:tool,tabindex:6)
2024-12-13 22:23:09,469 [INFO] PluginManage:310 - Check plugin filemanager
2024-12-13 22:23:09,615 [INFO] PluginManage:359 - Loaded plugin filemanager (category:base,tabindex:10)
2024-12-13 22:23:09,615 [INFO] PluginManage:310 - Check plugin ipmanager
2024-12-13 22:23:09,622 [INFO] PluginManage:359 - Loaded plugin ipmanager (category:base,tabindex:5)
2024-12-13 22:23:09,622 [INFO] PluginManage:310 - Check plugin lpbam
2024-12-13 22:23:09,643 [INFO] PluginManage:359 - Loaded plugin lpbam (category:base,tabindex:0)
2024-12-13 22:23:09,643 [INFO] PluginManage:310 - Check plugin memorymap
2024-12-13 22:23:09,670 [INFO] PluginManage:359 - Loaded plugin memorymap (category:base,tabindex:4)
2024-12-13 22:23:09,670 [INFO] PluginManage:310 - Check plugin pinoutandconfiguration
2024-12-13 22:23:09,691 [INFO] PluginManage:359 - Loaded plugin pinoutandconfiguration (category:base,tabindex:1)
2024-12-13 22:23:09,691 [INFO] PluginManage:310 - Check plugin pinoutconfig
2024-12-13 22:23:09,788 [WARN] SupportedApi:132 - Cannot load RTOS API schema: s4s-elt-must-match.1: The content of 'definitions' must match (annotation?, (simpleType | complexType)?, (unique | key | keyref)*)). A problem was found starting at: attribute.
2024-12-13 22:23:09,923 [INFO] PluginManage:359 - Loaded plugin pinoutconfig (category:base,tabindex:0)
2024-12-13 22:23:09,923 [INFO] PluginManage:310 - Check plugin power
2024-12-13 22:23:09,947 [INFO] PluginManage:359 - Loaded plugin power (category:power,tabindex:4)
2024-12-13 22:23:09,947 [INFO] PluginManage:310 - Check plugin projectmanager
2024-12-13 22:23:09,963 [INFO] PluginManage:359 - Loaded plugin projectmanager (category:projectmanager,tabindex:4)
2024-12-13 22:23:09,963 [INFO] PluginManage:310 - Check plugin rif
2024-12-13 22:23:09,982 [INFO] PluginManage:359 - Loaded plugin rif (category:base,tabindex:3)
2024-12-13 22:23:09,982 [INFO] PluginManage:310 - Check plugin thirdparty
2024-12-13 22:23:10,294 [INFO] PluginManage:359 - Loaded plugin thirdparty (category:base,tabindex:-1)
2024-12-13 22:23:10,294 [WARN] IntegrityCheckThread:84 - waiting for thirdparty lock release [integrity check]
2024-12-13 22:23:10,294 [INFO] PluginManage:310 - Check plugin tools
2024-12-13 22:23:10,294 [INFO] IntegrityCheckThread:86 - entering critical section [integrity check]
2024-12-13 22:23:10,295 [INFO] ThirdPartyUpdaterWithRetryManager:70 - Updater plugin not ready yet. [1/15]
2024-12-13 22:23:10,338 [INFO] PluginManage:359 - Loaded plugin tools (category:base,tabindex:7)
2024-12-13 22:23:10,338 [INFO] PluginManage:310 - Check plugin tutovideos
2024-12-13 22:23:10,522 [INFO] PluginManage:359 - Loaded plugin tutovideos (category:base,tabindex:-1)
2024-12-13 22:23:10,522 [INFO] PluginManage:310 - Check plugin updater
2024-12-13 22:23:10,545 [INFO] PluginManage:359 - Loaded plugin updater (category:base,tabindex:12)
2024-12-13 22:23:10,545 [INFO] PluginManage:310 - Check plugin userauth
2024-12-13 22:23:10,549 [INFO] UserAuth:118 - Init User Auth plugin
2024-12-13 22:23:10,549 [INFO] PluginManage:359 - Loaded plugin userauth (category:base,tabindex:14)
2024-12-13 22:23:10,550 [INFO] PluginManage:283 - PluginManage : Loaded plugins [18]
2024-12-13 22:23:10,750 [INFO] PinOutPanel:1589 - setPackage(No Configuration,No Configuration)
2024-12-13 22:23:10,841 [INFO] CADModel:165 - CPN selected for project level
2024-12-13 22:23:10,841 [INFO] CADModel:114 - Register for checkConnection events
2024-12-13 22:23:10,870 [INFO] IPUIPlugin:80 - create IPUIPlugin
2024-12-13 22:23:10,870 [INFO] PluginManager:220 - loadIPPluginJar : add adc
2024-12-13 22:23:10,920 [INFO] IPUIPlugin:80 - create IPUIPlugin
2024-12-13 22:23:10,920 [INFO] PluginManager:220 - loadIPPluginJar : add aes
2024-12-13 22:23:10,976 [INFO] IPUIPlugin:80 - create IPUIPlugin
2024-12-13 22:23:10,976 [INFO] PluginManager:220 - loadIPPluginJar : add can
2024-12-13 22:23:11,008 [INFO] IPUIPlugin:80 - create IPUIPlugin
2024-12-13 22:23:11,008 [INFO] PluginManager:220 - loadIPPluginJar : add comp
2024-12-13 22:23:11,054 [INFO] IPUIPlugin:80 - create IPUIPlugin
2024-12-13 22:23:11,054 [INFO] PluginManager:220 - loadIPPluginJar : add cryp
2024-12-13 22:23:11,071 [INFO] IPUIPlugin:80 - create IPUIPlugin
2024-12-13 22:23:11,071 [INFO] PluginManager:220 - loadIPPluginJar : add ddr_ctrl_phy
2024-12-13 22:23:11,114 [INFO] IPUIPlugin:80 - create IPUIPlugin
2024-12-13 22:23:11,114 [INFO] PluginManager:220 - loadIPPluginJar : add dfsdm
2024-12-13 22:23:11,131 [INFO] IPUIPlugin:80 - create IPUIPlugin
2024-12-13 22:23:11,132 [INFO] PluginManager:220 - loadIPPluginJar : add dma
2024-12-13 22:23:11,180 [INFO] IPUIPlugin:80 - create IPUIPlugin
2024-12-13 22:23:11,180 [INFO] PluginManager:220 - loadIPPluginJar : add dma3
2024-12-13 22:23:11,236 [INFO] IPUIPlugin:80 - create IPUIPlugin
2024-12-13 22:23:11,236 [INFO] PluginManager:220 - loadIPPluginJar : add extmemmanager
2024-12-13 22:23:11,263 [INFO] IPUIPlugin:80 - create IPUIPlugin
2024-12-13 22:23:11,263 [INFO] PluginManager:220 - loadIPPluginJar : add fatfs
2024-12-13 22:23:11,322 [INFO] IPUIPlugin:80 - create IPUIPlugin
2024-12-13 22:23:11,322 [INFO] PluginManager:220 - loadIPPluginJar : add fmc
2024-12-13 22:23:11,340 [INFO] IPUIPlugin:80 - create IPUIPlugin
2024-12-13 22:23:11,340 [INFO] PluginManager:220 - loadIPPluginJar : add freertos
2024-12-13 22:23:11,366 [INFO] IPUIPlugin:80 - create IPUIPlugin
2024-12-13 22:23:11,366 [INFO] PluginManager:220 - loadIPPluginJar : add genericplugin
2024-12-13 22:23:11,476 [INFO] IPUIPlugin:80 - create IPUIPlugin
2024-12-13 22:23:11,477 [INFO] PluginManager:220 - loadIPPluginJar : add gfxmmu
2024-12-13 22:23:11,633 [INFO] IPUIPlugin:80 - create IPUIPlugin
2024-12-13 22:23:11,633 [INFO] PluginManager:220 - loadIPPluginJar : add gic
2024-12-13 22:23:11,649 [INFO] IPUIPlugin:80 - create IPUIPlugin
2024-12-13 22:23:11,649 [INFO] PluginManager:220 - loadIPPluginJar : add gpio
2024-12-13 22:23:11,762 [INFO] IPUIPlugin:80 - create IPUIPlugin
2024-12-13 22:23:11,762 [INFO] PluginManager:220 - loadIPPluginJar : add gtzc
2024-12-13 22:23:11,809 [INFO] IPUIPlugin:80 - create IPUIPlugin
2024-12-13 22:23:11,810 [INFO] PluginManager:220 - loadIPPluginJar : add hash
2024-12-13 22:23:11,873 [INFO] IPUIPlugin:80 - create IPUIPlugin
2024-12-13 22:23:11,873 [INFO] PluginManager:220 - loadIPPluginJar : add i2c
2024-12-13 22:23:11,933 [INFO] IPUIPlugin:80 - create IPUIPlugin
2024-12-13 22:23:11,933 [INFO] PluginManager:220 - loadIPPluginJar : add i2s
2024-12-13 22:23:11,985 [INFO] IPUIPlugin:80 - create IPUIPlugin
2024-12-13 22:23:11,985 [INFO] PluginManager:220 - loadIPPluginJar : add i3c
2024-12-13 22:23:12,114 [INFO] IPUIPlugin:80 - create IPUIPlugin
2024-12-13 22:23:12,114 [INFO] PluginManager:220 - loadIPPluginJar : add ipddr
2024-12-13 22:23:12,225 [INFO] IPUIPlugin:80 - create IPUIPlugin
2024-12-13 22:23:12,225 [INFO] PluginManager:220 - loadIPPluginJar : add linkedlist
2024-12-13 22:23:12,268 [INFO] IPUIPlugin:80 - create IPUIPlugin
2024-12-13 22:23:12,269 [INFO] PluginManager:220 - loadIPPluginJar : add lorawan
2024-12-13 22:23:12,315 [INFO] IPUIPlugin:80 - create IPUIPlugin
2024-12-13 22:23:12,315 [INFO] PluginManager:220 - loadIPPluginJar : add ltdc
2024-12-13 22:23:12,333 [INFO] IPUIPlugin:80 - create IPUIPlugin
2024-12-13 22:23:12,334 [INFO] PluginManager:220 - loadIPPluginJar : add mdma
2024-12-13 22:23:12,349 [INFO] IPUIPlugin:80 - create IPUIPlugin
2024-12-13 22:23:12,349 [INFO] PluginManager:220 - loadIPPluginJar : add nvic
2024-12-13 22:23:12,393 [INFO] IPUIPlugin:80 - create IPUIPlugin
2024-12-13 22:23:12,393 [INFO] PluginManager:220 - loadIPPluginJar : add opamp
2024-12-13 22:23:12,468 [INFO] IPUIPlugin:80 - create IPUIPlugin
2024-12-13 22:23:12,468 [INFO] PluginManager:220 - loadIPPluginJar : add openamp
2024-12-13 22:23:12,520 [INFO] IPUIPlugin:80 - create IPUIPlugin
2024-12-13 22:23:12,520 [INFO] PluginManager:220 - loadIPPluginJar : add pdm2pcm
2024-12-13 22:23:12,537 [INFO] IPUIPlugin:80 - create IPUIPlugin
2024-12-13 22:23:12,539 [INFO] PluginManager:220 - loadIPPluginJar : add plateformsettings
2024-12-13 22:23:12,567 [INFO] IPUIPlugin:80 - create IPUIPlugin
2024-12-13 22:23:12,567 [INFO] PluginManager:220 - loadIPPluginJar : add quadspi
2024-12-13 22:23:12,598 [INFO] IPUIPlugin:80 - create IPUIPlugin
2024-12-13 22:23:12,599 [INFO] PluginManager:220 - loadIPPluginJar : add radio
2024-12-13 22:23:12,614 [INFO] IPUIPlugin:80 - create IPUIPlugin
2024-12-13 22:23:12,614 [INFO] PluginManager:220 - loadIPPluginJar : add resmgrutility
2024-12-13 22:23:12,676 [INFO] IPUIPlugin:80 - create IPUIPlugin
2024-12-13 22:23:12,676 [INFO] PluginManager:220 - loadIPPluginJar : add sai
2024-12-13 22:23:12,722 [INFO] IPUIPlugin:80 - create IPUIPlugin
2024-12-13 22:23:12,722 [INFO] PluginManager:220 - loadIPPluginJar : add spi
2024-12-13 22:23:12,806 [INFO] IPUIPlugin:80 - create IPUIPlugin
2024-12-13 22:23:12,806 [INFO] PluginManager:220 - loadIPPluginJar : add stm32_wpan
2024-12-13 22:23:12,841 [INFO] IPUIPlugin:80 - create IPUIPlugin
2024-12-13 22:23:12,841 [INFO] PluginManager:220 - loadIPPluginJar : add tim
2024-12-13 22:23:12,935 [INFO] IPUIPlugin:80 - create IPUIPlugin
2024-12-13 22:23:12,935 [INFO] PluginManager:220 - loadIPPluginJar : add touchsensing
2024-12-13 22:23:12,965 [INFO] IPUIPlugin:80 - create IPUIPlugin
2024-12-13 22:23:12,965 [INFO] PluginManager:220 - loadIPPluginJar : add tracer_emb
2024-12-13 22:23:12,996 [INFO] IPUIPlugin:80 - create IPUIPlugin
2024-12-13 22:23:12,996 [INFO] PluginManager:220 - loadIPPluginJar : add ts
2024-12-13 22:23:13,025 [INFO] IPUIPlugin:80 - create IPUIPlugin
2024-12-13 22:23:13,025 [INFO] PluginManager:220 - loadIPPluginJar : add tsc
2024-12-13 22:23:13,053 [INFO] IPUIPlugin:80 - create IPUIPlugin
2024-12-13 22:23:13,053 [INFO] PluginManager:220 - loadIPPluginJar : add ucpd
2024-12-13 22:23:13,106 [INFO] IPUIPlugin:80 - create IPUIPlugin
2024-12-13 22:23:13,106 [INFO] PluginManager:220 - loadIPPluginJar : add usart
2024-12-13 22:23:13,158 [INFO] IPUIPlugin:80 - create IPUIPlugin
2024-12-13 22:23:13,158 [INFO] PluginManager:220 - loadIPPluginJar : add usbx
2024-12-13 22:23:13,295 [INFO] ThirdPartyUpdaterWithRetryManager:70 - Updater plugin not ready yet. [2/15]
2024-12-13 22:23:13,313 [FATAL] Updater:351 - Updater called before beeing initialized
2024-12-13 22:23:13,367 [INFO] RulesReader:64 - Compatibility file has been processed (297 Rules)
2024-12-13 22:23:13,378 [INFO] RulesReader:64 - Compatibility file has been processed (297 Rules)
2024-12-13 22:23:13,384 [INFO] CADModel:165 - CPN selected for project level
2024-12-13 22:23:13,384 [INFO] CADModel:114 - Register for checkConnection events
2024-12-13 22:23:13,384 [FATAL] Updater:351 - Updater called before beeing initialized
2024-12-13 22:23:13,384 [ERROR] CADModel:125 - Updater not yet initialized, retry later 
2024-12-13 22:23:13,576 [FATAL] Updater:351 - Updater called before beeing initialized
2024-12-13 22:23:13,578 [INFO] CADModel:165 - CPN selected for project level
2024-12-13 22:23:13,579 [INFO] CADModel:114 - Register for checkConnection events
2024-12-13 22:23:13,579 [FATAL] Updater:351 - Updater called before beeing initialized
2024-12-13 22:23:13,579 [ERROR] CADModel:125 - Updater not yet initialized, retry later 
2024-12-13 22:23:13,583 [FATAL] Updater:351 - Updater called before beeing initialized
2024-12-13 22:23:13,691 [FATAL] Updater:351 - Updater called before beeing initialized
2024-12-13 22:23:13,702 [INFO] DbMcusAds:53 - JSON generation date=Fri Sep 20 15:04:23 CEST 2024 (1726837463113)
2024-12-13 22:23:13,702 [FATAL] Updater:351 - Updater called before beeing initialized
2024-12-13 22:23:13,741 [WARN] DetailPanel:346 - Failed to get advertising image, set to default
2024-12-13 22:23:14,004 [FATAL] Updater:351 - Updater called before beeing initialized
2024-12-13 22:23:14,006 [FATAL] Updater:351 - Updater called before beeing initialized
2024-12-13 22:23:14,006 [FATAL] Updater:351 - Updater called before beeing initialized
2024-12-13 22:23:14,006 [WARN] DetailPanel:346 - Failed to get advertising image, set to default
2024-12-13 22:23:14,006 [FATAL] Updater:351 - Updater called before beeing initialized
2024-12-13 22:23:14,070 [ERROR] Updater:1198 - MainUpdater not yet initialized. External WinMGr cannot be set.
2024-12-13 22:23:14,082 [INFO] Updater:1134 - Updater Version found : 6.13.0
2024-12-13 22:23:14,099 [INFO] ApplicationProperties:184 - Using Application install path: C:\ST\STM32CubeIDE_1.16.1\STM32CubeIDE\plugins\com.st.stm32cube.common.mx_6.13.0.202411220809
2024-12-13 22:23:14,458 [INFO] MainUpdater:2872 - connection check result : 10
2024-12-13 22:23:14,459 [INFO] MainUpdater:289 - Updater Check For Update Now.
2024-12-13 22:23:14,459 [INFO] MicroXplorer:498 - Change Database Version : DB.6.0.130
2024-12-13 22:23:14,475 [INFO] McuFinderGlobals:63 - Set McuFinder mode to 2 (CubeIDE integrated)
2024-12-13 22:23:14,484 [INFO] UserAuth:486 - Internet connection configuration mode: 1
2024-12-13 22:23:14,515 [INFO] JxBrowserEngine:152 - Initiate JxBrowser Engine with user profile folder
2024-12-13 22:23:14,745 [INFO] CheckServerUpdateThread:120 - End of CheckServer Thread
2024-12-13 22:23:16,691 [WARN] PackLoader:240 - Cannot read IP mode file for STMicroelectronics.FP-SNS-MOTENVWB1.1.4.0
2024-12-13 22:23:16,724 [WARN] PackLoader:240 - Cannot read IP mode file for STMicroelectronics.FP-ATR-ASTRA1.2.0.1
2024-12-13 22:23:16,745 [WARN] PackLoader:240 - Cannot read IP mode file for STMicroelectronics.X-CUBE-SMBUS.2.1.0
2024-12-13 22:23:16,777 [WARN] PackLoader:240 - Cannot read IP mode file for STMicroelectronics.X-CUBE-WB05N.1.1.0
2024-12-13 22:23:16,812 [INFO] WebApp:168 - Instantiating new browser for Auth
2024-12-13 22:23:16,894 [WARN] PackLoader:240 - Cannot read IP mode file for STMicroelectronics.X-CUBE-MEMS1.9.2.0
2024-12-13 22:23:17,113 [WARN] PackLoader:240 - Cannot read IP mode file for STMicroelectronics.X-CUBE-AZRTOS-F7.1.1.0
2024-12-13 22:23:17,140 [WARN] PackLoader:240 - Cannot read IP mode file for STMicroelectronics.X-CUBE-BLE1.6.2.3
2024-12-13 22:23:17,291 [WARN] PackLoader:240 - Cannot read IP mode file for STMicroelectronics.X-CUBE-MEMS1.11.0.0
2024-12-13 22:23:17,410 [WARN] PackLoader:240 - Cannot read IP mode file for STMicroelectronics.FP-SNS-FLIGHT1.5.0.2
2024-12-13 22:23:17,431 [WARN] PackLoader:240 - Cannot read IP mode file for STMicroelectronics.X-CUBE-TOF1.3.1.0
2024-12-13 22:23:17,453 [WARN] PackLoader:240 - Cannot read IP mode file for STMicroelectronics.X-CUBE-DISPLAY.3.0.0
2024-12-13 22:23:17,471 [WARN] PackLoader:240 - Cannot read IP mode file for STMicroelectronics.X-CUBE-BLE1.7.0.0
2024-12-13 22:23:17,499 [WARN] PackLoader:240 - Cannot read IP mode file for STMicroelectronics.X-CUBE-NFC10.1.0.0
2024-12-13 22:23:17,533 [WARN] PackLoader:240 - Cannot read IP mode file for STMicroelectronics.X-CUBE-BLEMGR.4.0.0
2024-12-13 22:23:17,556 [WARN] PackLoader:240 - Cannot read IP mode file for STMicroelectronics.X-CUBE-AI.7.2.0
2024-12-13 22:23:17,584 [WARN] PackLoader:240 - Cannot read IP mode file for STMicroelectronics.X-CUBE-BLEMGR.3.1.0
2024-12-13 22:23:17,603 [WARN] PackLoader:240 - Cannot read IP mode file for STMicroelectronics.FP-SNS-SMARTAG2.1.2.0
2024-12-13 22:23:17,647 [INFO] LogOutputStream:77 - [STDOUT_REDIRECT] 1 : Invalid condition id : UX_CORESTACK_Condition cause : null
2024-12-13 22:23:17,648 [INFO] LogOutputStream:77 - [STDOUT_REDIRECT] 1 : Invalid condition id : UX_CORESTACK_Condition cause : null
2024-12-13 22:23:17,654 [INFO] LogOutputStream:77 - [STDOUT_REDIRECT] 1 : Invalid condition id : UX_CORESTACK_Condition cause : null
2024-12-13 22:23:17,658 [INFO] LogOutputStream:77 - [STDOUT_REDIRECT] 1 : Invalid condition id : UX_CORESTACK_Condition cause : null
2024-12-13 22:23:17,659 [INFO] LogOutputStream:77 - [STDOUT_REDIRECT] 1 : Invalid condition id : UX_CORESTACK_Condition cause : null
2024-12-13 22:23:17,661 [WARN] PackLoader:240 - Cannot read IP mode file for STMicroelectronics.X-CUBE-AZRTOS-WL.2.0.0
2024-12-13 22:23:17,681 [WARN] PackLoader:240 - Cannot read IP mode file for STMicroelectronics.FP-SNS-MOTENV1.5.0.0
2024-12-13 22:23:17,701 [WARN] PackLoader:240 - Cannot read IP mode file for wolfSSL.I-CUBE-wolfMQTT.1.19.0
2024-12-13 22:23:17,721 [WARN] PackLoader:240 - Cannot read IP mode file for WES.I-CUBE-Cesium.1.3.0
2024-12-13 22:23:17,744 [WARN] PackLoader:240 - Cannot read IP mode file for STMicroelectronics.X-CUBE-BLE2.3.3.0
2024-12-13 22:23:17,760 [WARN] PackLoader:240 - Cannot read IP mode file for STMicroelectronics.X-CUBE-DISPLAY.2.2.0
2024-12-13 22:23:17,787 [WARN] PackLoader:240 - Cannot read IP mode file for STMicroelectronics.X-CUBE-NFC9.1.0.0
2024-12-13 22:23:17,836 [WARN] PackLoader:240 - Cannot read IP mode file for STMicroelectronics.X-CUBE-AZRTOS-H7.2.1.0
2024-12-13 22:23:17,856 [WARN] PackLoader:240 - Cannot read IP mode file for STMicroelectronics.X-CUBE-TCPP.4.1.0
2024-12-13 22:23:17,875 [WARN] PackLoader:240 - Cannot read IP mode file for STMicroelectronics.X-CUBE-ALGOBUILD.1.3.0
2024-12-13 22:23:17,909 [WARN] PackLoader:240 - Cannot read IP mode file for STMicroelectronics.X-CUBE-AZRTOS-G0.1.1.0
2024-12-13 22:23:17,933 [WARN] PackLoader:240 - Cannot read IP mode file for STMicroelectronics.X-CUBE-SAFEA1.1.2.2
2024-12-13 22:23:17,950 [WARN] PackLoader:240 - Cannot read IP mode file for STMicroelectronics.X-CUBE-NFC4.3.0.0
2024-12-13 22:23:18,026 [WARN] PackLoader:240 - Cannot read IP mode file for SEGGER.I-CUBE-embOS.1.2.0
2024-12-13 22:23:18,062 [WARN] PackLoader:240 - Cannot read IP mode file for EmbeddedOffice.I-CUBE-FS-RTOS.1.0.1
2024-12-13 22:23:18,093 [WARN] PackLoader:240 - Cannot read IP mode file for STMicroelectronics.X-CUBE-TCPP.4.2.0
2024-12-13 22:23:18,118 [WARN] PackLoader:240 - Cannot read IP mode file for RealThread.X-CUBE-RT-Thread_Nano.4.1.1
2024-12-13 22:23:18,134 [WARN] PackLoader:240 - Cannot read IP mode file for STMicroelectronics.FP-ATR-SIGFOX1.3.2.0
2024-12-13 22:23:18,152 [WARN] ConditionMgr:438 - getConditionDescription Invalid condition id : Cortex-A Device cause : null
2024-12-13 22:23:18,180 [WARN] ConditionMgr:1044 - genDependencies : Invalid condition id : Cortex-A Device cause : null
2024-12-13 22:23:18,180 [WARN] ConditionMgr:1044 - genDependencies : Invalid condition id : Cortex-A Device cause : null
2024-12-13 22:23:18,180 [WARN] ConditionMgr:1044 - genDependencies : Invalid condition id : Cortex-A Device cause : null
2024-12-13 22:23:18,196 [WARN] PackLoader:240 - Cannot read IP mode file for STMicroelectronics.X-CUBE-EEPRMA1.5.1.0
2024-12-13 22:23:18,214 [WARN] PackLoader:240 - Cannot read IP mode file for emotas.I-CUBE-CANOPEN.1.1.2
2024-12-13 22:23:18,230 [WARN] PackLoader:240 - Cannot read IP mode file for STMicroelectronics.X-CUBE-TOUCHGFX.4.20.0
2024-12-13 22:23:18,248 [WARN] PackLoader:240 - Cannot read IP mode file for ITTIA_DB.I-CUBE-ITTIADB.8.9.0
2024-12-13 22:23:18,300 [WARN] PackLoader:240 - Cannot read IP mode file for SEGGER.I-CUBE-embOS.1.3.1
2024-12-13 22:23:18,335 [WARN] PackLoader:240 - Cannot read IP mode file for STMicroelectronics.X-CUBE-ALGOBUILD.1.4.0
2024-12-13 22:23:18,349 [WARN] PackLoader:240 - Cannot read IP mode file for STMicroelectronics.X-CUBE-AI.9.1.0
2024-12-13 22:23:18,368 [WARN] PackLoader:240 - Cannot read IP mode file for STMicroelectronics.X-CUBE-GNSS1.6.0.0
2024-12-13 22:23:18,397 [WARN] PackLoader:240 - Cannot read IP mode file for STMicroelectronics.X-CUBE-AZRTOS-F4.1.1.0
2024-12-13 22:23:18,415 [WARN] PackLoader:240 - Cannot read IP mode file for STMicroelectronics.X-CUBE-ISPU.2.1.0
2024-12-13 22:23:18,430 [WARN] PackLoader:240 - Cannot read IP mode file for STMicroelectronics.X-CUBE-FREERTOS.1.2.0
2024-12-13 22:23:18,460 [WARN] PackLoader:240 - Cannot read IP mode file for STMicroelectronics.X-CUBE-AZRTOS-L5.2.0.0
2024-12-13 22:23:18,481 [WARN] PackLoader:240 - Cannot read IP mode file for STMicroelectronics.X-CUBE-NFC6.3.1.0
2024-12-13 22:23:18,518 [WARN] PackLoader:240 - Cannot read IP mode file for STMicroelectronics.X-CUBE-DPower.1.2.0
2024-12-13 22:23:18,532 [WARN] PackLoader:240 - Cannot read IP mode file for STMicroelectronics.X-CUBE-NFC4.2.0.4
2024-12-13 22:23:18,561 [WARN] PackLoader:240 - Cannot read IP mode file for STMicroelectronics.X-CUBE-AZRTOS-F4.1.0.0
2024-12-13 22:23:18,579 [WARN] PackLoader:240 - Cannot read IP mode file for STMicroelectronics.X-CUBE-FREERTOS.1.3.0
2024-12-13 22:23:18,605 [WARN] PackLoader:240 - Cannot read IP mode file for STMicroelectronics.X-CUBE-NFC7.1.0.1
2024-12-13 22:23:18,621 [WARN] PackLoader:240 - Cannot read IP mode file for STMicroelectronics.X-CUBE-NFC7.1.0.0
2024-12-13 22:23:18,658 [WARN] ConditionMgr:438 - getConditionDescription Invalid condition id : LAN8742 Phy interface Condition cause : null
2024-12-13 22:23:18,658 [WARN] PackLoader:240 - Cannot read IP mode file for STMicroelectronics.X-CUBE-AZRTOS-L4.2.0.0
2024-12-13 22:23:18,659 [WARN] ConditionMgr:1044 - genDependencies : Invalid condition id : LAN8742 Phy interface Condition cause : null
2024-12-13 22:23:18,659 [WARN] ConditionMgr:1044 - genDependencies : Invalid condition id : LAN8742 Phy interface Condition cause : null
2024-12-13 22:23:18,660 [WARN] ConditionMgr:1044 - genDependencies : Invalid condition id : LAN8742 Phy interface Condition cause : null
2024-12-13 22:23:18,682 [WARN] PackLoader:240 - Cannot read IP mode file for STMicroelectronics.X-CUBE-SFXS2LP1.4.0.0
2024-12-13 22:23:18,713 [WARN] PackLoader:240 - Cannot read IP mode file for STMicroelectronics.X-CUBE-AZRTOS-H7.3.3.0
2024-12-13 22:23:18,731 [WARN] PackLoader:240 - Cannot read IP mode file for RoweBots.I-CUBE-UNISONRTOS.5.5.0-4
2024-12-13 22:23:18,747 [WARN] PackLoader:240 - Cannot read IP mode file for wolfSSL.I-CUBE-wolfSSL.5.4.0
2024-12-13 22:23:18,769 [WARN] PackLoader:240 - Cannot read IP mode file for STMicroelectronics.X-CUBE-IPS.3.0.0
2024-12-13 22:23:18,799 [WARN] ConditionMgr:438 - getConditionDescription Invalid condition id : UX DEVICE CLASS RTOS Condition cause : null
2024-12-13 22:23:18,799 [WARN] ConditionMgr:438 - getConditionDescription Invalid condition id : UX DEVICE CLASS RTOS Condition cause : null
2024-12-13 22:23:18,802 [WARN] PackLoader:240 - Cannot read IP mode file for STMicroelectronics.X-CUBE-AZRTOS-WB.2.0.0
2024-12-13 22:23:18,802 [WARN] ConditionMgr:1044 - genDependencies : Invalid condition id : UX DEVICE CLASS RTOS Condition cause : null
2024-12-13 22:23:18,802 [WARN] ConditionMgr:1044 - genDependencies : Invalid condition id : UX DEVICE CLASS RTOS Condition cause : null
2024-12-13 22:23:18,828 [WARN] ConditionMgr:1044 - genDependencies : Invalid condition id : UX DEVICE CLASS RTOS Condition cause : null
2024-12-13 22:23:18,828 [WARN] ConditionMgr:1044 - genDependencies : Invalid condition id : UX DEVICE CLASS RTOS Condition cause : null
2024-12-13 22:23:18,828 [WARN] ConditionMgr:1044 - genDependencies : Invalid condition id : UX DEVICE CLASS RTOS Condition cause : null
2024-12-13 22:23:18,849 [WARN] PackLoader:240 - Cannot read IP mode file for STMicroelectronics.X-CUBE-GNSS1.7.0.0
2024-12-13 22:23:18,910 [WARN] PackLoader:240 - Cannot read IP mode file for STMicroelectronics.X-CUBE-BLEMGR.1.0.0
2024-12-13 22:23:18,928 [WARN] PackLoader:240 - Cannot read IP mode file for STMicroelectronics.FP-SNS-STBOX1.2.0.0
2024-12-13 22:23:18,950 [WARN] PackLoader:240 - Cannot read IP mode file for STMicroelectronics.X-CUBE-SUBG2.5.0.0
2024-12-13 22:23:19,005 [WARN] PackLoader:240 - Cannot read IP mode file for Cesanta.I-CUBE-Mongoose.7.13.0
2024-12-13 22:23:19,035 [WARN] PackLoader:240 - Cannot read IP mode file for STMicroelectronics.X-CUBE-AZRTOS-G4.2.0.0
2024-12-13 22:23:19,051 [WARN] PackLoader:240 - Cannot read IP mode file for STMicroelectronics.FP-ATR-ASTRA1.1.1.0
2024-12-13 22:23:19,076 [WARN] PackLoader:240 - Cannot read IP mode file for STMicroelectronics.X-CUBE-AZRTOS-G4.1.0.0
2024-12-13 22:23:19,116 [WARN] PackLoader:240 - Cannot read IP mode file for STMicroelectronics.X-CUBE-AZRTOS-L4.1.0.0
2024-12-13 22:23:19,137 [WARN] PackLoader:240 - Cannot read IP mode file for STMicroelectronics.X-CUBE-ALS.1.0.2
2024-12-13 22:23:19,169 [WARN] PackLoader:240 - Cannot read IP mode file for STMicroelectronics.X-CUBE-AZRTOS-WL.1.0.0
2024-12-13 22:23:19,185 [WARN] PackLoader:240 - Cannot read IP mode file for STMicroelectronics.X-CUBE-TOUCHGFX.4.24.1
2024-12-13 22:23:19,204 [WARN] PackLoader:240 - Cannot read IP mode file for wolfSSL.I-CUBE-wolfTPM.3.4.0
2024-12-13 22:23:19,220 [WARN] PackLoader:240 - Cannot read IP mode file for portGmbH.I-Cube-SoM-uGOAL.1.1.0
2024-12-13 22:23:19,244 [WARN] PackLoader:240 - Cannot read IP mode file for STMicroelectronics.X-CUBE-ALS.1.0.1
2024-12-13 22:23:19,272 [WARN] PackLoader:240 - Cannot read IP mode file for STMicroelectronics.X-CUBE-AZRTOS-L5.1.0.0
2024-12-13 22:23:19,292 [WARN] PackLoader:240 - Cannot read IP mode file for STMicroelectronics.X-CUBE-EEPRMA1.3.1.1
2024-12-13 22:23:19,322 [WARN] PackLoader:240 - Cannot read IP mode file for STMicroelectronics.X-CUBE-AZRTOS-H7RS.1.0.0
2024-12-13 22:23:19,338 [WARN] PackLoader:240 - Cannot read IP mode file for STMicroelectronics.FP-ATR-ASTRA1.2.0.0
2024-12-13 22:23:19,358 [WARN] PackLoader:240 - Cannot read IP mode file for STMicroelectronics.X-CUBE-TOF1.3.4.2
2024-12-13 22:23:19,398 [WARN] PackLoader:240 - Cannot read IP mode file for Infineon.AIROC-Wi-Fi-Bluetooth-STM32.1.6.1
2024-12-13 22:23:19,416 [WARN] PackLoader:240 - Cannot read IP mode file for wolfSSL.I-CUBE-wolfSSH.1.4.17
2024-12-13 22:23:19,417 [INFO] ThirdParty:978 - Integrity check success = true
2024-12-13 22:23:19,417 [INFO] IntegrityCheckThread:100 - exiting critical section [integrity check]
2024-12-13 22:23:19,417 [INFO] IntegrityCheckThread:103 - End integrity checks thread
2024-12-13 22:23:20,041 [INFO] WebApp:449 - Apply proxy settings
2024-12-13 22:23:20,041 [INFO] WebApp:534 - Chromium requires no authentication
2024-12-13 22:23:20,077 [INFO] WebApp:477 - Direct internet connection detected
2024-12-13 22:23:20,136 [INFO] WebApp:880 - Register for checkConnection events
2024-12-13 22:23:20,137 [INFO] WebApp:449 - Apply proxy settings
2024-12-13 22:23:20,137 [INFO] WebApp:534 - Chromium requires no authentication
2024-12-13 22:23:20,137 [INFO] WebApp:477 - Direct internet connection detected
2024-12-13 22:23:20,334 [INFO] WebApp:187 - Connection restablished
2024-12-13 22:23:20,491 [INFO] WebApp:221 - Starting web application
2024-12-13 22:23:20,491 [INFO] WebApp:579 - Web application path used C:\ST\STM32CubeIDE_1.16.1\STM32CubeIDE\plugins\com.st.stm32cube.common.mx_6.13.0.202411220809\db\plugins\mcufinder\reactClient1\index.html
2024-12-13 22:23:20,693 [INFO] UserAuth:486 - Internet connection configuration mode: 1
