2025-05-17 12:21:07,647 [ERROR] LogOutputStream:75 - [STDERR_REDIRECT] 
2025-05-17 12:21:38,901 [INFO] Activator:176 - 


2025-05-17 12:21:38,903 [INFO] Activator:177 - !SESSION log4j initialized
2025-05-17 12:21:57,253 [INFO] LogOutputStream:77 - [STDOUT_REDIRECT] 
2025-05-17 12:22:34,501 [INFO] ApplicationProperties:184 - Using Application install path: C:\ST\STM32CubeIDE_1.16.1\STM32CubeIDE\plugins\com.st.stm32cube.common.mx_6.13.0.202411220809
2025-05-17 12:22:34,551 [INFO] DbMcusXml:78 - Set database path to: C:\ST\STM32CubeIDE_1.16.1\STM32CubeIDE\plugins\com.st.stm32cube.common.mx_6.13.0.202411220809\\db\/mcu/
2025-05-17 12:22:34,551 [INFO] ApiDb:274 - Set plugin database path to: C:\ST\STM32CubeIDE_1.16.1\STM32CubeIDE\plugins\com.st.stm32cube.common.mx_6.13.0.202411220809\\db\/plugins/boardmanager/
2025-05-17 12:22:34,551 [WARN] ApiDb:259 - Overriding images path with different value:  => C:\ST\STM32CubeIDE_1.16.1\STM32CubeIDE\plugins\com.st.stm32cube.common.mx_6.13.0.202411220809\\db\/plugins/mcufinder/images/
2025-05-17 12:22:34,595 [INFO] ApiDb:250 - Set database path to: C:\Users\Bruno\.stmcufinder\plugins\mcufinder//mcu/
2025-05-17 12:22:34,596 [INFO] DbMcusAds:125 - Set database path to: C:\Users\Bruno\.stmcufinder\plugins\mcufinder//mcu/
2025-05-17 12:22:34,629 [INFO] CrossReferenceDbSqlite:203 - Set database path to: C:\Users\Bruno\.stmcufinder\plugins\mcufinder//mcu/cs/
2025-05-17 12:22:34,790 [INFO] RulesReader:64 - Compatibility file has been processed (297 Rules)
2025-05-17 12:22:34,904 [INFO] DbMcusXml:78 - Set database path to: C:\ST\STM32CubeIDE_1.16.1\STM32CubeIDE\plugins\com.st.stm32cube.common.mx_6.13.0.202411220809\\db\/mcu/
2025-05-17 12:22:34,904 [INFO] ApiDb:274 - Set plugin database path to: C:\ST\STM32CubeIDE_1.16.1\STM32CubeIDE\plugins\com.st.stm32cube.common.mx_6.13.0.202411220809\\db\/plugins/boardmanager/
2025-05-17 12:22:34,904 [INFO] ApiDb:261 - Set plugin images path to: C:\ST\STM32CubeIDE_1.16.1\STM32CubeIDE\plugins\com.st.stm32cube.common.mx_6.13.0.202411220809\\db\/plugins/mcufinder/images/
2025-05-17 12:22:34,904 [WARN] DbFile:41 - Overriding database path with different value: C:\Users\Bruno\.stmcufinder\plugins\mcufinder/ => C:\Users\Bruno\.stmcufinder\plugins\mcufinder
2025-05-17 12:22:34,905 [INFO] ApiDb:250 - Set database path to: C:\Users\Bruno\.stmcufinder\plugins\mcufinder//mcu/
2025-05-17 12:22:34,905 [WARN] DbFile:41 - Overriding database path with different value: C:\Users\Bruno\.stmcufinder\plugins\mcufinder/ => C:\Users\Bruno\.stmcufinder\plugins\mcufinder
2025-05-17 12:22:34,905 [INFO] DbMcusAds:125 - Set database path to: C:\Users\Bruno\.stmcufinder\plugins\mcufinder//mcu/
2025-05-17 12:22:34,905 [WARN] DbFile:41 - Overriding database path with different value: C:\Users\Bruno\.stmcufinder\plugins\mcufinder/ => C:\Users\Bruno\.stmcufinder\plugins\mcufinder
2025-05-17 12:22:34,905 [WARN] DbFile:41 - Overriding database path with different value: C:\Users\Bruno\.stmcufinder\plugins\mcufinder/ => C:\Users\Bruno\.stmcufinder\plugins\mcufinder
2025-05-17 12:22:34,905 [INFO] CrossReferenceDbSqlite:203 - Set database path to: C:\Users\Bruno\.stmcufinder\plugins\mcufinder//mcu/cs/
2025-05-17 12:22:34,988 [INFO] MainPanel:272 - HeapMemory: 573571072
2025-05-17 12:22:35,163 [INFO] DbMcusXml:78 - Set database path to: C:\ST\STM32CubeIDE_1.16.1\STM32CubeIDE\plugins\com.st.stm32cube.common.mx_6.13.0.202411220809\\db\/mcu/
2025-05-17 12:22:35,163 [INFO] ApiDb:274 - Set plugin database path to: C:\ST\STM32CubeIDE_1.16.1\STM32CubeIDE\plugins\com.st.stm32cube.common.mx_6.13.0.202411220809\\db\/plugins/boardmanager/
2025-05-17 12:22:35,163 [INFO] ApiDb:261 - Set plugin images path to: C:\ST\STM32CubeIDE_1.16.1\STM32CubeIDE\plugins\com.st.stm32cube.common.mx_6.13.0.202411220809\\db\/plugins/mcufinder/images/
2025-05-17 12:22:35,163 [WARN] DbFile:41 - Overriding database path with different value: C:\Users\Bruno\.stmcufinder\plugins\mcufinder/ => C:\Users\Bruno\.stmcufinder\plugins\mcufinder
2025-05-17 12:22:35,164 [INFO] ApiDb:250 - Set database path to: C:\Users\Bruno\.stmcufinder\plugins\mcufinder//mcu/
2025-05-17 12:22:35,164 [WARN] DbFile:41 - Overriding database path with different value: C:\Users\Bruno\.stmcufinder\plugins\mcufinder/ => C:\Users\Bruno\.stmcufinder\plugins\mcufinder
2025-05-17 12:22:35,164 [INFO] DbMcusAds:125 - Set database path to: C:\Users\Bruno\.stmcufinder\plugins\mcufinder//mcu/
2025-05-17 12:22:35,164 [WARN] DbFile:41 - Overriding database path with different value: C:\Users\Bruno\.stmcufinder\plugins\mcufinder/ => C:\Users\Bruno\.stmcufinder\plugins\mcufinder
2025-05-17 12:22:35,164 [WARN] DbFile:41 - Overriding database path with different value: C:\Users\Bruno\.stmcufinder\plugins\mcufinder/ => C:\Users\Bruno\.stmcufinder\plugins\mcufinder
2025-05-17 12:22:35,164 [INFO] CrossReferenceDbSqlite:203 - Set database path to: C:\Users\Bruno\.stmcufinder\plugins\mcufinder//mcu/cs/
2025-05-17 12:22:35,183 [INFO] ApplicationProperties:184 - Using Application install path: C:\ST\STM32CubeIDE_1.16.1\STM32CubeIDE\plugins\com.st.stm32cube.common.mx_6.13.0.202411220809
2025-05-17 12:22:35,185 [INFO] PluginManage:196 - Search for loadable plugins [exclusion list=, ]
2025-05-17 12:22:35,186 [INFO] PluginManage:310 - Check plugin analytics
2025-05-17 12:22:35,506 [INFO] AnalyticsPlugin:253 - Accepted Software Licenses: STM32CubeMX.6.6.1,STM32CubeMX.6.13.0
2025-05-17 12:22:35,506 [INFO] AnalyticsPlugin:255 - Accepted CMSIS Pack Licenses: 
2025-05-17 12:22:35,506 [INFO] AnalyticsPlugin:257 - Accepted Firmware Licenses: FW.G0.1.6.0,FW.F4.1.28.0
2025-05-17 12:22:35,507 [INFO] PluginManage:359 - Loaded plugin analytics (category:tool,tabindex:-1)
2025-05-17 12:22:35,507 [INFO] PluginManage:310 - Check plugin cadmodel
2025-05-17 12:22:35,529 [INFO] CADModel:105 - Init CAD model plugin
2025-05-17 12:22:35,530 [INFO] PluginManage:359 - Loaded plugin cadmodel (category:power,tabindex:5)
2025-05-17 12:22:35,530 [INFO] PluginManage:310 - Check plugin clock
2025-05-17 12:22:35,555 [INFO] PluginManage:359 - Loaded plugin clock (category:base,tabindex:2)
2025-05-17 12:22:35,556 [INFO] PluginManage:310 - Check plugin ddr
2025-05-17 12:22:35,559 [INFO] PluginManage:359 - Loaded plugin ddr (category:tool,tabindex:6)
2025-05-17 12:22:35,559 [INFO] PluginManage:310 - Check plugin filemanager
2025-05-17 12:22:35,720 [INFO] PluginManage:359 - Loaded plugin filemanager (category:base,tabindex:10)
2025-05-17 12:22:35,721 [INFO] PluginManage:310 - Check plugin ipmanager
2025-05-17 12:22:35,729 [INFO] PluginManage:359 - Loaded plugin ipmanager (category:base,tabindex:5)
2025-05-17 12:22:35,729 [INFO] PluginManage:310 - Check plugin lpbam
2025-05-17 12:22:35,751 [INFO] PluginManage:359 - Loaded plugin lpbam (category:base,tabindex:0)
2025-05-17 12:22:35,751 [INFO] PluginManage:310 - Check plugin memorymap
2025-05-17 12:22:35,777 [INFO] PluginManage:359 - Loaded plugin memorymap (category:base,tabindex:4)
2025-05-17 12:22:35,778 [INFO] PluginManage:310 - Check plugin pinoutandconfiguration
2025-05-17 12:22:35,799 [INFO] PluginManage:359 - Loaded plugin pinoutandconfiguration (category:base,tabindex:1)
2025-05-17 12:22:35,799 [INFO] PluginManage:310 - Check plugin pinoutconfig
2025-05-17 12:22:35,950 [WARN] SupportedApi:132 - Cannot load RTOS API schema: s4s-elt-must-match.1: The content of 'definitions' must match (annotation?, (simpleType | complexType)?, (unique | key | keyref)*)). A problem was found starting at: attribute.
2025-05-17 12:22:36,121 [INFO] PluginManage:359 - Loaded plugin pinoutconfig (category:base,tabindex:0)
2025-05-17 12:22:36,121 [INFO] PluginManage:310 - Check plugin power
2025-05-17 12:22:36,145 [INFO] PluginManage:359 - Loaded plugin power (category:power,tabindex:4)
2025-05-17 12:22:36,145 [INFO] PluginManage:310 - Check plugin projectmanager
2025-05-17 12:22:36,160 [INFO] PluginManage:359 - Loaded plugin projectmanager (category:projectmanager,tabindex:4)
2025-05-17 12:22:36,160 [INFO] PluginManage:310 - Check plugin rif
2025-05-17 12:22:36,182 [INFO] PluginManage:359 - Loaded plugin rif (category:base,tabindex:3)
2025-05-17 12:22:36,182 [INFO] PluginManage:310 - Check plugin thirdparty
2025-05-17 12:22:36,525 [INFO] PluginManage:359 - Loaded plugin thirdparty (category:base,tabindex:-1)
2025-05-17 12:22:36,525 [INFO] PluginManage:310 - Check plugin tools
2025-05-17 12:22:36,525 [WARN] IntegrityCheckThread:84 - waiting for thirdparty lock release [integrity check]
2025-05-17 12:22:36,525 [INFO] IntegrityCheckThread:86 - entering critical section [integrity check]
2025-05-17 12:22:36,526 [INFO] ThirdPartyUpdaterWithRetryManager:70 - Updater plugin not ready yet. [1/15]
2025-05-17 12:22:36,577 [INFO] PluginManage:359 - Loaded plugin tools (category:base,tabindex:7)
2025-05-17 12:22:36,577 [INFO] PluginManage:310 - Check plugin tutovideos
2025-05-17 12:22:36,781 [INFO] PluginManage:359 - Loaded plugin tutovideos (category:base,tabindex:-1)
2025-05-17 12:22:36,781 [INFO] PluginManage:310 - Check plugin updater
2025-05-17 12:22:36,823 [INFO] PluginManage:359 - Loaded plugin updater (category:base,tabindex:12)
2025-05-17 12:22:36,824 [INFO] PluginManage:310 - Check plugin userauth
2025-05-17 12:22:36,828 [INFO] UserAuth:118 - Init User Auth plugin
2025-05-17 12:22:36,830 [INFO] PluginManage:359 - Loaded plugin userauth (category:base,tabindex:14)
2025-05-17 12:22:36,830 [INFO] PluginManage:283 - PluginManage : Loaded plugins [18]
2025-05-17 12:22:37,091 [INFO] PinOutPanel:1589 - setPackage(No Configuration,No Configuration)
2025-05-17 12:22:37,182 [INFO] CADModel:165 - CPN selected for project level
2025-05-17 12:22:37,182 [INFO] CADModel:114 - Register for checkConnection events
2025-05-17 12:22:37,211 [INFO] IPUIPlugin:80 - create IPUIPlugin
2025-05-17 12:22:37,212 [INFO] PluginManager:220 - loadIPPluginJar : add adc
2025-05-17 12:22:37,263 [INFO] IPUIPlugin:80 - create IPUIPlugin
2025-05-17 12:22:37,263 [INFO] PluginManager:220 - loadIPPluginJar : add aes
2025-05-17 12:22:37,323 [INFO] IPUIPlugin:80 - create IPUIPlugin
2025-05-17 12:22:37,323 [INFO] PluginManager:220 - loadIPPluginJar : add can
2025-05-17 12:22:37,357 [INFO] IPUIPlugin:80 - create IPUIPlugin
2025-05-17 12:22:37,357 [INFO] PluginManager:220 - loadIPPluginJar : add comp
2025-05-17 12:22:37,404 [INFO] IPUIPlugin:80 - create IPUIPlugin
2025-05-17 12:22:37,404 [INFO] PluginManager:220 - loadIPPluginJar : add cryp
2025-05-17 12:22:37,420 [INFO] IPUIPlugin:80 - create IPUIPlugin
2025-05-17 12:22:37,420 [INFO] PluginManager:220 - loadIPPluginJar : add ddr_ctrl_phy
2025-05-17 12:22:37,460 [INFO] IPUIPlugin:80 - create IPUIPlugin
2025-05-17 12:22:37,460 [INFO] PluginManager:220 - loadIPPluginJar : add dfsdm
2025-05-17 12:22:37,477 [INFO] IPUIPlugin:80 - create IPUIPlugin
2025-05-17 12:22:37,478 [INFO] PluginManager:220 - loadIPPluginJar : add dma
2025-05-17 12:22:37,571 [INFO] IPUIPlugin:80 - create IPUIPlugin
2025-05-17 12:22:37,571 [INFO] PluginManager:220 - loadIPPluginJar : add dma3
2025-05-17 12:22:37,632 [INFO] IPUIPlugin:80 - create IPUIPlugin
2025-05-17 12:22:37,633 [INFO] PluginManager:220 - loadIPPluginJar : add extmemmanager
2025-05-17 12:22:37,662 [INFO] IPUIPlugin:80 - create IPUIPlugin
2025-05-17 12:22:37,662 [INFO] PluginManager:220 - loadIPPluginJar : add fatfs
2025-05-17 12:22:37,727 [INFO] IPUIPlugin:80 - create IPUIPlugin
2025-05-17 12:22:37,728 [INFO] PluginManager:220 - loadIPPluginJar : add fmc
2025-05-17 12:22:37,747 [INFO] IPUIPlugin:80 - create IPUIPlugin
2025-05-17 12:22:37,748 [INFO] PluginManager:220 - loadIPPluginJar : add freertos
2025-05-17 12:22:37,779 [INFO] IPUIPlugin:80 - create IPUIPlugin
2025-05-17 12:22:37,779 [INFO] PluginManager:220 - loadIPPluginJar : add genericplugin
2025-05-17 12:22:37,913 [INFO] IPUIPlugin:80 - create IPUIPlugin
2025-05-17 12:22:37,913 [INFO] PluginManager:220 - loadIPPluginJar : add gfxmmu
2025-05-17 12:22:38,093 [INFO] IPUIPlugin:80 - create IPUIPlugin
2025-05-17 12:22:38,093 [INFO] PluginManager:220 - loadIPPluginJar : add gic
2025-05-17 12:22:38,109 [INFO] IPUIPlugin:80 - create IPUIPlugin
2025-05-17 12:22:38,109 [INFO] PluginManager:220 - loadIPPluginJar : add gpio
2025-05-17 12:22:38,240 [INFO] IPUIPlugin:80 - create IPUIPlugin
2025-05-17 12:22:38,240 [INFO] PluginManager:220 - loadIPPluginJar : add gtzc
2025-05-17 12:22:38,286 [INFO] IPUIPlugin:80 - create IPUIPlugin
2025-05-17 12:22:38,286 [INFO] PluginManager:220 - loadIPPluginJar : add hash
2025-05-17 12:22:38,366 [INFO] IPUIPlugin:80 - create IPUIPlugin
2025-05-17 12:22:38,366 [INFO] PluginManager:220 - loadIPPluginJar : add i2c
2025-05-17 12:22:38,424 [INFO] IPUIPlugin:80 - create IPUIPlugin
2025-05-17 12:22:38,424 [INFO] PluginManager:220 - loadIPPluginJar : add i2s
2025-05-17 12:22:38,481 [INFO] IPUIPlugin:80 - create IPUIPlugin
2025-05-17 12:22:38,481 [INFO] PluginManager:220 - loadIPPluginJar : add i3c
2025-05-17 12:22:38,622 [INFO] IPUIPlugin:80 - create IPUIPlugin
2025-05-17 12:22:38,622 [INFO] PluginManager:220 - loadIPPluginJar : add ipddr
2025-05-17 12:22:38,753 [INFO] IPUIPlugin:80 - create IPUIPlugin
2025-05-17 12:22:38,753 [INFO] PluginManager:220 - loadIPPluginJar : add linkedlist
2025-05-17 12:22:38,804 [INFO] IPUIPlugin:80 - create IPUIPlugin
2025-05-17 12:22:38,804 [INFO] PluginManager:220 - loadIPPluginJar : add lorawan
2025-05-17 12:22:38,857 [INFO] IPUIPlugin:80 - create IPUIPlugin
2025-05-17 12:22:38,857 [INFO] PluginManager:220 - loadIPPluginJar : add ltdc
2025-05-17 12:22:38,875 [INFO] IPUIPlugin:80 - create IPUIPlugin
2025-05-17 12:22:38,875 [INFO] PluginManager:220 - loadIPPluginJar : add mdma
2025-05-17 12:22:38,892 [INFO] IPUIPlugin:80 - create IPUIPlugin
2025-05-17 12:22:38,892 [INFO] PluginManager:220 - loadIPPluginJar : add nvic
2025-05-17 12:22:38,947 [INFO] IPUIPlugin:80 - create IPUIPlugin
2025-05-17 12:22:38,947 [INFO] PluginManager:220 - loadIPPluginJar : add opamp
2025-05-17 12:22:39,079 [INFO] IPUIPlugin:80 - create IPUIPlugin
2025-05-17 12:22:39,080 [INFO] PluginManager:220 - loadIPPluginJar : add openamp
2025-05-17 12:22:39,147 [INFO] IPUIPlugin:80 - create IPUIPlugin
2025-05-17 12:22:39,147 [INFO] PluginManager:220 - loadIPPluginJar : add pdm2pcm
2025-05-17 12:22:39,165 [INFO] IPUIPlugin:80 - create IPUIPlugin
2025-05-17 12:22:39,168 [INFO] PluginManager:220 - loadIPPluginJar : add plateformsettings
2025-05-17 12:22:39,202 [INFO] IPUIPlugin:80 - create IPUIPlugin
2025-05-17 12:22:39,202 [INFO] PluginManager:220 - loadIPPluginJar : add quadspi
2025-05-17 12:22:39,240 [INFO] IPUIPlugin:80 - create IPUIPlugin
2025-05-17 12:22:39,240 [INFO] PluginManager:220 - loadIPPluginJar : add radio
2025-05-17 12:22:39,257 [INFO] IPUIPlugin:80 - create IPUIPlugin
2025-05-17 12:22:39,258 [INFO] PluginManager:220 - loadIPPluginJar : add resmgrutility
2025-05-17 12:22:39,323 [INFO] IPUIPlugin:80 - create IPUIPlugin
2025-05-17 12:22:39,324 [INFO] PluginManager:220 - loadIPPluginJar : add sai
2025-05-17 12:22:39,379 [INFO] IPUIPlugin:80 - create IPUIPlugin
2025-05-17 12:22:39,380 [INFO] PluginManager:220 - loadIPPluginJar : add spi
2025-05-17 12:22:39,479 [INFO] IPUIPlugin:80 - create IPUIPlugin
2025-05-17 12:22:39,479 [INFO] PluginManager:220 - loadIPPluginJar : add stm32_wpan
2025-05-17 12:22:39,512 [INFO] IPUIPlugin:80 - create IPUIPlugin
2025-05-17 12:22:39,512 [INFO] PluginManager:220 - loadIPPluginJar : add tim
2025-05-17 12:22:39,528 [INFO] ThirdPartyUpdaterWithRetryManager:70 - Updater plugin not ready yet. [2/15]
2025-05-17 12:22:39,612 [INFO] IPUIPlugin:80 - create IPUIPlugin
2025-05-17 12:22:39,612 [INFO] PluginManager:220 - loadIPPluginJar : add touchsensing
2025-05-17 12:22:39,650 [INFO] IPUIPlugin:80 - create IPUIPlugin
2025-05-17 12:22:39,650 [INFO] PluginManager:220 - loadIPPluginJar : add tracer_emb
2025-05-17 12:22:39,686 [INFO] IPUIPlugin:80 - create IPUIPlugin
2025-05-17 12:22:39,686 [INFO] PluginManager:220 - loadIPPluginJar : add ts
2025-05-17 12:22:39,718 [INFO] IPUIPlugin:80 - create IPUIPlugin
2025-05-17 12:22:39,718 [INFO] PluginManager:220 - loadIPPluginJar : add tsc
2025-05-17 12:22:39,757 [INFO] IPUIPlugin:80 - create IPUIPlugin
2025-05-17 12:22:39,757 [INFO] PluginManager:220 - loadIPPluginJar : add ucpd
2025-05-17 12:22:39,847 [INFO] IPUIPlugin:80 - create IPUIPlugin
2025-05-17 12:22:39,847 [INFO] PluginManager:220 - loadIPPluginJar : add usart
2025-05-17 12:22:39,910 [INFO] IPUIPlugin:80 - create IPUIPlugin
2025-05-17 12:22:39,910 [INFO] PluginManager:220 - loadIPPluginJar : add usbx
2025-05-17 12:22:40,057 [FATAL] Updater:351 - Updater called before beeing initialized
2025-05-17 12:22:40,081 [INFO] RulesReader:64 - Compatibility file has been processed (297 Rules)
2025-05-17 12:22:40,092 [INFO] RulesReader:64 - Compatibility file has been processed (297 Rules)
2025-05-17 12:22:40,098 [INFO] CADModel:165 - CPN selected for project level
2025-05-17 12:22:40,098 [INFO] CADModel:114 - Register for checkConnection events
2025-05-17 12:22:40,099 [FATAL] Updater:351 - Updater called before beeing initialized
2025-05-17 12:22:40,099 [ERROR] CADModel:125 - Updater not yet initialized, retry later 
2025-05-17 12:22:40,274 [FATAL] Updater:351 - Updater called before beeing initialized
2025-05-17 12:22:40,277 [INFO] CADModel:165 - CPN selected for project level
2025-05-17 12:22:40,277 [INFO] CADModel:114 - Register for checkConnection events
2025-05-17 12:22:40,277 [FATAL] Updater:351 - Updater called before beeing initialized
2025-05-17 12:22:40,277 [ERROR] CADModel:125 - Updater not yet initialized, retry later 
2025-05-17 12:22:40,281 [FATAL] Updater:351 - Updater called before beeing initialized
2025-05-17 12:22:40,415 [FATAL] Updater:351 - Updater called before beeing initialized
2025-05-17 12:22:40,431 [INFO] DbMcusAds:53 - JSON generation date=Thu Mar 06 15:54:22 CET 2025 (1741272862204)
2025-05-17 12:22:40,432 [FATAL] Updater:351 - Updater called before beeing initialized
2025-05-17 12:22:40,481 [WARN] DetailPanel:346 - Failed to get advertising image, set to default
2025-05-17 12:22:40,782 [FATAL] Updater:351 - Updater called before beeing initialized
2025-05-17 12:22:40,784 [FATAL] Updater:351 - Updater called before beeing initialized
2025-05-17 12:22:40,784 [FATAL] Updater:351 - Updater called before beeing initialized
2025-05-17 12:22:40,784 [WARN] DetailPanel:346 - Failed to get advertising image, set to default
2025-05-17 12:22:40,785 [FATAL] Updater:351 - Updater called before beeing initialized
2025-05-17 12:22:40,849 [ERROR] Updater:1198 - MainUpdater not yet initialized. External WinMGr cannot be set.
2025-05-17 12:22:40,860 [INFO] Updater:1134 - Updater Version found : 6.13.0
2025-05-17 12:22:40,884 [INFO] ApplicationProperties:184 - Using Application install path: C:\ST\STM32CubeIDE_1.16.1\STM32CubeIDE\plugins\com.st.stm32cube.common.mx_6.13.0.202411220809
2025-05-17 12:22:41,274 [INFO] MainUpdater:2872 - connection check result : 10
2025-05-17 12:22:41,275 [INFO] MainUpdater:289 - Updater Check For Update Now.
2025-05-17 12:22:41,275 [INFO] MicroXplorer:498 - Change Database Version : DB.6.0.130
2025-05-17 12:22:41,291 [INFO] McuFinderGlobals:63 - Set McuFinder mode to 2 (CubeIDE integrated)
2025-05-17 12:22:41,300 [INFO] UserAuth:486 - Internet connection configuration mode: 1
2025-05-17 12:22:41,346 [INFO] JxBrowserEngine:152 - Initiate JxBrowser Engine with user profile folder
2025-05-17 12:22:41,556 [INFO] CheckServerUpdateThread:120 - End of CheckServer Thread
2025-05-17 12:22:43,236 [WARN] PackLoader:240 - Cannot read IP mode file for STMicroelectronics.FP-SNS-MOTENVWB1.1.4.0
2025-05-17 12:22:43,309 [WARN] PackLoader:240 - Cannot read IP mode file for STMicroelectronics.FP-ATR-ASTRA1.2.0.2
2025-05-17 12:22:43,344 [WARN] PackLoader:240 - Cannot read IP mode file for STMicroelectronics.FP-ATR-ASTRA1.2.0.1
2025-05-17 12:22:43,376 [WARN] PackLoader:240 - Cannot read IP mode file for STMicroelectronics.X-CUBE-SMBUS.2.1.0
2025-05-17 12:22:43,405 [WARN] PackLoader:240 - Cannot read IP mode file for STMicroelectronics.X-CUBE-WB05N.1.1.0
2025-05-17 12:22:43,555 [WARN] PackLoader:240 - Cannot read IP mode file for STMicroelectronics.X-CUBE-MEMS1.9.2.0
2025-05-17 12:22:43,750 [INFO] WebApp:168 - Instantiating new browser for Auth
2025-05-17 12:22:43,993 [WARN] PackLoader:240 - Cannot read IP mode file for STMicroelectronics.X-CUBE-AZRTOS-F7.1.1.0
2025-05-17 12:22:44,063 [WARN] PackLoader:240 - Cannot read IP mode file for STMicroelectronics.X-CUBE-BLE1.6.2.3
2025-05-17 12:22:44,194 [WARN] PackLoader:240 - Cannot read IP mode file for STMicroelectronics.X-CUBE-MEMS1.11.0.0
2025-05-17 12:22:44,321 [WARN] PackLoader:240 - Cannot read IP mode file for STMicroelectronics.FP-SNS-FLIGHT1.5.0.2
2025-05-17 12:22:44,359 [WARN] PackLoader:240 - Cannot read IP mode file for STMicroelectronics.X-CUBE-TOF1.3.1.0
2025-05-17 12:22:44,392 [WARN] PackLoader:240 - Cannot read IP mode file for STMicroelectronics.X-CUBE-DISPLAY.3.0.0
2025-05-17 12:22:44,412 [WARN] PackLoader:240 - Cannot read IP mode file for STMicroelectronics.X-CUBE-BLE1.7.0.0
2025-05-17 12:22:44,430 [WARN] PackLoader:240 - Cannot read IP mode file for STMicroelectronics.X-CUBE-NFC10.1.0.0
2025-05-17 12:22:44,456 [WARN] PackLoader:240 - Cannot read IP mode file for STMicroelectronics.X-CUBE-BLEMGR.4.0.0
2025-05-17 12:22:44,477 [WARN] PackLoader:240 - Cannot read IP mode file for STMicroelectronics.X-CUBE-AI.7.2.0
2025-05-17 12:22:44,498 [WARN] PackLoader:240 - Cannot read IP mode file for STMicroelectronics.X-CUBE-BLEMGR.3.1.0
2025-05-17 12:22:44,514 [WARN] PackLoader:240 - Cannot read IP mode file for STMicroelectronics.X-CUBE-AI.10.0.0
2025-05-17 12:22:44,532 [WARN] PackLoader:240 - Cannot read IP mode file for STMicroelectronics.FP-SNS-SMARTAG2.1.2.0
2025-05-17 12:22:44,547 [WARN] PackLoader:240 - Cannot read IP mode file for STMicroelectronics.FP-SNS-FLIGHT1.5.1.0
2025-05-17 12:22:44,663 [WARN] PackLoader:240 - Cannot read IP mode file for STMicroelectronics.X-CUBE-MEMS1.11.1.0
2025-05-17 12:22:45,069 [INFO] LogOutputStream:77 - [STDOUT_REDIRECT] 1 : Invalid condition id : UX_CORESTACK_Condition cause : null
2025-05-17 12:22:45,069 [INFO] LogOutputStream:77 - [STDOUT_REDIRECT] 1 : Invalid condition id : UX_CORESTACK_Condition cause : null
2025-05-17 12:22:45,071 [INFO] LogOutputStream:77 - [STDOUT_REDIRECT] 1 : Invalid condition id : UX_CORESTACK_Condition cause : null
2025-05-17 12:22:45,073 [INFO] LogOutputStream:77 - [STDOUT_REDIRECT] 1 : Invalid condition id : UX_CORESTACK_Condition cause : null
2025-05-17 12:22:45,074 [INFO] LogOutputStream:77 - [STDOUT_REDIRECT] 1 : Invalid condition id : UX_CORESTACK_Condition cause : null
2025-05-17 12:22:45,078 [WARN] PackLoader:240 - Cannot read IP mode file for STMicroelectronics.X-CUBE-AZRTOS-WL.2.0.0
2025-05-17 12:22:45,095 [WARN] PackLoader:240 - Cannot read IP mode file for STMicroelectronics.FP-SNS-MOTENV1.5.0.0
2025-05-17 12:22:45,111 [WARN] PackLoader:240 - Cannot read IP mode file for wolfSSL.I-CUBE-wolfMQTT.1.19.0
2025-05-17 12:22:45,135 [WARN] PackLoader:240 - Cannot read IP mode file for WES.I-CUBE-Cesium.1.3.0
2025-05-17 12:22:45,176 [WARN] PackLoader:240 - Cannot read IP mode file for STMicroelectronics.X-CUBE-BLE2.3.3.0
2025-05-17 12:22:45,196 [WARN] PackLoader:240 - Cannot read IP mode file for STMicroelectronics.X-CUBE-DISPLAY.2.2.0
2025-05-17 12:22:45,215 [WARN] PackLoader:240 - Cannot read IP mode file for STMicroelectronics.X-CUBE-NFC9.1.0.0
2025-05-17 12:22:45,269 [WARN] PackLoader:240 - Cannot read IP mode file for STMicroelectronics.X-CUBE-AZRTOS-H7.2.1.0
2025-05-17 12:22:45,421 [WARN] PackLoader:240 - Cannot read IP mode file for STMicroelectronics.X-CUBE-BLE1.7.1.0
2025-05-17 12:22:45,448 [WARN] PackLoader:240 - Cannot read IP mode file for STMicroelectronics.X-CUBE-TCPP.4.1.0
2025-05-17 12:22:45,470 [WARN] PackLoader:240 - Cannot read IP mode file for STMicroelectronics.X-CUBE-ALGOBUILD.1.3.0
2025-05-17 12:22:45,696 [WARN] PackLoader:240 - Cannot read IP mode file for STMicroelectronics.X-CUBE-MEMS1.11.2.0
2025-05-17 12:22:46,019 [INFO] WebApp:449 - Apply proxy settings
2025-05-17 12:22:46,020 [INFO] WebApp:534 - Chromium requires no authentication
2025-05-17 12:22:46,062 [INFO] WebApp:477 - Direct internet connection detected
2025-05-17 12:22:46,206 [INFO] WebApp:880 - Register for checkConnection events
2025-05-17 12:22:46,206 [INFO] WebApp:449 - Apply proxy settings
2025-05-17 12:22:46,206 [INFO] WebApp:534 - Chromium requires no authentication
2025-05-17 12:22:46,206 [INFO] WebApp:477 - Direct internet connection detected
2025-05-17 12:22:46,283 [WARN] PackLoader:240 - Cannot read IP mode file for STMicroelectronics.X-CUBE-AZRTOS-G0.1.1.0
2025-05-17 12:22:46,305 [WARN] PackLoader:240 - Cannot read IP mode file for STMicroelectronics.X-CUBE-SAFEA1.1.2.2
2025-05-17 12:22:46,339 [WARN] PackLoader:240 - Cannot read IP mode file for STMicroelectronics.X-CUBE-NFC4.3.0.0
2025-05-17 12:22:46,371 [INFO] WebApp:187 - Connection restablished
2025-05-17 12:22:46,470 [WARN] PackLoader:240 - Cannot read IP mode file for SEGGER.I-CUBE-embOS.1.2.0
2025-05-17 12:22:46,530 [WARN] PackLoader:240 - Cannot read IP mode file for EmbeddedOffice.I-CUBE-FS-RTOS.1.0.1
2025-05-17 12:22:46,564 [WARN] PackLoader:240 - Cannot read IP mode file for STMicroelectronics.X-CUBE-WB05N.2.0.0
2025-05-17 12:22:46,596 [WARN] PackLoader:240 - Cannot read IP mode file for STMicroelectronics.X-CUBE-TCPP.4.2.0
2025-05-17 12:22:46,699 [WARN] PackLoader:240 - Cannot read IP mode file for RealThread.X-CUBE-RT-Thread_Nano.4.1.1
2025-05-17 12:22:46,721 [WARN] PackLoader:240 - Cannot read IP mode file for STMicroelectronics.FP-ATR-SIGFOX1.3.2.0
2025-05-17 12:22:46,739 [WARN] ConditionMgr:438 - getConditionDescription Invalid condition id : Cortex-A Device cause : null
2025-05-17 12:22:46,794 [WARN] ConditionMgr:1044 - genDependencies : Invalid condition id : Cortex-A Device cause : null
2025-05-17 12:22:46,794 [WARN] ConditionMgr:1044 - genDependencies : Invalid condition id : Cortex-A Device cause : null
2025-05-17 12:22:46,795 [WARN] ConditionMgr:1044 - genDependencies : Invalid condition id : Cortex-A Device cause : null
2025-05-17 12:22:46,829 [WARN] PackLoader:240 - Cannot read IP mode file for STMicroelectronics.X-CUBE-EEPRMA1.5.1.0
2025-05-17 12:22:46,937 [WARN] PackLoader:240 - Cannot read IP mode file for emotas.I-CUBE-CANOPEN.1.1.2
2025-05-17 12:22:46,954 [WARN] PackLoader:240 - Cannot read IP mode file for STMicroelectronics.X-CUBE-TOUCHGFX.4.20.0
2025-05-17 12:22:46,973 [WARN] PackLoader:240 - Cannot read IP mode file for ITTIA_DB.I-CUBE-ITTIADB.8.9.0
2025-05-17 12:22:47,027 [WARN] PackLoader:240 - Cannot read IP mode file for SEGGER.I-CUBE-embOS.1.3.1
2025-05-17 12:22:47,032 [INFO] WebApp:221 - Starting web application
2025-05-17 12:22:47,032 [INFO] WebApp:579 - Web application path used C:\ST\STM32CubeIDE_1.16.1\STM32CubeIDE\plugins\com.st.stm32cube.common.mx_6.13.0.202411220809\db\plugins\mcufinder\reactClient1\index.html
2025-05-17 12:22:47,091 [WARN] PackLoader:240 - Cannot read IP mode file for STMicroelectronics.X-CUBE-ALGOBUILD.1.4.0
2025-05-17 12:22:47,106 [WARN] PackLoader:240 - Cannot read IP mode file for STMicroelectronics.X-CUBE-AI.9.1.0
2025-05-17 12:22:47,124 [WARN] PackLoader:240 - Cannot read IP mode file for STMicroelectronics.X-CUBE-GNSS1.6.0.0
2025-05-17 12:22:47,160 [WARN] PackLoader:240 - Cannot read IP mode file for STMicroelectronics.X-CUBE-AZRTOS-F4.1.1.0
2025-05-17 12:22:47,179 [WARN] PackLoader:240 - Cannot read IP mode file for Avnet-IotConnect.X-CUBE-IoTC-DA16k-PMOD.1.0.0
2025-05-17 12:22:47,201 [WARN] PackLoader:240 - Cannot read IP mode file for STMicroelectronics.X-CUBE-ISPU.2.1.0
2025-05-17 12:22:47,223 [WARN] PackLoader:240 - Cannot read IP mode file for STMicroelectronics.X-CUBE-FREERTOS.1.2.0
2025-05-17 12:22:47,260 [WARN] PackLoader:240 - Cannot read IP mode file for STMicroelectronics.X-CUBE-AZRTOS-L5.2.0.0
2025-05-17 12:22:47,278 [WARN] PackLoader:240 - Cannot read IP mode file for STMicroelectronics.X-CUBE-NFC6.3.1.0
2025-05-17 12:22:47,296 [WARN] PackLoader:240 - Cannot read IP mode file for STMicroelectronics.X-CUBE-DPower.1.2.0
2025-05-17 12:22:47,351 [WARN] PackLoader:240 - Cannot read IP mode file for STMicroelectronics.X-CUBE-NFC4.2.0.4
2025-05-17 12:22:47,393 [WARN] PackLoader:240 - Cannot read IP mode file for STMicroelectronics.X-CUBE-AZRTOS-F4.1.0.0
2025-05-17 12:22:47,426 [WARN] PackLoader:240 - Cannot read IP mode file for STMicroelectronics.X-CUBE-FREERTOS.1.3.1
2025-05-17 12:22:47,512 [WARN] PackLoader:240 - Cannot read IP mode file for STMicroelectronics.X-CUBE-FREERTOS.1.3.0
2025-05-17 12:22:47,529 [WARN] PackLoader:240 - Cannot read IP mode file for STMicroelectronics.X-CUBE-NFC7.1.0.1
2025-05-17 12:22:47,545 [WARN] PackLoader:240 - Cannot read IP mode file for STMicroelectronics.X-CUBE-NFC7.1.0.0
2025-05-17 12:22:47,573 [WARN] PackLoader:240 - Cannot read IP mode file for STMicroelectronics.X-CUBE-DPower.1.3.0
2025-05-17 12:22:47,630 [WARN] ConditionMgr:438 - getConditionDescription Invalid condition id : LAN8742 Phy interface Condition cause : null
2025-05-17 12:22:47,634 [INFO] UserAuth:486 - Internet connection configuration mode: 1
2025-05-17 12:22:47,634 [WARN] PackLoader:240 - Cannot read IP mode file for STMicroelectronics.X-CUBE-AZRTOS-L4.2.0.0
2025-05-17 12:22:47,655 [WARN] ConditionMgr:1044 - genDependencies : Invalid condition id : LAN8742 Phy interface Condition cause : null
2025-05-17 12:22:47,656 [WARN] ConditionMgr:1044 - genDependencies : Invalid condition id : LAN8742 Phy interface Condition cause : null
2025-05-17 12:22:47,656 [WARN] ConditionMgr:1044 - genDependencies : Invalid condition id : LAN8742 Phy interface Condition cause : null
2025-05-17 12:22:47,686 [WARN] PackLoader:240 - Cannot read IP mode file for STMicroelectronics.X-CUBE-SFXS2LP1.4.0.0
2025-05-17 12:22:47,730 [WARN] PackLoader:240 - Cannot read IP mode file for STMicroelectronics.X-CUBE-AZRTOS-H7.3.3.0
2025-05-17 12:22:47,776 [WARN] PackLoader:240 - Cannot read IP mode file for RoweBots.I-CUBE-UNISONRTOS.5.5.0-4
2025-05-17 12:22:47,794 [WARN] PackLoader:240 - Cannot read IP mode file for wolfSSL.I-CUBE-wolfSSL.5.4.0
2025-05-17 12:22:47,814 [WARN] PackLoader:240 - Cannot read IP mode file for STMicroelectronics.X-CUBE-IPS.3.0.0
2025-05-17 12:22:47,845 [WARN] ConditionMgr:438 - getConditionDescription Invalid condition id : UX DEVICE CLASS RTOS Condition cause : null
2025-05-17 12:22:47,845 [WARN] ConditionMgr:438 - getConditionDescription Invalid condition id : UX DEVICE CLASS RTOS Condition cause : null
2025-05-17 12:22:47,847 [WARN] PackLoader:240 - Cannot read IP mode file for STMicroelectronics.X-CUBE-AZRTOS-WB.2.0.0
2025-05-17 12:22:47,847 [WARN] ConditionMgr:1044 - genDependencies : Invalid condition id : UX DEVICE CLASS RTOS Condition cause : null
2025-05-17 12:22:47,847 [WARN] ConditionMgr:1044 - genDependencies : Invalid condition id : UX DEVICE CLASS RTOS Condition cause : null
2025-05-17 12:22:47,847 [WARN] ConditionMgr:1044 - genDependencies : Invalid condition id : UX DEVICE CLASS RTOS Condition cause : null
2025-05-17 12:22:47,850 [WARN] ConditionMgr:1044 - genDependencies : Invalid condition id : UX DEVICE CLASS RTOS Condition cause : null
2025-05-17 12:22:47,850 [WARN] ConditionMgr:1044 - genDependencies : Invalid condition id : UX DEVICE CLASS RTOS Condition cause : null
2025-05-17 12:22:47,872 [WARN] PackLoader:240 - Cannot read IP mode file for STMicroelectronics.X-CUBE-GNSS1.7.0.0
2025-05-17 12:22:47,893 [WARN] PackLoader:240 - Cannot read IP mode file for STMicroelectronics.X-CUBE-GNSS1.7.0.1
2025-05-17 12:22:47,912 [WARN] PackLoader:240 - Cannot read IP mode file for STMicroelectronics.X-CUBE-BLEMGR.1.0.0
2025-05-17 12:22:47,931 [WARN] PackLoader:240 - Cannot read IP mode file for STMicroelectronics.X-CUBE-TOUCHGFX.4.25.0
2025-05-17 12:22:47,951 [WARN] PackLoader:240 - Cannot read IP mode file for STMicroelectronics.FP-SNS-STBOX1.2.0.0
2025-05-17 12:22:47,977 [WARN] PackLoader:240 - Cannot read IP mode file for STMicroelectronics.X-CUBE-SUBG2.5.0.0
2025-05-17 12:22:48,030 [WARN] PackLoader:240 - Cannot read IP mode file for STMicroelectronics.X-CUBE-AZRTOS-H7RS.1.1.0
2025-05-17 12:22:48,049 [WARN] PackLoader:240 - Cannot read IP mode file for Cesanta.I-CUBE-Mongoose.7.13.0
2025-05-17 12:22:48,079 [WARN] PackLoader:240 - Cannot read IP mode file for STMicroelectronics.X-CUBE-AZRTOS-G4.2.0.0
2025-05-17 12:22:48,097 [WARN] PackLoader:240 - Cannot read IP mode file for STMicroelectronics.FP-ATR-ASTRA1.1.1.0
2025-05-17 12:22:48,116 [WARN] PackLoader:240 - Cannot read IP mode file for STMicroelectronics.X-CUBE-NFC7.2.0.0
2025-05-17 12:22:48,164 [WARN] PackLoader:240 - Cannot read IP mode file for STMicroelectronics.X-CUBE-AZRTOS-G4.1.0.0
2025-05-17 12:22:48,196 [WARN] PackLoader:240 - Cannot read IP mode file for STMicroelectronics.X-CUBE-AZRTOS-L4.1.0.0
2025-05-17 12:22:48,224 [WARN] PackLoader:240 - Cannot read IP mode file for STMicroelectronics.X-CUBE-IPS.3.1.0
2025-05-17 12:22:48,240 [WARN] PackLoader:240 - Cannot read IP mode file for STMicroelectronics.X-CUBE-ALS.1.0.2
2025-05-17 12:22:48,254 [WARN] PackLoader:240 - Cannot read IP mode file for STMicroelectronics.X-CUBE-TOUCHGFX.4.24.2
2025-05-17 12:22:48,274 [WARN] PackLoader:240 - Cannot read IP mode file for STMicroelectronics.X-CUBE-AZRTOS-WL.1.0.0
2025-05-17 12:22:48,288 [WARN] PackLoader:240 - Cannot read IP mode file for STMicroelectronics.X-CUBE-TOUCHGFX.4.24.1
2025-05-17 12:22:48,922 [WARN] PackLoader:240 - Cannot read IP mode file for wolfSSL.I-CUBE-wolfTPM.3.4.0
2025-05-17 12:22:48,941 [WARN] PackLoader:240 - Cannot read IP mode file for portGmbH.I-Cube-SoM-uGOAL.1.1.0
2025-05-17 12:22:48,955 [WARN] PackLoader:240 - Cannot read IP mode file for STMicroelectronics.X-CUBE-ALS.1.0.1
2025-05-17 12:22:48,981 [WARN] PackLoader:240 - Cannot read IP mode file for STMicroelectronics.X-CUBE-AZRTOS-L5.1.0.0
2025-05-17 12:22:48,996 [WARN] PackLoader:240 - Cannot read IP mode file for STMicroelectronics.X-CUBE-EEPRMA1.3.1.1
2025-05-17 12:22:49,026 [WARN] PackLoader:240 - Cannot read IP mode file for STMicroelectronics.X-CUBE-AZRTOS-H7RS.1.0.0
2025-05-17 12:22:49,040 [WARN] PackLoader:240 - Cannot read IP mode file for STMicroelectronics.FP-ATR-ASTRA1.2.0.0
2025-05-17 12:22:49,058 [WARN] PackLoader:240 - Cannot read IP mode file for STMicroelectronics.X-CUBE-TOF1.3.4.2
2025-05-17 12:22:49,085 [WARN] PackLoader:240 - Cannot read IP mode file for STMicroelectronics.X-CUBE-TOF1.3.4.3
2025-05-17 12:22:49,119 [WARN] PackLoader:240 - Cannot read IP mode file for Infineon.AIROC-Wi-Fi-Bluetooth-STM32.1.6.1
2025-05-17 12:22:49,135 [WARN] PackLoader:240 - Cannot read IP mode file for wolfSSL.I-CUBE-wolfSSH.1.4.17
2025-05-17 12:22:49,137 [INFO] ThirdParty:978 - Integrity check success = true
2025-05-17 12:22:49,137 [INFO] IntegrityCheckThread:100 - exiting critical section [integrity check]
2025-05-17 12:22:49,138 [INFO] IntegrityCheckThread:103 - End integrity checks thread
