2025-06-25 02:11:18,456 [INFO] Activator:176 - 


2025-06-25 02:11:18,461 [INFO] Activator:177 - !SESSION log4j initialized
2025-06-25 02:11:26,935 [INFO] LogOutputStream:77 - [STDOUT_REDIRECT] 
2025-06-25 02:14:06,251 [INFO] ApplicationProperties:184 - Using Application install path: C:\ST\STM32CubeIDE_1.16.1\STM32CubeIDE\plugins\com.st.stm32cube.common.mx_6.13.0.202411220809
2025-06-25 02:14:06,266 [INFO] DbMcusXml:78 - Set database path to: C:\ST\STM32CubeIDE_1.16.1\STM32CubeIDE\plugins\com.st.stm32cube.common.mx_6.13.0.202411220809\\db\/mcu/
2025-06-25 02:14:06,266 [INFO] ApiDb:274 - Set plugin database path to: C:\ST\STM32CubeIDE_1.16.1\STM32CubeIDE\plugins\com.st.stm32cube.common.mx_6.13.0.202411220809\\db\/plugins/boardmanager/
2025-06-25 02:14:06,266 [WARN] ApiDb:259 - Overriding images path with different value:  => C:\ST\STM32CubeIDE_1.16.1\STM32CubeIDE\plugins\com.st.stm32cube.common.mx_6.13.0.202411220809\\db\/plugins/mcufinder/images/
2025-06-25 02:14:06,282 [INFO] ApiDb:250 - Set database path to: C:\Users\Bruno\.stmcufinder\plugins\mcufinder//mcu/
2025-06-25 02:14:06,284 [INFO] DbMcusAds:125 - Set database path to: C:\Users\Bruno\.stmcufinder\plugins\mcufinder//mcu/
2025-06-25 02:14:06,303 [INFO] CrossReferenceDbSqlite:203 - Set database path to: C:\Users\Bruno\.stmcufinder\plugins\mcufinder//mcu/cs/
2025-06-25 02:14:06,415 [INFO] RulesReader:64 - Compatibility file has been processed (297 Rules)
2025-06-25 02:14:06,493 [INFO] DbMcusXml:78 - Set database path to: C:\ST\STM32CubeIDE_1.16.1\STM32CubeIDE\plugins\com.st.stm32cube.common.mx_6.13.0.202411220809\\db\/mcu/
2025-06-25 02:14:06,493 [INFO] ApiDb:274 - Set plugin database path to: C:\ST\STM32CubeIDE_1.16.1\STM32CubeIDE\plugins\com.st.stm32cube.common.mx_6.13.0.202411220809\\db\/plugins/boardmanager/
2025-06-25 02:14:06,493 [INFO] ApiDb:261 - Set plugin images path to: C:\ST\STM32CubeIDE_1.16.1\STM32CubeIDE\plugins\com.st.stm32cube.common.mx_6.13.0.202411220809\\db\/plugins/mcufinder/images/
2025-06-25 02:14:06,494 [WARN] DbFile:41 - Overriding database path with different value: C:\Users\Bruno\.stmcufinder\plugins\mcufinder/ => C:\Users\Bruno\.stmcufinder\plugins\mcufinder
2025-06-25 02:14:06,494 [INFO] ApiDb:250 - Set database path to: C:\Users\Bruno\.stmcufinder\plugins\mcufinder//mcu/
2025-06-25 02:14:06,494 [WARN] DbFile:41 - Overriding database path with different value: C:\Users\Bruno\.stmcufinder\plugins\mcufinder/ => C:\Users\Bruno\.stmcufinder\plugins\mcufinder
2025-06-25 02:14:06,494 [INFO] DbMcusAds:125 - Set database path to: C:\Users\Bruno\.stmcufinder\plugins\mcufinder//mcu/
2025-06-25 02:14:06,494 [WARN] DbFile:41 - Overriding database path with different value: C:\Users\Bruno\.stmcufinder\plugins\mcufinder/ => C:\Users\Bruno\.stmcufinder\plugins\mcufinder
2025-06-25 02:14:06,494 [WARN] DbFile:41 - Overriding database path with different value: C:\Users\Bruno\.stmcufinder\plugins\mcufinder/ => C:\Users\Bruno\.stmcufinder\plugins\mcufinder
2025-06-25 02:14:06,494 [INFO] CrossReferenceDbSqlite:203 - Set database path to: C:\Users\Bruno\.stmcufinder\plugins\mcufinder//mcu/cs/
2025-06-25 02:14:06,580 [INFO] MainPanel:272 - HeapMemory: 1073741824
2025-06-25 02:14:06,684 [INFO] DbMcusXml:78 - Set database path to: C:\ST\STM32CubeIDE_1.16.1\STM32CubeIDE\plugins\com.st.stm32cube.common.mx_6.13.0.202411220809\\db\/mcu/
2025-06-25 02:14:06,684 [INFO] ApiDb:274 - Set plugin database path to: C:\ST\STM32CubeIDE_1.16.1\STM32CubeIDE\plugins\com.st.stm32cube.common.mx_6.13.0.202411220809\\db\/plugins/boardmanager/
2025-06-25 02:14:06,684 [INFO] ApiDb:261 - Set plugin images path to: C:\ST\STM32CubeIDE_1.16.1\STM32CubeIDE\plugins\com.st.stm32cube.common.mx_6.13.0.202411220809\\db\/plugins/mcufinder/images/
2025-06-25 02:14:06,685 [WARN] DbFile:41 - Overriding database path with different value: C:\Users\Bruno\.stmcufinder\plugins\mcufinder/ => C:\Users\Bruno\.stmcufinder\plugins\mcufinder
2025-06-25 02:14:06,685 [INFO] ApiDb:250 - Set database path to: C:\Users\Bruno\.stmcufinder\plugins\mcufinder//mcu/
2025-06-25 02:14:06,685 [WARN] DbFile:41 - Overriding database path with different value: C:\Users\Bruno\.stmcufinder\plugins\mcufinder/ => C:\Users\Bruno\.stmcufinder\plugins\mcufinder
2025-06-25 02:14:06,685 [INFO] DbMcusAds:125 - Set database path to: C:\Users\Bruno\.stmcufinder\plugins\mcufinder//mcu/
2025-06-25 02:14:06,685 [WARN] DbFile:41 - Overriding database path with different value: C:\Users\Bruno\.stmcufinder\plugins\mcufinder/ => C:\Users\Bruno\.stmcufinder\plugins\mcufinder
2025-06-25 02:14:06,685 [WARN] DbFile:41 - Overriding database path with different value: C:\Users\Bruno\.stmcufinder\plugins\mcufinder/ => C:\Users\Bruno\.stmcufinder\plugins\mcufinder
2025-06-25 02:14:06,685 [INFO] CrossReferenceDbSqlite:203 - Set database path to: C:\Users\Bruno\.stmcufinder\plugins\mcufinder//mcu/cs/
2025-06-25 02:14:06,704 [INFO] ApplicationProperties:184 - Using Application install path: C:\ST\STM32CubeIDE_1.16.1\STM32CubeIDE\plugins\com.st.stm32cube.common.mx_6.13.0.202411220809
2025-06-25 02:14:06,705 [INFO] PluginManage:196 - Search for loadable plugins [exclusion list=, ]
2025-06-25 02:14:06,707 [INFO] PluginManage:310 - Check plugin analytics
2025-06-25 02:14:06,870 [INFO] AnalyticsPlugin:253 - Accepted Software Licenses: STM32CubeMX.6.6.1,STM32CubeMX.6.13.0
2025-06-25 02:14:06,871 [INFO] AnalyticsPlugin:255 - Accepted CMSIS Pack Licenses: 
2025-06-25 02:14:06,871 [INFO] AnalyticsPlugin:257 - Accepted Firmware Licenses: FW.G0.1.6.0,FW.F4.1.28.0
2025-06-25 02:14:06,871 [INFO] PluginManage:359 - Loaded plugin analytics (category:tool,tabindex:-1)
2025-06-25 02:14:06,871 [INFO] PluginManage:310 - Check plugin cadmodel
2025-06-25 02:14:06,891 [INFO] CADModel:105 - Init CAD model plugin
2025-06-25 02:14:06,891 [INFO] PluginManage:359 - Loaded plugin cadmodel (category:power,tabindex:5)
2025-06-25 02:14:06,891 [INFO] PluginManage:310 - Check plugin clock
2025-06-25 02:14:06,914 [INFO] PluginManage:359 - Loaded plugin clock (category:base,tabindex:2)
2025-06-25 02:14:06,914 [INFO] PluginManage:310 - Check plugin ddr
2025-06-25 02:14:06,917 [INFO] PluginManage:359 - Loaded plugin ddr (category:tool,tabindex:6)
2025-06-25 02:14:06,917 [INFO] PluginManage:310 - Check plugin filemanager
2025-06-25 02:14:07,046 [INFO] PluginManage:359 - Loaded plugin filemanager (category:base,tabindex:10)
2025-06-25 02:14:07,046 [INFO] PluginManage:310 - Check plugin ipmanager
2025-06-25 02:14:07,054 [INFO] PluginManage:359 - Loaded plugin ipmanager (category:base,tabindex:5)
2025-06-25 02:14:07,054 [INFO] PluginManage:310 - Check plugin lpbam
2025-06-25 02:14:07,072 [INFO] PluginManage:359 - Loaded plugin lpbam (category:base,tabindex:0)
2025-06-25 02:14:07,073 [INFO] PluginManage:310 - Check plugin memorymap
2025-06-25 02:14:07,097 [INFO] PluginManage:359 - Loaded plugin memorymap (category:base,tabindex:4)
2025-06-25 02:14:07,097 [INFO] PluginManage:310 - Check plugin pinoutandconfiguration
2025-06-25 02:14:07,122 [INFO] PluginManage:359 - Loaded plugin pinoutandconfiguration (category:base,tabindex:1)
2025-06-25 02:14:07,122 [INFO] PluginManage:310 - Check plugin pinoutconfig
2025-06-25 02:14:07,219 [WARN] SupportedApi:132 - Cannot load RTOS API schema: s4s-elt-must-match.1: The content of 'definitions' must match (annotation?, (simpleType | complexType)?, (unique | key | keyref)*)). A problem was found starting at: attribute.
2025-06-25 02:14:07,354 [INFO] PluginManage:359 - Loaded plugin pinoutconfig (category:base,tabindex:0)
2025-06-25 02:14:07,354 [INFO] PluginManage:310 - Check plugin power
2025-06-25 02:14:07,376 [INFO] PluginManage:359 - Loaded plugin power (category:power,tabindex:4)
2025-06-25 02:14:07,376 [INFO] PluginManage:310 - Check plugin projectmanager
2025-06-25 02:14:07,390 [INFO] PluginManage:359 - Loaded plugin projectmanager (category:projectmanager,tabindex:4)
2025-06-25 02:14:07,390 [INFO] PluginManage:310 - Check plugin rif
2025-06-25 02:14:07,409 [INFO] PluginManage:359 - Loaded plugin rif (category:base,tabindex:3)
2025-06-25 02:14:07,410 [INFO] PluginManage:310 - Check plugin thirdparty
2025-06-25 02:14:07,714 [INFO] PluginManage:359 - Loaded plugin thirdparty (category:base,tabindex:-1)
2025-06-25 02:14:07,713 [WARN] IntegrityCheckThread:84 - waiting for thirdparty lock release [integrity check]
2025-06-25 02:14:07,714 [INFO] PluginManage:310 - Check plugin tools
2025-06-25 02:14:07,714 [INFO] IntegrityCheckThread:86 - entering critical section [integrity check]
2025-06-25 02:14:07,714 [INFO] ThirdPartyUpdaterWithRetryManager:70 - Updater plugin not ready yet. [1/15]
2025-06-25 02:14:07,759 [INFO] PluginManage:359 - Loaded plugin tools (category:base,tabindex:7)
2025-06-25 02:14:07,759 [INFO] PluginManage:310 - Check plugin tutovideos
2025-06-25 02:14:07,939 [INFO] PluginManage:359 - Loaded plugin tutovideos (category:base,tabindex:-1)
2025-06-25 02:14:07,939 [INFO] PluginManage:310 - Check plugin updater
2025-06-25 02:14:07,960 [INFO] PluginManage:359 - Loaded plugin updater (category:base,tabindex:12)
2025-06-25 02:14:07,960 [INFO] PluginManage:310 - Check plugin userauth
2025-06-25 02:14:07,965 [INFO] UserAuth:118 - Init User Auth plugin
2025-06-25 02:14:07,965 [INFO] PluginManage:359 - Loaded plugin userauth (category:base,tabindex:14)
2025-06-25 02:14:07,966 [INFO] PluginManage:283 - PluginManage : Loaded plugins [18]
2025-06-25 02:14:08,160 [INFO] PinOutPanel:1589 - setPackage(No Configuration,No Configuration)
2025-06-25 02:14:08,244 [INFO] CADModel:165 - CPN selected for project level
2025-06-25 02:14:08,244 [INFO] CADModel:114 - Register for checkConnection events
2025-06-25 02:14:08,272 [INFO] IPUIPlugin:80 - create IPUIPlugin
2025-06-25 02:14:08,272 [INFO] PluginManager:220 - loadIPPluginJar : add adc
2025-06-25 02:14:08,323 [INFO] IPUIPlugin:80 - create IPUIPlugin
2025-06-25 02:14:08,323 [INFO] PluginManager:220 - loadIPPluginJar : add aes
2025-06-25 02:14:08,379 [INFO] IPUIPlugin:80 - create IPUIPlugin
2025-06-25 02:14:08,379 [INFO] PluginManager:220 - loadIPPluginJar : add can
2025-06-25 02:14:08,413 [INFO] IPUIPlugin:80 - create IPUIPlugin
2025-06-25 02:14:08,413 [INFO] PluginManager:220 - loadIPPluginJar : add comp
2025-06-25 02:14:08,460 [INFO] IPUIPlugin:80 - create IPUIPlugin
2025-06-25 02:14:08,460 [INFO] PluginManager:220 - loadIPPluginJar : add cryp
2025-06-25 02:14:08,475 [INFO] IPUIPlugin:80 - create IPUIPlugin
2025-06-25 02:14:08,475 [INFO] PluginManager:220 - loadIPPluginJar : add ddr_ctrl_phy
2025-06-25 02:14:08,519 [INFO] IPUIPlugin:80 - create IPUIPlugin
2025-06-25 02:14:08,519 [INFO] PluginManager:220 - loadIPPluginJar : add dfsdm
2025-06-25 02:14:08,537 [INFO] IPUIPlugin:80 - create IPUIPlugin
2025-06-25 02:14:08,538 [INFO] PluginManager:220 - loadIPPluginJar : add dma
2025-06-25 02:14:08,593 [INFO] IPUIPlugin:80 - create IPUIPlugin
2025-06-25 02:14:08,593 [INFO] PluginManager:220 - loadIPPluginJar : add dma3
2025-06-25 02:14:08,647 [INFO] IPUIPlugin:80 - create IPUIPlugin
2025-06-25 02:14:08,647 [INFO] PluginManager:220 - loadIPPluginJar : add extmemmanager
2025-06-25 02:14:08,674 [INFO] IPUIPlugin:80 - create IPUIPlugin
2025-06-25 02:14:08,674 [INFO] PluginManager:220 - loadIPPluginJar : add fatfs
2025-06-25 02:14:08,731 [INFO] IPUIPlugin:80 - create IPUIPlugin
2025-06-25 02:14:08,731 [INFO] PluginManager:220 - loadIPPluginJar : add fmc
2025-06-25 02:14:08,748 [INFO] IPUIPlugin:80 - create IPUIPlugin
2025-06-25 02:14:08,748 [INFO] PluginManager:220 - loadIPPluginJar : add freertos
2025-06-25 02:14:08,774 [INFO] IPUIPlugin:80 - create IPUIPlugin
2025-06-25 02:14:08,774 [INFO] PluginManager:220 - loadIPPluginJar : add genericplugin
2025-06-25 02:14:08,888 [INFO] IPUIPlugin:80 - create IPUIPlugin
2025-06-25 02:14:08,888 [INFO] PluginManager:220 - loadIPPluginJar : add gfxmmu
2025-06-25 02:14:09,044 [INFO] IPUIPlugin:80 - create IPUIPlugin
2025-06-25 02:14:09,044 [INFO] PluginManager:220 - loadIPPluginJar : add gic
2025-06-25 02:14:09,059 [INFO] IPUIPlugin:80 - create IPUIPlugin
2025-06-25 02:14:09,059 [INFO] PluginManager:220 - loadIPPluginJar : add gpio
2025-06-25 02:14:09,183 [INFO] IPUIPlugin:80 - create IPUIPlugin
2025-06-25 02:14:09,183 [INFO] PluginManager:220 - loadIPPluginJar : add gtzc
2025-06-25 02:14:09,228 [INFO] IPUIPlugin:80 - create IPUIPlugin
2025-06-25 02:14:09,229 [INFO] PluginManager:220 - loadIPPluginJar : add hash
2025-06-25 02:14:09,293 [INFO] IPUIPlugin:80 - create IPUIPlugin
2025-06-25 02:14:09,293 [INFO] PluginManager:220 - loadIPPluginJar : add i2c
2025-06-25 02:14:09,340 [INFO] IPUIPlugin:80 - create IPUIPlugin
2025-06-25 02:14:09,340 [INFO] PluginManager:220 - loadIPPluginJar : add i2s
2025-06-25 02:14:09,391 [INFO] IPUIPlugin:80 - create IPUIPlugin
2025-06-25 02:14:09,391 [INFO] PluginManager:220 - loadIPPluginJar : add i3c
2025-06-25 02:14:09,515 [INFO] IPUIPlugin:80 - create IPUIPlugin
2025-06-25 02:14:09,515 [INFO] PluginManager:220 - loadIPPluginJar : add ipddr
2025-06-25 02:14:09,623 [INFO] IPUIPlugin:80 - create IPUIPlugin
2025-06-25 02:14:09,623 [INFO] PluginManager:220 - loadIPPluginJar : add linkedlist
2025-06-25 02:14:09,667 [INFO] IPUIPlugin:80 - create IPUIPlugin
2025-06-25 02:14:09,667 [INFO] PluginManager:220 - loadIPPluginJar : add lorawan
2025-06-25 02:14:09,712 [INFO] IPUIPlugin:80 - create IPUIPlugin
2025-06-25 02:14:09,712 [INFO] PluginManager:220 - loadIPPluginJar : add ltdc
2025-06-25 02:14:09,728 [INFO] IPUIPlugin:80 - create IPUIPlugin
2025-06-25 02:14:09,728 [INFO] PluginManager:220 - loadIPPluginJar : add mdma
2025-06-25 02:14:09,742 [INFO] IPUIPlugin:80 - create IPUIPlugin
2025-06-25 02:14:09,742 [INFO] PluginManager:220 - loadIPPluginJar : add nvic
2025-06-25 02:14:09,788 [INFO] IPUIPlugin:80 - create IPUIPlugin
2025-06-25 02:14:09,788 [INFO] PluginManager:220 - loadIPPluginJar : add opamp
2025-06-25 02:14:09,862 [INFO] IPUIPlugin:80 - create IPUIPlugin
2025-06-25 02:14:09,862 [INFO] PluginManager:220 - loadIPPluginJar : add openamp
2025-06-25 02:14:09,915 [INFO] IPUIPlugin:80 - create IPUIPlugin
2025-06-25 02:14:09,916 [INFO] PluginManager:220 - loadIPPluginJar : add pdm2pcm
2025-06-25 02:14:09,932 [INFO] IPUIPlugin:80 - create IPUIPlugin
2025-06-25 02:14:09,934 [INFO] PluginManager:220 - loadIPPluginJar : add plateformsettings
2025-06-25 02:14:09,962 [INFO] IPUIPlugin:80 - create IPUIPlugin
2025-06-25 02:14:09,962 [INFO] PluginManager:220 - loadIPPluginJar : add quadspi
2025-06-25 02:14:09,995 [INFO] IPUIPlugin:80 - create IPUIPlugin
2025-06-25 02:14:09,995 [INFO] PluginManager:220 - loadIPPluginJar : add radio
2025-06-25 02:14:10,011 [INFO] IPUIPlugin:80 - create IPUIPlugin
2025-06-25 02:14:10,011 [INFO] PluginManager:220 - loadIPPluginJar : add resmgrutility
2025-06-25 02:14:10,068 [INFO] IPUIPlugin:80 - create IPUIPlugin
2025-06-25 02:14:10,068 [INFO] PluginManager:220 - loadIPPluginJar : add sai
2025-06-25 02:14:10,114 [INFO] IPUIPlugin:80 - create IPUIPlugin
2025-06-25 02:14:10,114 [INFO] PluginManager:220 - loadIPPluginJar : add spi
2025-06-25 02:14:10,195 [INFO] IPUIPlugin:80 - create IPUIPlugin
2025-06-25 02:14:10,195 [INFO] PluginManager:220 - loadIPPluginJar : add stm32_wpan
2025-06-25 02:14:10,225 [INFO] IPUIPlugin:80 - create IPUIPlugin
2025-06-25 02:14:10,225 [INFO] PluginManager:220 - loadIPPluginJar : add tim
2025-06-25 02:14:10,299 [INFO] IPUIPlugin:80 - create IPUIPlugin
2025-06-25 02:14:10,299 [INFO] PluginManager:220 - loadIPPluginJar : add touchsensing
2025-06-25 02:14:10,328 [INFO] IPUIPlugin:80 - create IPUIPlugin
2025-06-25 02:14:10,329 [INFO] PluginManager:220 - loadIPPluginJar : add tracer_emb
2025-06-25 02:14:10,358 [INFO] IPUIPlugin:80 - create IPUIPlugin
2025-06-25 02:14:10,359 [INFO] PluginManager:220 - loadIPPluginJar : add ts
2025-06-25 02:14:10,386 [INFO] IPUIPlugin:80 - create IPUIPlugin
2025-06-25 02:14:10,387 [INFO] PluginManager:220 - loadIPPluginJar : add tsc
2025-06-25 02:14:10,414 [INFO] IPUIPlugin:80 - create IPUIPlugin
2025-06-25 02:14:10,414 [INFO] PluginManager:220 - loadIPPluginJar : add ucpd
2025-06-25 02:14:10,468 [INFO] IPUIPlugin:80 - create IPUIPlugin
2025-06-25 02:14:10,468 [INFO] PluginManager:220 - loadIPPluginJar : add usart
2025-06-25 02:14:10,520 [INFO] IPUIPlugin:80 - create IPUIPlugin
2025-06-25 02:14:10,520 [INFO] PluginManager:220 - loadIPPluginJar : add usbx
2025-06-25 02:14:10,648 [FATAL] Updater:351 - Updater called before beeing initialized
2025-06-25 02:14:10,698 [INFO] RulesReader:64 - Compatibility file has been processed (297 Rules)
2025-06-25 02:14:10,708 [INFO] RulesReader:64 - Compatibility file has been processed (297 Rules)
2025-06-25 02:14:10,732 [INFO] ThirdPartyUpdaterWithRetryManager:70 - Updater plugin not ready yet. [2/15]
2025-06-25 02:14:10,744 [INFO] CADModel:165 - CPN selected for project level
2025-06-25 02:14:10,744 [INFO] CADModel:114 - Register for checkConnection events
2025-06-25 02:14:10,744 [FATAL] Updater:351 - Updater called before beeing initialized
2025-06-25 02:14:10,744 [ERROR] CADModel:125 - Updater not yet initialized, retry later 
2025-06-25 02:14:10,884 [FATAL] Updater:351 - Updater called before beeing initialized
2025-06-25 02:14:10,886 [INFO] CADModel:165 - CPN selected for project level
2025-06-25 02:14:10,886 [INFO] CADModel:114 - Register for checkConnection events
2025-06-25 02:14:10,886 [FATAL] Updater:351 - Updater called before beeing initialized
2025-06-25 02:14:10,886 [ERROR] CADModel:125 - Updater not yet initialized, retry later 
2025-06-25 02:14:10,889 [FATAL] Updater:351 - Updater called before beeing initialized
2025-06-25 02:14:10,985 [FATAL] Updater:351 - Updater called before beeing initialized
2025-06-25 02:14:10,996 [INFO] DbMcusAds:53 - JSON generation date=Wed May 07 11:07:55 CEST 2025 (1746608875484)
2025-06-25 02:14:10,996 [FATAL] Updater:351 - Updater called before beeing initialized
2025-06-25 02:14:11,036 [WARN] DetailPanel:346 - Failed to get advertising image, set to default
2025-06-25 02:14:11,299 [FATAL] Updater:351 - Updater called before beeing initialized
2025-06-25 02:14:11,301 [FATAL] Updater:351 - Updater called before beeing initialized
2025-06-25 02:14:11,301 [FATAL] Updater:351 - Updater called before beeing initialized
2025-06-25 02:14:11,301 [WARN] DetailPanel:346 - Failed to get advertising image, set to default
2025-06-25 02:14:11,302 [FATAL] Updater:351 - Updater called before beeing initialized
2025-06-25 02:14:11,362 [ERROR] Updater:1198 - MainUpdater not yet initialized. External WinMGr cannot be set.
2025-06-25 02:14:11,374 [INFO] Updater:1134 - Updater Version found : 6.13.0
2025-06-25 02:14:11,389 [INFO] ApplicationProperties:184 - Using Application install path: C:\ST\STM32CubeIDE_1.16.1\STM32CubeIDE\plugins\com.st.stm32cube.common.mx_6.13.0.202411220809
2025-06-25 02:14:11,870 [INFO] MainUpdater:2872 - connection check result : 10
2025-06-25 02:14:11,870 [INFO] MainUpdater:3566 - Updater definition file requires update
2025-06-25 02:14:11,872 [INFO] MainUpdater:289 - Updater Check For Update Now.
2025-06-25 02:14:11,873 [INFO] MicroXplorer:498 - Change Database Version : DB.6.0.130
2025-06-25 02:14:11,904 [INFO] McuFinderGlobals:63 - Set McuFinder mode to 2 (CubeIDE integrated)
2025-06-25 02:14:11,911 [INFO] UserAuth:486 - Internet connection configuration mode: 1
2025-06-25 02:14:11,938 [INFO] JxBrowserEngine:152 - Initiate JxBrowser Engine with user profile folder
2025-06-25 02:14:12,216 [INFO] ServerAccessManage:473 - Download File updaters.zip
2025-06-25 02:14:12,293 [INFO] FileExtend:240 - Unzip File : updaters.zip
2025-06-25 02:14:12,294 [INFO] FileExtend:255 - Standard Zip Deflate
2025-06-25 02:14:13,294 [INFO] ServerAccessManage:473 - Download File PacksControlFlags.xml
2025-06-25 02:14:13,456 [INFO] ServerAccessManage:473 - Download File cubemx.pidx
2025-06-25 02:14:13,734 [WARN] MainUpdater:1193 - Updater busy. Cannot search thirdparties
2025-06-25 02:14:13,734 [INFO] ThirdPartyUpdaterWithRetryManager:96 - Updater plugin is busy. [1/15]
2025-06-25 02:14:14,103 [INFO] ServerAccessManage:473 - Download File STMicroelectronics.FP-SNS-STAIOTCFT.pdsc
2025-06-25 02:14:14,999 [INFO] ServerAccessManage:473 - Download File STMicroelectronics.X-CUBE-PM33A1.pdsc
2025-06-25 02:14:16,033 [INFO] WebApp:168 - Instantiating new browser for Auth
2025-06-25 02:14:16,165 [WARN] PackLoader:240 - Cannot read IP mode file for STMicroelectronics.FP-SNS-STAIOTCFT.1.0.0
2025-06-25 02:14:16,198 [WARN] PackLoader:240 - Cannot read IP mode file for STMicroelectronics.X-CUBE-PM33A1.1.0.0
2025-06-25 02:14:16,205 [INFO] PopulateThirdPartyThread:66 - Ending populate Thread
2025-06-25 02:14:16,206 [INFO] ThirdParty:1030 - CMSIS Pack Vendor :STMicroelectronics X-CUBE-PM33A1 1.0.0
2025-06-25 02:14:16,206 [INFO] ThirdParty:1030 - CMSIS Pack Vendor :STMicroelectronics FP-SNS-STAIOTCFT 1.0.0
2025-06-25 02:14:16,207 [INFO] LoadServerUpdatesThread:375 - End of LoadServerUpdate Thread
2025-06-25 02:14:16,516 [INFO] CheckServerUpdateThread:120 - End of CheckServer Thread
2025-06-25 02:14:17,204 [WARN] PackLoader:240 - Cannot read IP mode file for STMicroelectronics.FP-SNS-MOTENVWB1.1.4.0
2025-06-25 02:14:17,211 [WARN] PackLoader:240 - Cannot read IP mode file for STMicroelectronics.FP-ATR-ASTRA1.2.0.2
2025-06-25 02:14:17,226 [WARN] PackLoader:240 - Cannot read IP mode file for STMicroelectronics.FP-ATR-ASTRA1.2.0.1
2025-06-25 02:14:17,258 [WARN] PackLoader:240 - Cannot read IP mode file for STMicroelectronics.X-CUBE-SMBUS.2.1.0
2025-06-25 02:14:17,275 [WARN] PackLoader:240 - Cannot read IP mode file for STMicroelectronics.X-CUBE-WB05N.1.1.0
2025-06-25 02:14:17,294 [WARN] PackLoader:240 - Cannot read IP mode file for STMicroelectronics.X-CUBE-ST60.1.0.0
2025-06-25 02:14:17,408 [WARN] PackLoader:240 - Cannot read IP mode file for STMicroelectronics.X-CUBE-MEMS1.9.2.0
2025-06-25 02:14:17,578 [WARN] PackLoader:240 - Cannot read IP mode file for STMicroelectronics.X-CUBE-AZRTOS-F7.1.1.0
2025-06-25 02:14:17,595 [WARN] PackLoader:240 - Cannot read IP mode file for STMicroelectronics.X-CUBE-BLE1.6.2.3
2025-06-25 02:14:17,673 [WARN] PackLoader:240 - Cannot read IP mode file for STMicroelectronics.X-CUBE-MEMS1.11.0.0
2025-06-25 02:14:17,802 [WARN] PackLoader:240 - Cannot read IP mode file for STMicroelectronics.FP-SNS-FLIGHT1.5.0.2
2025-06-25 02:14:17,825 [WARN] PackLoader:240 - Cannot read IP mode file for STMicroelectronics.X-CUBE-TOF1.3.1.0
2025-06-25 02:14:17,845 [WARN] PackLoader:240 - Cannot read IP mode file for STMicroelectronics.X-CUBE-DISPLAY.3.0.0
2025-06-25 02:14:17,869 [WARN] PackLoader:240 - Cannot read IP mode file for STMicroelectronics.X-CUBE-BLE1.7.0.0
2025-06-25 02:14:17,886 [WARN] PackLoader:240 - Cannot read IP mode file for STMicroelectronics.X-CUBE-NFC10.1.0.0
2025-06-25 02:14:17,907 [WARN] PackLoader:240 - Cannot read IP mode file for STMicroelectronics.X-CUBE-BLEMGR.4.0.0
2025-06-25 02:14:17,923 [WARN] PackLoader:240 - Cannot read IP mode file for STMicroelectronics.X-CUBE-AI.7.2.0
2025-06-25 02:14:17,942 [WARN] PackLoader:240 - Cannot read IP mode file for STMicroelectronics.X-CUBE-BLEMGR.3.1.0
2025-06-25 02:14:17,957 [WARN] PackLoader:240 - Cannot read IP mode file for STMicroelectronics.X-CUBE-AI.10.0.0
2025-06-25 02:14:17,972 [WARN] PackLoader:240 - Cannot read IP mode file for STMicroelectronics.FP-SNS-SMARTAG2.1.2.0
2025-06-25 02:14:17,976 [WARN] PackLoader:240 - Cannot read IP mode file for STMicroelectronics.FP-SNS-FLIGHT1.5.1.0
2025-06-25 02:14:18,028 [WARN] PackLoader:240 - Cannot read IP mode file for STMicroelectronics.X-CUBE-MEMS1.11.1.0
2025-06-25 02:14:18,200 [INFO] LogOutputStream:77 - [STDOUT_REDIRECT] 1 : Invalid condition id : UX_CORESTACK_Condition cause : null
2025-06-25 02:14:18,201 [INFO] LogOutputStream:77 - [STDOUT_REDIRECT] 1 : Invalid condition id : UX_CORESTACK_Condition cause : null
2025-06-25 02:14:18,202 [INFO] LogOutputStream:77 - [STDOUT_REDIRECT] 1 : Invalid condition id : UX_CORESTACK_Condition cause : null
2025-06-25 02:14:18,204 [INFO] LogOutputStream:77 - [STDOUT_REDIRECT] 1 : Invalid condition id : UX_CORESTACK_Condition cause : null
2025-06-25 02:14:18,205 [INFO] LogOutputStream:77 - [STDOUT_REDIRECT] 1 : Invalid condition id : UX_CORESTACK_Condition cause : null
2025-06-25 02:14:18,207 [WARN] PackLoader:240 - Cannot read IP mode file for STMicroelectronics.X-CUBE-AZRTOS-WL.2.0.0
2025-06-25 02:14:18,230 [WARN] PackLoader:240 - Cannot read IP mode file for STMicroelectronics.FP-SNS-MOTENV1.5.0.0
2025-06-25 02:14:18,236 [WARN] PackLoader:240 - Cannot read IP mode file for wolfSSL.I-CUBE-wolfMQTT.1.19.0
2025-06-25 02:14:18,255 [WARN] PackLoader:240 - Cannot read IP mode file for WES.I-CUBE-Cesium.1.3.0
2025-06-25 02:14:18,274 [WARN] PackLoader:240 - Cannot read IP mode file for STMicroelectronics.X-CUBE-BLE2.3.3.0
2025-06-25 02:14:18,315 [WARN] PackLoader:240 - Cannot read IP mode file for STMicroelectronics.X-CUBE-DISPLAY.2.2.0
2025-06-25 02:14:18,334 [WARN] PackLoader:240 - Cannot read IP mode file for STMicroelectronics.X-CUBE-NFC9.1.0.0
2025-06-25 02:14:18,375 [WARN] PackLoader:240 - Cannot read IP mode file for STMicroelectronics.X-CUBE-AZRTOS-H7.2.1.0
2025-06-25 02:14:18,390 [WARN] PackLoader:240 - Cannot read IP mode file for STMicroelectronics.X-CUBE-BLE1.7.1.0
2025-06-25 02:14:18,406 [WARN] PackLoader:240 - Cannot read IP mode file for STMicroelectronics.X-CUBE-TCPP.4.1.0
2025-06-25 02:14:18,422 [WARN] PackLoader:240 - Cannot read IP mode file for STMicroelectronics.X-CUBE-AI.10.1.0
2025-06-25 02:14:18,438 [WARN] PackLoader:240 - Cannot read IP mode file for STMicroelectronics.X-CUBE-ALGOBUILD.1.3.0
2025-06-25 02:14:18,491 [WARN] PackLoader:240 - Cannot read IP mode file for STMicroelectronics.X-CUBE-MEMS1.11.2.0
2025-06-25 02:14:18,567 [INFO] WebApp:449 - Apply proxy settings
2025-06-25 02:14:18,568 [INFO] WebApp:534 - Chromium requires no authentication
2025-06-25 02:14:18,583 [INFO] WebApp:477 - Direct internet connection detected
2025-06-25 02:14:18,619 [WARN] PackLoader:240 - Cannot read IP mode file for STMicroelectronics.X-CUBE-AZRTOS-G0.1.1.0
2025-06-25 02:14:18,624 [INFO] WebApp:880 - Register for checkConnection events
2025-06-25 02:14:18,624 [INFO] WebApp:449 - Apply proxy settings
2025-06-25 02:14:18,624 [INFO] WebApp:534 - Chromium requires no authentication
2025-06-25 02:14:18,626 [INFO] WebApp:477 - Direct internet connection detected
2025-06-25 02:14:18,637 [WARN] PackLoader:240 - Cannot read IP mode file for STMicroelectronics.X-CUBE-SAFEA1.1.2.2
2025-06-25 02:14:18,669 [WARN] PackLoader:240 - Cannot read IP mode file for STMicroelectronics.X-CUBE-NFC4.3.0.0
2025-06-25 02:14:18,722 [WARN] PackLoader:240 - Cannot read IP mode file for SEGGER.I-CUBE-embOS.1.2.0
2025-06-25 02:14:18,775 [WARN] PackLoader:240 - Cannot read IP mode file for EmbeddedOffice.I-CUBE-FS-RTOS.1.0.1
2025-06-25 02:14:18,790 [WARN] PackLoader:240 - Cannot read IP mode file for STMicroelectronics.X-CUBE-WB05N.2.0.0
2025-06-25 02:14:18,805 [WARN] PackLoader:240 - Cannot read IP mode file for STMicroelectronics.X-CUBE-TCPP.4.2.0
2025-06-25 02:14:18,827 [WARN] PackLoader:240 - Cannot read IP mode file for RealThread.X-CUBE-RT-Thread_Nano.4.1.1
2025-06-25 02:14:18,838 [WARN] PackLoader:240 - Cannot read IP mode file for STMicroelectronics.FP-ATR-SIGFOX1.3.2.0
2025-06-25 02:14:18,863 [WARN] ConditionMgr:438 - getConditionDescription Invalid condition id : Cortex-A Device cause : null
2025-06-25 02:14:18,888 [WARN] ConditionMgr:1044 - genDependencies : Invalid condition id : Cortex-A Device cause : null
2025-06-25 02:14:18,889 [WARN] ConditionMgr:1044 - genDependencies : Invalid condition id : Cortex-A Device cause : null
2025-06-25 02:14:18,889 [WARN] ConditionMgr:1044 - genDependencies : Invalid condition id : Cortex-A Device cause : null
2025-06-25 02:14:18,906 [WARN] PackLoader:240 - Cannot read IP mode file for STMicroelectronics.X-CUBE-EEPRMA1.5.1.0
2025-06-25 02:14:18,932 [WARN] PackLoader:240 - Cannot read IP mode file for emotas.I-CUBE-CANOPEN.1.1.2
2025-06-25 02:14:18,949 [WARN] PackLoader:240 - Cannot read IP mode file for STMicroelectronics.X-CUBE-TOUCHGFX.4.20.0
2025-06-25 02:14:18,975 [WARN] PackLoader:240 - Cannot read IP mode file for ITTIA_DB.I-CUBE-ITTIADB.8.9.0
2025-06-25 02:14:18,977 [INFO] WebApp:187 - Connection restablished
2025-06-25 02:14:18,994 [WARN] PackLoader:240 - Cannot read IP mode file for STMicroelectronics.X-CUBE-ST67W61.1.0.0
2025-06-25 02:14:19,059 [WARN] PackLoader:240 - Cannot read IP mode file for SEGGER.I-CUBE-embOS.1.3.1
2025-06-25 02:14:19,151 [WARN] PackLoader:240 - Cannot read IP mode file for STMicroelectronics.X-CUBE-ALGOBUILD.1.4.0
2025-06-25 02:14:19,199 [WARN] PackLoader:240 - Cannot read IP mode file for STMicroelectronics.X-CUBE-MEMS1.11.3.0
2025-06-25 02:14:19,349 [WARN] PackLoader:240 - Cannot read IP mode file for STMicroelectronics.X-CUBE-AI.9.1.0
2025-06-25 02:14:19,353 [WARN] PackLoader:240 - Cannot read IP mode file for STMicroelectronics.X-CUBE-PM33A1.1.0.0
2025-06-25 02:14:19,371 [WARN] PackLoader:240 - Cannot read IP mode file for STMicroelectronics.X-CUBE-GNSS1.6.0.0
2025-06-25 02:14:19,384 [INFO] WebApp:221 - Starting web application
2025-06-25 02:14:19,385 [INFO] WebApp:579 - Web application path used C:\ST\STM32CubeIDE_1.16.1\STM32CubeIDE\plugins\com.st.stm32cube.common.mx_6.13.0.202411220809\db\plugins\mcufinder\reactClient1\index.html
2025-06-25 02:14:19,402 [WARN] PackLoader:240 - Cannot read IP mode file for STMicroelectronics.X-CUBE-AZRTOS-F4.1.1.0
2025-06-25 02:14:19,408 [WARN] PackLoader:240 - Cannot read IP mode file for Avnet-IotConnect.X-CUBE-IoTC-DA16k-PMOD.1.0.0
2025-06-25 02:14:19,422 [WARN] PackLoader:240 - Cannot read IP mode file for STMicroelectronics.X-CUBE-ISPU.2.1.0
2025-06-25 02:14:19,437 [WARN] PackLoader:240 - Cannot read IP mode file for STMicroelectronics.X-CUBE-FREERTOS.1.2.0
2025-06-25 02:14:19,540 [WARN] PackLoader:240 - Cannot read IP mode file for STMicroelectronics.X-CUBE-AZRTOS-L5.2.0.0
2025-06-25 02:14:19,564 [WARN] PackLoader:240 - Cannot read IP mode file for STMicroelectronics.X-CUBE-NFC6.3.1.0
2025-06-25 02:14:19,584 [WARN] PackLoader:240 - Cannot read IP mode file for STMicroelectronics.X-CUBE-DPower.1.2.0
2025-06-25 02:14:19,599 [WARN] PackLoader:240 - Cannot read IP mode file for STMicroelectronics.X-CUBE-NFC4.2.0.4
2025-06-25 02:14:19,629 [WARN] PackLoader:240 - Cannot read IP mode file for STMicroelectronics.X-CUBE-AZRTOS-F4.1.0.0
2025-06-25 02:14:19,644 [WARN] PackLoader:240 - Cannot read IP mode file for STMicroelectronics.X-CUBE-FREERTOS.1.3.1
2025-06-25 02:14:19,683 [WARN] PackLoader:240 - Cannot read IP mode file for STMicroelectronics.X-CUBE-FREERTOS.1.3.0
2025-06-25 02:14:19,732 [WARN] PackLoader:240 - Cannot read IP mode file for STMicroelectronics.X-CUBE-NFC7.1.0.1
2025-06-25 02:14:19,747 [WARN] PackLoader:240 - Cannot read IP mode file for STMicroelectronics.X-CUBE-NFC7.1.0.0
2025-06-25 02:14:19,751 [WARN] PackLoader:240 - Cannot read IP mode file for STMicroelectronics.FP-SNS-STAIOTCFT.1.0.0
2025-06-25 02:14:19,766 [WARN] PackLoader:240 - Cannot read IP mode file for STMicroelectronics.X-CUBE-DPower.1.3.0
2025-06-25 02:14:19,801 [WARN] ConditionMgr:438 - getConditionDescription Invalid condition id : LAN8742 Phy interface Condition cause : null
2025-06-25 02:14:19,801 [WARN] PackLoader:240 - Cannot read IP mode file for STMicroelectronics.X-CUBE-AZRTOS-L4.2.0.0
2025-06-25 02:14:19,802 [WARN] ConditionMgr:1044 - genDependencies : Invalid condition id : LAN8742 Phy interface Condition cause : null
2025-06-25 02:14:19,802 [WARN] ConditionMgr:1044 - genDependencies : Invalid condition id : LAN8742 Phy interface Condition cause : null
2025-06-25 02:14:19,803 [WARN] ConditionMgr:1044 - genDependencies : Invalid condition id : LAN8742 Phy interface Condition cause : null
2025-06-25 02:14:19,821 [WARN] PackLoader:240 - Cannot read IP mode file for STMicroelectronics.X-CUBE-SFXS2LP1.4.0.0
2025-06-25 02:14:19,938 [WARN] PackLoader:240 - Cannot read IP mode file for STMicroelectronics.X-CUBE-AZRTOS-H7.3.3.0
2025-06-25 02:14:19,968 [WARN] PackLoader:240 - Cannot read IP mode file for RoweBots.I-CUBE-UNISONRTOS.5.5.0-4
2025-06-25 02:14:19,984 [WARN] PackLoader:240 - Cannot read IP mode file for wolfSSL.I-CUBE-wolfSSL.5.4.0
2025-06-25 02:14:20,007 [WARN] PackLoader:240 - Cannot read IP mode file for STMicroelectronics.X-CUBE-IPS.3.0.0
2025-06-25 02:14:20,036 [WARN] ConditionMgr:438 - getConditionDescription Invalid condition id : UX DEVICE CLASS RTOS Condition cause : null
2025-06-25 02:14:20,036 [WARN] ConditionMgr:438 - getConditionDescription Invalid condition id : UX DEVICE CLASS RTOS Condition cause : null
2025-06-25 02:14:20,039 [WARN] PackLoader:240 - Cannot read IP mode file for STMicroelectronics.X-CUBE-AZRTOS-WB.2.0.0
2025-06-25 02:14:20,039 [WARN] ConditionMgr:1044 - genDependencies : Invalid condition id : UX DEVICE CLASS RTOS Condition cause : null
2025-06-25 02:14:20,040 [WARN] ConditionMgr:1044 - genDependencies : Invalid condition id : UX DEVICE CLASS RTOS Condition cause : null
2025-06-25 02:14:20,040 [WARN] ConditionMgr:1044 - genDependencies : Invalid condition id : UX DEVICE CLASS RTOS Condition cause : null
2025-06-25 02:14:20,040 [WARN] ConditionMgr:1044 - genDependencies : Invalid condition id : UX DEVICE CLASS RTOS Condition cause : null
2025-06-25 02:14:20,040 [WARN] ConditionMgr:1044 - genDependencies : Invalid condition id : UX DEVICE CLASS RTOS Condition cause : null
2025-06-25 02:14:20,056 [WARN] PackLoader:240 - Cannot read IP mode file for STMicroelectronics.X-CUBE-GNSS1.7.0.0
2025-06-25 02:14:20,071 [WARN] PackLoader:240 - Cannot read IP mode file for STMicroelectronics.X-CUBE-GNSS1.7.0.1
2025-06-25 02:14:20,090 [WARN] PackLoader:240 - Cannot read IP mode file for STMicroelectronics.X-CUBE-BLEMGR.1.0.0
2025-06-25 02:14:20,105 [WARN] PackLoader:240 - Cannot read IP mode file for STMicroelectronics.X-CUBE-TOUCHGFX.4.25.0
2025-06-25 02:14:20,121 [WARN] PackLoader:240 - Cannot read IP mode file for STMicroelectronics.FP-SNS-STBOX1.2.0.0
2025-06-25 02:14:20,142 [WARN] PackLoader:240 - Cannot read IP mode file for STMicroelectronics.X-CUBE-SUBG2.5.0.0
2025-06-25 02:14:20,237 [WARN] PackLoader:240 - Cannot read IP mode file for STMicroelectronics.X-CUBE-AZRTOS-H7RS.1.1.0
2025-06-25 02:14:20,270 [WARN] PackLoader:240 - Cannot read IP mode file for Cesanta.I-CUBE-Mongoose.7.13.0
2025-06-25 02:14:20,297 [WARN] PackLoader:240 - Cannot read IP mode file for STMicroelectronics.X-CUBE-AZRTOS-G4.2.0.0
2025-06-25 02:14:20,312 [WARN] PackLoader:240 - Cannot read IP mode file for STMicroelectronics.FP-ATR-ASTRA1.1.1.0
2025-06-25 02:14:20,326 [WARN] PackLoader:240 - Cannot read IP mode file for STMicroelectronics.X-CUBE-NFC7.2.0.0
2025-06-25 02:14:20,356 [WARN] PackLoader:240 - Cannot read IP mode file for STMicroelectronics.X-CUBE-AZRTOS-G4.1.0.0
2025-06-25 02:14:20,384 [WARN] PackLoader:240 - Cannot read IP mode file for STMicroelectronics.X-CUBE-AZRTOS-L4.1.0.0
2025-06-25 02:14:20,407 [WARN] PackLoader:240 - Cannot read IP mode file for STMicroelectronics.X-CUBE-IPS.3.1.0
2025-06-25 02:14:20,430 [WARN] PackLoader:240 - Cannot read IP mode file for STMicroelectronics.X-CUBE-ALS.1.0.2
2025-06-25 02:14:20,445 [WARN] PackLoader:240 - Cannot read IP mode file for STMicroelectronics.X-CUBE-TOUCHGFX.4.24.2
2025-06-25 02:14:20,468 [WARN] PackLoader:240 - Cannot read IP mode file for STMicroelectronics.X-CUBE-AZRTOS-WL.1.0.0
2025-06-25 02:14:20,483 [WARN] PackLoader:240 - Cannot read IP mode file for STMicroelectronics.X-CUBE-TOUCHGFX.4.24.1
2025-06-25 02:14:20,487 [WARN] PackLoader:240 - Cannot read IP mode file for wolfSSL.I-CUBE-wolfTPM.3.4.0
2025-06-25 02:14:20,503 [WARN] PackLoader:240 - Cannot read IP mode file for portGmbH.I-Cube-SoM-uGOAL.1.1.0
2025-06-25 02:14:20,517 [WARN] PackLoader:240 - Cannot read IP mode file for STMicroelectronics.X-CUBE-ALS.1.0.1
2025-06-25 02:14:20,542 [WARN] PackLoader:240 - Cannot read IP mode file for STMicroelectronics.X-CUBE-AZRTOS-L5.1.0.0
2025-06-25 02:14:20,558 [WARN] PackLoader:240 - Cannot read IP mode file for STMicroelectronics.X-CUBE-EEPRMA1.3.1.1
2025-06-25 02:14:20,609 [WARN] PackLoader:240 - Cannot read IP mode file for STMicroelectronics.X-CUBE-AZRTOS-H7RS.1.0.0
2025-06-25 02:14:20,623 [WARN] PackLoader:240 - Cannot read IP mode file for STMicroelectronics.FP-ATR-ASTRA1.2.0.0
2025-06-25 02:14:20,642 [WARN] PackLoader:240 - Cannot read IP mode file for STMicroelectronics.X-CUBE-TOF1.3.4.2
2025-06-25 02:14:20,666 [WARN] PackLoader:240 - Cannot read IP mode file for STMicroelectronics.X-CUBE-TOF1.3.4.3
2025-06-25 02:14:20,697 [WARN] PackLoader:240 - Cannot read IP mode file for Infineon.AIROC-Wi-Fi-Bluetooth-STM32.1.6.1
2025-06-25 02:14:20,704 [WARN] PackLoader:240 - Cannot read IP mode file for wolfSSL.I-CUBE-wolfSSH.1.4.17
2025-06-25 02:14:20,705 [INFO] ThirdParty:978 - Integrity check success = true
2025-06-25 02:14:20,705 [INFO] IntegrityCheckThread:100 - exiting critical section [integrity check]
2025-06-25 02:14:20,705 [INFO] IntegrityCheckThread:103 - End integrity checks thread
2025-06-25 02:14:21,118 [INFO] UserAuth:486 - Internet connection configuration mode: 1
