2024-12-05 09:52:01,432 [INFO] MainUpdater:2872 - connection check result : 10
2024-12-05 09:52:05,590 [INFO] CheckServerUpdateThread:120 - End of CheckServer Thread
2024-12-05 09:54:12,506 [ERROR] LogOutputStream:75 - [STDERR_REDIRECT] SLF4J: Failed to load class "org.slf4j.impl.StaticLoggerBinder".
2024-12-05 09:54:12,508 [ERROR] LogOutputStream:75 - [STDERR_REDIRECT] SLF4J: Defaulting to no-operation (NOP) logger implementation
2024-12-05 09:54:12,510 [ERROR] LogOutputStream:75 - [STDERR_REDIRECT] SLF4J: See http://www.slf4j.org/codes.html#StaticLoggerBinder for further details.
2024-12-05 10:17:55,231 [INFO] LogOutputStream:77 - [STDOUT_REDIRECT] 2024-12-05 10:17:55
2024-12-05 10:17:55,234 [INFO] LogOutputStream:77 - [STDOUT_REDIRECT] Parsing SVD file "D:\MIOS32\trunk\etc\svd\STM32G050.svd"...
2024-12-05 10:17:55,528 [INFO] LogOutputStream:77 - [STDOUT_REDIRECT] { "device":<JsObject> }
2024-12-05 10:17:55,538 [INFO] LogOutputStream:77 - [STDOUT_REDIRECT] Completed in 309ms.
2024-12-05 10:19:35,845 [ERROR] LogOutputStream:75 - [STDERR_REDIRECT] org.eclipse.cdt.managedbuilder.core.BuildException: No toolchain option in toolchain configuration cdt.managedbuild.toolchain.gnu.cross.base.196324090: 
2024-12-05 10:19:35,847 [ERROR] LogOutputStream:75 - [STDERR_REDIRECT] 	at com.st.stm32cube.ide.mcu.toolchain.ToolChainHelper.getToolChainId(ToolChainHelper.java:166)
2024-12-05 10:19:35,849 [ERROR] LogOutputStream:75 - [STDERR_REDIRECT] 	at com.st.stm32cube.ide.mcu.toolchain.ToolChainHelper.getToolChainInfo(ToolChainHelper.java:109)
2024-12-05 10:19:35,851 [ERROR] LogOutputStream:75 - [STDERR_REDIRECT] 	at com.st.stm32cube.ide.mcu.toolchain.ui.unmanaged.ToolSettingsTab.createControls(ToolSettingsTab.java:149)
2024-12-05 10:19:35,853 [ERROR] LogOutputStream:75 - [STDERR_REDIRECT] 	at org.eclipse.cdt.ui.newui.AbstractCPropertyTab.createControls(AbstractCPropertyTab.java:139)
2024-12-05 10:19:35,855 [ERROR] LogOutputStream:75 - [STDERR_REDIRECT] 	at org.eclipse.cdt.ui.newui.AbstractPage.loadTab(AbstractPage.java:1199)
2024-12-05 10:19:35,857 [ERROR] LogOutputStream:75 - [STDERR_REDIRECT] 	at org.eclipse.cdt.ui.newui.AbstractPage.loadExtensionsSynchronized(AbstractPage.java:1143)
2024-12-05 10:19:35,858 [ERROR] LogOutputStream:75 - [STDERR_REDIRECT] 	at org.eclipse.cdt.ui.newui.AbstractPage.createWidgets(AbstractPage.java:373)
2024-12-05 10:19:35,860 [ERROR] LogOutputStream:75 - [STDERR_REDIRECT] 	at org.eclipse.cdt.ui.newui.AbstractPage.contentForCDT(AbstractPage.java:359)
2024-12-05 10:19:35,862 [ERROR] LogOutputStream:75 - [STDERR_REDIRECT] 	at org.eclipse.cdt.ui.newui.AbstractPage.createContents(AbstractPage.java:256)
2024-12-05 10:19:35,864 [ERROR] LogOutputStream:75 - [STDERR_REDIRECT] 	at org.eclipse.jface.preference.PreferencePage.createControl(PreferencePage.java:244)
2024-12-05 10:19:35,866 [ERROR] LogOutputStream:75 - [STDERR_REDIRECT] 	at org.eclipse.jface.preference.PreferenceDialog.createPageControl(PreferenceDialog.java:1434)
2024-12-05 10:19:35,868 [ERROR] LogOutputStream:75 - [STDERR_REDIRECT] 	at org.eclipse.jface.preference.PreferenceDialog$8.run(PreferenceDialog.java:1197)
2024-12-05 10:19:35,869 [ERROR] LogOutputStream:75 - [STDERR_REDIRECT] 	at org.eclipse.core.runtime.SafeRunner.run(SafeRunner.java:47)
2024-12-05 10:19:35,870 [ERROR] LogOutputStream:75 - [STDERR_REDIRECT] 	at org.eclipse.jface.util.SafeRunnable.run(SafeRunnable.java:174)
2024-12-05 10:19:35,872 [ERROR] LogOutputStream:75 - [STDERR_REDIRECT] 	at org.eclipse.jface.preference.PreferenceDialog.showPage(PreferenceDialog.java:1189)
2024-12-05 10:19:35,874 [ERROR] LogOutputStream:75 - [STDERR_REDIRECT] 	at org.eclipse.ui.internal.dialogs.FilteredPreferenceDialog.showPage(FilteredPreferenceDialog.java:630)
2024-12-05 10:19:35,876 [ERROR] LogOutputStream:75 - [STDERR_REDIRECT] 	at org.eclipse.jface.preference.PreferenceDialog$5.lambda$0(PreferenceDialog.java:661)
2024-12-05 10:19:35,877 [ERROR] LogOutputStream:75 - [STDERR_REDIRECT] 	at org.eclipse.swt.custom.BusyIndicator.showWhile(BusyIndicator.java:67)
2024-12-05 10:19:35,880 [ERROR] LogOutputStream:75 - [STDERR_REDIRECT] 	at org.eclipse.jface.preference.PreferenceDialog$5.selectionChanged(PreferenceDialog.java:658)
2024-12-05 10:19:35,882 [ERROR] LogOutputStream:75 - [STDERR_REDIRECT] 	at org.eclipse.jface.viewers.StructuredViewer$3.run(StructuredViewer.java:821)
2024-12-05 10:19:35,883 [ERROR] LogOutputStream:75 - [STDERR_REDIRECT] 	at org.eclipse.core.runtime.SafeRunner.run(SafeRunner.java:47)
2024-12-05 10:19:35,884 [ERROR] LogOutputStream:75 - [STDERR_REDIRECT] 	at org.eclipse.jface.util.SafeRunnable.run(SafeRunnable.java:174)
2024-12-05 10:19:35,886 [ERROR] LogOutputStream:75 - [STDERR_REDIRECT] 	at org.eclipse.jface.viewers.StructuredViewer.firePostSelectionChanged(StructuredViewer.java:818)
2024-12-05 10:19:35,888 [ERROR] LogOutputStream:75 - [STDERR_REDIRECT] 	at org.eclipse.jface.viewers.ColumnViewer.firePostSelectionChanged(ColumnViewer.java:1070)
2024-12-05 10:19:35,889 [ERROR] LogOutputStream:75 - [STDERR_REDIRECT] 	at org.eclipse.jface.viewers.StructuredViewer.handlePostSelect(StructuredViewer.java:1190)
2024-12-05 10:19:35,891 [ERROR] LogOutputStream:75 - [STDERR_REDIRECT] 	at org.eclipse.swt.events.SelectionListener$1.widgetSelected(SelectionListener.java:84)
2024-12-05 10:19:35,893 [ERROR] LogOutputStream:75 - [STDERR_REDIRECT] 	at org.eclipse.jface.util.OpenStrategy.firePostSelectionEvent(OpenStrategy.java:284)
2024-12-05 10:19:35,894 [ERROR] LogOutputStream:75 - [STDERR_REDIRECT] 	at org.eclipse.jface.util.OpenStrategy$1.lambda$1(OpenStrategy.java:438)
2024-12-05 10:19:35,895 [ERROR] LogOutputStream:75 - [STDERR_REDIRECT] 	at org.eclipse.swt.widgets.RunnableLock.run(RunnableLock.java:40)
2024-12-05 10:19:35,897 [ERROR] LogOutputStream:75 - [STDERR_REDIRECT] 	at org.eclipse.swt.widgets.Synchronizer.runAsyncMessages(Synchronizer.java:132)
2024-12-05 10:19:35,898 [ERROR] LogOutputStream:75 - [STDERR_REDIRECT] 	at org.eclipse.swt.widgets.Display.runAsyncMessages(Display.java:4046)
2024-12-05 10:19:35,900 [ERROR] LogOutputStream:75 - [STDERR_REDIRECT] 	at org.eclipse.swt.widgets.Display.readAndDispatch(Display.java:3662)
2024-12-05 10:19:35,901 [ERROR] LogOutputStream:75 - [STDERR_REDIRECT] 	at org.eclipse.jface.window.Window.runEventLoop(Window.java:823)
2024-12-05 10:19:35,902 [ERROR] LogOutputStream:75 - [STDERR_REDIRECT] 	at org.eclipse.jface.window.Window.open(Window.java:799)
2024-12-05 10:19:35,904 [ERROR] LogOutputStream:75 - [STDERR_REDIRECT] 	at com.st.stm32cube.ide.mcu.sfrview.ui.SvdConfigureAction.run(SvdConfigureAction.java:33)
2024-12-05 10:19:35,905 [ERROR] LogOutputStream:75 - [STDERR_REDIRECT] 	at org.eclipse.jface.action.Action.runWithEvent(Action.java:474)
2024-12-05 10:19:35,907 [ERROR] LogOutputStream:75 - [STDERR_REDIRECT] 	at org.eclipse.jface.action.ActionContributionItem.handleWidgetSelection(ActionContributionItem.java:580)
2024-12-05 10:19:35,909 [ERROR] LogOutputStream:75 - [STDERR_REDIRECT] 	at org.eclipse.jface.action.ActionContributionItem.lambda$5(ActionContributionItem.java:453)
2024-12-05 10:19:35,910 [ERROR] LogOutputStream:75 - [STDERR_REDIRECT] 	at org.eclipse.swt.widgets.EventTable.sendEvent(EventTable.java:89)
2024-12-05 10:19:35,911 [ERROR] LogOutputStream:75 - [STDERR_REDIRECT] 	at org.eclipse.swt.widgets.Display.sendEvent(Display.java:4273)
2024-12-05 10:19:35,913 [ERROR] LogOutputStream:75 - [STDERR_REDIRECT] 	at org.eclipse.swt.widgets.Widget.sendEvent(Widget.java:1066)
2024-12-05 10:19:35,914 [ERROR] LogOutputStream:75 - [STDERR_REDIRECT] 	at org.eclipse.swt.widgets.Display.runDeferredEvents(Display.java:4071)
2024-12-05 10:19:35,915 [ERROR] LogOutputStream:75 - [STDERR_REDIRECT] 	at org.eclipse.swt.widgets.Display.readAndDispatch(Display.java:3659)
2024-12-05 10:19:35,917 [ERROR] LogOutputStream:75 - [STDERR_REDIRECT] 	at org.eclipse.e4.ui.internal.workbench.swt.PartRenderingEngine$5.run(PartRenderingEngine.java:1155)
2024-12-05 10:19:35,919 [ERROR] LogOutputStream:75 - [STDERR_REDIRECT] 	at org.eclipse.core.databinding.observable.Realm.runWithDefault(Realm.java:342)
2024-12-05 10:19:35,921 [ERROR] LogOutputStream:75 - [STDERR_REDIRECT] 	at org.eclipse.e4.ui.internal.workbench.swt.PartRenderingEngine.run(PartRenderingEngine.java:1046)
2024-12-05 10:19:35,922 [ERROR] LogOutputStream:75 - [STDERR_REDIRECT] 	at org.eclipse.e4.ui.internal.workbench.E4Workbench.createAndRunUI(E4Workbench.java:155)
2024-12-05 10:19:35,924 [ERROR] LogOutputStream:75 - [STDERR_REDIRECT] 	at org.eclipse.ui.internal.Workbench.lambda$3(Workbench.java:648)
2024-12-05 10:19:35,925 [ERROR] LogOutputStream:75 - [STDERR_REDIRECT] 	at org.eclipse.core.databinding.observable.Realm.runWithDefault(Realm.java:342)
2024-12-05 10:19:35,927 [ERROR] LogOutputStream:75 - [STDERR_REDIRECT] 	at org.eclipse.ui.internal.Workbench.createAndRunWorkbench(Workbench.java:555)
2024-12-05 10:19:35,928 [ERROR] LogOutputStream:75 - [STDERR_REDIRECT] 	at org.eclipse.ui.PlatformUI.createAndRunWorkbench(PlatformUI.java:173)
2024-12-05 10:19:35,930 [ERROR] LogOutputStream:75 - [STDERR_REDIRECT] 	at org.eclipse.ui.internal.ide.application.IDEApplication.start(IDEApplication.java:152)
2024-12-05 10:19:35,931 [ERROR] LogOutputStream:75 - [STDERR_REDIRECT] 	at org.eclipse.equinox.internal.app.EclipseAppHandle.run(EclipseAppHandle.java:208)
2024-12-05 10:19:35,933 [ERROR] LogOutputStream:75 - [STDERR_REDIRECT] 	at org.eclipse.core.runtime.internal.adaptor.EclipseAppLauncher.runApplication(EclipseAppLauncher.java:136)
2024-12-05 10:19:35,935 [ERROR] LogOutputStream:75 - [STDERR_REDIRECT] 	at org.eclipse.core.runtime.internal.adaptor.EclipseAppLauncher.start(EclipseAppLauncher.java:104)
2024-12-05 10:19:35,937 [ERROR] LogOutputStream:75 - [STDERR_REDIRECT] 	at org.eclipse.core.runtime.adaptor.EclipseStarter.run(EclipseStarter.java:402)
2024-12-05 10:19:35,938 [ERROR] LogOutputStream:75 - [STDERR_REDIRECT] 	at org.eclipse.core.runtime.adaptor.EclipseStarter.run(EclipseStarter.java:255)
2024-12-05 10:19:35,940 [ERROR] LogOutputStream:75 - [STDERR_REDIRECT] 	at java.base/jdk.internal.reflect.DirectMethodHandleAccessor.invoke(DirectMethodHandleAccessor.java:103)
2024-12-05 10:19:35,941 [ERROR] LogOutputStream:75 - [STDERR_REDIRECT] 	at java.base/java.lang.reflect.Method.invoke(Method.java:580)
2024-12-05 10:19:35,942 [ERROR] LogOutputStream:75 - [STDERR_REDIRECT] 	at org.eclipse.equinox.launcher.Main.invokeFramework(Main.java:651)
2024-12-05 10:19:35,943 [ERROR] LogOutputStream:75 - [STDERR_REDIRECT] 	at org.eclipse.equinox.launcher.Main.basicRun(Main.java:588)
2024-12-05 10:19:35,944 [ERROR] LogOutputStream:75 - [STDERR_REDIRECT] 	at org.eclipse.equinox.launcher.Main.run(Main.java:1459)
2024-12-05 12:15:22,247 [ERROR] LogOutputStream:75 - [STDERR_REDIRECT] org.eclipse.cdt.managedbuilder.core.BuildException: No toolchain option in toolchain configuration cdt.managedbuild.toolchain.gnu.cross.base.613818773: 
2024-12-05 12:15:22,249 [ERROR] LogOutputStream:75 - [STDERR_REDIRECT] 	at com.st.stm32cube.ide.mcu.toolchain.ToolChainHelper.getToolChainId(ToolChainHelper.java:166)
2024-12-05 12:15:22,251 [ERROR] LogOutputStream:75 - [STDERR_REDIRECT] 	at com.st.stm32cube.ide.mcu.toolchain.ToolChainHelper.getToolChainInfo(ToolChainHelper.java:109)
2024-12-05 12:15:22,254 [ERROR] LogOutputStream:75 - [STDERR_REDIRECT] 	at com.st.stm32cube.ide.mcu.toolchain.ui.unmanaged.ToolSettingsTab.createControls(ToolSettingsTab.java:149)
2024-12-05 12:15:22,256 [ERROR] LogOutputStream:75 - [STDERR_REDIRECT] 	at org.eclipse.cdt.ui.newui.AbstractCPropertyTab.createControls(AbstractCPropertyTab.java:139)
2024-12-05 12:15:22,258 [ERROR] LogOutputStream:75 - [STDERR_REDIRECT] 	at org.eclipse.cdt.ui.newui.AbstractPage.loadTab(AbstractPage.java:1199)
2024-12-05 12:15:22,260 [ERROR] LogOutputStream:75 - [STDERR_REDIRECT] 	at org.eclipse.cdt.ui.newui.AbstractPage.loadExtensionsSynchronized(AbstractPage.java:1143)
2024-12-05 12:15:22,262 [ERROR] LogOutputStream:75 - [STDERR_REDIRECT] 	at org.eclipse.cdt.ui.newui.AbstractPage.createWidgets(AbstractPage.java:373)
2024-12-05 12:15:22,263 [ERROR] LogOutputStream:75 - [STDERR_REDIRECT] 	at org.eclipse.cdt.ui.newui.AbstractPage.contentForCDT(AbstractPage.java:359)
2024-12-05 12:15:22,265 [ERROR] LogOutputStream:75 - [STDERR_REDIRECT] 	at org.eclipse.cdt.ui.newui.AbstractPage.createContents(AbstractPage.java:256)
2024-12-05 12:15:22,267 [ERROR] LogOutputStream:75 - [STDERR_REDIRECT] 	at org.eclipse.jface.preference.PreferencePage.createControl(PreferencePage.java:244)
2024-12-05 12:15:22,269 [ERROR] LogOutputStream:75 - [STDERR_REDIRECT] 	at org.eclipse.jface.preference.PreferenceDialog.createPageControl(PreferenceDialog.java:1434)
2024-12-05 12:15:22,272 [ERROR] LogOutputStream:75 - [STDERR_REDIRECT] 	at org.eclipse.jface.preference.PreferenceDialog$8.run(PreferenceDialog.java:1197)
2024-12-05 12:15:22,273 [ERROR] LogOutputStream:75 - [STDERR_REDIRECT] 	at org.eclipse.core.runtime.SafeRunner.run(SafeRunner.java:47)
2024-12-05 12:15:22,274 [ERROR] LogOutputStream:75 - [STDERR_REDIRECT] 	at org.eclipse.jface.util.SafeRunnable.run(SafeRunnable.java:174)
2024-12-05 12:15:22,276 [ERROR] LogOutputStream:75 - [STDERR_REDIRECT] 	at org.eclipse.jface.preference.PreferenceDialog.showPage(PreferenceDialog.java:1189)
2024-12-05 12:15:22,278 [ERROR] LogOutputStream:75 - [STDERR_REDIRECT] 	at org.eclipse.ui.internal.dialogs.FilteredPreferenceDialog.showPage(FilteredPreferenceDialog.java:630)
2024-12-05 12:15:22,279 [ERROR] LogOutputStream:75 - [STDERR_REDIRECT] 	at org.eclipse.jface.preference.PreferenceDialog$5.lambda$0(PreferenceDialog.java:661)
2024-12-05 12:15:22,281 [ERROR] LogOutputStream:75 - [STDERR_REDIRECT] 	at org.eclipse.swt.custom.BusyIndicator.showWhile(BusyIndicator.java:67)
2024-12-05 12:15:22,283 [ERROR] LogOutputStream:75 - [STDERR_REDIRECT] 	at org.eclipse.jface.preference.PreferenceDialog$5.selectionChanged(PreferenceDialog.java:658)
2024-12-05 12:15:22,284 [ERROR] LogOutputStream:75 - [STDERR_REDIRECT] 	at org.eclipse.jface.viewers.StructuredViewer$3.run(StructuredViewer.java:821)
2024-12-05 12:15:22,286 [ERROR] LogOutputStream:75 - [STDERR_REDIRECT] 	at org.eclipse.core.runtime.SafeRunner.run(SafeRunner.java:47)
2024-12-05 12:15:22,288 [ERROR] LogOutputStream:75 - [STDERR_REDIRECT] 	at org.eclipse.jface.util.SafeRunnable.run(SafeRunnable.java:174)
2024-12-05 12:15:22,290 [ERROR] LogOutputStream:75 - [STDERR_REDIRECT] 	at org.eclipse.jface.viewers.StructuredViewer.firePostSelectionChanged(StructuredViewer.java:818)
2024-12-05 12:15:22,291 [ERROR] LogOutputStream:75 - [STDERR_REDIRECT] 	at org.eclipse.jface.viewers.ColumnViewer.firePostSelectionChanged(ColumnViewer.java:1070)
2024-12-05 12:15:22,293 [ERROR] LogOutputStream:75 - [STDERR_REDIRECT] 	at org.eclipse.jface.viewers.StructuredViewer.handlePostSelect(StructuredViewer.java:1190)
2024-12-05 12:15:22,295 [ERROR] LogOutputStream:75 - [STDERR_REDIRECT] 	at org.eclipse.swt.events.SelectionListener$1.widgetSelected(SelectionListener.java:84)
2024-12-05 12:15:22,296 [ERROR] LogOutputStream:75 - [STDERR_REDIRECT] 	at org.eclipse.jface.util.OpenStrategy.firePostSelectionEvent(OpenStrategy.java:284)
2024-12-05 12:15:22,298 [ERROR] LogOutputStream:75 - [STDERR_REDIRECT] 	at org.eclipse.jface.util.OpenStrategy$1.lambda$1(OpenStrategy.java:438)
2024-12-05 12:15:22,299 [ERROR] LogOutputStream:75 - [STDERR_REDIRECT] 	at org.eclipse.swt.widgets.RunnableLock.run(RunnableLock.java:40)
2024-12-05 12:15:22,301 [ERROR] LogOutputStream:75 - [STDERR_REDIRECT] 	at org.eclipse.swt.widgets.Synchronizer.runAsyncMessages(Synchronizer.java:132)
2024-12-05 12:15:22,302 [ERROR] LogOutputStream:75 - [STDERR_REDIRECT] 	at org.eclipse.swt.widgets.Display.runAsyncMessages(Display.java:4046)
2024-12-05 12:15:22,304 [ERROR] LogOutputStream:75 - [STDERR_REDIRECT] 	at org.eclipse.swt.widgets.Display.readAndDispatch(Display.java:3662)
2024-12-05 12:15:22,305 [ERROR] LogOutputStream:75 - [STDERR_REDIRECT] 	at org.eclipse.jface.window.Window.runEventLoop(Window.java:823)
2024-12-05 12:15:22,307 [ERROR] LogOutputStream:75 - [STDERR_REDIRECT] 	at org.eclipse.jface.window.Window.open(Window.java:799)
2024-12-05 12:15:22,308 [ERROR] LogOutputStream:75 - [STDERR_REDIRECT] 	at org.eclipse.ui.dialogs.PropertyDialogAction.run(PropertyDialogAction.java:155)
2024-12-05 12:15:22,309 [ERROR] LogOutputStream:75 - [STDERR_REDIRECT] 	at org.eclipse.jface.action.Action.runWithEvent(Action.java:474)
2024-12-05 12:15:22,311 [ERROR] LogOutputStream:75 - [STDERR_REDIRECT] 	at org.eclipse.jface.action.ActionContributionItem.handleWidgetSelection(ActionContributionItem.java:580)
2024-12-05 12:15:22,313 [ERROR] LogOutputStream:75 - [STDERR_REDIRECT] 	at org.eclipse.jface.action.ActionContributionItem.lambda$4(ActionContributionItem.java:414)
2024-12-05 12:15:22,314 [ERROR] LogOutputStream:75 - [STDERR_REDIRECT] 	at org.eclipse.swt.widgets.EventTable.sendEvent(EventTable.java:89)
2024-12-05 12:15:22,316 [ERROR] LogOutputStream:75 - [STDERR_REDIRECT] 	at org.eclipse.swt.widgets.Display.sendEvent(Display.java:4273)
2024-12-05 12:15:22,317 [ERROR] LogOutputStream:75 - [STDERR_REDIRECT] 	at org.eclipse.swt.widgets.Widget.sendEvent(Widget.java:1066)
2024-12-05 12:15:22,318 [ERROR] LogOutputStream:75 - [STDERR_REDIRECT] 	at org.eclipse.swt.widgets.Display.runDeferredEvents(Display.java:4071)
2024-12-05 12:15:22,320 [ERROR] LogOutputStream:75 - [STDERR_REDIRECT] 	at org.eclipse.swt.widgets.Display.readAndDispatch(Display.java:3659)
2024-12-05 12:15:22,322 [ERROR] LogOutputStream:75 - [STDERR_REDIRECT] 	at org.eclipse.e4.ui.internal.workbench.swt.PartRenderingEngine$5.run(PartRenderingEngine.java:1155)
2024-12-05 12:15:22,324 [ERROR] LogOutputStream:75 - [STDERR_REDIRECT] 	at org.eclipse.core.databinding.observable.Realm.runWithDefault(Realm.java:342)
2024-12-05 12:15:22,325 [ERROR] LogOutputStream:75 - [STDERR_REDIRECT] 	at org.eclipse.e4.ui.internal.workbench.swt.PartRenderingEngine.run(PartRenderingEngine.java:1046)
2024-12-05 12:15:22,327 [ERROR] LogOutputStream:75 - [STDERR_REDIRECT] 	at org.eclipse.e4.ui.internal.workbench.E4Workbench.createAndRunUI(E4Workbench.java:155)
2024-12-05 12:15:22,329 [ERROR] LogOutputStream:75 - [STDERR_REDIRECT] 	at org.eclipse.ui.internal.Workbench.lambda$3(Workbench.java:648)
2024-12-05 12:15:22,330 [ERROR] LogOutputStream:75 - [STDERR_REDIRECT] 	at org.eclipse.core.databinding.observable.Realm.runWithDefault(Realm.java:342)
2024-12-05 12:15:22,331 [ERROR] LogOutputStream:75 - [STDERR_REDIRECT] 	at org.eclipse.ui.internal.Workbench.createAndRunWorkbench(Workbench.java:555)
2024-12-05 12:15:22,333 [ERROR] LogOutputStream:75 - [STDERR_REDIRECT] 	at org.eclipse.ui.PlatformUI.createAndRunWorkbench(PlatformUI.java:173)
2024-12-05 12:15:22,334 [ERROR] LogOutputStream:75 - [STDERR_REDIRECT] 	at org.eclipse.ui.internal.ide.application.IDEApplication.start(IDEApplication.java:152)
2024-12-05 12:15:22,336 [ERROR] LogOutputStream:75 - [STDERR_REDIRECT] 	at org.eclipse.equinox.internal.app.EclipseAppHandle.run(EclipseAppHandle.java:208)
2024-12-05 12:15:22,339 [ERROR] LogOutputStream:75 - [STDERR_REDIRECT] 	at org.eclipse.core.runtime.internal.adaptor.EclipseAppLauncher.runApplication(EclipseAppLauncher.java:136)
2024-12-05 12:15:22,341 [ERROR] LogOutputStream:75 - [STDERR_REDIRECT] 	at org.eclipse.core.runtime.internal.adaptor.EclipseAppLauncher.start(EclipseAppLauncher.java:104)
2024-12-05 12:15:22,343 [ERROR] LogOutputStream:75 - [STDERR_REDIRECT] 	at org.eclipse.core.runtime.adaptor.EclipseStarter.run(EclipseStarter.java:402)
2024-12-05 12:15:22,344 [ERROR] LogOutputStream:75 - [STDERR_REDIRECT] 	at org.eclipse.core.runtime.adaptor.EclipseStarter.run(EclipseStarter.java:255)
2024-12-05 12:15:22,346 [ERROR] LogOutputStream:75 - [STDERR_REDIRECT] 	at java.base/jdk.internal.reflect.DirectMethodHandleAccessor.invoke(DirectMethodHandleAccessor.java:103)
2024-12-05 12:15:22,348 [ERROR] LogOutputStream:75 - [STDERR_REDIRECT] 	at java.base/java.lang.reflect.Method.invoke(Method.java:580)
2024-12-05 12:15:22,349 [ERROR] LogOutputStream:75 - [STDERR_REDIRECT] 	at org.eclipse.equinox.launcher.Main.invokeFramework(Main.java:651)
2024-12-05 12:15:22,350 [ERROR] LogOutputStream:75 - [STDERR_REDIRECT] 	at org.eclipse.equinox.launcher.Main.basicRun(Main.java:588)
2024-12-05 12:15:22,352 [ERROR] LogOutputStream:75 - [STDERR_REDIRECT] 	at org.eclipse.equinox.launcher.Main.run(Main.java:1459)
2024-12-05 17:12:51,994 [ERROR] LogOutputStream:75 - [STDERR_REDIRECT] 17:12:51.964 ERROR Chromium process exit code: 1
2024-12-05 17:12:51,996 [ERROR] LogOutputStream:75 - [STDERR_REDIRECT] 
2024-12-05 17:12:52,003 [ERROR] LogOutputStream:75 - [STDERR_REDIRECT] 17:12:51.998 ERROR Crash dump dir: C:\Users\Bruno\AppData\Local\JxBrowser\7.39.2\CrashReports
2024-12-05 17:12:52,004 [ERROR] LogOutputStream:75 - [STDERR_REDIRECT] 
2024-12-05 17:12:52,068 [ERROR] WebApp:398 - JxBrowser engine crashed! Exit code: 1
2024-12-05 17:13:51,941 [INFO] Activator:176 - 


2024-12-05 17:13:51,943 [INFO] Activator:177 - !SESSION log4j initialized
2024-12-05 17:14:03,942 [INFO] LogOutputStream:77 - [STDOUT_REDIRECT] 
2024-12-05 17:14:16,199 [INFO] ApplicationProperties:184 - Using Application install path: C:\ST\STM32CubeIDE_1.16.1\STM32CubeIDE\plugins\com.st.stm32cube.common.mx_6.13.0.202411220809
2024-12-05 17:14:16,214 [INFO] DbMcusXml:78 - Set database path to: C:\ST\STM32CubeIDE_1.16.1\STM32CubeIDE\plugins\com.st.stm32cube.common.mx_6.13.0.202411220809\\db\/mcu/
2024-12-05 17:14:16,214 [INFO] ApiDb:274 - Set plugin database path to: C:\ST\STM32CubeIDE_1.16.1\STM32CubeIDE\plugins\com.st.stm32cube.common.mx_6.13.0.202411220809\\db\/plugins/boardmanager/
2024-12-05 17:14:16,214 [WARN] ApiDb:259 - Overriding images path with different value:  => C:\ST\STM32CubeIDE_1.16.1\STM32CubeIDE\plugins\com.st.stm32cube.common.mx_6.13.0.202411220809\\db\/plugins/mcufinder/images/
2024-12-05 17:14:16,228 [INFO] ApiDb:250 - Set database path to: C:\Users\Bruno\.stmcufinder\plugins\mcufinder//mcu/
2024-12-05 17:14:16,229 [INFO] DbMcusAds:125 - Set database path to: C:\Users\Bruno\.stmcufinder\plugins\mcufinder//mcu/
2024-12-05 17:14:16,252 [INFO] CrossReferenceDbSqlite:203 - Set database path to: C:\Users\Bruno\.stmcufinder\plugins\mcufinder//mcu/cs/
2024-12-05 17:14:16,371 [INFO] RulesReader:64 - Compatibility file has been processed (297 Rules)
2024-12-05 17:14:16,455 [INFO] DbMcusXml:78 - Set database path to: C:\ST\STM32CubeIDE_1.16.1\STM32CubeIDE\plugins\com.st.stm32cube.common.mx_6.13.0.202411220809\\db\/mcu/
2024-12-05 17:14:16,455 [INFO] ApiDb:274 - Set plugin database path to: C:\ST\STM32CubeIDE_1.16.1\STM32CubeIDE\plugins\com.st.stm32cube.common.mx_6.13.0.202411220809\\db\/plugins/boardmanager/
2024-12-05 17:14:16,455 [INFO] ApiDb:261 - Set plugin images path to: C:\ST\STM32CubeIDE_1.16.1\STM32CubeIDE\plugins\com.st.stm32cube.common.mx_6.13.0.202411220809\\db\/plugins/mcufinder/images/
2024-12-05 17:14:16,455 [WARN] DbFile:41 - Overriding database path with different value: C:\Users\Bruno\.stmcufinder\plugins\mcufinder/ => C:\Users\Bruno\.stmcufinder\plugins\mcufinder
2024-12-05 17:14:16,456 [INFO] ApiDb:250 - Set database path to: C:\Users\Bruno\.stmcufinder\plugins\mcufinder//mcu/
2024-12-05 17:14:16,456 [WARN] DbFile:41 - Overriding database path with different value: C:\Users\Bruno\.stmcufinder\plugins\mcufinder/ => C:\Users\Bruno\.stmcufinder\plugins\mcufinder
2024-12-05 17:14:16,456 [INFO] DbMcusAds:125 - Set database path to: C:\Users\Bruno\.stmcufinder\plugins\mcufinder//mcu/
2024-12-05 17:14:16,456 [WARN] DbFile:41 - Overriding database path with different value: C:\Users\Bruno\.stmcufinder\plugins\mcufinder/ => C:\Users\Bruno\.stmcufinder\plugins\mcufinder
2024-12-05 17:14:16,456 [WARN] DbFile:41 - Overriding database path with different value: C:\Users\Bruno\.stmcufinder\plugins\mcufinder/ => C:\Users\Bruno\.stmcufinder\plugins\mcufinder
2024-12-05 17:14:16,456 [INFO] CrossReferenceDbSqlite:203 - Set database path to: C:\Users\Bruno\.stmcufinder\plugins\mcufinder//mcu/cs/
2024-12-05 17:14:16,533 [INFO] MainPanel:272 - HeapMemory: 281018368
2024-12-05 17:14:16,641 [INFO] DbMcusXml:78 - Set database path to: C:\ST\STM32CubeIDE_1.16.1\STM32CubeIDE\plugins\com.st.stm32cube.common.mx_6.13.0.202411220809\\db\/mcu/
2024-12-05 17:14:16,641 [INFO] ApiDb:274 - Set plugin database path to: C:\ST\STM32CubeIDE_1.16.1\STM32CubeIDE\plugins\com.st.stm32cube.common.mx_6.13.0.202411220809\\db\/plugins/boardmanager/
2024-12-05 17:14:16,641 [INFO] ApiDb:261 - Set plugin images path to: C:\ST\STM32CubeIDE_1.16.1\STM32CubeIDE\plugins\com.st.stm32cube.common.mx_6.13.0.202411220809\\db\/plugins/mcufinder/images/
2024-12-05 17:14:16,641 [WARN] DbFile:41 - Overriding database path with different value: C:\Users\Bruno\.stmcufinder\plugins\mcufinder/ => C:\Users\Bruno\.stmcufinder\plugins\mcufinder
2024-12-05 17:14:16,641 [INFO] ApiDb:250 - Set database path to: C:\Users\Bruno\.stmcufinder\plugins\mcufinder//mcu/
2024-12-05 17:14:16,642 [WARN] DbFile:41 - Overriding database path with different value: C:\Users\Bruno\.stmcufinder\plugins\mcufinder/ => C:\Users\Bruno\.stmcufinder\plugins\mcufinder
2024-12-05 17:14:16,642 [INFO] DbMcusAds:125 - Set database path to: C:\Users\Bruno\.stmcufinder\plugins\mcufinder//mcu/
2024-12-05 17:14:16,642 [WARN] DbFile:41 - Overriding database path with different value: C:\Users\Bruno\.stmcufinder\plugins\mcufinder/ => C:\Users\Bruno\.stmcufinder\plugins\mcufinder
2024-12-05 17:14:16,642 [WARN] DbFile:41 - Overriding database path with different value: C:\Users\Bruno\.stmcufinder\plugins\mcufinder/ => C:\Users\Bruno\.stmcufinder\plugins\mcufinder
2024-12-05 17:14:16,642 [INFO] CrossReferenceDbSqlite:203 - Set database path to: C:\Users\Bruno\.stmcufinder\plugins\mcufinder//mcu/cs/
2024-12-05 17:14:16,660 [INFO] ApplicationProperties:184 - Using Application install path: C:\ST\STM32CubeIDE_1.16.1\STM32CubeIDE\plugins\com.st.stm32cube.common.mx_6.13.0.202411220809
2024-12-05 17:14:16,661 [INFO] PluginManage:196 - Search for loadable plugins [exclusion list=, ]
2024-12-05 17:14:16,662 [INFO] PluginManage:310 - Check plugin analytics
2024-12-05 17:14:16,837 [INFO] AnalyticsPlugin:253 - Accepted Software Licenses: STM32CubeMX.6.6.1
2024-12-05 17:14:16,837 [INFO] AnalyticsPlugin:255 - Accepted CMSIS Pack Licenses: 
2024-12-05 17:14:16,837 [INFO] AnalyticsPlugin:257 - Accepted Firmware Licenses: FW.G0.1.6.0,FW.F4.1.28.0
2024-12-05 17:14:16,839 [INFO] PluginManage:359 - Loaded plugin analytics (category:tool,tabindex:-1)
2024-12-05 17:14:16,839 [INFO] PluginManage:310 - Check plugin cadmodel
2024-12-05 17:14:16,858 [INFO] CADModel:105 - Init CAD model plugin
2024-12-05 17:14:16,858 [INFO] PluginManage:359 - Loaded plugin cadmodel (category:power,tabindex:5)
2024-12-05 17:14:16,858 [INFO] PluginManage:310 - Check plugin clock
2024-12-05 17:14:16,880 [INFO] PluginManage:359 - Loaded plugin clock (category:base,tabindex:2)
2024-12-05 17:14:16,880 [INFO] PluginManage:310 - Check plugin ddr
2024-12-05 17:14:16,883 [INFO] PluginManage:359 - Loaded plugin ddr (category:tool,tabindex:6)
2024-12-05 17:14:16,883 [INFO] PluginManage:310 - Check plugin filemanager
2024-12-05 17:14:17,015 [INFO] PluginManage:359 - Loaded plugin filemanager (category:base,tabindex:10)
2024-12-05 17:14:17,015 [INFO] PluginManage:310 - Check plugin ipmanager
2024-12-05 17:14:17,023 [INFO] PluginManage:359 - Loaded plugin ipmanager (category:base,tabindex:5)
2024-12-05 17:14:17,023 [INFO] PluginManage:310 - Check plugin lpbam
2024-12-05 17:14:17,043 [INFO] PluginManage:359 - Loaded plugin lpbam (category:base,tabindex:0)
2024-12-05 17:14:17,043 [INFO] PluginManage:310 - Check plugin memorymap
2024-12-05 17:14:17,068 [INFO] PluginManage:359 - Loaded plugin memorymap (category:base,tabindex:4)
2024-12-05 17:14:17,068 [INFO] PluginManage:310 - Check plugin pinoutandconfiguration
2024-12-05 17:14:17,088 [INFO] PluginManage:359 - Loaded plugin pinoutandconfiguration (category:base,tabindex:1)
2024-12-05 17:14:17,088 [INFO] PluginManage:310 - Check plugin pinoutconfig
2024-12-05 17:14:17,197 [WARN] SupportedApi:132 - Cannot load RTOS API schema: s4s-elt-must-match.1: The content of 'definitions' must match (annotation?, (simpleType | complexType)?, (unique | key | keyref)*)). A problem was found starting at: attribute.
2024-12-05 17:14:17,465 [INFO] PluginManage:359 - Loaded plugin pinoutconfig (category:base,tabindex:0)
2024-12-05 17:14:17,465 [INFO] PluginManage:310 - Check plugin power
2024-12-05 17:14:17,489 [INFO] PluginManage:359 - Loaded plugin power (category:power,tabindex:4)
2024-12-05 17:14:17,489 [INFO] PluginManage:310 - Check plugin projectmanager
2024-12-05 17:14:17,506 [INFO] PluginManage:359 - Loaded plugin projectmanager (category:projectmanager,tabindex:4)
2024-12-05 17:14:17,507 [INFO] PluginManage:310 - Check plugin rif
2024-12-05 17:14:17,530 [INFO] PluginManage:359 - Loaded plugin rif (category:base,tabindex:3)
2024-12-05 17:14:17,530 [INFO] PluginManage:310 - Check plugin thirdparty
2024-12-05 17:14:17,895 [INFO] PluginManage:359 - Loaded plugin thirdparty (category:base,tabindex:-1)
2024-12-05 17:14:17,896 [INFO] PluginManage:310 - Check plugin tools
2024-12-05 17:14:17,895 [WARN] IntegrityCheckThread:84 - waiting for thirdparty lock release [integrity check]
2024-12-05 17:14:17,896 [INFO] IntegrityCheckThread:86 - entering critical section [integrity check]
2024-12-05 17:14:17,896 [INFO] ThirdPartyUpdaterWithRetryManager:70 - Updater plugin not ready yet. [1/15]
2024-12-05 17:14:17,941 [INFO] PluginManage:359 - Loaded plugin tools (category:base,tabindex:7)
2024-12-05 17:14:17,941 [INFO] PluginManage:310 - Check plugin tutovideos
2024-12-05 17:14:18,122 [INFO] PluginManage:359 - Loaded plugin tutovideos (category:base,tabindex:-1)
2024-12-05 17:14:18,122 [INFO] PluginManage:310 - Check plugin updater
2024-12-05 17:14:18,141 [INFO] PluginManage:359 - Loaded plugin updater (category:base,tabindex:12)
2024-12-05 17:14:18,141 [INFO] PluginManage:310 - Check plugin userauth
2024-12-05 17:14:18,144 [INFO] UserAuth:118 - Init User Auth plugin
2024-12-05 17:14:18,145 [INFO] PluginManage:359 - Loaded plugin userauth (category:base,tabindex:14)
2024-12-05 17:14:18,145 [INFO] PluginManage:283 - PluginManage : Loaded plugins [18]
2024-12-05 17:14:18,338 [INFO] PinOutPanel:1589 - setPackage(No Configuration,No Configuration)
2024-12-05 17:14:18,421 [INFO] CADModel:165 - CPN selected for project level
2024-12-05 17:14:18,422 [INFO] CADModel:114 - Register for checkConnection events
2024-12-05 17:14:18,451 [INFO] IPUIPlugin:80 - create IPUIPlugin
2024-12-05 17:14:18,451 [INFO] PluginManager:220 - loadIPPluginJar : add adc
2024-12-05 17:14:18,503 [INFO] IPUIPlugin:80 - create IPUIPlugin
2024-12-05 17:14:18,503 [INFO] PluginManager:220 - loadIPPluginJar : add aes
2024-12-05 17:14:18,556 [INFO] IPUIPlugin:80 - create IPUIPlugin
2024-12-05 17:14:18,557 [INFO] PluginManager:220 - loadIPPluginJar : add can
2024-12-05 17:14:18,588 [INFO] IPUIPlugin:80 - create IPUIPlugin
2024-12-05 17:14:18,588 [INFO] PluginManager:220 - loadIPPluginJar : add comp
2024-12-05 17:14:18,633 [INFO] IPUIPlugin:80 - create IPUIPlugin
2024-12-05 17:14:18,633 [INFO] PluginManager:220 - loadIPPluginJar : add cryp
2024-12-05 17:14:18,648 [INFO] IPUIPlugin:80 - create IPUIPlugin
2024-12-05 17:14:18,648 [INFO] PluginManager:220 - loadIPPluginJar : add ddr_ctrl_phy
2024-12-05 17:14:18,684 [INFO] IPUIPlugin:80 - create IPUIPlugin
2024-12-05 17:14:18,684 [INFO] PluginManager:220 - loadIPPluginJar : add dfsdm
2024-12-05 17:14:18,699 [INFO] IPUIPlugin:80 - create IPUIPlugin
2024-12-05 17:14:18,700 [INFO] PluginManager:220 - loadIPPluginJar : add dma
2024-12-05 17:14:18,746 [INFO] IPUIPlugin:80 - create IPUIPlugin
2024-12-05 17:14:18,746 [INFO] PluginManager:220 - loadIPPluginJar : add dma3
2024-12-05 17:14:18,802 [INFO] IPUIPlugin:80 - create IPUIPlugin
2024-12-05 17:14:18,802 [INFO] PluginManager:220 - loadIPPluginJar : add extmemmanager
2024-12-05 17:14:18,827 [INFO] IPUIPlugin:80 - create IPUIPlugin
2024-12-05 17:14:18,828 [INFO] PluginManager:220 - loadIPPluginJar : add fatfs
2024-12-05 17:14:18,885 [INFO] IPUIPlugin:80 - create IPUIPlugin
2024-12-05 17:14:18,885 [INFO] PluginManager:220 - loadIPPluginJar : add fmc
2024-12-05 17:14:18,902 [INFO] IPUIPlugin:80 - create IPUIPlugin
2024-12-05 17:14:18,902 [INFO] PluginManager:220 - loadIPPluginJar : add freertos
2024-12-05 17:14:18,928 [INFO] IPUIPlugin:80 - create IPUIPlugin
2024-12-05 17:14:18,928 [INFO] PluginManager:220 - loadIPPluginJar : add genericplugin
2024-12-05 17:14:19,042 [INFO] IPUIPlugin:80 - create IPUIPlugin
2024-12-05 17:14:19,043 [INFO] PluginManager:220 - loadIPPluginJar : add gfxmmu
2024-12-05 17:14:19,197 [INFO] IPUIPlugin:80 - create IPUIPlugin
2024-12-05 17:14:19,197 [INFO] PluginManager:220 - loadIPPluginJar : add gic
2024-12-05 17:14:19,212 [INFO] IPUIPlugin:80 - create IPUIPlugin
2024-12-05 17:14:19,212 [INFO] PluginManager:220 - loadIPPluginJar : add gpio
2024-12-05 17:14:19,324 [INFO] IPUIPlugin:80 - create IPUIPlugin
2024-12-05 17:14:19,324 [INFO] PluginManager:220 - loadIPPluginJar : add gtzc
2024-12-05 17:14:19,363 [INFO] IPUIPlugin:80 - create IPUIPlugin
2024-12-05 17:14:19,363 [INFO] PluginManager:220 - loadIPPluginJar : add hash
2024-12-05 17:14:19,425 [INFO] IPUIPlugin:80 - create IPUIPlugin
2024-12-05 17:14:19,425 [INFO] PluginManager:220 - loadIPPluginJar : add i2c
2024-12-05 17:14:19,472 [INFO] IPUIPlugin:80 - create IPUIPlugin
2024-12-05 17:14:19,472 [INFO] PluginManager:220 - loadIPPluginJar : add i2s
2024-12-05 17:14:19,521 [INFO] IPUIPlugin:80 - create IPUIPlugin
2024-12-05 17:14:19,521 [INFO] PluginManager:220 - loadIPPluginJar : add i3c
2024-12-05 17:14:19,646 [INFO] IPUIPlugin:80 - create IPUIPlugin
2024-12-05 17:14:19,646 [INFO] PluginManager:220 - loadIPPluginJar : add ipddr
2024-12-05 17:14:19,754 [INFO] IPUIPlugin:80 - create IPUIPlugin
2024-12-05 17:14:19,754 [INFO] PluginManager:220 - loadIPPluginJar : add linkedlist
2024-12-05 17:14:19,797 [INFO] IPUIPlugin:80 - create IPUIPlugin
2024-12-05 17:14:19,797 [INFO] PluginManager:220 - loadIPPluginJar : add lorawan
2024-12-05 17:14:19,841 [INFO] IPUIPlugin:80 - create IPUIPlugin
2024-12-05 17:14:19,841 [INFO] PluginManager:220 - loadIPPluginJar : add ltdc
2024-12-05 17:14:19,856 [INFO] IPUIPlugin:80 - create IPUIPlugin
2024-12-05 17:14:19,857 [INFO] PluginManager:220 - loadIPPluginJar : add mdma
2024-12-05 17:14:19,871 [INFO] IPUIPlugin:80 - create IPUIPlugin
2024-12-05 17:14:19,871 [INFO] PluginManager:220 - loadIPPluginJar : add nvic
2024-12-05 17:14:19,919 [INFO] IPUIPlugin:80 - create IPUIPlugin
2024-12-05 17:14:19,919 [INFO] PluginManager:220 - loadIPPluginJar : add opamp
2024-12-05 17:14:19,992 [INFO] IPUIPlugin:80 - create IPUIPlugin
2024-12-05 17:14:19,992 [INFO] PluginManager:220 - loadIPPluginJar : add openamp
2024-12-05 17:14:20,047 [INFO] IPUIPlugin:80 - create IPUIPlugin
2024-12-05 17:14:20,047 [INFO] PluginManager:220 - loadIPPluginJar : add pdm2pcm
2024-12-05 17:14:20,063 [INFO] IPUIPlugin:80 - create IPUIPlugin
2024-12-05 17:14:20,066 [INFO] PluginManager:220 - loadIPPluginJar : add plateformsettings
2024-12-05 17:14:20,095 [INFO] IPUIPlugin:80 - create IPUIPlugin
2024-12-05 17:14:20,095 [INFO] PluginManager:220 - loadIPPluginJar : add quadspi
2024-12-05 17:14:20,128 [INFO] IPUIPlugin:80 - create IPUIPlugin
2024-12-05 17:14:20,129 [INFO] PluginManager:220 - loadIPPluginJar : add radio
2024-12-05 17:14:20,145 [INFO] IPUIPlugin:80 - create IPUIPlugin
2024-12-05 17:14:20,145 [INFO] PluginManager:220 - loadIPPluginJar : add resmgrutility
2024-12-05 17:14:20,207 [INFO] IPUIPlugin:80 - create IPUIPlugin
2024-12-05 17:14:20,207 [INFO] PluginManager:220 - loadIPPluginJar : add sai
2024-12-05 17:14:20,253 [INFO] IPUIPlugin:80 - create IPUIPlugin
2024-12-05 17:14:20,253 [INFO] PluginManager:220 - loadIPPluginJar : add spi
2024-12-05 17:14:20,337 [INFO] IPUIPlugin:80 - create IPUIPlugin
2024-12-05 17:14:20,337 [INFO] PluginManager:220 - loadIPPluginJar : add stm32_wpan
2024-12-05 17:14:20,366 [INFO] IPUIPlugin:80 - create IPUIPlugin
2024-12-05 17:14:20,366 [INFO] PluginManager:220 - loadIPPluginJar : add tim
2024-12-05 17:14:20,438 [INFO] IPUIPlugin:80 - create IPUIPlugin
2024-12-05 17:14:20,438 [INFO] PluginManager:220 - loadIPPluginJar : add touchsensing
2024-12-05 17:14:20,465 [INFO] IPUIPlugin:80 - create IPUIPlugin
2024-12-05 17:14:20,466 [INFO] PluginManager:220 - loadIPPluginJar : add tracer_emb
2024-12-05 17:14:20,494 [INFO] IPUIPlugin:80 - create IPUIPlugin
2024-12-05 17:14:20,494 [INFO] PluginManager:220 - loadIPPluginJar : add ts
2024-12-05 17:14:20,521 [INFO] IPUIPlugin:80 - create IPUIPlugin
2024-12-05 17:14:20,522 [INFO] PluginManager:220 - loadIPPluginJar : add tsc
2024-12-05 17:14:20,548 [INFO] IPUIPlugin:80 - create IPUIPlugin
2024-12-05 17:14:20,548 [INFO] PluginManager:220 - loadIPPluginJar : add ucpd
2024-12-05 17:14:20,602 [INFO] IPUIPlugin:80 - create IPUIPlugin
2024-12-05 17:14:20,602 [INFO] PluginManager:220 - loadIPPluginJar : add usart
2024-12-05 17:14:20,654 [INFO] IPUIPlugin:80 - create IPUIPlugin
2024-12-05 17:14:20,654 [INFO] PluginManager:220 - loadIPPluginJar : add usbx
2024-12-05 17:14:20,786 [FATAL] Updater:351 - Updater called before beeing initialized
2024-12-05 17:14:20,834 [INFO] RulesReader:64 - Compatibility file has been processed (297 Rules)
2024-12-05 17:14:20,846 [INFO] RulesReader:64 - Compatibility file has been processed (297 Rules)
2024-12-05 17:14:20,853 [INFO] CADModel:165 - CPN selected for project level
2024-12-05 17:14:20,853 [INFO] CADModel:114 - Register for checkConnection events
2024-12-05 17:14:20,853 [FATAL] Updater:351 - Updater called before beeing initialized
2024-12-05 17:14:20,853 [ERROR] CADModel:125 - Updater not yet initialized, retry later 
2024-12-05 17:14:20,898 [INFO] ThirdPartyUpdaterWithRetryManager:70 - Updater plugin not ready yet. [2/15]
2024-12-05 17:14:21,016 [FATAL] Updater:351 - Updater called before beeing initialized
2024-12-05 17:14:21,018 [INFO] CADModel:165 - CPN selected for project level
2024-12-05 17:14:21,019 [INFO] CADModel:114 - Register for checkConnection events
2024-12-05 17:14:21,019 [FATAL] Updater:351 - Updater called before beeing initialized
2024-12-05 17:14:21,019 [ERROR] CADModel:125 - Updater not yet initialized, retry later 
2024-12-05 17:14:21,022 [FATAL] Updater:351 - Updater called before beeing initialized
2024-12-05 17:14:21,115 [FATAL] Updater:351 - Updater called before beeing initialized
2024-12-05 17:14:21,126 [INFO] DbMcusAds:53 - JSON generation date=Fri Sep 20 15:04:23 CEST 2024 (1726837463113)
2024-12-05 17:14:21,126 [FATAL] Updater:351 - Updater called before beeing initialized
2024-12-05 17:14:21,164 [WARN] DetailPanel:346 - Failed to get advertising image, set to default
2024-12-05 17:14:21,446 [FATAL] Updater:351 - Updater called before beeing initialized
2024-12-05 17:14:21,448 [FATAL] Updater:351 - Updater called before beeing initialized
2024-12-05 17:14:21,448 [FATAL] Updater:351 - Updater called before beeing initialized
2024-12-05 17:14:21,448 [WARN] DetailPanel:346 - Failed to get advertising image, set to default
2024-12-05 17:14:21,449 [FATAL] Updater:351 - Updater called before beeing initialized
2024-12-05 17:14:21,529 [ERROR] Updater:1198 - MainUpdater not yet initialized. External WinMGr cannot be set.
2024-12-05 17:14:21,540 [INFO] Updater:1134 - Updater Version found : 6.13.0
2024-12-05 17:14:21,555 [INFO] ApplicationProperties:184 - Using Application install path: C:\ST\STM32CubeIDE_1.16.1\STM32CubeIDE\plugins\com.st.stm32cube.common.mx_6.13.0.202411220809
2024-12-05 17:14:21,904 [INFO] MainUpdater:2872 - connection check result : 10
2024-12-05 17:14:21,905 [INFO] MainUpdater:289 - Updater Check For Update Now.
2024-12-05 17:14:21,905 [INFO] MicroXplorer:498 - Change Database Version : DB.6.0.130
2024-12-05 17:14:21,920 [INFO] McuFinderGlobals:63 - Set McuFinder mode to 2 (CubeIDE integrated)
2024-12-05 17:14:21,928 [INFO] UserAuth:486 - Internet connection configuration mode: 1
2024-12-05 17:14:21,979 [INFO] JxBrowserEngine:152 - Initiate JxBrowser Engine with user profile folder
2024-12-05 17:14:22,289 [INFO] CheckServerUpdateThread:120 - End of CheckServer Thread
2024-12-05 17:14:24,450 [INFO] WebApp:168 - Instantiating new browser for Auth
2024-12-05 17:14:24,713 [WARN] PackLoader:240 - Cannot read IP mode file for STMicroelectronics.FP-SNS-MOTENVWB1.1.4.0
2024-12-05 17:14:24,737 [WARN] PackLoader:240 - Cannot read IP mode file for STMicroelectronics.FP-ATR-ASTRA1.2.0.1
2024-12-05 17:14:24,776 [WARN] PackLoader:240 - Cannot read IP mode file for STMicroelectronics.X-CUBE-SMBUS.2.1.0
2024-12-05 17:14:24,821 [WARN] PackLoader:240 - Cannot read IP mode file for STMicroelectronics.X-CUBE-WB05N.1.1.0
2024-12-05 17:14:24,985 [WARN] PackLoader:240 - Cannot read IP mode file for STMicroelectronics.X-CUBE-MEMS1.9.2.0
2024-12-05 17:14:25,546 [WARN] PackLoader:240 - Cannot read IP mode file for STMicroelectronics.X-CUBE-AZRTOS-F7.1.1.0
2024-12-05 17:14:25,565 [WARN] PackLoader:240 - Cannot read IP mode file for STMicroelectronics.X-CUBE-BLE1.6.2.3
2024-12-05 17:14:25,691 [WARN] PackLoader:240 - Cannot read IP mode file for STMicroelectronics.X-CUBE-MEMS1.11.0.0
2024-12-05 17:14:25,863 [WARN] PackLoader:240 - Cannot read IP mode file for STMicroelectronics.FP-SNS-FLIGHT1.5.0.2
2024-12-05 17:14:25,884 [WARN] PackLoader:240 - Cannot read IP mode file for STMicroelectronics.X-CUBE-TOF1.3.1.0
2024-12-05 17:14:25,906 [WARN] PackLoader:240 - Cannot read IP mode file for STMicroelectronics.X-CUBE-DISPLAY.3.0.0
2024-12-05 17:14:25,922 [WARN] PackLoader:240 - Cannot read IP mode file for STMicroelectronics.X-CUBE-BLE1.7.0.0
2024-12-05 17:14:25,951 [WARN] PackLoader:240 - Cannot read IP mode file for STMicroelectronics.X-CUBE-NFC10.1.0.0
2024-12-05 17:14:25,965 [WARN] PackLoader:240 - Cannot read IP mode file for STMicroelectronics.X-CUBE-AI.7.2.0
2024-12-05 17:14:25,988 [WARN] PackLoader:240 - Cannot read IP mode file for STMicroelectronics.X-CUBE-BLEMGR.3.1.0
2024-12-05 17:14:26,013 [WARN] PackLoader:240 - Cannot read IP mode file for STMicroelectronics.FP-SNS-SMARTAG2.1.2.0
2024-12-05 17:14:26,049 [INFO] LogOutputStream:77 - [STDOUT_REDIRECT] 1 : Invalid condition id : UX_CORESTACK_Condition cause : null
2024-12-05 17:14:26,050 [INFO] LogOutputStream:77 - [STDOUT_REDIRECT] 1 : Invalid condition id : UX_CORESTACK_Condition cause : null
2024-12-05 17:14:26,101 [INFO] LogOutputStream:77 - [STDOUT_REDIRECT] 1 : Invalid condition id : UX_CORESTACK_Condition cause : null
2024-12-05 17:14:26,106 [INFO] LogOutputStream:77 - [STDOUT_REDIRECT] 1 : Invalid condition id : UX_CORESTACK_Condition cause : null
2024-12-05 17:14:26,121 [INFO] LogOutputStream:77 - [STDOUT_REDIRECT] 1 : Invalid condition id : UX_CORESTACK_Condition cause : null
2024-12-05 17:14:26,126 [WARN] PackLoader:240 - Cannot read IP mode file for STMicroelectronics.X-CUBE-AZRTOS-WL.2.0.0
2024-12-05 17:14:26,164 [WARN] PackLoader:240 - Cannot read IP mode file for STMicroelectronics.FP-SNS-MOTENV1.5.0.0
2024-12-05 17:14:26,247 [WARN] PackLoader:240 - Cannot read IP mode file for wolfSSL.I-CUBE-wolfMQTT.1.19.0
2024-12-05 17:14:26,338 [WARN] PackLoader:240 - Cannot read IP mode file for WES.I-CUBE-Cesium.1.3.0
2024-12-05 17:14:26,371 [WARN] PackLoader:240 - Cannot read IP mode file for STMicroelectronics.X-CUBE-BLE2.3.3.0
2024-12-05 17:14:26,386 [WARN] PackLoader:240 - Cannot read IP mode file for STMicroelectronics.X-CUBE-DISPLAY.2.2.0
2024-12-05 17:14:26,405 [WARN] PackLoader:240 - Cannot read IP mode file for STMicroelectronics.X-CUBE-NFC9.1.0.0
2024-12-05 17:14:26,436 [INFO] WebApp:449 - Apply proxy settings
2024-12-05 17:14:26,436 [INFO] WebApp:534 - Chromium requires no authentication
2024-12-05 17:14:26,448 [INFO] WebApp:477 - Direct internet connection detected
2024-12-05 17:14:26,471 [WARN] PackLoader:240 - Cannot read IP mode file for STMicroelectronics.X-CUBE-AZRTOS-H7.2.1.0
2024-12-05 17:14:26,491 [WARN] PackLoader:240 - Cannot read IP mode file for STMicroelectronics.X-CUBE-TCPP.4.1.0
2024-12-05 17:14:26,514 [WARN] PackLoader:240 - Cannot read IP mode file for STMicroelectronics.X-CUBE-ALGOBUILD.1.3.0
2024-12-05 17:14:26,530 [INFO] WebApp:880 - Register for checkConnection events
2024-12-05 17:14:26,530 [INFO] WebApp:449 - Apply proxy settings
2024-12-05 17:14:26,530 [INFO] WebApp:534 - Chromium requires no authentication
2024-12-05 17:14:26,531 [INFO] WebApp:477 - Direct internet connection detected
2024-12-05 17:14:26,559 [WARN] PackLoader:240 - Cannot read IP mode file for STMicroelectronics.X-CUBE-AZRTOS-G0.1.1.0
2024-12-05 17:14:26,600 [WARN] PackLoader:240 - Cannot read IP mode file for STMicroelectronics.X-CUBE-SAFEA1.1.2.2
2024-12-05 17:14:26,631 [WARN] PackLoader:240 - Cannot read IP mode file for STMicroelectronics.X-CUBE-NFC4.3.0.0
2024-12-05 17:14:26,694 [WARN] PackLoader:240 - Cannot read IP mode file for SEGGER.I-CUBE-embOS.1.2.0
2024-12-05 17:14:26,738 [WARN] PackLoader:240 - Cannot read IP mode file for EmbeddedOffice.I-CUBE-FS-RTOS.1.0.1
2024-12-05 17:14:26,755 [WARN] PackLoader:240 - Cannot read IP mode file for RealThread.X-CUBE-RT-Thread_Nano.4.1.1
2024-12-05 17:14:26,785 [WARN] PackLoader:240 - Cannot read IP mode file for STMicroelectronics.FP-ATR-SIGFOX1.3.2.0
2024-12-05 17:14:26,799 [WARN] ConditionMgr:438 - getConditionDescription Invalid condition id : Cortex-A Device cause : null
2024-12-05 17:14:26,860 [WARN] ConditionMgr:1044 - genDependencies : Invalid condition id : Cortex-A Device cause : null
2024-12-05 17:14:26,860 [WARN] ConditionMgr:1044 - genDependencies : Invalid condition id : Cortex-A Device cause : null
2024-12-05 17:14:26,860 [WARN] ConditionMgr:1044 - genDependencies : Invalid condition id : Cortex-A Device cause : null
2024-12-05 17:14:26,878 [WARN] PackLoader:240 - Cannot read IP mode file for STMicroelectronics.X-CUBE-EEPRMA1.5.1.0
2024-12-05 17:14:26,896 [WARN] PackLoader:240 - Cannot read IP mode file for emotas.I-CUBE-CANOPEN.1.1.2
2024-12-05 17:14:26,913 [WARN] PackLoader:240 - Cannot read IP mode file for STMicroelectronics.X-CUBE-TOUCHGFX.4.20.0
2024-12-05 17:14:26,930 [WARN] PackLoader:240 - Cannot read IP mode file for ITTIA_DB.I-CUBE-ITTIADB.8.9.0
2024-12-05 17:14:26,968 [WARN] PackLoader:240 - Cannot read IP mode file for SEGGER.I-CUBE-embOS.1.3.1
2024-12-05 17:14:27,011 [WARN] PackLoader:240 - Cannot read IP mode file for STMicroelectronics.X-CUBE-ALGOBUILD.1.4.0
2024-12-05 17:14:27,025 [WARN] PackLoader:240 - Cannot read IP mode file for STMicroelectronics.X-CUBE-AI.9.1.0
2024-12-05 17:14:27,057 [WARN] PackLoader:240 - Cannot read IP mode file for STMicroelectronics.X-CUBE-GNSS1.6.0.0
2024-12-05 17:14:27,093 [WARN] PackLoader:240 - Cannot read IP mode file for STMicroelectronics.X-CUBE-AZRTOS-F4.1.1.0
2024-12-05 17:14:27,110 [WARN] PackLoader:240 - Cannot read IP mode file for STMicroelectronics.X-CUBE-ISPU.2.1.0
2024-12-05 17:14:27,130 [WARN] PackLoader:240 - Cannot read IP mode file for STMicroelectronics.X-CUBE-FREERTOS.1.2.0
2024-12-05 17:14:27,187 [WARN] PackLoader:240 - Cannot read IP mode file for STMicroelectronics.X-CUBE-AZRTOS-L5.2.0.0
2024-12-05 17:14:27,211 [WARN] PackLoader:240 - Cannot read IP mode file for STMicroelectronics.X-CUBE-NFC6.3.1.0
2024-12-05 17:14:27,227 [WARN] PackLoader:240 - Cannot read IP mode file for STMicroelectronics.X-CUBE-DPower.1.2.0
2024-12-05 17:14:27,241 [WARN] PackLoader:240 - Cannot read IP mode file for STMicroelectronics.X-CUBE-NFC4.2.0.4
2024-12-05 17:14:27,273 [WARN] PackLoader:240 - Cannot read IP mode file for STMicroelectronics.X-CUBE-AZRTOS-F4.1.0.0
2024-12-05 17:14:27,294 [WARN] PackLoader:240 - Cannot read IP mode file for STMicroelectronics.X-CUBE-NFC7.1.0.1
2024-12-05 17:14:27,311 [WARN] PackLoader:240 - Cannot read IP mode file for STMicroelectronics.X-CUBE-NFC7.1.0.0
2024-12-05 17:14:27,341 [WARN] ConditionMgr:438 - getConditionDescription Invalid condition id : LAN8742 Phy interface Condition cause : null
2024-12-05 17:14:27,342 [WARN] PackLoader:240 - Cannot read IP mode file for STMicroelectronics.X-CUBE-AZRTOS-L4.2.0.0
2024-12-05 17:14:27,343 [WARN] ConditionMgr:1044 - genDependencies : Invalid condition id : LAN8742 Phy interface Condition cause : null
2024-12-05 17:14:27,343 [WARN] ConditionMgr:1044 - genDependencies : Invalid condition id : LAN8742 Phy interface Condition cause : null
2024-12-05 17:14:27,343 [WARN] ConditionMgr:1044 - genDependencies : Invalid condition id : LAN8742 Phy interface Condition cause : null
2024-12-05 17:14:27,364 [WARN] PackLoader:240 - Cannot read IP mode file for STMicroelectronics.X-CUBE-SFXS2LP1.4.0.0
2024-12-05 17:14:27,365 [INFO] WebApp:221 - Starting web application
2024-12-05 17:14:27,365 [INFO] WebApp:579 - Web application path used C:\ST\STM32CubeIDE_1.16.1\STM32CubeIDE\plugins\com.st.stm32cube.common.mx_6.13.0.202411220809\db\plugins\mcufinder\reactClient1\index.html
2024-12-05 17:14:27,393 [WARN] PackLoader:240 - Cannot read IP mode file for STMicroelectronics.X-CUBE-AZRTOS-H7.3.3.0
2024-12-05 17:14:27,410 [WARN] PackLoader:240 - Cannot read IP mode file for RoweBots.I-CUBE-UNISONRTOS.5.5.0-4
2024-12-05 17:14:27,424 [WARN] PackLoader:240 - Cannot read IP mode file for wolfSSL.I-CUBE-wolfSSL.5.4.0
2024-12-05 17:14:27,464 [WARN] PackLoader:240 - Cannot read IP mode file for STMicroelectronics.X-CUBE-IPS.3.0.0
2024-12-05 17:14:27,496 [WARN] ConditionMgr:438 - getConditionDescription Invalid condition id : UX DEVICE CLASS RTOS Condition cause : null
2024-12-05 17:14:27,497 [WARN] ConditionMgr:438 - getConditionDescription Invalid condition id : UX DEVICE CLASS RTOS Condition cause : null
2024-12-05 17:14:27,499 [WARN] PackLoader:240 - Cannot read IP mode file for STMicroelectronics.X-CUBE-AZRTOS-WB.2.0.0
2024-12-05 17:14:27,499 [WARN] ConditionMgr:1044 - genDependencies : Invalid condition id : UX DEVICE CLASS RTOS Condition cause : null
2024-12-05 17:14:27,500 [WARN] ConditionMgr:1044 - genDependencies : Invalid condition id : UX DEVICE CLASS RTOS Condition cause : null
2024-12-05 17:14:27,500 [WARN] ConditionMgr:1044 - genDependencies : Invalid condition id : UX DEVICE CLASS RTOS Condition cause : null
2024-12-05 17:14:27,500 [WARN] ConditionMgr:1044 - genDependencies : Invalid condition id : UX DEVICE CLASS RTOS Condition cause : null
2024-12-05 17:14:27,500 [WARN] ConditionMgr:1044 - genDependencies : Invalid condition id : UX DEVICE CLASS RTOS Condition cause : null
2024-12-05 17:14:27,518 [WARN] PackLoader:240 - Cannot read IP mode file for STMicroelectronics.X-CUBE-GNSS1.7.0.0
2024-12-05 17:14:27,535 [WARN] PackLoader:240 - Cannot read IP mode file for STMicroelectronics.X-CUBE-BLEMGR.1.0.0
2024-12-05 17:14:27,553 [WARN] PackLoader:240 - Cannot read IP mode file for STMicroelectronics.FP-SNS-STBOX1.2.0.0
2024-12-05 17:14:27,575 [WARN] PackLoader:240 - Cannot read IP mode file for STMicroelectronics.X-CUBE-SUBG2.5.0.0
2024-12-05 17:14:27,592 [WARN] PackLoader:240 - Cannot read IP mode file for Cesanta.I-CUBE-Mongoose.7.13.0
2024-12-05 17:14:27,619 [WARN] PackLoader:240 - Cannot read IP mode file for STMicroelectronics.X-CUBE-AZRTOS-G4.2.0.0
2024-12-05 17:14:27,633 [WARN] PackLoader:240 - Cannot read IP mode file for STMicroelectronics.FP-ATR-ASTRA1.1.1.0
2024-12-05 17:14:27,655 [WARN] PackLoader:240 - Cannot read IP mode file for STMicroelectronics.X-CUBE-AZRTOS-G4.1.0.0
2024-12-05 17:14:27,683 [WARN] PackLoader:240 - Cannot read IP mode file for STMicroelectronics.X-CUBE-AZRTOS-L4.1.0.0
2024-12-05 17:14:27,716 [WARN] PackLoader:240 - Cannot read IP mode file for STMicroelectronics.X-CUBE-ALS.1.0.2
2024-12-05 17:14:27,749 [WARN] PackLoader:240 - Cannot read IP mode file for STMicroelectronics.X-CUBE-AZRTOS-WL.1.0.0
2024-12-05 17:14:27,762 [WARN] PackLoader:240 - Cannot read IP mode file for STMicroelectronics.X-CUBE-TOUCHGFX.4.24.1
2024-12-05 17:14:27,778 [WARN] PackLoader:240 - Cannot read IP mode file for wolfSSL.I-CUBE-wolfTPM.3.4.0
2024-12-05 17:14:27,793 [WARN] PackLoader:240 - Cannot read IP mode file for portGmbH.I-Cube-SoM-uGOAL.1.1.0
2024-12-05 17:14:27,806 [WARN] PackLoader:240 - Cannot read IP mode file for STMicroelectronics.X-CUBE-ALS.1.0.1
2024-12-05 17:14:27,831 [WARN] PackLoader:240 - Cannot read IP mode file for STMicroelectronics.X-CUBE-AZRTOS-L5.1.0.0
2024-12-05 17:14:27,846 [WARN] PackLoader:240 - Cannot read IP mode file for STMicroelectronics.X-CUBE-EEPRMA1.3.1.1
2024-12-05 17:14:27,875 [WARN] PackLoader:240 - Cannot read IP mode file for STMicroelectronics.X-CUBE-AZRTOS-H7RS.1.0.0
2024-12-05 17:14:27,891 [WARN] PackLoader:240 - Cannot read IP mode file for STMicroelectronics.FP-ATR-ASTRA1.2.0.0
2024-12-05 17:14:27,912 [WARN] PackLoader:240 - Cannot read IP mode file for STMicroelectronics.X-CUBE-TOF1.3.4.2
2024-12-05 17:14:27,974 [WARN] PackLoader:240 - Cannot read IP mode file for Infineon.AIROC-Wi-Fi-Bluetooth-STM32.1.6.1
2024-12-05 17:14:27,990 [WARN] PackLoader:240 - Cannot read IP mode file for wolfSSL.I-CUBE-wolfSSH.1.4.17
2024-12-05 17:14:27,991 [INFO] ThirdParty:978 - Integrity check success = true
2024-12-05 17:14:27,991 [INFO] IntegrityCheckThread:100 - exiting critical section [integrity check]
2024-12-05 17:14:27,991 [INFO] IntegrityCheckThread:103 - End integrity checks thread
2024-12-05 17:14:28,114 [INFO] UserAuth:486 - Internet connection configuration mode: 1
2024-12-05 17:14:28,406 [INFO] WebApp:187 - Connection restablished
