2025-01-17 00:05:15,782 [INFO] Activator:176 - 


2025-01-17 00:05:15,788 [INFO] Activator:177 - !SESSION log4j initialized
2025-01-17 00:05:26,054 [INFO] LogOutputStream:77 - [STDOUT_REDIRECT] 
2025-01-17 00:07:20,620 [INFO] ApplicationProperties:184 - Using Application install path: C:\ST\STM32CubeIDE_1.16.1\STM32CubeIDE\plugins\com.st.stm32cube.common.mx_6.13.0.202411220809
2025-01-17 00:07:20,639 [INFO] DbMcusXml:78 - Set database path to: C:\ST\STM32CubeIDE_1.16.1\STM32CubeIDE\plugins\com.st.stm32cube.common.mx_6.13.0.202411220809\\db\/mcu/
2025-01-17 00:07:20,639 [INFO] ApiDb:274 - Set plugin database path to: C:\ST\STM32CubeIDE_1.16.1\STM32CubeIDE\plugins\com.st.stm32cube.common.mx_6.13.0.202411220809\\db\/plugins/boardmanager/
2025-01-17 00:07:20,640 [WARN] ApiDb:259 - Overriding images path with different value:  => C:\ST\STM32CubeIDE_1.16.1\STM32CubeIDE\plugins\com.st.stm32cube.common.mx_6.13.0.202411220809\\db\/plugins/mcufinder/images/
2025-01-17 00:07:20,659 [INFO] ApiDb:250 - Set database path to: C:\Users\Bruno\.stmcufinder\plugins\mcufinder//mcu/
2025-01-17 00:07:20,662 [INFO] DbMcusAds:125 - Set database path to: C:\Users\Bruno\.stmcufinder\plugins\mcufinder//mcu/
2025-01-17 00:07:20,702 [INFO] CrossReferenceDbSqlite:203 - Set database path to: C:\Users\Bruno\.stmcufinder\plugins\mcufinder//mcu/cs/
2025-01-17 00:07:20,899 [INFO] RulesReader:64 - Compatibility file has been processed (297 Rules)
2025-01-17 00:07:21,187 [INFO] DbMcusXml:78 - Set database path to: C:\ST\STM32CubeIDE_1.16.1\STM32CubeIDE\plugins\com.st.stm32cube.common.mx_6.13.0.202411220809\\db\/mcu/
2025-01-17 00:07:21,187 [INFO] ApiDb:274 - Set plugin database path to: C:\ST\STM32CubeIDE_1.16.1\STM32CubeIDE\plugins\com.st.stm32cube.common.mx_6.13.0.202411220809\\db\/plugins/boardmanager/
2025-01-17 00:07:21,187 [INFO] ApiDb:261 - Set plugin images path to: C:\ST\STM32CubeIDE_1.16.1\STM32CubeIDE\plugins\com.st.stm32cube.common.mx_6.13.0.202411220809\\db\/plugins/mcufinder/images/
2025-01-17 00:07:21,187 [WARN] DbFile:41 - Overriding database path with different value: C:\Users\Bruno\.stmcufinder\plugins\mcufinder/ => C:\Users\Bruno\.stmcufinder\plugins\mcufinder
2025-01-17 00:07:21,187 [INFO] ApiDb:250 - Set database path to: C:\Users\Bruno\.stmcufinder\plugins\mcufinder//mcu/
2025-01-17 00:07:21,188 [WARN] DbFile:41 - Overriding database path with different value: C:\Users\Bruno\.stmcufinder\plugins\mcufinder/ => C:\Users\Bruno\.stmcufinder\plugins\mcufinder
2025-01-17 00:07:21,188 [INFO] DbMcusAds:125 - Set database path to: C:\Users\Bruno\.stmcufinder\plugins\mcufinder//mcu/
2025-01-17 00:07:21,188 [WARN] DbFile:41 - Overriding database path with different value: C:\Users\Bruno\.stmcufinder\plugins\mcufinder/ => C:\Users\Bruno\.stmcufinder\plugins\mcufinder
2025-01-17 00:07:21,188 [WARN] DbFile:41 - Overriding database path with different value: C:\Users\Bruno\.stmcufinder\plugins\mcufinder/ => C:\Users\Bruno\.stmcufinder\plugins\mcufinder
2025-01-17 00:07:21,188 [INFO] CrossReferenceDbSqlite:203 - Set database path to: C:\Users\Bruno\.stmcufinder\plugins\mcufinder//mcu/cs/
2025-01-17 00:07:21,809 [INFO] MainPanel:272 - HeapMemory: 1073741824
2025-01-17 00:07:22,196 [INFO] DbMcusXml:78 - Set database path to: C:\ST\STM32CubeIDE_1.16.1\STM32CubeIDE\plugins\com.st.stm32cube.common.mx_6.13.0.202411220809\\db\/mcu/
2025-01-17 00:07:22,196 [INFO] ApiDb:274 - Set plugin database path to: C:\ST\STM32CubeIDE_1.16.1\STM32CubeIDE\plugins\com.st.stm32cube.common.mx_6.13.0.202411220809\\db\/plugins/boardmanager/
2025-01-17 00:07:22,196 [INFO] ApiDb:261 - Set plugin images path to: C:\ST\STM32CubeIDE_1.16.1\STM32CubeIDE\plugins\com.st.stm32cube.common.mx_6.13.0.202411220809\\db\/plugins/mcufinder/images/
2025-01-17 00:07:22,197 [WARN] DbFile:41 - Overriding database path with different value: C:\Users\Bruno\.stmcufinder\plugins\mcufinder/ => C:\Users\Bruno\.stmcufinder\plugins\mcufinder
2025-01-17 00:07:22,197 [INFO] ApiDb:250 - Set database path to: C:\Users\Bruno\.stmcufinder\plugins\mcufinder//mcu/
2025-01-17 00:07:22,197 [WARN] DbFile:41 - Overriding database path with different value: C:\Users\Bruno\.stmcufinder\plugins\mcufinder/ => C:\Users\Bruno\.stmcufinder\plugins\mcufinder
2025-01-17 00:07:22,197 [INFO] DbMcusAds:125 - Set database path to: C:\Users\Bruno\.stmcufinder\plugins\mcufinder//mcu/
2025-01-17 00:07:22,197 [WARN] DbFile:41 - Overriding database path with different value: C:\Users\Bruno\.stmcufinder\plugins\mcufinder/ => C:\Users\Bruno\.stmcufinder\plugins\mcufinder
2025-01-17 00:07:22,197 [WARN] DbFile:41 - Overriding database path with different value: C:\Users\Bruno\.stmcufinder\plugins\mcufinder/ => C:\Users\Bruno\.stmcufinder\plugins\mcufinder
2025-01-17 00:07:22,197 [INFO] CrossReferenceDbSqlite:203 - Set database path to: C:\Users\Bruno\.stmcufinder\plugins\mcufinder//mcu/cs/
2025-01-17 00:07:22,218 [INFO] ApplicationProperties:184 - Using Application install path: C:\ST\STM32CubeIDE_1.16.1\STM32CubeIDE\plugins\com.st.stm32cube.common.mx_6.13.0.202411220809
2025-01-17 00:07:22,219 [INFO] PluginManage:196 - Search for loadable plugins [exclusion list=, ]
2025-01-17 00:07:22,221 [INFO] PluginManage:310 - Check plugin analytics
2025-01-17 00:07:22,558 [INFO] AnalyticsPlugin:253 - Accepted Software Licenses: STM32CubeMX.6.6.1,STM32CubeMX.6.13.0
2025-01-17 00:07:22,558 [INFO] AnalyticsPlugin:255 - Accepted CMSIS Pack Licenses: 
2025-01-17 00:07:22,561 [INFO] AnalyticsPlugin:257 - Accepted Firmware Licenses: FW.G0.1.6.0,FW.F4.1.28.0
2025-01-17 00:07:22,572 [INFO] PluginManage:359 - Loaded plugin analytics (category:tool,tabindex:-1)
2025-01-17 00:07:22,574 [INFO] PluginManage:310 - Check plugin cadmodel
2025-01-17 00:07:22,595 [INFO] CADModel:105 - Init CAD model plugin
2025-01-17 00:07:22,596 [INFO] PluginManage:359 - Loaded plugin cadmodel (category:power,tabindex:5)
2025-01-17 00:07:22,596 [INFO] PluginManage:310 - Check plugin clock
2025-01-17 00:07:22,838 [INFO] PluginManage:359 - Loaded plugin clock (category:base,tabindex:2)
2025-01-17 00:07:22,839 [INFO] PluginManage:310 - Check plugin ddr
2025-01-17 00:07:22,844 [INFO] PluginManage:359 - Loaded plugin ddr (category:tool,tabindex:6)
2025-01-17 00:07:22,845 [INFO] PluginManage:310 - Check plugin filemanager
2025-01-17 00:07:23,034 [INFO] PluginManage:359 - Loaded plugin filemanager (category:base,tabindex:10)
2025-01-17 00:07:23,034 [INFO] PluginManage:310 - Check plugin ipmanager
2025-01-17 00:07:23,043 [INFO] PluginManage:359 - Loaded plugin ipmanager (category:base,tabindex:5)
2025-01-17 00:07:23,043 [INFO] PluginManage:310 - Check plugin lpbam
2025-01-17 00:07:23,063 [INFO] PluginManage:359 - Loaded plugin lpbam (category:base,tabindex:0)
2025-01-17 00:07:23,063 [INFO] PluginManage:310 - Check plugin memorymap
2025-01-17 00:07:23,088 [INFO] PluginManage:359 - Loaded plugin memorymap (category:base,tabindex:4)
2025-01-17 00:07:23,088 [INFO] PluginManage:310 - Check plugin pinoutandconfiguration
2025-01-17 00:07:23,109 [INFO] PluginManage:359 - Loaded plugin pinoutandconfiguration (category:base,tabindex:1)
2025-01-17 00:07:23,109 [INFO] PluginManage:310 - Check plugin pinoutconfig
2025-01-17 00:07:23,211 [WARN] SupportedApi:132 - Cannot load RTOS API schema: s4s-elt-must-match.1: The content of 'definitions' must match (annotation?, (simpleType | complexType)?, (unique | key | keyref)*)). A problem was found starting at: attribute.
2025-01-17 00:07:23,343 [INFO] PluginManage:359 - Loaded plugin pinoutconfig (category:base,tabindex:0)
2025-01-17 00:07:23,343 [INFO] PluginManage:310 - Check plugin power
2025-01-17 00:07:23,368 [INFO] PluginManage:359 - Loaded plugin power (category:power,tabindex:4)
2025-01-17 00:07:23,368 [INFO] PluginManage:310 - Check plugin projectmanager
2025-01-17 00:07:23,385 [INFO] PluginManage:359 - Loaded plugin projectmanager (category:projectmanager,tabindex:4)
2025-01-17 00:07:23,386 [INFO] PluginManage:310 - Check plugin rif
2025-01-17 00:07:23,405 [INFO] PluginManage:359 - Loaded plugin rif (category:base,tabindex:3)
2025-01-17 00:07:23,405 [INFO] PluginManage:310 - Check plugin thirdparty
2025-01-17 00:07:23,711 [WARN] IntegrityCheckThread:84 - waiting for thirdparty lock release [integrity check]
2025-01-17 00:07:23,712 [INFO] PluginManage:359 - Loaded plugin thirdparty (category:base,tabindex:-1)
2025-01-17 00:07:23,712 [INFO] IntegrityCheckThread:86 - entering critical section [integrity check]
2025-01-17 00:07:23,712 [INFO] PluginManage:310 - Check plugin tools
2025-01-17 00:07:23,712 [INFO] ThirdPartyUpdaterWithRetryManager:70 - Updater plugin not ready yet. [1/15]
2025-01-17 00:07:23,756 [INFO] PluginManage:359 - Loaded plugin tools (category:base,tabindex:7)
2025-01-17 00:07:23,757 [INFO] PluginManage:310 - Check plugin tutovideos
2025-01-17 00:07:23,958 [INFO] PluginManage:359 - Loaded plugin tutovideos (category:base,tabindex:-1)
2025-01-17 00:07:23,958 [INFO] PluginManage:310 - Check plugin updater
2025-01-17 00:07:23,981 [INFO] PluginManage:359 - Loaded plugin updater (category:base,tabindex:12)
2025-01-17 00:07:23,981 [INFO] PluginManage:310 - Check plugin userauth
2025-01-17 00:07:23,985 [INFO] UserAuth:118 - Init User Auth plugin
2025-01-17 00:07:23,986 [INFO] PluginManage:359 - Loaded plugin userauth (category:base,tabindex:14)
2025-01-17 00:07:23,986 [INFO] PluginManage:283 - PluginManage : Loaded plugins [18]
2025-01-17 00:07:24,216 [INFO] PinOutPanel:1589 - setPackage(No Configuration,No Configuration)
2025-01-17 00:07:24,313 [INFO] CADModel:165 - CPN selected for project level
2025-01-17 00:07:24,313 [INFO] CADModel:114 - Register for checkConnection events
2025-01-17 00:07:24,343 [INFO] IPUIPlugin:80 - create IPUIPlugin
2025-01-17 00:07:24,343 [INFO] PluginManager:220 - loadIPPluginJar : add adc
2025-01-17 00:07:24,395 [INFO] IPUIPlugin:80 - create IPUIPlugin
2025-01-17 00:07:24,396 [INFO] PluginManager:220 - loadIPPluginJar : add aes
2025-01-17 00:07:24,450 [INFO] IPUIPlugin:80 - create IPUIPlugin
2025-01-17 00:07:24,450 [INFO] PluginManager:220 - loadIPPluginJar : add can
2025-01-17 00:07:24,484 [INFO] IPUIPlugin:80 - create IPUIPlugin
2025-01-17 00:07:24,484 [INFO] PluginManager:220 - loadIPPluginJar : add comp
2025-01-17 00:07:24,533 [INFO] IPUIPlugin:80 - create IPUIPlugin
2025-01-17 00:07:24,533 [INFO] PluginManager:220 - loadIPPluginJar : add cryp
2025-01-17 00:07:24,548 [INFO] IPUIPlugin:80 - create IPUIPlugin
2025-01-17 00:07:24,549 [INFO] PluginManager:220 - loadIPPluginJar : add ddr_ctrl_phy
2025-01-17 00:07:24,591 [INFO] IPUIPlugin:80 - create IPUIPlugin
2025-01-17 00:07:24,591 [INFO] PluginManager:220 - loadIPPluginJar : add dfsdm
2025-01-17 00:07:24,608 [INFO] IPUIPlugin:80 - create IPUIPlugin
2025-01-17 00:07:24,609 [INFO] PluginManager:220 - loadIPPluginJar : add dma
2025-01-17 00:07:24,657 [INFO] IPUIPlugin:80 - create IPUIPlugin
2025-01-17 00:07:24,657 [INFO] PluginManager:220 - loadIPPluginJar : add dma3
2025-01-17 00:07:24,713 [INFO] IPUIPlugin:80 - create IPUIPlugin
2025-01-17 00:07:24,714 [INFO] PluginManager:220 - loadIPPluginJar : add extmemmanager
2025-01-17 00:07:24,740 [INFO] IPUIPlugin:80 - create IPUIPlugin
2025-01-17 00:07:24,740 [INFO] PluginManager:220 - loadIPPluginJar : add fatfs
2025-01-17 00:07:24,799 [INFO] IPUIPlugin:80 - create IPUIPlugin
2025-01-17 00:07:24,800 [INFO] PluginManager:220 - loadIPPluginJar : add fmc
2025-01-17 00:07:24,817 [INFO] IPUIPlugin:80 - create IPUIPlugin
2025-01-17 00:07:24,817 [INFO] PluginManager:220 - loadIPPluginJar : add freertos
2025-01-17 00:07:24,843 [INFO] IPUIPlugin:80 - create IPUIPlugin
2025-01-17 00:07:24,844 [INFO] PluginManager:220 - loadIPPluginJar : add genericplugin
2025-01-17 00:07:24,959 [INFO] IPUIPlugin:80 - create IPUIPlugin
2025-01-17 00:07:24,959 [INFO] PluginManager:220 - loadIPPluginJar : add gfxmmu
2025-01-17 00:07:25,118 [INFO] IPUIPlugin:80 - create IPUIPlugin
2025-01-17 00:07:25,119 [INFO] PluginManager:220 - loadIPPluginJar : add gic
2025-01-17 00:07:25,134 [INFO] IPUIPlugin:80 - create IPUIPlugin
2025-01-17 00:07:25,134 [INFO] PluginManager:220 - loadIPPluginJar : add gpio
2025-01-17 00:07:25,250 [INFO] IPUIPlugin:80 - create IPUIPlugin
2025-01-17 00:07:25,250 [INFO] PluginManager:220 - loadIPPluginJar : add gtzc
2025-01-17 00:07:25,291 [INFO] IPUIPlugin:80 - create IPUIPlugin
2025-01-17 00:07:25,291 [INFO] PluginManager:220 - loadIPPluginJar : add hash
2025-01-17 00:07:25,356 [INFO] IPUIPlugin:80 - create IPUIPlugin
2025-01-17 00:07:25,356 [INFO] PluginManager:220 - loadIPPluginJar : add i2c
2025-01-17 00:07:25,405 [INFO] IPUIPlugin:80 - create IPUIPlugin
2025-01-17 00:07:25,405 [INFO] PluginManager:220 - loadIPPluginJar : add i2s
2025-01-17 00:07:25,457 [INFO] IPUIPlugin:80 - create IPUIPlugin
2025-01-17 00:07:25,457 [INFO] PluginManager:220 - loadIPPluginJar : add i3c
2025-01-17 00:07:25,591 [INFO] IPUIPlugin:80 - create IPUIPlugin
2025-01-17 00:07:25,591 [INFO] PluginManager:220 - loadIPPluginJar : add ipddr
2025-01-17 00:07:25,705 [INFO] IPUIPlugin:80 - create IPUIPlugin
2025-01-17 00:07:25,705 [INFO] PluginManager:220 - loadIPPluginJar : add linkedlist
2025-01-17 00:07:25,749 [INFO] IPUIPlugin:80 - create IPUIPlugin
2025-01-17 00:07:25,749 [INFO] PluginManager:220 - loadIPPluginJar : add lorawan
2025-01-17 00:07:25,795 [INFO] IPUIPlugin:80 - create IPUIPlugin
2025-01-17 00:07:25,795 [INFO] PluginManager:220 - loadIPPluginJar : add ltdc
2025-01-17 00:07:25,811 [INFO] IPUIPlugin:80 - create IPUIPlugin
2025-01-17 00:07:25,811 [INFO] PluginManager:220 - loadIPPluginJar : add mdma
2025-01-17 00:07:25,825 [INFO] IPUIPlugin:80 - create IPUIPlugin
2025-01-17 00:07:25,825 [INFO] PluginManager:220 - loadIPPluginJar : add nvic
2025-01-17 00:07:25,872 [INFO] IPUIPlugin:80 - create IPUIPlugin
2025-01-17 00:07:25,872 [INFO] PluginManager:220 - loadIPPluginJar : add opamp
2025-01-17 00:07:25,949 [INFO] IPUIPlugin:80 - create IPUIPlugin
2025-01-17 00:07:25,949 [INFO] PluginManager:220 - loadIPPluginJar : add openamp
2025-01-17 00:07:26,004 [INFO] IPUIPlugin:80 - create IPUIPlugin
2025-01-17 00:07:26,004 [INFO] PluginManager:220 - loadIPPluginJar : add pdm2pcm
2025-01-17 00:07:26,019 [INFO] IPUIPlugin:80 - create IPUIPlugin
2025-01-17 00:07:26,021 [INFO] PluginManager:220 - loadIPPluginJar : add plateformsettings
2025-01-17 00:07:26,049 [INFO] IPUIPlugin:80 - create IPUIPlugin
2025-01-17 00:07:26,050 [INFO] PluginManager:220 - loadIPPluginJar : add quadspi
2025-01-17 00:07:26,082 [INFO] IPUIPlugin:80 - create IPUIPlugin
2025-01-17 00:07:26,082 [INFO] PluginManager:220 - loadIPPluginJar : add radio
2025-01-17 00:07:26,097 [INFO] IPUIPlugin:80 - create IPUIPlugin
2025-01-17 00:07:26,097 [INFO] PluginManager:220 - loadIPPluginJar : add resmgrutility
2025-01-17 00:07:26,157 [INFO] IPUIPlugin:80 - create IPUIPlugin
2025-01-17 00:07:26,157 [INFO] PluginManager:220 - loadIPPluginJar : add sai
2025-01-17 00:07:26,202 [INFO] IPUIPlugin:80 - create IPUIPlugin
2025-01-17 00:07:26,202 [INFO] PluginManager:220 - loadIPPluginJar : add spi
2025-01-17 00:07:26,287 [INFO] IPUIPlugin:80 - create IPUIPlugin
2025-01-17 00:07:26,287 [INFO] PluginManager:220 - loadIPPluginJar : add stm32_wpan
2025-01-17 00:07:26,318 [INFO] IPUIPlugin:80 - create IPUIPlugin
2025-01-17 00:07:26,318 [INFO] PluginManager:220 - loadIPPluginJar : add tim
2025-01-17 00:07:26,396 [INFO] IPUIPlugin:80 - create IPUIPlugin
2025-01-17 00:07:26,396 [INFO] PluginManager:220 - loadIPPluginJar : add touchsensing
2025-01-17 00:07:26,423 [INFO] IPUIPlugin:80 - create IPUIPlugin
2025-01-17 00:07:26,424 [INFO] PluginManager:220 - loadIPPluginJar : add tracer_emb
2025-01-17 00:07:26,452 [INFO] IPUIPlugin:80 - create IPUIPlugin
2025-01-17 00:07:26,452 [INFO] PluginManager:220 - loadIPPluginJar : add ts
2025-01-17 00:07:26,482 [INFO] IPUIPlugin:80 - create IPUIPlugin
2025-01-17 00:07:26,482 [INFO] PluginManager:220 - loadIPPluginJar : add tsc
2025-01-17 00:07:26,510 [INFO] IPUIPlugin:80 - create IPUIPlugin
2025-01-17 00:07:26,510 [INFO] PluginManager:220 - loadIPPluginJar : add ucpd
2025-01-17 00:07:26,564 [INFO] IPUIPlugin:80 - create IPUIPlugin
2025-01-17 00:07:26,564 [INFO] PluginManager:220 - loadIPPluginJar : add usart
2025-01-17 00:07:26,617 [INFO] IPUIPlugin:80 - create IPUIPlugin
2025-01-17 00:07:26,617 [INFO] PluginManager:220 - loadIPPluginJar : add usbx
2025-01-17 00:07:26,714 [INFO] ThirdPartyUpdaterWithRetryManager:70 - Updater plugin not ready yet. [2/15]
2025-01-17 00:07:26,747 [FATAL] Updater:351 - Updater called before beeing initialized
2025-01-17 00:07:26,771 [INFO] RulesReader:64 - Compatibility file has been processed (297 Rules)
2025-01-17 00:07:26,787 [INFO] RulesReader:64 - Compatibility file has been processed (297 Rules)
2025-01-17 00:07:26,796 [INFO] CADModel:165 - CPN selected for project level
2025-01-17 00:07:26,796 [INFO] CADModel:114 - Register for checkConnection events
2025-01-17 00:07:26,796 [FATAL] Updater:351 - Updater called before beeing initialized
2025-01-17 00:07:26,796 [ERROR] CADModel:125 - Updater not yet initialized, retry later 
2025-01-17 00:07:26,955 [FATAL] Updater:351 - Updater called before beeing initialized
2025-01-17 00:07:26,957 [INFO] CADModel:165 - CPN selected for project level
2025-01-17 00:07:26,957 [INFO] CADModel:114 - Register for checkConnection events
2025-01-17 00:07:26,957 [FATAL] Updater:351 - Updater called before beeing initialized
2025-01-17 00:07:26,957 [ERROR] CADModel:125 - Updater not yet initialized, retry later 
2025-01-17 00:07:26,961 [FATAL] Updater:351 - Updater called before beeing initialized
2025-01-17 00:07:27,075 [FATAL] Updater:351 - Updater called before beeing initialized
2025-01-17 00:07:27,087 [INFO] DbMcusAds:53 - JSON generation date=Tue Dec 17 17:01:15 CET 2024 (1734451275143)
2025-01-17 00:07:27,087 [FATAL] Updater:351 - Updater called before beeing initialized
2025-01-17 00:07:27,129 [WARN] DetailPanel:346 - Failed to get advertising image, set to default
2025-01-17 00:07:27,421 [FATAL] Updater:351 - Updater called before beeing initialized
2025-01-17 00:07:27,423 [FATAL] Updater:351 - Updater called before beeing initialized
2025-01-17 00:07:27,423 [FATAL] Updater:351 - Updater called before beeing initialized
2025-01-17 00:07:27,423 [WARN] DetailPanel:346 - Failed to get advertising image, set to default
2025-01-17 00:07:27,424 [FATAL] Updater:351 - Updater called before beeing initialized
2025-01-17 00:07:27,487 [ERROR] Updater:1198 - MainUpdater not yet initialized. External WinMGr cannot be set.
2025-01-17 00:07:27,499 [INFO] Updater:1134 - Updater Version found : 6.13.0
2025-01-17 00:07:27,516 [INFO] ApplicationProperties:184 - Using Application install path: C:\ST\STM32CubeIDE_1.16.1\STM32CubeIDE\plugins\com.st.stm32cube.common.mx_6.13.0.202411220809
2025-01-17 00:07:27,905 [INFO] MainUpdater:2872 - connection check result : 10
2025-01-17 00:07:27,906 [INFO] MainUpdater:289 - Updater Check For Update Now.
2025-01-17 00:07:27,906 [INFO] MicroXplorer:498 - Change Database Version : DB.6.0.130
2025-01-17 00:07:27,920 [INFO] McuFinderGlobals:63 - Set McuFinder mode to 2 (CubeIDE integrated)
2025-01-17 00:07:27,927 [INFO] UserAuth:486 - Internet connection configuration mode: 1
2025-01-17 00:07:27,955 [INFO] JxBrowserEngine:152 - Initiate JxBrowser Engine with user profile folder
2025-01-17 00:07:28,398 [INFO] CheckServerUpdateThread:120 - End of CheckServer Thread
2025-01-17 00:07:29,805 [INFO] WebApp:168 - Instantiating new browser for Auth
2025-01-17 00:07:30,461 [WARN] PackLoader:240 - Cannot read IP mode file for STMicroelectronics.FP-SNS-MOTENVWB1.1.4.0
2025-01-17 00:07:30,483 [WARN] PackLoader:240 - Cannot read IP mode file for STMicroelectronics.FP-ATR-ASTRA1.2.0.1
2025-01-17 00:07:30,512 [WARN] PackLoader:240 - Cannot read IP mode file for STMicroelectronics.X-CUBE-SMBUS.2.1.0
2025-01-17 00:07:30,541 [WARN] PackLoader:240 - Cannot read IP mode file for STMicroelectronics.X-CUBE-WB05N.1.1.0
2025-01-17 00:07:30,640 [WARN] PackLoader:240 - Cannot read IP mode file for STMicroelectronics.X-CUBE-MEMS1.9.2.0
2025-01-17 00:07:30,966 [WARN] PackLoader:240 - Cannot read IP mode file for STMicroelectronics.X-CUBE-AZRTOS-F7.1.1.0
2025-01-17 00:07:30,986 [WARN] PackLoader:240 - Cannot read IP mode file for STMicroelectronics.X-CUBE-BLE1.6.2.3
2025-01-17 00:07:31,061 [WARN] PackLoader:240 - Cannot read IP mode file for STMicroelectronics.X-CUBE-MEMS1.11.0.0
2025-01-17 00:07:31,168 [WARN] PackLoader:240 - Cannot read IP mode file for STMicroelectronics.FP-SNS-FLIGHT1.5.0.2
2025-01-17 00:07:31,193 [WARN] PackLoader:240 - Cannot read IP mode file for STMicroelectronics.X-CUBE-TOF1.3.1.0
2025-01-17 00:07:31,215 [WARN] PackLoader:240 - Cannot read IP mode file for STMicroelectronics.X-CUBE-DISPLAY.3.0.0
2025-01-17 00:07:31,235 [WARN] PackLoader:240 - Cannot read IP mode file for STMicroelectronics.X-CUBE-BLE1.7.0.0
2025-01-17 00:07:31,255 [WARN] PackLoader:240 - Cannot read IP mode file for STMicroelectronics.X-CUBE-NFC10.1.0.0
2025-01-17 00:07:31,278 [WARN] PackLoader:240 - Cannot read IP mode file for STMicroelectronics.X-CUBE-BLEMGR.4.0.0
2025-01-17 00:07:31,295 [WARN] PackLoader:240 - Cannot read IP mode file for STMicroelectronics.X-CUBE-AI.7.2.0
2025-01-17 00:07:31,315 [WARN] PackLoader:240 - Cannot read IP mode file for STMicroelectronics.X-CUBE-BLEMGR.3.1.0
2025-01-17 00:07:31,332 [WARN] PackLoader:240 - Cannot read IP mode file for STMicroelectronics.FP-SNS-SMARTAG2.1.2.0
2025-01-17 00:07:31,397 [WARN] PackLoader:240 - Cannot read IP mode file for STMicroelectronics.X-CUBE-MEMS1.11.1.0
2025-01-17 00:07:31,587 [INFO] LogOutputStream:77 - [STDOUT_REDIRECT] 1 : Invalid condition id : UX_CORESTACK_Condition cause : null
2025-01-17 00:07:31,588 [INFO] LogOutputStream:77 - [STDOUT_REDIRECT] 1 : Invalid condition id : UX_CORESTACK_Condition cause : null
2025-01-17 00:07:31,589 [INFO] LogOutputStream:77 - [STDOUT_REDIRECT] 1 : Invalid condition id : UX_CORESTACK_Condition cause : null
2025-01-17 00:07:31,593 [INFO] LogOutputStream:77 - [STDOUT_REDIRECT] 1 : Invalid condition id : UX_CORESTACK_Condition cause : null
2025-01-17 00:07:31,594 [INFO] LogOutputStream:77 - [STDOUT_REDIRECT] 1 : Invalid condition id : UX_CORESTACK_Condition cause : null
2025-01-17 00:07:31,597 [WARN] PackLoader:240 - Cannot read IP mode file for STMicroelectronics.X-CUBE-AZRTOS-WL.2.0.0
2025-01-17 00:07:31,614 [WARN] PackLoader:240 - Cannot read IP mode file for STMicroelectronics.FP-SNS-MOTENV1.5.0.0
2025-01-17 00:07:31,656 [WARN] PackLoader:240 - Cannot read IP mode file for wolfSSL.I-CUBE-wolfMQTT.1.19.0
2025-01-17 00:07:31,717 [WARN] PackLoader:240 - Cannot read IP mode file for WES.I-CUBE-Cesium.1.3.0
2025-01-17 00:07:31,733 [WARN] PackLoader:240 - Cannot read IP mode file for STMicroelectronics.X-CUBE-BLE2.3.3.0
2025-01-17 00:07:31,747 [WARN] PackLoader:240 - Cannot read IP mode file for STMicroelectronics.X-CUBE-DISPLAY.2.2.0
2025-01-17 00:07:31,771 [WARN] PackLoader:240 - Cannot read IP mode file for STMicroelectronics.X-CUBE-NFC9.1.0.0
2025-01-17 00:07:31,821 [WARN] PackLoader:240 - Cannot read IP mode file for STMicroelectronics.X-CUBE-AZRTOS-H7.2.1.0
2025-01-17 00:07:31,838 [WARN] PackLoader:240 - Cannot read IP mode file for STMicroelectronics.X-CUBE-TCPP.4.1.0
2025-01-17 00:07:31,855 [WARN] PackLoader:240 - Cannot read IP mode file for STMicroelectronics.X-CUBE-ALGOBUILD.1.3.0
2025-01-17 00:07:31,893 [WARN] PackLoader:240 - Cannot read IP mode file for STMicroelectronics.X-CUBE-AZRTOS-G0.1.1.0
2025-01-17 00:07:31,918 [WARN] PackLoader:240 - Cannot read IP mode file for STMicroelectronics.X-CUBE-SAFEA1.1.2.2
2025-01-17 00:07:31,935 [WARN] PackLoader:240 - Cannot read IP mode file for STMicroelectronics.X-CUBE-NFC4.3.0.0
2025-01-17 00:07:31,981 [WARN] PackLoader:240 - Cannot read IP mode file for SEGGER.I-CUBE-embOS.1.2.0
2025-01-17 00:07:32,045 [WARN] PackLoader:240 - Cannot read IP mode file for EmbeddedOffice.I-CUBE-FS-RTOS.1.0.1
2025-01-17 00:07:32,060 [WARN] PackLoader:240 - Cannot read IP mode file for STMicroelectronics.X-CUBE-TCPP.4.2.0
2025-01-17 00:07:32,103 [WARN] PackLoader:240 - Cannot read IP mode file for RealThread.X-CUBE-RT-Thread_Nano.4.1.1
2025-01-17 00:07:32,119 [WARN] PackLoader:240 - Cannot read IP mode file for STMicroelectronics.FP-ATR-SIGFOX1.3.2.0
2025-01-17 00:07:32,131 [WARN] ConditionMgr:438 - getConditionDescription Invalid condition id : Cortex-A Device cause : null
2025-01-17 00:07:32,152 [WARN] ConditionMgr:1044 - genDependencies : Invalid condition id : Cortex-A Device cause : null
2025-01-17 00:07:32,152 [WARN] ConditionMgr:1044 - genDependencies : Invalid condition id : Cortex-A Device cause : null
2025-01-17 00:07:32,152 [WARN] ConditionMgr:1044 - genDependencies : Invalid condition id : Cortex-A Device cause : null
2025-01-17 00:07:32,169 [WARN] PackLoader:240 - Cannot read IP mode file for STMicroelectronics.X-CUBE-EEPRMA1.5.1.0
2025-01-17 00:07:32,189 [WARN] PackLoader:240 - Cannot read IP mode file for emotas.I-CUBE-CANOPEN.1.1.2
2025-01-17 00:07:32,207 [WARN] PackLoader:240 - Cannot read IP mode file for STMicroelectronics.X-CUBE-TOUCHGFX.4.20.0
2025-01-17 00:07:32,225 [WARN] PackLoader:240 - Cannot read IP mode file for ITTIA_DB.I-CUBE-ITTIADB.8.9.0
2025-01-17 00:07:32,260 [WARN] PackLoader:240 - Cannot read IP mode file for SEGGER.I-CUBE-embOS.1.3.1
2025-01-17 00:07:32,302 [WARN] PackLoader:240 - Cannot read IP mode file for STMicroelectronics.X-CUBE-ALGOBUILD.1.4.0
2025-01-17 00:07:32,317 [WARN] PackLoader:240 - Cannot read IP mode file for STMicroelectronics.X-CUBE-AI.9.1.0
2025-01-17 00:07:32,337 [WARN] PackLoader:240 - Cannot read IP mode file for STMicroelectronics.X-CUBE-GNSS1.6.0.0
2025-01-17 00:07:32,388 [WARN] PackLoader:240 - Cannot read IP mode file for STMicroelectronics.X-CUBE-AZRTOS-F4.1.1.0
2025-01-17 00:07:32,406 [WARN] PackLoader:240 - Cannot read IP mode file for STMicroelectronics.X-CUBE-ISPU.2.1.0
2025-01-17 00:07:32,421 [WARN] PackLoader:240 - Cannot read IP mode file for STMicroelectronics.X-CUBE-FREERTOS.1.2.0
2025-01-17 00:07:32,450 [WARN] PackLoader:240 - Cannot read IP mode file for STMicroelectronics.X-CUBE-AZRTOS-L5.2.0.0
2025-01-17 00:07:32,469 [WARN] PackLoader:240 - Cannot read IP mode file for STMicroelectronics.X-CUBE-NFC6.3.1.0
2025-01-17 00:07:32,487 [WARN] PackLoader:240 - Cannot read IP mode file for STMicroelectronics.X-CUBE-DPower.1.2.0
2025-01-17 00:07:32,503 [WARN] PackLoader:240 - Cannot read IP mode file for STMicroelectronics.X-CUBE-NFC4.2.0.4
2025-01-17 00:07:32,534 [WARN] PackLoader:240 - Cannot read IP mode file for STMicroelectronics.X-CUBE-AZRTOS-F4.1.0.0
2025-01-17 00:07:32,553 [WARN] PackLoader:240 - Cannot read IP mode file for STMicroelectronics.X-CUBE-FREERTOS.1.3.0
2025-01-17 00:07:32,571 [WARN] PackLoader:240 - Cannot read IP mode file for STMicroelectronics.X-CUBE-NFC7.1.0.1
2025-01-17 00:07:32,587 [WARN] PackLoader:240 - Cannot read IP mode file for STMicroelectronics.X-CUBE-NFC7.1.0.0
2025-01-17 00:07:32,616 [WARN] ConditionMgr:438 - getConditionDescription Invalid condition id : LAN8742 Phy interface Condition cause : null
2025-01-17 00:07:32,617 [WARN] PackLoader:240 - Cannot read IP mode file for STMicroelectronics.X-CUBE-AZRTOS-L4.2.0.0
2025-01-17 00:07:32,617 [WARN] ConditionMgr:1044 - genDependencies : Invalid condition id : LAN8742 Phy interface Condition cause : null
2025-01-17 00:07:32,618 [WARN] ConditionMgr:1044 - genDependencies : Invalid condition id : LAN8742 Phy interface Condition cause : null
2025-01-17 00:07:32,618 [WARN] ConditionMgr:1044 - genDependencies : Invalid condition id : LAN8742 Phy interface Condition cause : null
2025-01-17 00:07:32,636 [WARN] PackLoader:240 - Cannot read IP mode file for STMicroelectronics.X-CUBE-SFXS2LP1.4.0.0
2025-01-17 00:07:32,682 [WARN] PackLoader:240 - Cannot read IP mode file for STMicroelectronics.X-CUBE-AZRTOS-H7.3.3.0
2025-01-17 00:07:32,701 [WARN] PackLoader:240 - Cannot read IP mode file for RoweBots.I-CUBE-UNISONRTOS.5.5.0-4
2025-01-17 00:07:32,719 [WARN] PackLoader:240 - Cannot read IP mode file for wolfSSL.I-CUBE-wolfSSL.5.4.0
2025-01-17 00:07:32,740 [WARN] PackLoader:240 - Cannot read IP mode file for STMicroelectronics.X-CUBE-IPS.3.0.0
2025-01-17 00:07:32,768 [WARN] ConditionMgr:438 - getConditionDescription Invalid condition id : UX DEVICE CLASS RTOS Condition cause : null
2025-01-17 00:07:32,768 [WARN] ConditionMgr:438 - getConditionDescription Invalid condition id : UX DEVICE CLASS RTOS Condition cause : null
2025-01-17 00:07:32,769 [WARN] PackLoader:240 - Cannot read IP mode file for STMicroelectronics.X-CUBE-AZRTOS-WB.2.0.0
2025-01-17 00:07:32,770 [WARN] ConditionMgr:1044 - genDependencies : Invalid condition id : UX DEVICE CLASS RTOS Condition cause : null
2025-01-17 00:07:32,770 [WARN] ConditionMgr:1044 - genDependencies : Invalid condition id : UX DEVICE CLASS RTOS Condition cause : null
2025-01-17 00:07:32,770 [WARN] ConditionMgr:1044 - genDependencies : Invalid condition id : UX DEVICE CLASS RTOS Condition cause : null
2025-01-17 00:07:32,770 [WARN] ConditionMgr:1044 - genDependencies : Invalid condition id : UX DEVICE CLASS RTOS Condition cause : null
2025-01-17 00:07:32,771 [WARN] ConditionMgr:1044 - genDependencies : Invalid condition id : UX DEVICE CLASS RTOS Condition cause : null
2025-01-17 00:07:32,786 [WARN] PackLoader:240 - Cannot read IP mode file for STMicroelectronics.X-CUBE-GNSS1.7.0.0
2025-01-17 00:07:32,802 [WARN] PackLoader:240 - Cannot read IP mode file for STMicroelectronics.X-CUBE-GNSS1.7.0.1
2025-01-17 00:07:32,816 [WARN] PackLoader:240 - Cannot read IP mode file for STMicroelectronics.X-CUBE-BLEMGR.1.0.0
2025-01-17 00:07:32,834 [WARN] PackLoader:240 - Cannot read IP mode file for STMicroelectronics.FP-SNS-STBOX1.2.0.0
2025-01-17 00:07:32,857 [WARN] PackLoader:240 - Cannot read IP mode file for STMicroelectronics.X-CUBE-SUBG2.5.0.0
2025-01-17 00:07:32,877 [WARN] PackLoader:240 - Cannot read IP mode file for Cesanta.I-CUBE-Mongoose.7.13.0
2025-01-17 00:07:32,901 [WARN] PackLoader:240 - Cannot read IP mode file for STMicroelectronics.X-CUBE-AZRTOS-G4.2.0.0
2025-01-17 00:07:32,916 [WARN] PackLoader:240 - Cannot read IP mode file for STMicroelectronics.FP-ATR-ASTRA1.1.1.0
2025-01-17 00:07:32,958 [WARN] PackLoader:240 - Cannot read IP mode file for STMicroelectronics.X-CUBE-AZRTOS-G4.1.0.0
2025-01-17 00:07:33,021 [WARN] PackLoader:240 - Cannot read IP mode file for STMicroelectronics.X-CUBE-AZRTOS-L4.1.0.0
2025-01-17 00:07:33,042 [WARN] PackLoader:240 - Cannot read IP mode file for STMicroelectronics.X-CUBE-IPS.3.1.0
2025-01-17 00:07:33,058 [WARN] PackLoader:240 - Cannot read IP mode file for STMicroelectronics.X-CUBE-ALS.1.0.2
2025-01-17 00:07:33,085 [WARN] PackLoader:240 - Cannot read IP mode file for STMicroelectronics.X-CUBE-TOUCHGFX.4.24.2
2025-01-17 00:07:33,141 [WARN] PackLoader:240 - Cannot read IP mode file for STMicroelectronics.X-CUBE-AZRTOS-WL.1.0.0
2025-01-17 00:07:33,206 [WARN] PackLoader:240 - Cannot read IP mode file for STMicroelectronics.X-CUBE-TOUCHGFX.4.24.1
2025-01-17 00:07:33,252 [WARN] PackLoader:240 - Cannot read IP mode file for wolfSSL.I-CUBE-wolfTPM.3.4.0
2025-01-17 00:07:33,367 [WARN] PackLoader:240 - Cannot read IP mode file for portGmbH.I-Cube-SoM-uGOAL.1.1.0
2025-01-17 00:07:33,445 [WARN] PackLoader:240 - Cannot read IP mode file for STMicroelectronics.X-CUBE-ALS.1.0.1
2025-01-17 00:07:33,475 [WARN] PackLoader:240 - Cannot read IP mode file for STMicroelectronics.X-CUBE-AZRTOS-L5.1.0.0
2025-01-17 00:07:33,508 [WARN] PackLoader:240 - Cannot read IP mode file for STMicroelectronics.X-CUBE-EEPRMA1.3.1.1
2025-01-17 00:07:33,643 [WARN] PackLoader:240 - Cannot read IP mode file for STMicroelectronics.X-CUBE-AZRTOS-H7RS.1.0.0
2025-01-17 00:07:33,696 [WARN] PackLoader:240 - Cannot read IP mode file for STMicroelectronics.FP-ATR-ASTRA1.2.0.0
2025-01-17 00:07:33,745 [WARN] PackLoader:240 - Cannot read IP mode file for STMicroelectronics.X-CUBE-TOF1.3.4.2
2025-01-17 00:07:33,795 [WARN] PackLoader:240 - Cannot read IP mode file for Infineon.AIROC-Wi-Fi-Bluetooth-STM32.1.6.1
2025-01-17 00:07:33,810 [WARN] PackLoader:240 - Cannot read IP mode file for wolfSSL.I-CUBE-wolfSSH.1.4.17
2025-01-17 00:07:33,811 [INFO] ThirdParty:978 - Integrity check success = true
2025-01-17 00:07:33,811 [INFO] IntegrityCheckThread:100 - exiting critical section [integrity check]
2025-01-17 00:07:33,811 [INFO] IntegrityCheckThread:103 - End integrity checks thread
2025-01-17 00:07:34,863 [INFO] WebApp:449 - Apply proxy settings
2025-01-17 00:07:34,863 [INFO] WebApp:534 - Chromium requires no authentication
2025-01-17 00:07:34,904 [INFO] WebApp:477 - Direct internet connection detected
2025-01-17 00:07:34,967 [INFO] WebApp:880 - Register for checkConnection events
2025-01-17 00:07:34,967 [INFO] WebApp:449 - Apply proxy settings
2025-01-17 00:07:34,967 [INFO] WebApp:534 - Chromium requires no authentication
2025-01-17 00:07:34,968 [INFO] WebApp:477 - Direct internet connection detected
2025-01-17 00:07:35,127 [INFO] WebApp:187 - Connection restablished
2025-01-17 00:07:35,299 [INFO] WebApp:221 - Starting web application
2025-01-17 00:07:35,299 [INFO] WebApp:579 - Web application path used C:\ST\STM32CubeIDE_1.16.1\STM32CubeIDE\plugins\com.st.stm32cube.common.mx_6.13.0.202411220809\db\plugins\mcufinder\reactClient1\index.html
2025-01-17 00:07:35,532 [INFO] UserAuth:486 - Internet connection configuration mode: 1
