2026-07-25 01:58:03,344 [INFO] Activator:176 - 


2026-07-25 01:58:03,349 [INFO] Activator:177 - !SESSION log4j initialized
2026-07-25 01:58:16,228 [INFO] LogOutputStream:77 - [STDOUT_REDIRECT] 
2026-07-25 01:58:29,180 [INFO] ApplicationProperties:184 - Using Application install path: C:\ST\STM32CubeIDE_1.16.1\STM32CubeIDE\plugins\com.st.stm32cube.common.mx_6.13.0.202411220809
2026-07-25 01:58:29,198 [INFO] DbMcusXml:78 - Set database path to: C:\ST\STM32CubeIDE_1.16.1\STM32CubeIDE\plugins\com.st.stm32cube.common.mx_6.13.0.202411220809\\db\/mcu/
2026-07-25 01:58:29,199 [INFO] ApiDb:274 - Set plugin database path to: C:\ST\STM32CubeIDE_1.16.1\STM32CubeIDE\plugins\com.st.stm32cube.common.mx_6.13.0.202411220809\\db\/plugins/boardmanager/
2026-07-25 01:58:29,199 [WARN] ApiDb:259 - Overriding images path with different value:  => C:\ST\STM32CubeIDE_1.16.1\STM32CubeIDE\plugins\com.st.stm32cube.common.mx_6.13.0.202411220809\\db\/plugins/mcufinder/images/
2026-07-25 01:58:29,219 [INFO] ApiDb:250 - Set database path to: C:\Users\Bruno\.stmcufinder\plugins\mcufinder//mcu/
2026-07-25 01:58:29,221 [INFO] DbMcusAds:125 - Set database path to: C:\Users\Bruno\.stmcufinder\plugins\mcufinder//mcu/
2026-07-25 01:58:29,272 [INFO] CrossReferenceDbSqlite:203 - Set database path to: C:\Users\Bruno\.stmcufinder\plugins\mcufinder//mcu/cs/
2026-07-25 01:58:29,447 [INFO] RulesReader:64 - Compatibility file has been processed (297 Rules)
2026-07-25 01:58:29,561 [INFO] DbMcusXml:78 - Set database path to: C:\ST\STM32CubeIDE_1.16.1\STM32CubeIDE\plugins\com.st.stm32cube.common.mx_6.13.0.202411220809\\db\/mcu/
2026-07-25 01:58:29,561 [INFO] ApiDb:274 - Set plugin database path to: C:\ST\STM32CubeIDE_1.16.1\STM32CubeIDE\plugins\com.st.stm32cube.common.mx_6.13.0.202411220809\\db\/plugins/boardmanager/
2026-07-25 01:58:29,561 [INFO] ApiDb:261 - Set plugin images path to: C:\ST\STM32CubeIDE_1.16.1\STM32CubeIDE\plugins\com.st.stm32cube.common.mx_6.13.0.202411220809\\db\/plugins/mcufinder/images/
2026-07-25 01:58:29,562 [WARN] DbFile:41 - Overriding database path with different value: C:\Users\Bruno\.stmcufinder\plugins\mcufinder/ => C:\Users\Bruno\.stmcufinder\plugins\mcufinder
2026-07-25 01:58:29,562 [INFO] ApiDb:250 - Set database path to: C:\Users\Bruno\.stmcufinder\plugins\mcufinder//mcu/
2026-07-25 01:58:29,562 [WARN] DbFile:41 - Overriding database path with different value: C:\Users\Bruno\.stmcufinder\plugins\mcufinder/ => C:\Users\Bruno\.stmcufinder\plugins\mcufinder
2026-07-25 01:58:29,562 [INFO] DbMcusAds:125 - Set database path to: C:\Users\Bruno\.stmcufinder\plugins\mcufinder//mcu/
2026-07-25 01:58:29,562 [WARN] DbFile:41 - Overriding database path with different value: C:\Users\Bruno\.stmcufinder\plugins\mcufinder/ => C:\Users\Bruno\.stmcufinder\plugins\mcufinder
2026-07-25 01:58:29,562 [WARN] DbFile:41 - Overriding database path with different value: C:\Users\Bruno\.stmcufinder\plugins\mcufinder/ => C:\Users\Bruno\.stmcufinder\plugins\mcufinder
2026-07-25 01:58:29,562 [INFO] CrossReferenceDbSqlite:203 - Set database path to: C:\Users\Bruno\.stmcufinder\plugins\mcufinder//mcu/cs/
2026-07-25 01:58:29,679 [INFO] MainPanel:272 - HeapMemory: 287309824
2026-07-25 01:58:30,407 [INFO] DbMcusXml:78 - Set database path to: C:\ST\STM32CubeIDE_1.16.1\STM32CubeIDE\plugins\com.st.stm32cube.common.mx_6.13.0.202411220809\\db\/mcu/
2026-07-25 01:58:30,407 [INFO] ApiDb:274 - Set plugin database path to: C:\ST\STM32CubeIDE_1.16.1\STM32CubeIDE\plugins\com.st.stm32cube.common.mx_6.13.0.202411220809\\db\/plugins/boardmanager/
2026-07-25 01:58:30,409 [INFO] ApiDb:261 - Set plugin images path to: C:\ST\STM32CubeIDE_1.16.1\STM32CubeIDE\plugins\com.st.stm32cube.common.mx_6.13.0.202411220809\\db\/plugins/mcufinder/images/
2026-07-25 01:58:30,410 [WARN] DbFile:41 - Overriding database path with different value: C:\Users\Bruno\.stmcufinder\plugins\mcufinder/ => C:\Users\Bruno\.stmcufinder\plugins\mcufinder
2026-07-25 01:58:30,410 [INFO] ApiDb:250 - Set database path to: C:\Users\Bruno\.stmcufinder\plugins\mcufinder//mcu/
2026-07-25 01:58:30,410 [WARN] DbFile:41 - Overriding database path with different value: C:\Users\Bruno\.stmcufinder\plugins\mcufinder/ => C:\Users\Bruno\.stmcufinder\plugins\mcufinder
2026-07-25 01:58:30,410 [INFO] DbMcusAds:125 - Set database path to: C:\Users\Bruno\.stmcufinder\plugins\mcufinder//mcu/
2026-07-25 01:58:30,410 [WARN] DbFile:41 - Overriding database path with different value: C:\Users\Bruno\.stmcufinder\plugins\mcufinder/ => C:\Users\Bruno\.stmcufinder\plugins\mcufinder
2026-07-25 01:58:30,410 [WARN] DbFile:41 - Overriding database path with different value: C:\Users\Bruno\.stmcufinder\plugins\mcufinder/ => C:\Users\Bruno\.stmcufinder\plugins\mcufinder
2026-07-25 01:58:30,410 [INFO] CrossReferenceDbSqlite:203 - Set database path to: C:\Users\Bruno\.stmcufinder\plugins\mcufinder//mcu/cs/
2026-07-25 01:58:30,449 [INFO] ApplicationProperties:184 - Using Application install path: C:\ST\STM32CubeIDE_1.16.1\STM32CubeIDE\plugins\com.st.stm32cube.common.mx_6.13.0.202411220809
2026-07-25 01:58:30,451 [INFO] PluginManage:196 - Search for loadable plugins [exclusion list=, ]
2026-07-25 01:58:30,453 [INFO] PluginManage:310 - Check plugin analytics
2026-07-25 01:58:30,761 [INFO] AnalyticsPlugin:253 - Accepted Software Licenses: STM32CubeMX.6.6.1,STM32CubeMX.6.13.0,STM32CubeMX.6.17.0
2026-07-25 01:58:30,761 [INFO] AnalyticsPlugin:255 - Accepted CMSIS Pack Licenses: 
2026-07-25 01:58:30,761 [INFO] AnalyticsPlugin:257 - Accepted Firmware Licenses: FW.G0.1.6.0,FW.F4.1.28.0
2026-07-25 01:58:30,764 [INFO] PluginManage:359 - Loaded plugin analytics (category:tool,tabindex:-1)
2026-07-25 01:58:30,764 [INFO] PluginManage:310 - Check plugin cadmodel
2026-07-25 01:58:30,783 [INFO] CADModel:105 - Init CAD model plugin
2026-07-25 01:58:30,783 [INFO] PluginManage:359 - Loaded plugin cadmodel (category:power,tabindex:5)
2026-07-25 01:58:30,783 [INFO] PluginManage:310 - Check plugin clock
2026-07-25 01:58:30,806 [INFO] PluginManage:359 - Loaded plugin clock (category:base,tabindex:2)
2026-07-25 01:58:30,806 [INFO] PluginManage:310 - Check plugin ddr
2026-07-25 01:58:30,808 [INFO] PluginManage:359 - Loaded plugin ddr (category:tool,tabindex:6)
2026-07-25 01:58:30,809 [INFO] PluginManage:310 - Check plugin filemanager
2026-07-25 01:58:31,333 [INFO] PluginManage:359 - Loaded plugin filemanager (category:base,tabindex:10)
2026-07-25 01:58:31,333 [INFO] PluginManage:310 - Check plugin ipmanager
2026-07-25 01:58:31,340 [INFO] PluginManage:359 - Loaded plugin ipmanager (category:base,tabindex:5)
2026-07-25 01:58:31,341 [INFO] PluginManage:310 - Check plugin lpbam
2026-07-25 01:58:31,364 [INFO] PluginManage:359 - Loaded plugin lpbam (category:base,tabindex:0)
2026-07-25 01:58:31,365 [INFO] PluginManage:310 - Check plugin memorymap
2026-07-25 01:58:31,394 [INFO] PluginManage:359 - Loaded plugin memorymap (category:base,tabindex:4)
2026-07-25 01:58:31,394 [INFO] PluginManage:310 - Check plugin pinoutandconfiguration
2026-07-25 01:58:31,421 [INFO] PluginManage:359 - Loaded plugin pinoutandconfiguration (category:base,tabindex:1)
2026-07-25 01:58:31,422 [INFO] PluginManage:310 - Check plugin pinoutconfig
2026-07-25 01:58:31,584 [WARN] SupportedApi:132 - Cannot load RTOS API schema: s4s-elt-must-match.1: The content of 'definitions' must match (annotation?, (simpleType | complexType)?, (unique | key | keyref)*)). A problem was found starting at: attribute.
2026-07-25 01:58:31,746 [INFO] PluginManage:359 - Loaded plugin pinoutconfig (category:base,tabindex:0)
2026-07-25 01:58:31,746 [INFO] PluginManage:310 - Check plugin power
2026-07-25 01:58:31,768 [INFO] PluginManage:359 - Loaded plugin power (category:power,tabindex:4)
2026-07-25 01:58:31,768 [INFO] PluginManage:310 - Check plugin projectmanager
2026-07-25 01:58:31,813 [INFO] PluginManage:359 - Loaded plugin projectmanager (category:projectmanager,tabindex:4)
2026-07-25 01:58:31,813 [INFO] PluginManage:310 - Check plugin rif
2026-07-25 01:58:31,835 [INFO] PluginManage:359 - Loaded plugin rif (category:base,tabindex:3)
2026-07-25 01:58:31,835 [INFO] PluginManage:310 - Check plugin thirdparty
2026-07-25 01:58:32,282 [INFO] PluginManage:359 - Loaded plugin thirdparty (category:base,tabindex:-1)
2026-07-25 01:58:32,283 [INFO] PluginManage:310 - Check plugin tools
2026-07-25 01:58:32,326 [WARN] IntegrityCheckThread:84 - waiting for thirdparty lock release [integrity check]
2026-07-25 01:58:32,327 [INFO] IntegrityCheckThread:86 - entering critical section [integrity check]
2026-07-25 01:58:32,327 [INFO] ThirdPartyUpdaterWithRetryManager:70 - Updater plugin not ready yet. [1/15]
2026-07-25 01:58:32,351 [INFO] PluginManage:359 - Loaded plugin tools (category:base,tabindex:7)
2026-07-25 01:58:32,351 [INFO] PluginManage:310 - Check plugin tutovideos
2026-07-25 01:58:32,663 [INFO] PluginManage:359 - Loaded plugin tutovideos (category:base,tabindex:-1)
2026-07-25 01:58:32,663 [INFO] PluginManage:310 - Check plugin updater
2026-07-25 01:58:32,710 [INFO] PluginManage:359 - Loaded plugin updater (category:base,tabindex:12)
2026-07-25 01:58:32,710 [INFO] PluginManage:310 - Check plugin userauth
2026-07-25 01:58:32,715 [INFO] UserAuth:118 - Init User Auth plugin
2026-07-25 01:58:32,716 [INFO] PluginManage:359 - Loaded plugin userauth (category:base,tabindex:14)
2026-07-25 01:58:32,717 [INFO] PluginManage:283 - PluginManage : Loaded plugins [18]
2026-07-25 01:58:33,153 [INFO] PinOutPanel:1589 - setPackage(No Configuration,No Configuration)
2026-07-25 01:58:33,261 [INFO] CADModel:165 - CPN selected for project level
2026-07-25 01:58:33,261 [INFO] CADModel:114 - Register for checkConnection events
2026-07-25 01:58:33,292 [INFO] IPUIPlugin:80 - create IPUIPlugin
2026-07-25 01:58:33,292 [INFO] PluginManager:220 - loadIPPluginJar : add adc
2026-07-25 01:58:33,352 [INFO] IPUIPlugin:80 - create IPUIPlugin
2026-07-25 01:58:33,352 [INFO] PluginManager:220 - loadIPPluginJar : add aes
2026-07-25 01:58:33,426 [INFO] IPUIPlugin:80 - create IPUIPlugin
2026-07-25 01:58:33,427 [INFO] PluginManager:220 - loadIPPluginJar : add can
2026-07-25 01:58:33,462 [INFO] IPUIPlugin:80 - create IPUIPlugin
2026-07-25 01:58:33,462 [INFO] PluginManager:220 - loadIPPluginJar : add comp
2026-07-25 01:58:33,514 [INFO] IPUIPlugin:80 - create IPUIPlugin
2026-07-25 01:58:33,514 [INFO] PluginManager:220 - loadIPPluginJar : add cryp
2026-07-25 01:58:33,530 [INFO] IPUIPlugin:80 - create IPUIPlugin
2026-07-25 01:58:33,530 [INFO] PluginManager:220 - loadIPPluginJar : add ddr_ctrl_phy
2026-07-25 01:58:33,581 [INFO] IPUIPlugin:80 - create IPUIPlugin
2026-07-25 01:58:33,581 [INFO] PluginManager:220 - loadIPPluginJar : add dfsdm
2026-07-25 01:58:33,600 [INFO] IPUIPlugin:80 - create IPUIPlugin
2026-07-25 01:58:33,601 [INFO] PluginManager:220 - loadIPPluginJar : add dma
2026-07-25 01:58:33,663 [INFO] IPUIPlugin:80 - create IPUIPlugin
2026-07-25 01:58:33,663 [INFO] PluginManager:220 - loadIPPluginJar : add dma3
2026-07-25 01:58:33,757 [INFO] IPUIPlugin:80 - create IPUIPlugin
2026-07-25 01:58:33,757 [INFO] PluginManager:220 - loadIPPluginJar : add extmemmanager
2026-07-25 01:58:33,839 [INFO] IPUIPlugin:80 - create IPUIPlugin
2026-07-25 01:58:33,839 [INFO] PluginManager:220 - loadIPPluginJar : add fatfs
2026-07-25 01:58:33,942 [INFO] IPUIPlugin:80 - create IPUIPlugin
2026-07-25 01:58:33,942 [INFO] PluginManager:220 - loadIPPluginJar : add fmc
2026-07-25 01:58:33,964 [INFO] IPUIPlugin:80 - create IPUIPlugin
2026-07-25 01:58:33,965 [INFO] PluginManager:220 - loadIPPluginJar : add freertos
2026-07-25 01:58:34,000 [INFO] IPUIPlugin:80 - create IPUIPlugin
2026-07-25 01:58:34,000 [INFO] PluginManager:220 - loadIPPluginJar : add genericplugin
2026-07-25 01:58:34,318 [INFO] IPUIPlugin:80 - create IPUIPlugin
2026-07-25 01:58:34,318 [INFO] PluginManager:220 - loadIPPluginJar : add gfxmmu
2026-07-25 01:58:35,329 [INFO] ThirdPartyUpdaterWithRetryManager:70 - Updater plugin not ready yet. [2/15]
2026-07-25 01:58:36,026 [INFO] IPUIPlugin:80 - create IPUIPlugin
2026-07-25 01:58:36,026 [INFO] PluginManager:220 - loadIPPluginJar : add gic
2026-07-25 01:58:36,042 [INFO] IPUIPlugin:80 - create IPUIPlugin
2026-07-25 01:58:36,042 [INFO] PluginManager:220 - loadIPPluginJar : add gpio
2026-07-25 01:58:36,199 [INFO] IPUIPlugin:80 - create IPUIPlugin
2026-07-25 01:58:36,199 [INFO] PluginManager:220 - loadIPPluginJar : add gtzc
2026-07-25 01:58:36,252 [INFO] IPUIPlugin:80 - create IPUIPlugin
2026-07-25 01:58:36,252 [INFO] PluginManager:220 - loadIPPluginJar : add hash
2026-07-25 01:58:36,340 [INFO] IPUIPlugin:80 - create IPUIPlugin
2026-07-25 01:58:36,341 [INFO] PluginManager:220 - loadIPPluginJar : add i2c
2026-07-25 01:58:36,409 [INFO] IPUIPlugin:80 - create IPUIPlugin
2026-07-25 01:58:36,409 [INFO] PluginManager:220 - loadIPPluginJar : add i2s
2026-07-25 01:58:36,482 [INFO] IPUIPlugin:80 - create IPUIPlugin
2026-07-25 01:58:36,483 [INFO] PluginManager:220 - loadIPPluginJar : add i3c
2026-07-25 01:58:36,721 [INFO] IPUIPlugin:80 - create IPUIPlugin
2026-07-25 01:58:36,722 [INFO] PluginManager:220 - loadIPPluginJar : add ipddr
2026-07-25 01:58:36,873 [INFO] IPUIPlugin:80 - create IPUIPlugin
2026-07-25 01:58:36,875 [INFO] PluginManager:220 - loadIPPluginJar : add linkedlist
2026-07-25 01:58:36,936 [INFO] IPUIPlugin:80 - create IPUIPlugin
2026-07-25 01:58:36,936 [INFO] PluginManager:220 - loadIPPluginJar : add lorawan
2026-07-25 01:58:36,999 [INFO] IPUIPlugin:80 - create IPUIPlugin
2026-07-25 01:58:36,999 [INFO] PluginManager:220 - loadIPPluginJar : add ltdc
2026-07-25 01:58:37,016 [INFO] IPUIPlugin:80 - create IPUIPlugin
2026-07-25 01:58:37,017 [INFO] PluginManager:220 - loadIPPluginJar : add mdma
2026-07-25 01:58:37,033 [INFO] IPUIPlugin:80 - create IPUIPlugin
2026-07-25 01:58:37,033 [INFO] PluginManager:220 - loadIPPluginJar : add nvic
2026-07-25 01:58:37,094 [INFO] IPUIPlugin:80 - create IPUIPlugin
2026-07-25 01:58:37,094 [INFO] PluginManager:220 - loadIPPluginJar : add opamp
2026-07-25 01:58:37,200 [INFO] IPUIPlugin:80 - create IPUIPlugin
2026-07-25 01:58:37,200 [INFO] PluginManager:220 - loadIPPluginJar : add openamp
2026-07-25 01:58:37,287 [INFO] IPUIPlugin:80 - create IPUIPlugin
2026-07-25 01:58:37,287 [INFO] PluginManager:220 - loadIPPluginJar : add pdm2pcm
2026-07-25 01:58:37,305 [INFO] IPUIPlugin:80 - create IPUIPlugin
2026-07-25 01:58:37,309 [INFO] PluginManager:220 - loadIPPluginJar : add plateformsettings
2026-07-25 01:58:37,343 [INFO] IPUIPlugin:80 - create IPUIPlugin
2026-07-25 01:58:37,343 [INFO] PluginManager:220 - loadIPPluginJar : add quadspi
2026-07-25 01:58:37,386 [INFO] IPUIPlugin:80 - create IPUIPlugin
2026-07-25 01:58:37,387 [INFO] PluginManager:220 - loadIPPluginJar : add radio
2026-07-25 01:58:37,410 [INFO] IPUIPlugin:80 - create IPUIPlugin
2026-07-25 01:58:37,410 [INFO] PluginManager:220 - loadIPPluginJar : add resmgrutility
2026-07-25 01:58:37,519 [INFO] IPUIPlugin:80 - create IPUIPlugin
2026-07-25 01:58:37,519 [INFO] PluginManager:220 - loadIPPluginJar : add sai
2026-07-25 01:58:37,588 [INFO] IPUIPlugin:80 - create IPUIPlugin
2026-07-25 01:58:37,589 [INFO] PluginManager:220 - loadIPPluginJar : add spi
2026-07-25 01:58:37,709 [INFO] IPUIPlugin:80 - create IPUIPlugin
2026-07-25 01:58:37,710 [INFO] PluginManager:220 - loadIPPluginJar : add stm32_wpan
2026-07-25 01:58:37,746 [INFO] IPUIPlugin:80 - create IPUIPlugin
2026-07-25 01:58:37,746 [INFO] PluginManager:220 - loadIPPluginJar : add tim
2026-07-25 01:58:37,860 [INFO] IPUIPlugin:80 - create IPUIPlugin
2026-07-25 01:58:37,860 [INFO] PluginManager:220 - loadIPPluginJar : add touchsensing
2026-07-25 01:58:37,909 [INFO] IPUIPlugin:80 - create IPUIPlugin
2026-07-25 01:58:37,909 [INFO] PluginManager:220 - loadIPPluginJar : add tracer_emb
2026-07-25 01:58:37,947 [INFO] IPUIPlugin:80 - create IPUIPlugin
2026-07-25 01:58:37,947 [INFO] PluginManager:220 - loadIPPluginJar : add ts
2026-07-25 01:58:37,985 [INFO] IPUIPlugin:80 - create IPUIPlugin
2026-07-25 01:58:37,985 [INFO] PluginManager:220 - loadIPPluginJar : add tsc
2026-07-25 01:58:38,021 [INFO] IPUIPlugin:80 - create IPUIPlugin
2026-07-25 01:58:38,022 [INFO] PluginManager:220 - loadIPPluginJar : add ucpd
2026-07-25 01:58:38,096 [INFO] IPUIPlugin:80 - create IPUIPlugin
2026-07-25 01:58:38,096 [INFO] PluginManager:220 - loadIPPluginJar : add usart
2026-07-25 01:58:38,170 [INFO] IPUIPlugin:80 - create IPUIPlugin
2026-07-25 01:58:38,170 [INFO] PluginManager:220 - loadIPPluginJar : add usbx
2026-07-25 01:58:38,333 [INFO] ThirdPartyUpdaterWithRetryManager:70 - Updater plugin not ready yet. [3/15]
2026-07-25 01:58:38,365 [FATAL] Updater:351 - Updater called before beeing initialized
2026-07-25 01:58:38,392 [INFO] RulesReader:64 - Compatibility file has been processed (297 Rules)
2026-07-25 01:58:38,403 [INFO] RulesReader:64 - Compatibility file has been processed (297 Rules)
2026-07-25 01:58:38,409 [INFO] CADModel:165 - CPN selected for project level
2026-07-25 01:58:38,409 [INFO] CADModel:114 - Register for checkConnection events
2026-07-25 01:58:38,409 [FATAL] Updater:351 - Updater called before beeing initialized
2026-07-25 01:58:38,409 [ERROR] CADModel:125 - Updater not yet initialized, retry later 
2026-07-25 01:58:38,767 [FATAL] Updater:351 - Updater called before beeing initialized
2026-07-25 01:58:38,769 [INFO] CADModel:165 - CPN selected for project level
2026-07-25 01:58:38,769 [INFO] CADModel:114 - Register for checkConnection events
2026-07-25 01:58:38,769 [FATAL] Updater:351 - Updater called before beeing initialized
2026-07-25 01:58:38,769 [ERROR] CADModel:125 - Updater not yet initialized, retry later 
2026-07-25 01:58:38,772 [FATAL] Updater:351 - Updater called before beeing initialized
2026-07-25 01:58:39,654 [FATAL] Updater:351 - Updater called before beeing initialized
2026-07-25 01:58:39,670 [INFO] DbMcusAds:53 - JSON generation date=Thu May 28 18:08:17 CEST 2026 (1779984497073)
2026-07-25 01:58:39,671 [FATAL] Updater:351 - Updater called before beeing initialized
2026-07-25 01:58:39,713 [WARN] DetailPanel:346 - Failed to get advertising image, set to default
2026-07-25 01:58:40,205 [FATAL] Updater:351 - Updater called before beeing initialized
2026-07-25 01:58:40,207 [FATAL] Updater:351 - Updater called before beeing initialized
2026-07-25 01:58:40,207 [FATAL] Updater:351 - Updater called before beeing initialized
2026-07-25 01:58:40,207 [WARN] DetailPanel:346 - Failed to get advertising image, set to default
2026-07-25 01:58:40,208 [FATAL] Updater:351 - Updater called before beeing initialized
2026-07-25 01:58:40,538 [ERROR] Updater:1198 - MainUpdater not yet initialized. External WinMGr cannot be set.
2026-07-25 01:58:40,552 [INFO] Updater:1134 - Updater Version found : 6.13.0
2026-07-25 01:58:40,572 [INFO] ApplicationProperties:184 - Using Application install path: C:\ST\STM32CubeIDE_1.16.1\STM32CubeIDE\plugins\com.st.stm32cube.common.mx_6.13.0.202411220809
2026-07-25 01:58:41,137 [INFO] MainUpdater:2872 - connection check result : 10
2026-07-25 01:58:41,138 [INFO] MainUpdater:289 - Updater Check For Update Now.
2026-07-25 01:58:41,138 [INFO] MicroXplorer:498 - Change Database Version : DB.6.0.130
2026-07-25 01:58:41,155 [INFO] McuFinderGlobals:63 - Set McuFinder mode to 2 (CubeIDE integrated)
2026-07-25 01:58:41,164 [INFO] UserAuth:486 - Internet connection configuration mode: 1
2026-07-25 01:58:41,302 [INFO] JxBrowserEngine:152 - Initiate JxBrowser Engine with user profile folder
2026-07-25 01:58:41,336 [WARN] MainUpdater:1193 - Updater busy. Cannot search thirdparties
2026-07-25 01:58:41,337 [INFO] ThirdPartyUpdaterWithRetryManager:96 - Updater plugin is busy. [1/15]
2026-07-25 01:58:41,442 [INFO] CheckServerUpdateThread:120 - End of CheckServer Thread
2026-07-25 01:58:44,617 [INFO] WebApp:168 - Instantiating new browser for Auth
2026-07-25 01:58:45,057 [WARN] PackLoader:240 - Cannot read IP mode file for STMicroelectronics.X-CUBE-AZRTOS-H7.3.5.0
2026-07-25 01:58:45,083 [WARN] PackLoader:240 - Cannot read IP mode file for STMicroelectronics.FP-SNS-MOTENVWB1.1.4.0
2026-07-25 01:58:45,108 [WARN] PackLoader:240 - Cannot read IP mode file for STMicroelectronics.FP-ATR-ASTRA1.2.0.3
2026-07-25 01:58:45,135 [WARN] PackLoader:240 - Cannot read IP mode file for STMicroelectronics.FP-ATR-ASTRA1.2.0.2
2026-07-25 01:58:45,161 [WARN] PackLoader:240 - Cannot read IP mode file for STMicroelectronics.FP-ATR-ASTRA1.2.0.1
2026-07-25 01:58:45,181 [ERROR] Engine:466 - C:\Users\Bruno\.stm32cubemx\thirdparties\pdsc\STMicroelectronics.X-CUBE-SMBUS.2.1.1.pdsc: PDSC version is not supported
2026-07-25 01:58:45,200 [WARN] PackLoader:240 - Cannot read IP mode file for STMicroelectronics.X-CUBE-SMBUS.2.1.0
2026-07-25 01:58:45,251 [WARN] PackLoader:240 - Cannot read IP mode file for STMicroelectronics.X-CUBE-WB05N.1.1.0
2026-07-25 01:58:45,272 [WARN] PackLoader:240 - Cannot read IP mode file for STMicroelectronics.X-CUBE-ST60.1.0.0
2026-07-25 01:58:45,364 [WARN] PackLoader:240 - Cannot read IP mode file for STMicroelectronics.X-CUBE-MEMS1.9.2.0
2026-07-25 01:58:45,570 [WARN] PackLoader:240 - Cannot read IP mode file for STMicroelectronics.X-CUBE-AZRTOS-F7.1.1.0
2026-07-25 01:58:45,589 [ERROR] Engine:466 - C:\Users\Bruno\.stm32cubemx\thirdparties\pdsc\STMicroelectronics.X-CUBE-FREERTOS.1.6.0.pdsc: PDSC version is not supported
2026-07-25 01:58:45,608 [WARN] PackLoader:240 - Cannot read IP mode file for STMicroelectronics.X-CUBE-BLE1.6.2.3
2026-07-25 01:58:45,686 [WARN] PackLoader:240 - Cannot read IP mode file for STMicroelectronics.X-CUBE-MEMS1.11.0.0
2026-07-25 01:58:45,844 [ERROR] Engine:466 - C:\Users\Bruno\.stm32cubemx\thirdparties\pdsc\STMicroelectronics.FP-SNS-MOTENV1.5.1.0.pdsc: PDSC version is not supported
2026-07-25 01:58:45,886 [WARN] PackLoader:240 - Cannot read IP mode file for STMicroelectronics.X-CUBE-AZRTOS-H7RS.1.3.0
2026-07-25 01:58:45,907 [WARN] PackLoader:240 - Cannot read IP mode file for STMicroelectronics.FP-SNS-FLIGHT1.5.0.2
2026-07-25 01:58:46,063 [WARN] PackLoader:240 - Cannot read IP mode file for STMicroelectronics.X-CUBE-TOF1.3.1.0
2026-07-25 01:58:46,135 [WARN] PackLoader:240 - Cannot read IP mode file for STMicroelectronics.X-CUBE-AZRTOS-H7.3.4.0
2026-07-25 01:58:46,169 [WARN] PackLoader:240 - Cannot read IP mode file for STMicroelectronics.X-CUBE-DISPLAY.3.0.0
2026-07-25 01:58:46,201 [WARN] PackLoader:240 - Cannot read IP mode file for STMicroelectronics.X-CUBE-GNSS1.7.1.1
2026-07-25 01:58:46,220 [ERROR] Engine:466 - C:\Users\Bruno\.stm32cubemx\thirdparties\pdsc\STMicroelectronics.FP-SNS-MOTENVWB1.1.5.0.pdsc: PDSC version is not supported
2026-07-25 01:58:46,237 [WARN] PackLoader:240 - Cannot read IP mode file for STMicroelectronics.X-CUBE-BLE1.7.0.0
2026-07-25 01:58:46,255 [WARN] PackLoader:240 - Cannot read IP mode file for STMicroelectronics.X-CUBE-NFC10.1.0.0
2026-07-25 01:58:46,279 [WARN] PackLoader:240 - Cannot read IP mode file for STMicroelectronics.X-CUBE-BLEMGR.4.0.0
2026-07-25 01:58:46,352 [WARN] PackLoader:240 - Cannot read IP mode file for STMicroelectronics.X-CUBE-ST60.1.1.0
2026-07-25 01:58:46,370 [ERROR] Engine:466 - C:\Users\Bruno\.stm32cubemx\thirdparties\pdsc\STMicroelectronics.X-CUBE-WBA.1.1.0.pdsc: PDSC version is not supported
2026-07-25 01:58:46,398 [WARN] PackLoader:240 - Cannot read IP mode file for STMicroelectronics.X-CUBE-GNSS1.7.1.0
2026-07-25 01:58:46,456 [WARN] PackLoader:240 - Cannot read IP mode file for STMicroelectronics.X-CUBE-AI.7.2.0
2026-07-25 01:58:46,475 [WARN] PackLoader:240 - Cannot read IP mode file for STMicroelectronics.X-CUBE-BLEMGR.3.1.0
2026-07-25 01:58:46,490 [WARN] PackLoader:240 - Cannot read IP mode file for STMicroelectronics.X-CUBE-AI.10.0.0
2026-07-25 01:58:46,504 [ERROR] Engine:466 - C:\Users\Bruno\.stm32cubemx\thirdparties\pdsc\STMicroelectronics.FP-SNS-STBOX1.2.1.0.pdsc: PDSC version is not supported
2026-07-25 01:58:46,521 [WARN] PackLoader:240 - Cannot read IP mode file for STMicroelectronics.FP-SNS-SMARTAG2.1.2.0
2026-07-25 01:58:46,537 [WARN] PackLoader:240 - Cannot read IP mode file for STMicroelectronics.FP-SNS-FLIGHT1.5.1.0
2026-07-25 01:58:46,591 [WARN] PackLoader:240 - Cannot read IP mode file for STMicroelectronics.X-CUBE-MEMS1.11.1.0
2026-07-25 01:58:46,736 [INFO] LogOutputStream:77 - [STDOUT_REDIRECT] 1 : Invalid condition id : UX_CORESTACK_Condition cause : null
2026-07-25 01:58:46,737 [INFO] LogOutputStream:77 - [STDOUT_REDIRECT] 1 : Invalid condition id : UX_CORESTACK_Condition cause : null
2026-07-25 01:58:46,738 [INFO] LogOutputStream:77 - [STDOUT_REDIRECT] 1 : Invalid condition id : UX_CORESTACK_Condition cause : null
2026-07-25 01:58:46,739 [INFO] LogOutputStream:77 - [STDOUT_REDIRECT] 1 : Invalid condition id : UX_CORESTACK_Condition cause : null
2026-07-25 01:58:46,740 [INFO] LogOutputStream:77 - [STDOUT_REDIRECT] 1 : Invalid condition id : UX_CORESTACK_Condition cause : null
2026-07-25 01:58:46,742 [WARN] PackLoader:240 - Cannot read IP mode file for STMicroelectronics.X-CUBE-AZRTOS-WL.2.0.0
2026-07-25 01:58:46,778 [WARN] PackLoader:240 - Cannot read IP mode file for STMicroelectronics.FP-SNS-MOTENV1.5.0.0
2026-07-25 01:58:46,881 [WARN] PackLoader:240 - Cannot read IP mode file for STMicroelectronics.X-CUBE-AZRTOS-H7RS.1.2.0
2026-07-25 01:58:46,897 [WARN] PackLoader:240 - Cannot read IP mode file for wolfSSL.I-CUBE-wolfMQTT.1.19.0
2026-07-25 01:58:46,944 [WARN] PackLoader:240 - Cannot read IP mode file for WES.I-CUBE-Cesium.1.3.0
2026-07-25 01:58:46,960 [WARN] PackLoader:240 - Cannot read IP mode file for STMicroelectronics.X-CUBE-BLE2.3.3.0
2026-07-25 01:58:47,016 [WARN] PackLoader:240 - Cannot read IP mode file for STMicroelectronics.X-CUBE-DISPLAY.2.2.0
2026-07-25 01:58:47,036 [WARN] PackLoader:240 - Cannot read IP mode file for STMicroelectronics.X-CUBE-NFC9.1.0.0
2026-07-25 01:58:47,073 [WARN] PackLoader:240 - Cannot read IP mode file for STMicroelectronics.X-CUBE-AZRTOS-H7.2.1.0
2026-07-25 01:58:47,091 [WARN] PackLoader:240 - Cannot read IP mode file for STMicroelectronics.X-CUBE-BLE1.7.1.0
2026-07-25 01:58:47,108 [WARN] PackLoader:240 - Cannot read IP mode file for STMicroelectronics.X-CUBE-TCPP.4.1.0
2026-07-25 01:58:47,122 [ERROR] Engine:466 - C:\Users\Bruno\.stm32cubemx\thirdparties\pdsc\STMicroelectronics.X-CUBE-FREERTOS.1.4.0.pdsc: PDSC version is not supported
2026-07-25 01:58:47,138 [WARN] PackLoader:240 - Cannot read IP mode file for STMicroelectronics.X-CUBE-EEPRMA1.5.2.0
2026-07-25 01:58:47,157 [ERROR] Engine:466 - C:\Users\Bruno\.stm32cubemx\thirdparties\pdsc\STMicroelectronics.X-CUBE-ST67W61.1.1.0.pdsc: PDSC version is not supported
2026-07-25 01:58:47,171 [WARN] PackLoader:240 - Cannot read IP mode file for STMicroelectronics.X-CUBE-AI.10.1.0
2026-07-25 01:58:47,184 [ERROR] Engine:466 - C:\Users\Bruno\.stm32cubemx\thirdparties\pdsc\STMicroelectronics.FP-SNS-STAIOTCFT.1.1.0.pdsc: PDSC version is not supported
2026-07-25 01:58:47,248 [WARN] PackLoader:240 - Cannot read IP mode file for STMicroelectronics.X-CUBE-MEMS1.12.0.0
2026-07-25 01:58:47,311 [WARN] PackLoader:240 - Cannot read IP mode file for STMicroelectronics.X-CUBE-ALGOBUILD.1.3.0
2026-07-25 01:58:47,373 [WARN] PackLoader:240 - Cannot read IP mode file for STMicroelectronics.X-CUBE-MEMS1.11.2.0
2026-07-25 01:58:47,603 [WARN] PackLoader:240 - Cannot read IP mode file for STMicroelectronics.X-CUBE-AZRTOS-G0.1.1.0
2026-07-25 01:58:47,627 [WARN] PackLoader:240 - Cannot read IP mode file for STMicroelectronics.X-CUBE-SAFEA1.1.2.2
2026-07-25 01:58:47,643 [WARN] PackLoader:240 - Cannot read IP mode file for STMicroelectronics.X-CUBE-NFC4.3.0.0
2026-07-25 01:58:47,705 [WARN] PackLoader:240 - Cannot read IP mode file for SEGGER.I-CUBE-embOS.1.2.0
2026-07-25 01:58:47,760 [WARN] PackLoader:240 - Cannot read IP mode file for EmbeddedOffice.I-CUBE-FS-RTOS.1.0.1
2026-07-25 01:58:47,775 [WARN] PackLoader:240 - Cannot read IP mode file for STMicroelectronics.X-CUBE-WB05N.2.0.0
2026-07-25 01:58:47,795 [WARN] PackLoader:240 - Cannot read IP mode file for STMicroelectronics.X-CUBE-TCPP.4.2.0
2026-07-25 01:58:47,811 [WARN] PackLoader:240 - Cannot read IP mode file for RealThread.X-CUBE-RT-Thread_Nano.4.1.1
2026-07-25 01:58:47,826 [WARN] PackLoader:240 - Cannot read IP mode file for STMicroelectronics.FP-ATR-SIGFOX1.3.2.0
2026-07-25 01:58:47,842 [WARN] ConditionMgr:438 - getConditionDescription Invalid condition id : Cortex-A Device cause : null
2026-07-25 01:58:47,859 [WARN] ConditionMgr:1044 - genDependencies : Invalid condition id : Cortex-A Device cause : null
2026-07-25 01:58:47,859 [WARN] ConditionMgr:1044 - genDependencies : Invalid condition id : Cortex-A Device cause : null
2026-07-25 01:58:47,859 [WARN] ConditionMgr:1044 - genDependencies : Invalid condition id : Cortex-A Device cause : null
2026-07-25 01:58:47,874 [WARN] PackLoader:240 - Cannot read IP mode file for STMicroelectronics.X-CUBE-EEPRMA1.5.1.0
2026-07-25 01:58:47,888 [ERROR] Engine:466 - C:\Users\Bruno\.stm32cubemx\thirdparties\pdsc\STMicroelectronics.X-CUBE-FREERTOS.1.5.0.pdsc: PDSC version is not supported
2026-07-25 01:58:47,925 [WARN] PackLoader:240 - Cannot read IP mode file for emotas.I-CUBE-CANOPEN.1.1.2
2026-07-25 01:58:47,957 [WARN] PackLoader:240 - Cannot read IP mode file for STMicroelectronics.X-CUBE-TOUCHGFX.4.20.0
2026-07-25 01:58:47,999 [WARN] PackLoader:240 - Cannot read IP mode file for ITTIA_DB.I-CUBE-ITTIADB.8.9.0
2026-07-25 01:58:48,021 [WARN] PackLoader:240 - Cannot read IP mode file for STMicroelectronics.X-CUBE-NFC6.3.2.0
2026-07-25 01:58:48,069 [WARN] PackLoader:240 - Cannot read IP mode file for STMicroelectronics.X-CUBE-ST67W61.1.0.0
2026-07-25 01:58:48,083 [WARN] PackLoader:240 - Cannot read IP mode file for STMicroelectronics.X-CUBE-AI.10.2.1
2026-07-25 01:58:48,099 [WARN] PackLoader:240 - Cannot read IP mode file for STMicroelectronics.X-CUBE-AI.10.2.0
2026-07-25 01:58:48,152 [WARN] PackLoader:240 - Cannot read IP mode file for STMicroelectronics.X-CUBE-MEMS1.12.1.0
2026-07-25 01:58:48,311 [WARN] PackLoader:240 - Cannot read IP mode file for SEGGER.I-CUBE-embOS.1.3.1
2026-07-25 01:58:48,365 [WARN] PackLoader:240 - Cannot read IP mode file for STMicroelectronics.X-CUBE-ALGOBUILD.1.4.0
2026-07-25 01:58:48,420 [WARN] PackLoader:240 - Cannot read IP mode file for STMicroelectronics.X-CUBE-MEMS1.11.3.0
2026-07-25 01:58:48,577 [WARN] PackLoader:240 - Cannot read IP mode file for STMicroelectronics.X-CUBE-AI.9.1.0
2026-07-25 01:58:48,594 [WARN] PackLoader:240 - Cannot read IP mode file for STMicroelectronics.X-CUBE-NFC13.1.0.0
2026-07-25 01:58:48,610 [WARN] PackLoader:240 - Cannot read IP mode file for STMicroelectronics.X-CUBE-PM33A1.1.0.0
2026-07-25 01:58:48,626 [WARN] PackLoader:240 - Cannot read IP mode file for STMicroelectronics.X-CUBE-GNSS1.6.0.0
2026-07-25 01:58:48,680 [WARN] PackLoader:240 - Cannot read IP mode file for STMicroelectronics.X-CUBE-AZRTOS-F4.1.1.0
2026-07-25 01:58:48,698 [WARN] PackLoader:240 - Cannot read IP mode file for Avnet-IotConnect.X-CUBE-IoTC-DA16k-PMOD.1.0.0
2026-07-25 01:58:48,714 [WARN] PackLoader:240 - Cannot read IP mode file for STMicroelectronics.X-CUBE-ISPU.2.1.0
2026-07-25 01:58:48,731 [ERROR] Engine:466 - C:\Users\Bruno\.stm32cubemx\thirdparties\pdsc\STMicroelectronics.X-CUBE-IPS.3.2.0.pdsc: PDSC version is not supported
2026-07-25 01:58:48,756 [WARN] PackLoader:240 - Cannot read IP mode file for STMicroelectronics.eDS-WB_DPC_TT-BIDIR.2.1.1
2026-07-25 01:58:48,773 [WARN] PackLoader:240 - Cannot read IP mode file for STMicroelectronics.X-CUBE-FREERTOS.1.2.0
2026-07-25 01:58:48,790 [WARN] PackLoader:240 - Cannot read IP mode file for STMicroelectronics.X-CUBE-NFC12.1.0.0
2026-07-25 01:58:48,825 [WARN] PackLoader:240 - Cannot read IP mode file for STMicroelectronics.X-CUBE-AZRTOS-L5.2.0.0
2026-07-25 01:58:48,843 [WARN] PackLoader:240 - Cannot read IP mode file for STMicroelectronics.X-CUBE-NFC6.3.1.0
2026-07-25 01:58:48,859 [WARN] PackLoader:240 - Cannot read IP mode file for STMicroelectronics.X-CUBE-ALGOBUILD.1.5.0
2026-07-25 01:58:48,874 [WARN] PackLoader:240 - Cannot read IP mode file for STMicroelectronics.X-CUBE-DPower.1.2.0
2026-07-25 01:58:48,889 [WARN] PackLoader:240 - Cannot read IP mode file for STMicroelectronics.eDS-WB_DPC_VIENNA.1.2.0
2026-07-25 01:58:48,903 [WARN] PackLoader:240 - Cannot read IP mode file for STMicroelectronics.eDS-WB_DPC_3PH2L-BIDIR.1.1.1
2026-07-25 01:58:48,917 [WARN] PackLoader:240 - Cannot read IP mode file for STMicroelectronics.X-CUBE-NFC4.2.0.4
2026-07-25 01:58:48,932 [ERROR] Engine:466 - C:\Users\Bruno\.stm32cubemx\thirdparties\pdsc\STMicroelectronics.X-CUBE-ST67W61.1.3.0.pdsc: PDSC version is not supported
2026-07-25 01:58:48,957 [WARN] PackLoader:240 - Cannot read IP mode file for STMicroelectronics.X-CUBE-AZRTOS-F4.1.0.0
2026-07-25 01:58:48,972 [WARN] PackLoader:240 - Cannot read IP mode file for STMicroelectronics.X-CUBE-FREERTOS.1.3.1
2026-07-25 01:58:48,986 [WARN] PackLoader:240 - Cannot read IP mode file for STMicroelectronics.X-CUBE-FREERTOS.1.3.0
2026-07-25 01:58:49,002 [WARN] PackLoader:240 - Cannot read IP mode file for STMicroelectronics.X-CUBE-NFC7.1.0.1
2026-07-25 01:58:49,017 [WARN] PackLoader:240 - Cannot read IP mode file for STMicroelectronics.X-CUBE-NFC7.1.0.0
2026-07-25 01:58:49,056 [WARN] PackLoader:240 - Cannot read IP mode file for STMicroelectronics.X-CUBE-TOUCHGFX.4.26.0
2026-07-25 01:58:49,071 [WARN] PackLoader:240 - Cannot read IP mode file for STMicroelectronics.X-CUBE-TOUCHGFX.4.26.1
2026-07-25 01:58:49,087 [WARN] PackLoader:240 - Cannot read IP mode file for STMicroelectronics.FP-SNS-STAIOTCFT.1.0.0
2026-07-25 01:58:49,102 [WARN] PackLoader:240 - Cannot read IP mode file for STMicroelectronics.X-CUBE-DPower.1.3.0
2026-07-25 01:58:49,131 [WARN] ConditionMgr:438 - getConditionDescription Invalid condition id : LAN8742 Phy interface Condition cause : null
2026-07-25 01:58:49,132 [WARN] PackLoader:240 - Cannot read IP mode file for STMicroelectronics.X-CUBE-AZRTOS-L4.2.0.0
2026-07-25 01:58:49,133 [WARN] ConditionMgr:1044 - genDependencies : Invalid condition id : LAN8742 Phy interface Condition cause : null
2026-07-25 01:58:49,133 [WARN] ConditionMgr:1044 - genDependencies : Invalid condition id : LAN8742 Phy interface Condition cause : null
2026-07-25 01:58:49,133 [WARN] ConditionMgr:1044 - genDependencies : Invalid condition id : LAN8742 Phy interface Condition cause : null
2026-07-25 01:58:49,195 [WARN] PackLoader:240 - Cannot read IP mode file for STMicroelectronics.X-CUBE-SFXS2LP1.4.0.0
2026-07-25 01:58:49,210 [WARN] PackLoader:240 - Cannot read IP mode file for STMicroelectronics.X-CUBE-WB05N.2.1.0
2026-07-25 01:58:49,315 [WARN] PackLoader:240 - Cannot read IP mode file for STMicroelectronics.X-CUBE-AZRTOS-H7.3.3.0
2026-07-25 01:58:49,339 [WARN] PackLoader:240 - Cannot read IP mode file for RoweBots.I-CUBE-UNISONRTOS.5.5.0-4
2026-07-25 01:58:49,427 [WARN] PackLoader:240 - Cannot read IP mode file for wolfSSL.I-CUBE-wolfSSL.5.4.0
2026-07-25 01:58:49,445 [WARN] PackLoader:240 - Cannot read IP mode file for STMicroelectronics.X-CUBE-BLEMGR.4.1.0
2026-07-25 01:58:49,466 [WARN] PackLoader:240 - Cannot read IP mode file for STMicroelectronics.X-CUBE-IPS.3.0.0
2026-07-25 01:58:49,492 [WARN] ConditionMgr:438 - getConditionDescription Invalid condition id : UX DEVICE CLASS RTOS Condition cause : null
2026-07-25 01:58:49,493 [WARN] ConditionMgr:438 - getConditionDescription Invalid condition id : UX DEVICE CLASS RTOS Condition cause : null
2026-07-25 01:58:49,494 [WARN] PackLoader:240 - Cannot read IP mode file for STMicroelectronics.X-CUBE-AZRTOS-WB.2.0.0
2026-07-25 01:58:49,494 [WARN] ConditionMgr:1044 - genDependencies : Invalid condition id : UX DEVICE CLASS RTOS Condition cause : null
2026-07-25 01:58:49,494 [WARN] ConditionMgr:1044 - genDependencies : Invalid condition id : UX DEVICE CLASS RTOS Condition cause : null
2026-07-25 01:58:49,495 [WARN] ConditionMgr:1044 - genDependencies : Invalid condition id : UX DEVICE CLASS RTOS Condition cause : null
2026-07-25 01:58:49,495 [WARN] ConditionMgr:1044 - genDependencies : Invalid condition id : UX DEVICE CLASS RTOS Condition cause : null
2026-07-25 01:58:49,495 [WARN] ConditionMgr:1044 - genDependencies : Invalid condition id : UX DEVICE CLASS RTOS Condition cause : null
2026-07-25 01:58:49,542 [WARN] PackLoader:240 - Cannot read IP mode file for STMicroelectronics.X-CUBE-GNSS1.7.0.0
2026-07-25 01:58:49,556 [WARN] PackLoader:240 - Cannot read IP mode file for STMicroelectronics.X-CUBE-GNSS1.7.0.1
2026-07-25 01:58:49,573 [WARN] PackLoader:240 - Cannot read IP mode file for STMicroelectronics.X-CUBE-BLEMGR.1.0.0
2026-07-25 01:58:49,590 [WARN] PackLoader:240 - Cannot read IP mode file for STMicroelectronics.X-CUBE-TOUCHGFX.4.25.0
2026-07-25 01:58:49,606 [WARN] PackLoader:240 - Cannot read IP mode file for STMicroelectronics.FP-SNS-STBOX1.2.0.0
2026-07-25 01:58:49,639 [WARN] PackLoader:240 - Cannot read IP mode file for STMicroelectronics.X-CUBE-STSE01.2.0.0
2026-07-25 01:58:49,662 [WARN] PackLoader:240 - Cannot read IP mode file for STMicroelectronics.X-CUBE-SUBG2.5.0.0
2026-07-25 01:58:49,806 [WARN] PackLoader:240 - Cannot read IP mode file for STMicroelectronics.X-CUBE-AZRTOS-H7RS.1.1.0
2026-07-25 01:58:49,824 [WARN] PackLoader:240 - Cannot read IP mode file for Cesanta.I-CUBE-Mongoose.7.13.0
2026-07-25 01:58:49,855 [WARN] PackLoader:240 - Cannot read IP mode file for STMicroelectronics.X-CUBE-AZRTOS-G4.2.0.0
2026-07-25 01:58:49,873 [WARN] PackLoader:240 - Cannot read IP mode file for STMicroelectronics.FP-ATR-ASTRA1.1.1.0
2026-07-25 01:58:49,889 [WARN] PackLoader:240 - Cannot read IP mode file for STMicroelectronics.X-CUBE-NFC7.2.0.0
2026-07-25 01:58:49,917 [WARN] PackLoader:240 - Cannot read IP mode file for STMicroelectronics.X-CUBE-AZRTOS-G4.1.0.0
2026-07-25 01:58:49,950 [WARN] PackLoader:240 - Cannot read IP mode file for STMicroelectronics.X-CUBE-AZRTOS-L4.1.0.0
2026-07-25 01:58:49,981 [WARN] PackLoader:240 - Cannot read IP mode file for STMicroelectronics.X-CUBE-IPS.3.1.0
2026-07-25 01:58:49,999 [ERROR] Engine:466 - C:\Users\Bruno\.stm32cubemx\thirdparties\pdsc\STMicroelectronics.X-CUBE-BLEMGR.4.2.0.pdsc: PDSC version is not supported
2026-07-25 01:58:50,037 [WARN] PackLoader:240 - Cannot read IP mode file for STMicroelectronics.X-CUBE-ALS.1.0.2
2026-07-25 01:58:50,053 [WARN] PackLoader:240 - Cannot read IP mode file for STMicroelectronics.X-CUBE-TOUCHGFX.4.24.2
2026-07-25 01:58:50,076 [WARN] PackLoader:240 - Cannot read IP mode file for STMicroelectronics.X-CUBE-AZRTOS-WL.1.0.0
2026-07-25 01:58:50,091 [WARN] PackLoader:240 - Cannot read IP mode file for STMicroelectronics.X-CUBE-TOUCHGFX.4.24.1
2026-07-25 01:58:50,109 [WARN] PackLoader:240 - Cannot read IP mode file for STMicroelectronics.X-CUBE-STSE01.1.0.0
2026-07-25 01:58:50,123 [WARN] PackLoader:240 - Cannot read IP mode file for wolfSSL.I-CUBE-wolfTPM.3.4.0
2026-07-25 01:58:50,139 [WARN] PackLoader:240 - Cannot read IP mode file for portGmbH.I-Cube-SoM-uGOAL.1.1.0
2026-07-25 01:58:50,153 [WARN] PackLoader:240 - Cannot read IP mode file for STMicroelectronics.X-CUBE-ALS.1.0.1
2026-07-25 01:58:50,178 [WARN] PackLoader:240 - Cannot read IP mode file for STMicroelectronics.X-CUBE-AZRTOS-L5.1.0.0
2026-07-25 01:58:50,194 [WARN] PackLoader:240 - Cannot read IP mode file for STMicroelectronics.X-CUBE-EEPRMA1.3.1.1
2026-07-25 01:58:50,227 [WARN] PackLoader:240 - Cannot read IP mode file for STMicroelectronics.X-CUBE-AZRTOS-H7RS.1.0.0
2026-07-25 01:58:50,245 [WARN] PackLoader:240 - Cannot read IP mode file for STMicroelectronics.FP-ATR-ASTRA1.2.0.0
2026-07-25 01:58:50,270 [WARN] PackLoader:240 - Cannot read IP mode file for STMicroelectronics.X-CUBE-TOF1.3.4.2
2026-07-25 01:58:50,296 [WARN] PackLoader:240 - Cannot read IP mode file for STMicroelectronics.X-CUBE-TOF1.3.4.3
2026-07-25 01:58:50,361 [WARN] PackLoader:240 - Cannot read IP mode file for Infineon.AIROC-Wi-Fi-Bluetooth-STM32.1.6.1
2026-07-25 01:58:50,384 [WARN] PackLoader:240 - Cannot read IP mode file for wolfSSL.I-CUBE-wolfSSH.1.4.17
2026-07-25 01:58:50,384 [INFO] ThirdParty:978 - Integrity check success = true
2026-07-25 01:58:50,384 [INFO] IntegrityCheckThread:100 - exiting critical section [integrity check]
2026-07-25 01:58:50,384 [INFO] IntegrityCheckThread:103 - End integrity checks thread
2026-07-25 01:58:50,720 [INFO] WebApp:449 - Apply proxy settings
2026-07-25 01:58:50,721 [INFO] WebApp:534 - Chromium requires no authentication
2026-07-25 01:58:50,751 [INFO] WebApp:477 - Direct internet connection detected
2026-07-25 01:58:50,812 [INFO] WebApp:880 - Register for checkConnection events
2026-07-25 01:58:50,812 [INFO] WebApp:449 - Apply proxy settings
2026-07-25 01:58:50,812 [INFO] WebApp:534 - Chromium requires no authentication
2026-07-25 01:58:50,813 [INFO] WebApp:477 - Direct internet connection detected
2026-07-25 01:58:50,980 [INFO] WebApp:187 - Connection restablished
2026-07-25 01:58:51,219 [INFO] WebApp:221 - Starting web application
2026-07-25 01:58:51,219 [INFO] WebApp:579 - Web application path used C:\ST\STM32CubeIDE_1.16.1\STM32CubeIDE\plugins\com.st.stm32cube.common.mx_6.13.0.202411220809\db\plugins\mcufinder\reactClient1\index.html
2026-07-25 01:58:53,253 [INFO] UserAuth:486 - Internet connection configuration mode: 1
