2025-04-04 16:14:28,674 [INFO] Activator:176 - 


2025-04-04 16:14:28,680 [INFO] Activator:177 - !SESSION log4j initialized
2025-04-04 16:14:42,975 [INFO] LogOutputStream:77 - [STDOUT_REDIRECT] 
2025-04-04 16:17:57,509 [INFO] ApplicationProperties:184 - Using Application install path: C:\ST\STM32CubeIDE_1.16.1\STM32CubeIDE\plugins\com.st.stm32cube.common.mx_6.13.0.202411220809
2025-04-04 16:17:57,525 [INFO] DbMcusXml:78 - Set database path to: C:\ST\STM32CubeIDE_1.16.1\STM32CubeIDE\plugins\com.st.stm32cube.common.mx_6.13.0.202411220809\\db\/mcu/
2025-04-04 16:17:57,526 [INFO] ApiDb:274 - Set plugin database path to: C:\ST\STM32CubeIDE_1.16.1\STM32CubeIDE\plugins\com.st.stm32cube.common.mx_6.13.0.202411220809\\db\/plugins/boardmanager/
2025-04-04 16:17:57,526 [WARN] ApiDb:259 - Overriding images path with different value:  => C:\ST\STM32CubeIDE_1.16.1\STM32CubeIDE\plugins\com.st.stm32cube.common.mx_6.13.0.202411220809\\db\/plugins/mcufinder/images/
2025-04-04 16:17:57,541 [INFO] ApiDb:250 - Set database path to: C:\Users\Bruno\.stmcufinder\plugins\mcufinder//mcu/
2025-04-04 16:17:57,542 [INFO] DbMcusAds:125 - Set database path to: C:\Users\Bruno\.stmcufinder\plugins\mcufinder//mcu/
2025-04-04 16:17:57,596 [INFO] CrossReferenceDbSqlite:203 - Set database path to: C:\Users\Bruno\.stmcufinder\plugins\mcufinder//mcu/cs/
2025-04-04 16:17:57,786 [INFO] RulesReader:64 - Compatibility file has been processed (297 Rules)
2025-04-04 16:17:57,942 [INFO] DbMcusXml:78 - Set database path to: C:\ST\STM32CubeIDE_1.16.1\STM32CubeIDE\plugins\com.st.stm32cube.common.mx_6.13.0.202411220809\\db\/mcu/
2025-04-04 16:17:57,942 [INFO] ApiDb:274 - Set plugin database path to: C:\ST\STM32CubeIDE_1.16.1\STM32CubeIDE\plugins\com.st.stm32cube.common.mx_6.13.0.202411220809\\db\/plugins/boardmanager/
2025-04-04 16:17:57,942 [INFO] ApiDb:261 - Set plugin images path to: C:\ST\STM32CubeIDE_1.16.1\STM32CubeIDE\plugins\com.st.stm32cube.common.mx_6.13.0.202411220809\\db\/plugins/mcufinder/images/
2025-04-04 16:17:57,942 [WARN] DbFile:41 - Overriding database path with different value: C:\Users\Bruno\.stmcufinder\plugins\mcufinder/ => C:\Users\Bruno\.stmcufinder\plugins\mcufinder
2025-04-04 16:17:57,942 [INFO] ApiDb:250 - Set database path to: C:\Users\Bruno\.stmcufinder\plugins\mcufinder//mcu/
2025-04-04 16:17:57,943 [WARN] DbFile:41 - Overriding database path with different value: C:\Users\Bruno\.stmcufinder\plugins\mcufinder/ => C:\Users\Bruno\.stmcufinder\plugins\mcufinder
2025-04-04 16:17:57,943 [INFO] DbMcusAds:125 - Set database path to: C:\Users\Bruno\.stmcufinder\plugins\mcufinder//mcu/
2025-04-04 16:17:57,943 [WARN] DbFile:41 - Overriding database path with different value: C:\Users\Bruno\.stmcufinder\plugins\mcufinder/ => C:\Users\Bruno\.stmcufinder\plugins\mcufinder
2025-04-04 16:17:57,943 [WARN] DbFile:41 - Overriding database path with different value: C:\Users\Bruno\.stmcufinder\plugins\mcufinder/ => C:\Users\Bruno\.stmcufinder\plugins\mcufinder
2025-04-04 16:17:57,943 [INFO] CrossReferenceDbSqlite:203 - Set database path to: C:\Users\Bruno\.stmcufinder\plugins\mcufinder//mcu/cs/
2025-04-04 16:17:58,048 [INFO] MainPanel:272 - HeapMemory: 1073741824
2025-04-04 16:17:58,326 [INFO] DbMcusXml:78 - Set database path to: C:\ST\STM32CubeIDE_1.16.1\STM32CubeIDE\plugins\com.st.stm32cube.common.mx_6.13.0.202411220809\\db\/mcu/
2025-04-04 16:17:58,326 [INFO] ApiDb:274 - Set plugin database path to: C:\ST\STM32CubeIDE_1.16.1\STM32CubeIDE\plugins\com.st.stm32cube.common.mx_6.13.0.202411220809\\db\/plugins/boardmanager/
2025-04-04 16:17:58,326 [INFO] ApiDb:261 - Set plugin images path to: C:\ST\STM32CubeIDE_1.16.1\STM32CubeIDE\plugins\com.st.stm32cube.common.mx_6.13.0.202411220809\\db\/plugins/mcufinder/images/
2025-04-04 16:17:58,326 [WARN] DbFile:41 - Overriding database path with different value: C:\Users\Bruno\.stmcufinder\plugins\mcufinder/ => C:\Users\Bruno\.stmcufinder\plugins\mcufinder
2025-04-04 16:17:58,326 [INFO] ApiDb:250 - Set database path to: C:\Users\Bruno\.stmcufinder\plugins\mcufinder//mcu/
2025-04-04 16:17:58,326 [WARN] DbFile:41 - Overriding database path with different value: C:\Users\Bruno\.stmcufinder\plugins\mcufinder/ => C:\Users\Bruno\.stmcufinder\plugins\mcufinder
2025-04-04 16:17:58,326 [INFO] DbMcusAds:125 - Set database path to: C:\Users\Bruno\.stmcufinder\plugins\mcufinder//mcu/
2025-04-04 16:17:58,326 [WARN] DbFile:41 - Overriding database path with different value: C:\Users\Bruno\.stmcufinder\plugins\mcufinder/ => C:\Users\Bruno\.stmcufinder\plugins\mcufinder
2025-04-04 16:17:58,326 [WARN] DbFile:41 - Overriding database path with different value: C:\Users\Bruno\.stmcufinder\plugins\mcufinder/ => C:\Users\Bruno\.stmcufinder\plugins\mcufinder
2025-04-04 16:17:58,327 [INFO] CrossReferenceDbSqlite:203 - Set database path to: C:\Users\Bruno\.stmcufinder\plugins\mcufinder//mcu/cs/
2025-04-04 16:17:58,348 [INFO] ApplicationProperties:184 - Using Application install path: C:\ST\STM32CubeIDE_1.16.1\STM32CubeIDE\plugins\com.st.stm32cube.common.mx_6.13.0.202411220809
2025-04-04 16:17:58,349 [INFO] PluginManage:196 - Search for loadable plugins [exclusion list=, ]
2025-04-04 16:17:58,351 [INFO] PluginManage:310 - Check plugin analytics
2025-04-04 16:17:58,618 [INFO] AnalyticsPlugin:253 - Accepted Software Licenses: STM32CubeMX.6.6.1,STM32CubeMX.6.13.0
2025-04-04 16:17:58,619 [INFO] AnalyticsPlugin:255 - Accepted CMSIS Pack Licenses: 
2025-04-04 16:17:58,619 [INFO] AnalyticsPlugin:257 - Accepted Firmware Licenses: FW.G0.1.6.0,FW.F4.1.28.0
2025-04-04 16:17:58,619 [INFO] PluginManage:359 - Loaded plugin analytics (category:tool,tabindex:-1)
2025-04-04 16:17:58,619 [INFO] PluginManage:310 - Check plugin cadmodel
2025-04-04 16:17:58,689 [INFO] CADModel:105 - Init CAD model plugin
2025-04-04 16:17:58,689 [INFO] PluginManage:359 - Loaded plugin cadmodel (category:power,tabindex:5)
2025-04-04 16:17:58,689 [INFO] PluginManage:310 - Check plugin clock
2025-04-04 16:17:58,713 [INFO] PluginManage:359 - Loaded plugin clock (category:base,tabindex:2)
2025-04-04 16:17:58,713 [INFO] PluginManage:310 - Check plugin ddr
2025-04-04 16:17:58,716 [INFO] PluginManage:359 - Loaded plugin ddr (category:tool,tabindex:6)
2025-04-04 16:17:58,716 [INFO] PluginManage:310 - Check plugin filemanager
2025-04-04 16:17:58,856 [INFO] PluginManage:359 - Loaded plugin filemanager (category:base,tabindex:10)
2025-04-04 16:17:58,856 [INFO] PluginManage:310 - Check plugin ipmanager
2025-04-04 16:17:58,864 [INFO] PluginManage:359 - Loaded plugin ipmanager (category:base,tabindex:5)
2025-04-04 16:17:58,864 [INFO] PluginManage:310 - Check plugin lpbam
2025-04-04 16:17:58,886 [INFO] PluginManage:359 - Loaded plugin lpbam (category:base,tabindex:0)
2025-04-04 16:17:58,886 [INFO] PluginManage:310 - Check plugin memorymap
2025-04-04 16:17:58,915 [INFO] PluginManage:359 - Loaded plugin memorymap (category:base,tabindex:4)
2025-04-04 16:17:58,915 [INFO] PluginManage:310 - Check plugin pinoutandconfiguration
2025-04-04 16:17:58,937 [INFO] PluginManage:359 - Loaded plugin pinoutandconfiguration (category:base,tabindex:1)
2025-04-04 16:17:58,937 [INFO] PluginManage:310 - Check plugin pinoutconfig
2025-04-04 16:17:59,038 [WARN] SupportedApi:132 - Cannot load RTOS API schema: s4s-elt-must-match.1: The content of 'definitions' must match (annotation?, (simpleType | complexType)?, (unique | key | keyref)*)). A problem was found starting at: attribute.
2025-04-04 16:17:59,180 [INFO] PluginManage:359 - Loaded plugin pinoutconfig (category:base,tabindex:0)
2025-04-04 16:17:59,180 [INFO] PluginManage:310 - Check plugin power
2025-04-04 16:17:59,205 [INFO] PluginManage:359 - Loaded plugin power (category:power,tabindex:4)
2025-04-04 16:17:59,205 [INFO] PluginManage:310 - Check plugin projectmanager
2025-04-04 16:17:59,219 [INFO] PluginManage:359 - Loaded plugin projectmanager (category:projectmanager,tabindex:4)
2025-04-04 16:17:59,219 [INFO] PluginManage:310 - Check plugin rif
2025-04-04 16:17:59,239 [INFO] PluginManage:359 - Loaded plugin rif (category:base,tabindex:3)
2025-04-04 16:17:59,239 [INFO] PluginManage:310 - Check plugin thirdparty
2025-04-04 16:17:59,560 [INFO] PluginManage:359 - Loaded plugin thirdparty (category:base,tabindex:-1)
2025-04-04 16:17:59,560 [WARN] IntegrityCheckThread:84 - waiting for thirdparty lock release [integrity check]
2025-04-04 16:17:59,560 [INFO] PluginManage:310 - Check plugin tools
2025-04-04 16:17:59,560 [INFO] IntegrityCheckThread:86 - entering critical section [integrity check]
2025-04-04 16:17:59,561 [INFO] ThirdPartyUpdaterWithRetryManager:70 - Updater plugin not ready yet. [1/15]
2025-04-04 16:17:59,613 [INFO] PluginManage:359 - Loaded plugin tools (category:base,tabindex:7)
2025-04-04 16:17:59,613 [INFO] PluginManage:310 - Check plugin tutovideos
2025-04-04 16:17:59,814 [INFO] PluginManage:359 - Loaded plugin tutovideos (category:base,tabindex:-1)
2025-04-04 16:17:59,814 [INFO] PluginManage:310 - Check plugin updater
2025-04-04 16:17:59,858 [INFO] PluginManage:359 - Loaded plugin updater (category:base,tabindex:12)
2025-04-04 16:17:59,858 [INFO] PluginManage:310 - Check plugin userauth
2025-04-04 16:17:59,862 [INFO] UserAuth:118 - Init User Auth plugin
2025-04-04 16:17:59,863 [INFO] PluginManage:359 - Loaded plugin userauth (category:base,tabindex:14)
2025-04-04 16:17:59,864 [INFO] PluginManage:283 - PluginManage : Loaded plugins [18]
2025-04-04 16:18:00,136 [INFO] PinOutPanel:1589 - setPackage(No Configuration,No Configuration)
2025-04-04 16:18:00,225 [INFO] CADModel:165 - CPN selected for project level
2025-04-04 16:18:00,225 [INFO] CADModel:114 - Register for checkConnection events
2025-04-04 16:18:00,258 [INFO] IPUIPlugin:80 - create IPUIPlugin
2025-04-04 16:18:00,258 [INFO] PluginManager:220 - loadIPPluginJar : add adc
2025-04-04 16:18:00,314 [INFO] IPUIPlugin:80 - create IPUIPlugin
2025-04-04 16:18:00,314 [INFO] PluginManager:220 - loadIPPluginJar : add aes
2025-04-04 16:18:00,375 [INFO] IPUIPlugin:80 - create IPUIPlugin
2025-04-04 16:18:00,376 [INFO] PluginManager:220 - loadIPPluginJar : add can
2025-04-04 16:18:00,411 [INFO] IPUIPlugin:80 - create IPUIPlugin
2025-04-04 16:18:00,411 [INFO] PluginManager:220 - loadIPPluginJar : add comp
2025-04-04 16:18:00,459 [INFO] IPUIPlugin:80 - create IPUIPlugin
2025-04-04 16:18:00,459 [INFO] PluginManager:220 - loadIPPluginJar : add cryp
2025-04-04 16:18:00,475 [INFO] IPUIPlugin:80 - create IPUIPlugin
2025-04-04 16:18:00,475 [INFO] PluginManager:220 - loadIPPluginJar : add ddr_ctrl_phy
2025-04-04 16:18:00,520 [INFO] IPUIPlugin:80 - create IPUIPlugin
2025-04-04 16:18:00,520 [INFO] PluginManager:220 - loadIPPluginJar : add dfsdm
2025-04-04 16:18:00,538 [INFO] IPUIPlugin:80 - create IPUIPlugin
2025-04-04 16:18:00,538 [INFO] PluginManager:220 - loadIPPluginJar : add dma
2025-04-04 16:18:00,592 [INFO] IPUIPlugin:80 - create IPUIPlugin
2025-04-04 16:18:00,592 [INFO] PluginManager:220 - loadIPPluginJar : add dma3
2025-04-04 16:18:00,652 [INFO] IPUIPlugin:80 - create IPUIPlugin
2025-04-04 16:18:00,652 [INFO] PluginManager:220 - loadIPPluginJar : add extmemmanager
2025-04-04 16:18:00,680 [INFO] IPUIPlugin:80 - create IPUIPlugin
2025-04-04 16:18:00,680 [INFO] PluginManager:220 - loadIPPluginJar : add fatfs
2025-04-04 16:18:00,747 [INFO] IPUIPlugin:80 - create IPUIPlugin
2025-04-04 16:18:00,747 [INFO] PluginManager:220 - loadIPPluginJar : add fmc
2025-04-04 16:18:00,765 [INFO] IPUIPlugin:80 - create IPUIPlugin
2025-04-04 16:18:00,765 [INFO] PluginManager:220 - loadIPPluginJar : add freertos
2025-04-04 16:18:00,793 [INFO] IPUIPlugin:80 - create IPUIPlugin
2025-04-04 16:18:00,793 [INFO] PluginManager:220 - loadIPPluginJar : add genericplugin
2025-04-04 16:18:00,926 [INFO] IPUIPlugin:80 - create IPUIPlugin
2025-04-04 16:18:00,926 [INFO] PluginManager:220 - loadIPPluginJar : add gfxmmu
2025-04-04 16:18:01,124 [INFO] IPUIPlugin:80 - create IPUIPlugin
2025-04-04 16:18:01,124 [INFO] PluginManager:220 - loadIPPluginJar : add gic
2025-04-04 16:18:01,142 [INFO] IPUIPlugin:80 - create IPUIPlugin
2025-04-04 16:18:01,144 [INFO] PluginManager:220 - loadIPPluginJar : add gpio
2025-04-04 16:18:01,274 [INFO] IPUIPlugin:80 - create IPUIPlugin
2025-04-04 16:18:01,274 [INFO] PluginManager:220 - loadIPPluginJar : add gtzc
2025-04-04 16:18:01,321 [INFO] IPUIPlugin:80 - create IPUIPlugin
2025-04-04 16:18:01,321 [INFO] PluginManager:220 - loadIPPluginJar : add hash
2025-04-04 16:18:01,395 [INFO] IPUIPlugin:80 - create IPUIPlugin
2025-04-04 16:18:01,395 [INFO] PluginManager:220 - loadIPPluginJar : add i2c
2025-04-04 16:18:01,451 [INFO] IPUIPlugin:80 - create IPUIPlugin
2025-04-04 16:18:01,452 [INFO] PluginManager:220 - loadIPPluginJar : add i2s
2025-04-04 16:18:01,515 [INFO] IPUIPlugin:80 - create IPUIPlugin
2025-04-04 16:18:01,515 [INFO] PluginManager:220 - loadIPPluginJar : add i3c
2025-04-04 16:18:01,672 [INFO] IPUIPlugin:80 - create IPUIPlugin
2025-04-04 16:18:01,673 [INFO] PluginManager:220 - loadIPPluginJar : add ipddr
2025-04-04 16:18:01,811 [INFO] IPUIPlugin:80 - create IPUIPlugin
2025-04-04 16:18:01,811 [INFO] PluginManager:220 - loadIPPluginJar : add linkedlist
2025-04-04 16:18:01,867 [INFO] IPUIPlugin:80 - create IPUIPlugin
2025-04-04 16:18:01,867 [INFO] PluginManager:220 - loadIPPluginJar : add lorawan
2025-04-04 16:18:01,925 [INFO] IPUIPlugin:80 - create IPUIPlugin
2025-04-04 16:18:01,925 [INFO] PluginManager:220 - loadIPPluginJar : add ltdc
2025-04-04 16:18:01,944 [INFO] IPUIPlugin:80 - create IPUIPlugin
2025-04-04 16:18:01,944 [INFO] PluginManager:220 - loadIPPluginJar : add mdma
2025-04-04 16:18:01,960 [INFO] IPUIPlugin:80 - create IPUIPlugin
2025-04-04 16:18:01,960 [INFO] PluginManager:220 - loadIPPluginJar : add nvic
2025-04-04 16:18:02,009 [INFO] IPUIPlugin:80 - create IPUIPlugin
2025-04-04 16:18:02,010 [INFO] PluginManager:220 - loadIPPluginJar : add opamp
2025-04-04 16:18:02,094 [INFO] IPUIPlugin:80 - create IPUIPlugin
2025-04-04 16:18:02,094 [INFO] PluginManager:220 - loadIPPluginJar : add openamp
2025-04-04 16:18:02,153 [INFO] IPUIPlugin:80 - create IPUIPlugin
2025-04-04 16:18:02,153 [INFO] PluginManager:220 - loadIPPluginJar : add pdm2pcm
2025-04-04 16:18:02,170 [INFO] IPUIPlugin:80 - create IPUIPlugin
2025-04-04 16:18:02,172 [INFO] PluginManager:220 - loadIPPluginJar : add plateformsettings
2025-04-04 16:18:02,203 [INFO] IPUIPlugin:80 - create IPUIPlugin
2025-04-04 16:18:02,203 [INFO] PluginManager:220 - loadIPPluginJar : add quadspi
2025-04-04 16:18:02,238 [INFO] IPUIPlugin:80 - create IPUIPlugin
2025-04-04 16:18:02,238 [INFO] PluginManager:220 - loadIPPluginJar : add radio
2025-04-04 16:18:02,255 [INFO] IPUIPlugin:80 - create IPUIPlugin
2025-04-04 16:18:02,255 [INFO] PluginManager:220 - loadIPPluginJar : add resmgrutility
2025-04-04 16:18:02,317 [INFO] IPUIPlugin:80 - create IPUIPlugin
2025-04-04 16:18:02,318 [INFO] PluginManager:220 - loadIPPluginJar : add sai
2025-04-04 16:18:02,366 [INFO] IPUIPlugin:80 - create IPUIPlugin
2025-04-04 16:18:02,366 [INFO] PluginManager:220 - loadIPPluginJar : add spi
2025-04-04 16:18:02,454 [INFO] IPUIPlugin:80 - create IPUIPlugin
2025-04-04 16:18:02,455 [INFO] PluginManager:220 - loadIPPluginJar : add stm32_wpan
2025-04-04 16:18:02,486 [INFO] IPUIPlugin:80 - create IPUIPlugin
2025-04-04 16:18:02,487 [INFO] PluginManager:220 - loadIPPluginJar : add tim
2025-04-04 16:18:02,562 [INFO] ThirdPartyUpdaterWithRetryManager:70 - Updater plugin not ready yet. [2/15]
2025-04-04 16:18:02,565 [INFO] IPUIPlugin:80 - create IPUIPlugin
2025-04-04 16:18:02,566 [INFO] PluginManager:220 - loadIPPluginJar : add touchsensing
2025-04-04 16:18:02,596 [INFO] IPUIPlugin:80 - create IPUIPlugin
2025-04-04 16:18:02,596 [INFO] PluginManager:220 - loadIPPluginJar : add tracer_emb
2025-04-04 16:18:02,628 [INFO] IPUIPlugin:80 - create IPUIPlugin
2025-04-04 16:18:02,628 [INFO] PluginManager:220 - loadIPPluginJar : add ts
2025-04-04 16:18:02,658 [INFO] IPUIPlugin:80 - create IPUIPlugin
2025-04-04 16:18:02,658 [INFO] PluginManager:220 - loadIPPluginJar : add tsc
2025-04-04 16:18:02,688 [INFO] IPUIPlugin:80 - create IPUIPlugin
2025-04-04 16:18:02,688 [INFO] PluginManager:220 - loadIPPluginJar : add ucpd
2025-04-04 16:18:02,747 [INFO] IPUIPlugin:80 - create IPUIPlugin
2025-04-04 16:18:02,747 [INFO] PluginManager:220 - loadIPPluginJar : add usart
2025-04-04 16:18:02,803 [INFO] IPUIPlugin:80 - create IPUIPlugin
2025-04-04 16:18:02,803 [INFO] PluginManager:220 - loadIPPluginJar : add usbx
2025-04-04 16:18:02,945 [FATAL] Updater:351 - Updater called before beeing initialized
2025-04-04 16:18:02,969 [INFO] RulesReader:64 - Compatibility file has been processed (297 Rules)
2025-04-04 16:18:02,979 [INFO] RulesReader:64 - Compatibility file has been processed (297 Rules)
2025-04-04 16:18:02,986 [INFO] CADModel:165 - CPN selected for project level
2025-04-04 16:18:02,986 [INFO] CADModel:114 - Register for checkConnection events
2025-04-04 16:18:02,986 [FATAL] Updater:351 - Updater called before beeing initialized
2025-04-04 16:18:02,986 [ERROR] CADModel:125 - Updater not yet initialized, retry later 
2025-04-04 16:18:03,151 [FATAL] Updater:351 - Updater called before beeing initialized
2025-04-04 16:18:03,152 [INFO] CADModel:165 - CPN selected for project level
2025-04-04 16:18:03,153 [INFO] CADModel:114 - Register for checkConnection events
2025-04-04 16:18:03,153 [FATAL] Updater:351 - Updater called before beeing initialized
2025-04-04 16:18:03,153 [ERROR] CADModel:125 - Updater not yet initialized, retry later 
2025-04-04 16:18:03,156 [FATAL] Updater:351 - Updater called before beeing initialized
2025-04-04 16:18:03,375 [FATAL] Updater:351 - Updater called before beeing initialized
2025-04-04 16:18:03,386 [INFO] DbMcusAds:53 - JSON generation date=Tue Dec 17 17:01:15 CET 2024 (1734451275143)
2025-04-04 16:18:03,386 [FATAL] Updater:351 - Updater called before beeing initialized
2025-04-04 16:18:03,430 [WARN] DetailPanel:346 - Failed to get advertising image, set to default
2025-04-04 16:18:03,738 [FATAL] Updater:351 - Updater called before beeing initialized
2025-04-04 16:18:03,740 [FATAL] Updater:351 - Updater called before beeing initialized
2025-04-04 16:18:03,740 [FATAL] Updater:351 - Updater called before beeing initialized
2025-04-04 16:18:03,740 [WARN] DetailPanel:346 - Failed to get advertising image, set to default
2025-04-04 16:18:03,741 [FATAL] Updater:351 - Updater called before beeing initialized
2025-04-04 16:18:03,805 [ERROR] Updater:1198 - MainUpdater not yet initialized. External WinMGr cannot be set.
2025-04-04 16:18:03,816 [INFO] Updater:1134 - Updater Version found : 6.13.0
2025-04-04 16:18:03,833 [INFO] ApplicationProperties:184 - Using Application install path: C:\ST\STM32CubeIDE_1.16.1\STM32CubeIDE\plugins\com.st.stm32cube.common.mx_6.13.0.202411220809
2025-04-04 16:18:04,256 [INFO] MainUpdater:2872 - connection check result : 10
2025-04-04 16:18:04,256 [INFO] MainUpdater:3566 - Updater definition file requires update
2025-04-04 16:18:04,257 [INFO] MainUpdater:289 - Updater Check For Update Now.
2025-04-04 16:18:04,257 [INFO] MicroXplorer:498 - Change Database Version : DB.6.0.130
2025-04-04 16:18:04,272 [INFO] McuFinderGlobals:63 - Set McuFinder mode to 2 (CubeIDE integrated)
2025-04-04 16:18:04,279 [INFO] UserAuth:486 - Internet connection configuration mode: 1
2025-04-04 16:18:04,312 [INFO] JxBrowserEngine:152 - Initiate JxBrowser Engine with user profile folder
2025-04-04 16:18:04,401 [INFO] ServerAccessManage:473 - Download File updaters.zip
2025-04-04 16:18:04,574 [INFO] FileExtend:240 - Unzip File : updaters.zip
2025-04-04 16:18:04,574 [INFO] FileExtend:255 - Standard Zip Deflate
2025-04-04 16:18:04,988 [INFO] ServerAccessManage:473 - Download File PacksControlFlags.xml
2025-04-04 16:18:05,080 [INFO] ServerAccessManage:473 - Download File cubemx.pidx
2025-04-04 16:18:05,509 [INFO] ServerAccessManage:473 - Download File STMicroelectronics.FP-SNS-FLIGHT1.pdsc
2025-04-04 16:18:05,564 [WARN] MainUpdater:1193 - Updater busy. Cannot search thirdparties
2025-04-04 16:18:05,564 [INFO] ThirdPartyUpdaterWithRetryManager:96 - Updater plugin is busy. [1/15]
2025-04-04 16:18:06,260 [INFO] ServerAccessManage:473 - Download File STMicroelectronics.X-CUBE-BLE1.pdsc
2025-04-04 16:18:06,855 [ERROR] ServerAccessManage:1089 - Problem, file not found on Server
2025-04-04 16:18:07,035 [INFO] ServerAccessManage:473 - Download File STMicroelectronics.X-CUBE-DPOWER.pdsc
2025-04-04 16:18:07,038 [INFO] WebApp:168 - Instantiating new browser for Auth
2025-04-04 16:18:07,244 [ERROR] ServerAccessManage:1089 - Problem, file not found on Server
2025-04-04 16:18:07,347 [ERROR] ServerAccessManage:1089 - Problem, file not found on Server
2025-04-04 16:18:07,452 [ERROR] ServerAccessManage:1089 - Problem, file not found on Server
2025-04-04 16:18:07,573 [ERROR] ServerAccessManage:1089 - Problem, file not found on Server
2025-04-04 16:18:07,682 [ERROR] ServerAccessManage:1089 - Problem, file not found on Server
2025-04-04 16:18:07,784 [ERROR] ServerAccessManage:1089 - Problem, file not found on Server
2025-04-04 16:18:07,852 [ERROR] ServerAccessManage:1089 - Problem, file not found on Server
2025-04-04 16:18:07,961 [ERROR] ServerAccessManage:1089 - Problem, file not found on Server
2025-04-04 16:18:08,067 [ERROR] ServerAccessManage:1089 - Problem, file not found on Server
2025-04-04 16:18:08,129 [ERROR] ServerAccessManage:1089 - Problem, file not found on Server
2025-04-04 16:18:08,247 [ERROR] ServerAccessManage:1089 - Problem, file not found on Server
2025-04-04 16:18:08,566 [WARN] MainUpdater:1193 - Updater busy. Cannot search thirdparties
2025-04-04 16:18:08,566 [INFO] ThirdPartyUpdaterWithRetryManager:96 - Updater plugin is busy. [2/15]
2025-04-04 16:18:08,726 [INFO] ServerAccessManage:473 - Download File STMicroelectronics.X-CUBE-TOUCHGFX.pdsc
2025-04-04 16:18:09,476 [INFO] WebApp:449 - Apply proxy settings
2025-04-04 16:18:09,477 [INFO] WebApp:534 - Chromium requires no authentication
2025-04-04 16:18:09,530 [INFO] WebApp:477 - Direct internet connection detected
2025-04-04 16:18:09,595 [INFO] WebApp:880 - Register for checkConnection events
2025-04-04 16:18:09,595 [INFO] WebApp:449 - Apply proxy settings
2025-04-04 16:18:09,595 [INFO] WebApp:534 - Chromium requires no authentication
2025-04-04 16:18:09,597 [INFO] WebApp:477 - Direct internet connection detected
2025-04-04 16:18:09,973 [INFO] ServerAccessManage:473 - Download File STMicroelectronics.X-CUBE-AZRTOS-H7RS.pdsc
2025-04-04 16:18:09,982 [INFO] WebApp:187 - Connection restablished
2025-04-04 16:18:10,110 [INFO] WebApp:221 - Starting web application
2025-04-04 16:18:10,110 [INFO] WebApp:579 - Web application path used C:\ST\STM32CubeIDE_1.16.1\STM32CubeIDE\plugins\com.st.stm32cube.common.mx_6.13.0.202411220809\db\plugins\mcufinder\reactClient1\index.html
2025-04-04 16:18:10,958 [WARN] PackLoader:240 - Cannot read IP mode file for STMicroelectronics.FP-SNS-FLIGHT1.5.1.0
2025-04-04 16:18:10,967 [WARN] PackLoader:240 - Cannot read IP mode file for STMicroelectronics.X-CUBE-BLE1.7.1.0
2025-04-04 16:18:10,985 [WARN] PackLoader:240 - Cannot read IP mode file for STMicroelectronics.X-CUBE-DPower.1.3.0
2025-04-04 16:18:10,998 [WARN] PackLoader:240 - Cannot read IP mode file for STMicroelectronics.X-CUBE-TOUCHGFX.4.25.0
2025-04-04 16:18:11,039 [WARN] PackLoader:240 - Cannot read IP mode file for STMicroelectronics.X-CUBE-AZRTOS-H7RS.1.1.0
2025-04-04 16:18:11,042 [INFO] PopulateThirdPartyThread:66 - Ending populate Thread
2025-04-04 16:18:11,044 [INFO] ThirdParty:1030 - CMSIS Pack Vendor :STMicroelectronics FP-SNS-FLIGHT1 5.1.0
2025-04-04 16:18:11,044 [INFO] ThirdParty:1030 - CMSIS Pack Vendor :STMicroelectronics X-CUBE-DPower 1.3.0
2025-04-04 16:18:11,044 [INFO] ThirdParty:1030 - CMSIS Pack Vendor :STMicroelectronics X-CUBE-BLE1 7.1.0
2025-04-04 16:18:11,044 [INFO] ThirdParty:1030 - CMSIS Pack Vendor :STMicroelectronics X-CUBE-TOUCHGFX 4.25.0
2025-04-04 16:18:11,045 [INFO] ThirdParty:1030 - CMSIS Pack Vendor :STMicroelectronics X-CUBE-AZRTOS-H7RS 1.1.0
2025-04-04 16:18:11,045 [INFO] LoadServerUpdatesThread:375 - End of LoadServerUpdate Thread
2025-04-04 16:18:11,130 [INFO] UserAuth:486 - Internet connection configuration mode: 1
2025-04-04 16:18:11,153 [INFO] CheckServerUpdateThread:120 - End of CheckServer Thread
2025-04-04 16:18:12,126 [WARN] PackLoader:240 - Cannot read IP mode file for STMicroelectronics.FP-SNS-MOTENVWB1.1.4.0
2025-04-04 16:18:12,131 [WARN] PackLoader:240 - Cannot read IP mode file for STMicroelectronics.FP-ATR-ASTRA1.2.0.2
2025-04-04 16:18:12,146 [WARN] PackLoader:240 - Cannot read IP mode file for STMicroelectronics.FP-ATR-ASTRA1.2.0.1
2025-04-04 16:18:12,159 [WARN] PackLoader:240 - Cannot read IP mode file for STMicroelectronics.X-CUBE-SMBUS.2.1.0
2025-04-04 16:18:12,175 [WARN] PackLoader:240 - Cannot read IP mode file for STMicroelectronics.X-CUBE-WB05N.1.1.0
2025-04-04 16:18:12,236 [WARN] PackLoader:240 - Cannot read IP mode file for STMicroelectronics.X-CUBE-MEMS1.9.2.0
2025-04-04 16:18:12,545 [WARN] PackLoader:240 - Cannot read IP mode file for STMicroelectronics.X-CUBE-AZRTOS-F7.1.1.0
2025-04-04 16:18:12,561 [WARN] PackLoader:240 - Cannot read IP mode file for STMicroelectronics.X-CUBE-BLE1.6.2.3
2025-04-04 16:18:12,614 [WARN] PackLoader:240 - Cannot read IP mode file for STMicroelectronics.X-CUBE-MEMS1.11.0.0
2025-04-04 16:18:12,802 [WARN] PackLoader:240 - Cannot read IP mode file for STMicroelectronics.FP-SNS-FLIGHT1.5.0.2
2025-04-04 16:18:12,825 [WARN] PackLoader:240 - Cannot read IP mode file for STMicroelectronics.X-CUBE-TOF1.3.1.0
2025-04-04 16:18:12,849 [WARN] PackLoader:240 - Cannot read IP mode file for STMicroelectronics.X-CUBE-DISPLAY.3.0.0
2025-04-04 16:18:12,892 [WARN] PackLoader:240 - Cannot read IP mode file for STMicroelectronics.X-CUBE-BLE1.7.0.0
2025-04-04 16:18:12,912 [WARN] PackLoader:240 - Cannot read IP mode file for STMicroelectronics.X-CUBE-NFC10.1.0.0
2025-04-04 16:18:12,932 [WARN] PackLoader:240 - Cannot read IP mode file for STMicroelectronics.X-CUBE-BLEMGR.4.0.0
2025-04-04 16:18:12,952 [WARN] PackLoader:240 - Cannot read IP mode file for STMicroelectronics.X-CUBE-AI.7.2.0
2025-04-04 16:18:12,969 [WARN] PackLoader:240 - Cannot read IP mode file for STMicroelectronics.X-CUBE-BLEMGR.3.1.0
2025-04-04 16:18:12,984 [WARN] PackLoader:240 - Cannot read IP mode file for STMicroelectronics.X-CUBE-AI.10.0.0
2025-04-04 16:18:12,998 [WARN] PackLoader:240 - Cannot read IP mode file for STMicroelectronics.FP-SNS-SMARTAG2.1.2.0
2025-04-04 16:18:13,001 [WARN] PackLoader:240 - Cannot read IP mode file for STMicroelectronics.FP-SNS-FLIGHT1.5.1.0
2025-04-04 16:18:13,060 [WARN] PackLoader:240 - Cannot read IP mode file for STMicroelectronics.X-CUBE-MEMS1.11.1.0
2025-04-04 16:18:13,221 [INFO] LogOutputStream:77 - [STDOUT_REDIRECT] 1 : Invalid condition id : UX_CORESTACK_Condition cause : null
2025-04-04 16:18:13,222 [INFO] LogOutputStream:77 - [STDOUT_REDIRECT] 1 : Invalid condition id : UX_CORESTACK_Condition cause : null
2025-04-04 16:18:13,224 [INFO] LogOutputStream:77 - [STDOUT_REDIRECT] 1 : Invalid condition id : UX_CORESTACK_Condition cause : null
2025-04-04 16:18:13,227 [INFO] LogOutputStream:77 - [STDOUT_REDIRECT] 1 : Invalid condition id : UX_CORESTACK_Condition cause : null
2025-04-04 16:18:13,228 [INFO] LogOutputStream:77 - [STDOUT_REDIRECT] 1 : Invalid condition id : UX_CORESTACK_Condition cause : null
2025-04-04 16:18:13,230 [WARN] PackLoader:240 - Cannot read IP mode file for STMicroelectronics.X-CUBE-AZRTOS-WL.2.0.0
2025-04-04 16:18:13,245 [WARN] PackLoader:240 - Cannot read IP mode file for STMicroelectronics.FP-SNS-MOTENV1.5.0.0
2025-04-04 16:18:13,251 [WARN] PackLoader:240 - Cannot read IP mode file for wolfSSL.I-CUBE-wolfMQTT.1.19.0
2025-04-04 16:18:13,267 [WARN] PackLoader:240 - Cannot read IP mode file for WES.I-CUBE-Cesium.1.3.0
2025-04-04 16:18:13,281 [WARN] PackLoader:240 - Cannot read IP mode file for STMicroelectronics.X-CUBE-BLE2.3.3.0
2025-04-04 16:18:13,295 [WARN] PackLoader:240 - Cannot read IP mode file for STMicroelectronics.X-CUBE-DISPLAY.2.2.0
2025-04-04 16:18:13,314 [WARN] PackLoader:240 - Cannot read IP mode file for STMicroelectronics.X-CUBE-NFC9.1.0.0
2025-04-04 16:18:13,346 [WARN] PackLoader:240 - Cannot read IP mode file for STMicroelectronics.X-CUBE-AZRTOS-H7.2.1.0
2025-04-04 16:18:13,351 [WARN] PackLoader:240 - Cannot read IP mode file for STMicroelectronics.X-CUBE-BLE1.7.1.0
2025-04-04 16:18:13,365 [WARN] PackLoader:240 - Cannot read IP mode file for STMicroelectronics.X-CUBE-TCPP.4.1.0
2025-04-04 16:18:13,381 [WARN] PackLoader:240 - Cannot read IP mode file for STMicroelectronics.X-CUBE-ALGOBUILD.1.3.0
2025-04-04 16:18:13,409 [WARN] PackLoader:240 - Cannot read IP mode file for STMicroelectronics.X-CUBE-AZRTOS-G0.1.1.0
2025-04-04 16:18:13,425 [WARN] PackLoader:240 - Cannot read IP mode file for STMicroelectronics.X-CUBE-SAFEA1.1.2.2
2025-04-04 16:18:13,440 [WARN] PackLoader:240 - Cannot read IP mode file for STMicroelectronics.X-CUBE-NFC4.3.0.0
2025-04-04 16:18:13,476 [WARN] PackLoader:240 - Cannot read IP mode file for SEGGER.I-CUBE-embOS.1.2.0
2025-04-04 16:18:13,512 [WARN] PackLoader:240 - Cannot read IP mode file for EmbeddedOffice.I-CUBE-FS-RTOS.1.0.1
2025-04-04 16:18:13,528 [WARN] PackLoader:240 - Cannot read IP mode file for STMicroelectronics.X-CUBE-TCPP.4.2.0
2025-04-04 16:18:13,543 [WARN] PackLoader:240 - Cannot read IP mode file for RealThread.X-CUBE-RT-Thread_Nano.4.1.1
2025-04-04 16:18:13,548 [WARN] PackLoader:240 - Cannot read IP mode file for STMicroelectronics.FP-ATR-SIGFOX1.3.2.0
2025-04-04 16:18:13,553 [WARN] ConditionMgr:438 - getConditionDescription Invalid condition id : Cortex-A Device cause : null
2025-04-04 16:18:13,573 [WARN] ConditionMgr:1044 - genDependencies : Invalid condition id : Cortex-A Device cause : null
2025-04-04 16:18:13,573 [WARN] ConditionMgr:1044 - genDependencies : Invalid condition id : Cortex-A Device cause : null
2025-04-04 16:18:13,573 [WARN] ConditionMgr:1044 - genDependencies : Invalid condition id : Cortex-A Device cause : null
2025-04-04 16:18:13,589 [WARN] PackLoader:240 - Cannot read IP mode file for STMicroelectronics.X-CUBE-EEPRMA1.5.1.0
2025-04-04 16:18:13,605 [WARN] PackLoader:240 - Cannot read IP mode file for emotas.I-CUBE-CANOPEN.1.1.2
2025-04-04 16:18:13,619 [WARN] PackLoader:240 - Cannot read IP mode file for STMicroelectronics.X-CUBE-TOUCHGFX.4.20.0
2025-04-04 16:18:13,634 [WARN] PackLoader:240 - Cannot read IP mode file for ITTIA_DB.I-CUBE-ITTIADB.8.9.0
2025-04-04 16:18:13,663 [WARN] PackLoader:240 - Cannot read IP mode file for SEGGER.I-CUBE-embOS.1.3.1
2025-04-04 16:18:13,699 [WARN] PackLoader:240 - Cannot read IP mode file for STMicroelectronics.X-CUBE-ALGOBUILD.1.4.0
2025-04-04 16:18:13,719 [WARN] PackLoader:240 - Cannot read IP mode file for STMicroelectronics.X-CUBE-AI.9.1.0
2025-04-04 16:18:13,732 [WARN] PackLoader:240 - Cannot read IP mode file for STMicroelectronics.X-CUBE-GNSS1.6.0.0
2025-04-04 16:18:13,760 [WARN] PackLoader:240 - Cannot read IP mode file for STMicroelectronics.X-CUBE-AZRTOS-F4.1.1.0
2025-04-04 16:18:13,776 [WARN] PackLoader:240 - Cannot read IP mode file for STMicroelectronics.X-CUBE-ISPU.2.1.0
2025-04-04 16:18:13,792 [WARN] PackLoader:240 - Cannot read IP mode file for STMicroelectronics.X-CUBE-FREERTOS.1.2.0
2025-04-04 16:18:13,820 [WARN] PackLoader:240 - Cannot read IP mode file for STMicroelectronics.X-CUBE-AZRTOS-L5.2.0.0
2025-04-04 16:18:13,836 [WARN] PackLoader:240 - Cannot read IP mode file for STMicroelectronics.X-CUBE-NFC6.3.1.0
2025-04-04 16:18:13,851 [WARN] PackLoader:240 - Cannot read IP mode file for STMicroelectronics.X-CUBE-DPower.1.2.0
2025-04-04 16:18:13,865 [WARN] PackLoader:240 - Cannot read IP mode file for STMicroelectronics.X-CUBE-NFC4.2.0.4
2025-04-04 16:18:13,891 [WARN] PackLoader:240 - Cannot read IP mode file for STMicroelectronics.X-CUBE-AZRTOS-F4.1.0.0
2025-04-04 16:18:13,905 [WARN] PackLoader:240 - Cannot read IP mode file for STMicroelectronics.X-CUBE-FREERTOS.1.3.0
2025-04-04 16:18:13,919 [WARN] PackLoader:240 - Cannot read IP mode file for STMicroelectronics.X-CUBE-NFC7.1.0.1
2025-04-04 16:18:13,932 [WARN] PackLoader:240 - Cannot read IP mode file for STMicroelectronics.X-CUBE-NFC7.1.0.0
2025-04-04 16:18:13,936 [WARN] PackLoader:240 - Cannot read IP mode file for STMicroelectronics.X-CUBE-DPower.1.3.0
2025-04-04 16:18:13,966 [WARN] ConditionMgr:438 - getConditionDescription Invalid condition id : LAN8742 Phy interface Condition cause : null
2025-04-04 16:18:13,966 [WARN] PackLoader:240 - Cannot read IP mode file for STMicroelectronics.X-CUBE-AZRTOS-L4.2.0.0
2025-04-04 16:18:13,970 [WARN] ConditionMgr:1044 - genDependencies : Invalid condition id : LAN8742 Phy interface Condition cause : null
2025-04-04 16:18:13,971 [WARN] ConditionMgr:1044 - genDependencies : Invalid condition id : LAN8742 Phy interface Condition cause : null
2025-04-04 16:18:13,971 [WARN] ConditionMgr:1044 - genDependencies : Invalid condition id : LAN8742 Phy interface Condition cause : null
2025-04-04 16:18:13,997 [WARN] PackLoader:240 - Cannot read IP mode file for STMicroelectronics.X-CUBE-SFXS2LP1.4.0.0
2025-04-04 16:18:14,032 [WARN] PackLoader:240 - Cannot read IP mode file for STMicroelectronics.X-CUBE-AZRTOS-H7.3.3.0
2025-04-04 16:18:14,050 [WARN] PackLoader:240 - Cannot read IP mode file for RoweBots.I-CUBE-UNISONRTOS.5.5.0-4
2025-04-04 16:18:14,063 [WARN] PackLoader:240 - Cannot read IP mode file for wolfSSL.I-CUBE-wolfSSL.5.4.0
2025-04-04 16:18:14,081 [WARN] PackLoader:240 - Cannot read IP mode file for STMicroelectronics.X-CUBE-IPS.3.0.0
2025-04-04 16:18:14,108 [WARN] ConditionMgr:438 - getConditionDescription Invalid condition id : UX DEVICE CLASS RTOS Condition cause : null
2025-04-04 16:18:14,108 [WARN] ConditionMgr:438 - getConditionDescription Invalid condition id : UX DEVICE CLASS RTOS Condition cause : null
2025-04-04 16:18:14,110 [WARN] PackLoader:240 - Cannot read IP mode file for STMicroelectronics.X-CUBE-AZRTOS-WB.2.0.0
2025-04-04 16:18:14,110 [WARN] ConditionMgr:1044 - genDependencies : Invalid condition id : UX DEVICE CLASS RTOS Condition cause : null
2025-04-04 16:18:14,110 [WARN] ConditionMgr:1044 - genDependencies : Invalid condition id : UX DEVICE CLASS RTOS Condition cause : null
2025-04-04 16:18:14,110 [WARN] ConditionMgr:1044 - genDependencies : Invalid condition id : UX DEVICE CLASS RTOS Condition cause : null
2025-04-04 16:18:14,111 [WARN] ConditionMgr:1044 - genDependencies : Invalid condition id : UX DEVICE CLASS RTOS Condition cause : null
2025-04-04 16:18:14,111 [WARN] ConditionMgr:1044 - genDependencies : Invalid condition id : UX DEVICE CLASS RTOS Condition cause : null
2025-04-04 16:18:14,125 [WARN] PackLoader:240 - Cannot read IP mode file for STMicroelectronics.X-CUBE-GNSS1.7.0.0
2025-04-04 16:18:14,139 [WARN] PackLoader:240 - Cannot read IP mode file for STMicroelectronics.X-CUBE-GNSS1.7.0.1
2025-04-04 16:18:14,154 [WARN] PackLoader:240 - Cannot read IP mode file for STMicroelectronics.X-CUBE-BLEMGR.1.0.0
2025-04-04 16:18:14,157 [WARN] PackLoader:240 - Cannot read IP mode file for STMicroelectronics.X-CUBE-TOUCHGFX.4.25.0
2025-04-04 16:18:14,172 [WARN] PackLoader:240 - Cannot read IP mode file for STMicroelectronics.FP-SNS-STBOX1.2.0.0
2025-04-04 16:18:14,193 [WARN] PackLoader:240 - Cannot read IP mode file for STMicroelectronics.X-CUBE-SUBG2.5.0.0
2025-04-04 16:18:14,209 [WARN] PackLoader:240 - Cannot read IP mode file for STMicroelectronics.X-CUBE-AZRTOS-H7RS.1.1.0
2025-04-04 16:18:14,243 [WARN] PackLoader:240 - Cannot read IP mode file for Cesanta.I-CUBE-Mongoose.7.13.0
2025-04-04 16:18:14,269 [WARN] PackLoader:240 - Cannot read IP mode file for STMicroelectronics.X-CUBE-AZRTOS-G4.2.0.0
2025-04-04 16:18:14,283 [WARN] PackLoader:240 - Cannot read IP mode file for STMicroelectronics.FP-ATR-ASTRA1.1.1.0
2025-04-04 16:18:14,305 [WARN] PackLoader:240 - Cannot read IP mode file for STMicroelectronics.X-CUBE-AZRTOS-G4.1.0.0
2025-04-04 16:18:14,333 [WARN] PackLoader:240 - Cannot read IP mode file for STMicroelectronics.X-CUBE-AZRTOS-L4.1.0.0
2025-04-04 16:18:14,352 [WARN] PackLoader:240 - Cannot read IP mode file for STMicroelectronics.X-CUBE-IPS.3.1.0
2025-04-04 16:18:14,369 [WARN] PackLoader:240 - Cannot read IP mode file for STMicroelectronics.X-CUBE-ALS.1.0.2
2025-04-04 16:18:14,382 [WARN] PackLoader:240 - Cannot read IP mode file for STMicroelectronics.X-CUBE-TOUCHGFX.4.24.2
2025-04-04 16:18:14,439 [WARN] PackLoader:240 - Cannot read IP mode file for STMicroelectronics.X-CUBE-AZRTOS-WL.1.0.0
2025-04-04 16:18:14,454 [WARN] PackLoader:240 - Cannot read IP mode file for STMicroelectronics.X-CUBE-TOUCHGFX.4.24.1
2025-04-04 16:18:14,459 [WARN] PackLoader:240 - Cannot read IP mode file for wolfSSL.I-CUBE-wolfTPM.3.4.0
2025-04-04 16:18:14,475 [WARN] PackLoader:240 - Cannot read IP mode file for portGmbH.I-Cube-SoM-uGOAL.1.1.0
2025-04-04 16:18:14,487 [WARN] PackLoader:240 - Cannot read IP mode file for STMicroelectronics.X-CUBE-ALS.1.0.1
2025-04-04 16:18:14,513 [WARN] PackLoader:240 - Cannot read IP mode file for STMicroelectronics.X-CUBE-AZRTOS-L5.1.0.0
2025-04-04 16:18:14,528 [WARN] PackLoader:240 - Cannot read IP mode file for STMicroelectronics.X-CUBE-EEPRMA1.3.1.1
2025-04-04 16:18:14,586 [WARN] PackLoader:240 - Cannot read IP mode file for STMicroelectronics.X-CUBE-AZRTOS-H7RS.1.0.0
2025-04-04 16:18:14,599 [WARN] PackLoader:240 - Cannot read IP mode file for STMicroelectronics.FP-ATR-ASTRA1.2.0.0
2025-04-04 16:18:14,620 [WARN] PackLoader:240 - Cannot read IP mode file for STMicroelectronics.X-CUBE-TOF1.3.4.2
2025-04-04 16:18:14,656 [WARN] PackLoader:240 - Cannot read IP mode file for Infineon.AIROC-Wi-Fi-Bluetooth-STM32.1.6.1
2025-04-04 16:18:14,664 [WARN] PackLoader:240 - Cannot read IP mode file for wolfSSL.I-CUBE-wolfSSH.1.4.17
2025-04-04 16:18:14,664 [INFO] ThirdParty:978 - Integrity check success = true
2025-04-04 16:18:14,664 [INFO] IntegrityCheckThread:100 - exiting critical section [integrity check]
2025-04-04 16:18:14,664 [INFO] IntegrityCheckThread:103 - End integrity checks thread
2025-04-04 18:51:45,095 [ERROR] LogOutputStream:75 - [STDERR_REDIRECT] Exception in thread "org.eclipse.cdt.internal.ui.text.CReconciler" java.util.ConcurrentModificationException
2025-04-04 18:51:45,151 [ERROR] LogOutputStream:75 - [STDERR_REDIRECT] 	at java.base/java.util.HashMap$HashIterator.nextNode(HashMap.java:1605)
2025-04-04 18:51:45,182 [ERROR] LogOutputStream:75 - [STDERR_REDIRECT] 	at java.base/java.util.HashMap$ValueIterator.next(HashMap.java:1633)
2025-04-04 18:51:45,183 [ERROR] LogOutputStream:75 - [STDERR_REDIRECT] 	at org.eclipse.cdt.internal.core.model.CModelManager.mergeDeltas(CModelManager.java:1222)
2025-04-04 18:51:45,184 [ERROR] LogOutputStream:75 - [STDERR_REDIRECT] 	at org.eclipse.cdt.internal.core.model.CModelManager.fireReconcileDelta(CModelManager.java:1145)
2025-04-04 18:51:45,186 [ERROR] LogOutputStream:75 - [STDERR_REDIRECT] 	at org.eclipse.cdt.internal.core.model.CModelManager.fire(CModelManager.java:1106)
2025-04-04 18:51:45,187 [ERROR] LogOutputStream:75 - [STDERR_REDIRECT] 	at org.eclipse.cdt.internal.core.model.CModelManager.fire(CModelManager.java:1062)
2025-04-04 18:51:45,188 [ERROR] LogOutputStream:75 - [STDERR_REDIRECT] 	at org.eclipse.cdt.internal.core.model.CModelOperation.run(CModelOperation.java:621)
2025-04-04 18:51:45,191 [ERROR] LogOutputStream:75 - [STDERR_REDIRECT] 	at org.eclipse.cdt.internal.core.model.CModelOperation.runOperation(CModelOperation.java:641)
2025-04-04 18:51:45,193 [ERROR] LogOutputStream:75 - [STDERR_REDIRECT] 	at org.eclipse.cdt.internal.core.model.WorkingCopy.reconcile(WorkingCopy.java:365)
2025-04-04 18:51:45,194 [ERROR] LogOutputStream:75 - [STDERR_REDIRECT] 	at org.eclipse.cdt.internal.ui.text.CReconcilingStrategy.reconcile(CReconcilingStrategy.java:79)
2025-04-04 18:51:45,195 [ERROR] LogOutputStream:75 - [STDERR_REDIRECT] 	at org.eclipse.cdt.internal.ui.text.CReconcilingStrategy.reconcile(CReconcilingStrategy.java:64)
2025-04-04 18:51:45,197 [ERROR] LogOutputStream:75 - [STDERR_REDIRECT] 	at org.eclipse.cdt.internal.ui.text.CompositeReconcilingStrategy.reconcile(CompositeReconcilingStrategy.java:89)
2025-04-04 18:51:45,198 [ERROR] LogOutputStream:75 - [STDERR_REDIRECT] 	at org.eclipse.cdt.internal.ui.text.CCompositeReconcilingStrategy.reconcile(CCompositeReconcilingStrategy.java:90)
2025-04-04 18:51:45,200 [ERROR] LogOutputStream:75 - [STDERR_REDIRECT] 	at org.eclipse.jface.text.reconciler.MonoReconciler.process(MonoReconciler.java:78)
2025-04-04 18:51:45,201 [ERROR] LogOutputStream:75 - [STDERR_REDIRECT] 	at org.eclipse.cdt.internal.ui.text.CReconciler.process(CReconciler.java:346)
2025-04-04 18:51:45,202 [ERROR] LogOutputStream:75 - [STDERR_REDIRECT] 	at org.eclipse.jface.text.reconciler.AbstractReconciler$BackgroundThread.run(AbstractReconciler.java:207)
