2025-05-14 17:51:54,594 [INFO] Activator:176 - 


2025-05-14 17:51:54,601 [INFO] Activator:177 - !SESSION log4j initialized
2025-05-14 17:52:08,144 [INFO] LogOutputStream:77 - [STDOUT_REDIRECT] 
2025-05-14 17:55:15,768 [INFO] ApplicationProperties:184 - Using Application install path: C:\ST\STM32CubeIDE_1.16.1\STM32CubeIDE\plugins\com.st.stm32cube.common.mx_6.13.0.202411220809
2025-05-14 17:55:15,782 [INFO] DbMcusXml:78 - Set database path to: C:\ST\STM32CubeIDE_1.16.1\STM32CubeIDE\plugins\com.st.stm32cube.common.mx_6.13.0.202411220809\\db\/mcu/
2025-05-14 17:55:15,783 [INFO] ApiDb:274 - Set plugin database path to: C:\ST\STM32CubeIDE_1.16.1\STM32CubeIDE\plugins\com.st.stm32cube.common.mx_6.13.0.202411220809\\db\/plugins/boardmanager/
2025-05-14 17:55:15,783 [WARN] ApiDb:259 - Overriding images path with different value:  => C:\ST\STM32CubeIDE_1.16.1\STM32CubeIDE\plugins\com.st.stm32cube.common.mx_6.13.0.202411220809\\db\/plugins/mcufinder/images/
2025-05-14 17:55:15,811 [INFO] ApiDb:250 - Set database path to: C:\Users\Bruno\.stmcufinder\plugins\mcufinder//mcu/
2025-05-14 17:55:15,812 [INFO] DbMcusAds:125 - Set database path to: C:\Users\Bruno\.stmcufinder\plugins\mcufinder//mcu/
2025-05-14 17:55:15,831 [INFO] CrossReferenceDbSqlite:203 - Set database path to: C:\Users\Bruno\.stmcufinder\plugins\mcufinder//mcu/cs/
2025-05-14 17:55:15,947 [INFO] RulesReader:64 - Compatibility file has been processed (297 Rules)
2025-05-14 17:55:16,028 [INFO] DbMcusXml:78 - Set database path to: C:\ST\STM32CubeIDE_1.16.1\STM32CubeIDE\plugins\com.st.stm32cube.common.mx_6.13.0.202411220809\\db\/mcu/
2025-05-14 17:55:16,028 [INFO] ApiDb:274 - Set plugin database path to: C:\ST\STM32CubeIDE_1.16.1\STM32CubeIDE\plugins\com.st.stm32cube.common.mx_6.13.0.202411220809\\db\/plugins/boardmanager/
2025-05-14 17:55:16,029 [INFO] ApiDb:261 - Set plugin images path to: C:\ST\STM32CubeIDE_1.16.1\STM32CubeIDE\plugins\com.st.stm32cube.common.mx_6.13.0.202411220809\\db\/plugins/mcufinder/images/
2025-05-14 17:55:16,029 [WARN] DbFile:41 - Overriding database path with different value: C:\Users\Bruno\.stmcufinder\plugins\mcufinder/ => C:\Users\Bruno\.stmcufinder\plugins\mcufinder
2025-05-14 17:55:16,029 [INFO] ApiDb:250 - Set database path to: C:\Users\Bruno\.stmcufinder\plugins\mcufinder//mcu/
2025-05-14 17:55:16,029 [WARN] DbFile:41 - Overriding database path with different value: C:\Users\Bruno\.stmcufinder\plugins\mcufinder/ => C:\Users\Bruno\.stmcufinder\plugins\mcufinder
2025-05-14 17:55:16,029 [INFO] DbMcusAds:125 - Set database path to: C:\Users\Bruno\.stmcufinder\plugins\mcufinder//mcu/
2025-05-14 17:55:16,029 [WARN] DbFile:41 - Overriding database path with different value: C:\Users\Bruno\.stmcufinder\plugins\mcufinder/ => C:\Users\Bruno\.stmcufinder\plugins\mcufinder
2025-05-14 17:55:16,029 [WARN] DbFile:41 - Overriding database path with different value: C:\Users\Bruno\.stmcufinder\plugins\mcufinder/ => C:\Users\Bruno\.stmcufinder\plugins\mcufinder
2025-05-14 17:55:16,029 [INFO] CrossReferenceDbSqlite:203 - Set database path to: C:\Users\Bruno\.stmcufinder\plugins\mcufinder//mcu/cs/
2025-05-14 17:55:16,104 [INFO] MainPanel:272 - HeapMemory: 1073741824
2025-05-14 17:55:16,215 [INFO] DbMcusXml:78 - Set database path to: C:\ST\STM32CubeIDE_1.16.1\STM32CubeIDE\plugins\com.st.stm32cube.common.mx_6.13.0.202411220809\\db\/mcu/
2025-05-14 17:55:16,216 [INFO] ApiDb:274 - Set plugin database path to: C:\ST\STM32CubeIDE_1.16.1\STM32CubeIDE\plugins\com.st.stm32cube.common.mx_6.13.0.202411220809\\db\/plugins/boardmanager/
2025-05-14 17:55:16,216 [INFO] ApiDb:261 - Set plugin images path to: C:\ST\STM32CubeIDE_1.16.1\STM32CubeIDE\plugins\com.st.stm32cube.common.mx_6.13.0.202411220809\\db\/plugins/mcufinder/images/
2025-05-14 17:55:16,216 [WARN] DbFile:41 - Overriding database path with different value: C:\Users\Bruno\.stmcufinder\plugins\mcufinder/ => C:\Users\Bruno\.stmcufinder\plugins\mcufinder
2025-05-14 17:55:16,216 [INFO] ApiDb:250 - Set database path to: C:\Users\Bruno\.stmcufinder\plugins\mcufinder//mcu/
2025-05-14 17:55:16,216 [WARN] DbFile:41 - Overriding database path with different value: C:\Users\Bruno\.stmcufinder\plugins\mcufinder/ => C:\Users\Bruno\.stmcufinder\plugins\mcufinder
2025-05-14 17:55:16,216 [INFO] DbMcusAds:125 - Set database path to: C:\Users\Bruno\.stmcufinder\plugins\mcufinder//mcu/
2025-05-14 17:55:16,216 [WARN] DbFile:41 - Overriding database path with different value: C:\Users\Bruno\.stmcufinder\plugins\mcufinder/ => C:\Users\Bruno\.stmcufinder\plugins\mcufinder
2025-05-14 17:55:16,216 [WARN] DbFile:41 - Overriding database path with different value: C:\Users\Bruno\.stmcufinder\plugins\mcufinder/ => C:\Users\Bruno\.stmcufinder\plugins\mcufinder
2025-05-14 17:55:16,217 [INFO] CrossReferenceDbSqlite:203 - Set database path to: C:\Users\Bruno\.stmcufinder\plugins\mcufinder//mcu/cs/
2025-05-14 17:55:16,235 [INFO] ApplicationProperties:184 - Using Application install path: C:\ST\STM32CubeIDE_1.16.1\STM32CubeIDE\plugins\com.st.stm32cube.common.mx_6.13.0.202411220809
2025-05-14 17:55:16,236 [INFO] PluginManage:196 - Search for loadable plugins [exclusion list=, ]
2025-05-14 17:55:16,238 [INFO] PluginManage:310 - Check plugin analytics
2025-05-14 17:55:16,414 [INFO] AnalyticsPlugin:253 - Accepted Software Licenses: STM32CubeMX.6.6.1,STM32CubeMX.6.13.0
2025-05-14 17:55:16,415 [INFO] AnalyticsPlugin:255 - Accepted CMSIS Pack Licenses: 
2025-05-14 17:55:16,415 [INFO] AnalyticsPlugin:257 - Accepted Firmware Licenses: FW.G0.1.6.0,FW.F4.1.28.0
2025-05-14 17:55:16,416 [INFO] PluginManage:359 - Loaded plugin analytics (category:tool,tabindex:-1)
2025-05-14 17:55:16,416 [INFO] PluginManage:310 - Check plugin cadmodel
2025-05-14 17:55:16,438 [INFO] CADModel:105 - Init CAD model plugin
2025-05-14 17:55:16,438 [INFO] PluginManage:359 - Loaded plugin cadmodel (category:power,tabindex:5)
2025-05-14 17:55:16,439 [INFO] PluginManage:310 - Check plugin clock
2025-05-14 17:55:16,462 [INFO] PluginManage:359 - Loaded plugin clock (category:base,tabindex:2)
2025-05-14 17:55:16,462 [INFO] PluginManage:310 - Check plugin ddr
2025-05-14 17:55:16,464 [INFO] PluginManage:359 - Loaded plugin ddr (category:tool,tabindex:6)
2025-05-14 17:55:16,465 [INFO] PluginManage:310 - Check plugin filemanager
2025-05-14 17:55:16,606 [INFO] PluginManage:359 - Loaded plugin filemanager (category:base,tabindex:10)
2025-05-14 17:55:16,606 [INFO] PluginManage:310 - Check plugin ipmanager
2025-05-14 17:55:16,615 [INFO] PluginManage:359 - Loaded plugin ipmanager (category:base,tabindex:5)
2025-05-14 17:55:16,615 [INFO] PluginManage:310 - Check plugin lpbam
2025-05-14 17:55:16,640 [INFO] PluginManage:359 - Loaded plugin lpbam (category:base,tabindex:0)
2025-05-14 17:55:16,640 [INFO] PluginManage:310 - Check plugin memorymap
2025-05-14 17:55:16,670 [INFO] PluginManage:359 - Loaded plugin memorymap (category:base,tabindex:4)
2025-05-14 17:55:16,670 [INFO] PluginManage:310 - Check plugin pinoutandconfiguration
2025-05-14 17:55:16,694 [INFO] PluginManage:359 - Loaded plugin pinoutandconfiguration (category:base,tabindex:1)
2025-05-14 17:55:16,694 [INFO] PluginManage:310 - Check plugin pinoutconfig
2025-05-14 17:55:16,797 [WARN] SupportedApi:132 - Cannot load RTOS API schema: s4s-elt-must-match.1: The content of 'definitions' must match (annotation?, (simpleType | complexType)?, (unique | key | keyref)*)). A problem was found starting at: attribute.
2025-05-14 17:55:16,941 [INFO] PluginManage:359 - Loaded plugin pinoutconfig (category:base,tabindex:0)
2025-05-14 17:55:16,941 [INFO] PluginManage:310 - Check plugin power
2025-05-14 17:55:16,966 [INFO] PluginManage:359 - Loaded plugin power (category:power,tabindex:4)
2025-05-14 17:55:16,966 [INFO] PluginManage:310 - Check plugin projectmanager
2025-05-14 17:55:16,989 [INFO] PluginManage:359 - Loaded plugin projectmanager (category:projectmanager,tabindex:4)
2025-05-14 17:55:16,989 [INFO] PluginManage:310 - Check plugin rif
2025-05-14 17:55:17,012 [INFO] PluginManage:359 - Loaded plugin rif (category:base,tabindex:3)
2025-05-14 17:55:17,013 [INFO] PluginManage:310 - Check plugin thirdparty
2025-05-14 17:55:17,323 [WARN] IntegrityCheckThread:84 - waiting for thirdparty lock release [integrity check]
2025-05-14 17:55:17,324 [INFO] PluginManage:359 - Loaded plugin thirdparty (category:base,tabindex:-1)
2025-05-14 17:55:17,324 [INFO] IntegrityCheckThread:86 - entering critical section [integrity check]
2025-05-14 17:55:17,324 [INFO] PluginManage:310 - Check plugin tools
2025-05-14 17:55:17,324 [INFO] ThirdPartyUpdaterWithRetryManager:70 - Updater plugin not ready yet. [1/15]
2025-05-14 17:55:17,372 [INFO] PluginManage:359 - Loaded plugin tools (category:base,tabindex:7)
2025-05-14 17:55:17,373 [INFO] PluginManage:310 - Check plugin tutovideos
2025-05-14 17:55:17,571 [INFO] PluginManage:359 - Loaded plugin tutovideos (category:base,tabindex:-1)
2025-05-14 17:55:17,571 [INFO] PluginManage:310 - Check plugin updater
2025-05-14 17:55:17,592 [INFO] PluginManage:359 - Loaded plugin updater (category:base,tabindex:12)
2025-05-14 17:55:17,592 [INFO] PluginManage:310 - Check plugin userauth
2025-05-14 17:55:17,596 [INFO] UserAuth:118 - Init User Auth plugin
2025-05-14 17:55:17,596 [INFO] PluginManage:359 - Loaded plugin userauth (category:base,tabindex:14)
2025-05-14 17:55:17,597 [INFO] PluginManage:283 - PluginManage : Loaded plugins [18]
2025-05-14 17:55:17,851 [INFO] PinOutPanel:1589 - setPackage(No Configuration,No Configuration)
2025-05-14 17:55:17,936 [INFO] CADModel:165 - CPN selected for project level
2025-05-14 17:55:17,936 [INFO] CADModel:114 - Register for checkConnection events
2025-05-14 17:55:17,968 [INFO] IPUIPlugin:80 - create IPUIPlugin
2025-05-14 17:55:17,969 [INFO] PluginManager:220 - loadIPPluginJar : add adc
2025-05-14 17:55:18,020 [INFO] IPUIPlugin:80 - create IPUIPlugin
2025-05-14 17:55:18,020 [INFO] PluginManager:220 - loadIPPluginJar : add aes
2025-05-14 17:55:18,077 [INFO] IPUIPlugin:80 - create IPUIPlugin
2025-05-14 17:55:18,077 [INFO] PluginManager:220 - loadIPPluginJar : add can
2025-05-14 17:55:18,112 [INFO] IPUIPlugin:80 - create IPUIPlugin
2025-05-14 17:55:18,112 [INFO] PluginManager:220 - loadIPPluginJar : add comp
2025-05-14 17:55:18,159 [INFO] IPUIPlugin:80 - create IPUIPlugin
2025-05-14 17:55:18,160 [INFO] PluginManager:220 - loadIPPluginJar : add cryp
2025-05-14 17:55:18,177 [INFO] IPUIPlugin:80 - create IPUIPlugin
2025-05-14 17:55:18,177 [INFO] PluginManager:220 - loadIPPluginJar : add ddr_ctrl_phy
2025-05-14 17:55:18,224 [INFO] IPUIPlugin:80 - create IPUIPlugin
2025-05-14 17:55:18,224 [INFO] PluginManager:220 - loadIPPluginJar : add dfsdm
2025-05-14 17:55:18,242 [INFO] IPUIPlugin:80 - create IPUIPlugin
2025-05-14 17:55:18,242 [INFO] PluginManager:220 - loadIPPluginJar : add dma
2025-05-14 17:55:18,297 [INFO] IPUIPlugin:80 - create IPUIPlugin
2025-05-14 17:55:18,297 [INFO] PluginManager:220 - loadIPPluginJar : add dma3
2025-05-14 17:55:18,357 [INFO] IPUIPlugin:80 - create IPUIPlugin
2025-05-14 17:55:18,358 [INFO] PluginManager:220 - loadIPPluginJar : add extmemmanager
2025-05-14 17:55:18,386 [INFO] IPUIPlugin:80 - create IPUIPlugin
2025-05-14 17:55:18,386 [INFO] PluginManager:220 - loadIPPluginJar : add fatfs
2025-05-14 17:55:18,452 [INFO] IPUIPlugin:80 - create IPUIPlugin
2025-05-14 17:55:18,452 [INFO] PluginManager:220 - loadIPPluginJar : add fmc
2025-05-14 17:55:18,471 [INFO] IPUIPlugin:80 - create IPUIPlugin
2025-05-14 17:55:18,471 [INFO] PluginManager:220 - loadIPPluginJar : add freertos
2025-05-14 17:55:18,501 [INFO] IPUIPlugin:80 - create IPUIPlugin
2025-05-14 17:55:18,501 [INFO] PluginManager:220 - loadIPPluginJar : add genericplugin
2025-05-14 17:55:18,629 [INFO] IPUIPlugin:80 - create IPUIPlugin
2025-05-14 17:55:18,630 [INFO] PluginManager:220 - loadIPPluginJar : add gfxmmu
2025-05-14 17:55:18,807 [INFO] IPUIPlugin:80 - create IPUIPlugin
2025-05-14 17:55:18,808 [INFO] PluginManager:220 - loadIPPluginJar : add gic
2025-05-14 17:55:18,825 [INFO] IPUIPlugin:80 - create IPUIPlugin
2025-05-14 17:55:18,825 [INFO] PluginManager:220 - loadIPPluginJar : add gpio
2025-05-14 17:55:18,962 [INFO] IPUIPlugin:80 - create IPUIPlugin
2025-05-14 17:55:18,962 [INFO] PluginManager:220 - loadIPPluginJar : add gtzc
2025-05-14 17:55:19,007 [INFO] IPUIPlugin:80 - create IPUIPlugin
2025-05-14 17:55:19,008 [INFO] PluginManager:220 - loadIPPluginJar : add hash
2025-05-14 17:55:19,085 [INFO] IPUIPlugin:80 - create IPUIPlugin
2025-05-14 17:55:19,085 [INFO] PluginManager:220 - loadIPPluginJar : add i2c
2025-05-14 17:55:19,141 [INFO] IPUIPlugin:80 - create IPUIPlugin
2025-05-14 17:55:19,141 [INFO] PluginManager:220 - loadIPPluginJar : add i2s
2025-05-14 17:55:19,199 [INFO] IPUIPlugin:80 - create IPUIPlugin
2025-05-14 17:55:19,199 [INFO] PluginManager:220 - loadIPPluginJar : add i3c
2025-05-14 17:55:19,341 [INFO] IPUIPlugin:80 - create IPUIPlugin
2025-05-14 17:55:19,341 [INFO] PluginManager:220 - loadIPPluginJar : add ipddr
2025-05-14 17:55:19,475 [INFO] IPUIPlugin:80 - create IPUIPlugin
2025-05-14 17:55:19,475 [INFO] PluginManager:220 - loadIPPluginJar : add linkedlist
2025-05-14 17:55:19,525 [INFO] IPUIPlugin:80 - create IPUIPlugin
2025-05-14 17:55:19,525 [INFO] PluginManager:220 - loadIPPluginJar : add lorawan
2025-05-14 17:55:19,582 [INFO] IPUIPlugin:80 - create IPUIPlugin
2025-05-14 17:55:19,582 [INFO] PluginManager:220 - loadIPPluginJar : add ltdc
2025-05-14 17:55:19,603 [INFO] IPUIPlugin:80 - create IPUIPlugin
2025-05-14 17:55:19,603 [INFO] PluginManager:220 - loadIPPluginJar : add mdma
2025-05-14 17:55:19,622 [INFO] IPUIPlugin:80 - create IPUIPlugin
2025-05-14 17:55:19,622 [INFO] PluginManager:220 - loadIPPluginJar : add nvic
2025-05-14 17:55:19,680 [INFO] IPUIPlugin:80 - create IPUIPlugin
2025-05-14 17:55:19,680 [INFO] PluginManager:220 - loadIPPluginJar : add opamp
2025-05-14 17:55:19,764 [INFO] IPUIPlugin:80 - create IPUIPlugin
2025-05-14 17:55:19,765 [INFO] PluginManager:220 - loadIPPluginJar : add openamp
2025-05-14 17:55:19,829 [INFO] IPUIPlugin:80 - create IPUIPlugin
2025-05-14 17:55:19,829 [INFO] PluginManager:220 - loadIPPluginJar : add pdm2pcm
2025-05-14 17:55:19,848 [INFO] IPUIPlugin:80 - create IPUIPlugin
2025-05-14 17:55:19,850 [INFO] PluginManager:220 - loadIPPluginJar : add plateformsettings
2025-05-14 17:55:19,883 [INFO] IPUIPlugin:80 - create IPUIPlugin
2025-05-14 17:55:19,883 [INFO] PluginManager:220 - loadIPPluginJar : add quadspi
2025-05-14 17:55:19,920 [INFO] IPUIPlugin:80 - create IPUIPlugin
2025-05-14 17:55:19,921 [INFO] PluginManager:220 - loadIPPluginJar : add radio
2025-05-14 17:55:19,939 [INFO] IPUIPlugin:80 - create IPUIPlugin
2025-05-14 17:55:19,939 [INFO] PluginManager:220 - loadIPPluginJar : add resmgrutility
2025-05-14 17:55:20,006 [INFO] IPUIPlugin:80 - create IPUIPlugin
2025-05-14 17:55:20,006 [INFO] PluginManager:220 - loadIPPluginJar : add sai
2025-05-14 17:55:20,057 [INFO] IPUIPlugin:80 - create IPUIPlugin
2025-05-14 17:55:20,058 [INFO] PluginManager:220 - loadIPPluginJar : add spi
2025-05-14 17:55:20,160 [INFO] IPUIPlugin:80 - create IPUIPlugin
2025-05-14 17:55:20,161 [INFO] PluginManager:220 - loadIPPluginJar : add stm32_wpan
2025-05-14 17:55:20,195 [INFO] IPUIPlugin:80 - create IPUIPlugin
2025-05-14 17:55:20,196 [INFO] PluginManager:220 - loadIPPluginJar : add tim
2025-05-14 17:55:20,282 [INFO] IPUIPlugin:80 - create IPUIPlugin
2025-05-14 17:55:20,282 [INFO] PluginManager:220 - loadIPPluginJar : add touchsensing
2025-05-14 17:55:20,315 [INFO] IPUIPlugin:80 - create IPUIPlugin
2025-05-14 17:55:20,315 [INFO] PluginManager:220 - loadIPPluginJar : add tracer_emb
2025-05-14 17:55:20,325 [INFO] ThirdPartyUpdaterWithRetryManager:70 - Updater plugin not ready yet. [2/15]
2025-05-14 17:55:20,350 [INFO] IPUIPlugin:80 - create IPUIPlugin
2025-05-14 17:55:20,350 [INFO] PluginManager:220 - loadIPPluginJar : add ts
2025-05-14 17:55:20,384 [INFO] IPUIPlugin:80 - create IPUIPlugin
2025-05-14 17:55:20,384 [INFO] PluginManager:220 - loadIPPluginJar : add tsc
2025-05-14 17:55:20,419 [INFO] IPUIPlugin:80 - create IPUIPlugin
2025-05-14 17:55:20,420 [INFO] PluginManager:220 - loadIPPluginJar : add ucpd
2025-05-14 17:55:20,495 [INFO] IPUIPlugin:80 - create IPUIPlugin
2025-05-14 17:55:20,495 [INFO] PluginManager:220 - loadIPPluginJar : add usart
2025-05-14 17:55:20,559 [INFO] IPUIPlugin:80 - create IPUIPlugin
2025-05-14 17:55:20,559 [INFO] PluginManager:220 - loadIPPluginJar : add usbx
2025-05-14 17:55:20,765 [FATAL] Updater:351 - Updater called before beeing initialized
2025-05-14 17:55:20,807 [INFO] RulesReader:64 - Compatibility file has been processed (297 Rules)
2025-05-14 17:55:20,817 [INFO] RulesReader:64 - Compatibility file has been processed (297 Rules)
2025-05-14 17:55:20,824 [INFO] CADModel:165 - CPN selected for project level
2025-05-14 17:55:20,824 [INFO] CADModel:114 - Register for checkConnection events
2025-05-14 17:55:20,824 [FATAL] Updater:351 - Updater called before beeing initialized
2025-05-14 17:55:20,824 [ERROR] CADModel:125 - Updater not yet initialized, retry later 
2025-05-14 17:55:20,989 [FATAL] Updater:351 - Updater called before beeing initialized
2025-05-14 17:55:20,991 [INFO] CADModel:165 - CPN selected for project level
2025-05-14 17:55:20,991 [INFO] CADModel:114 - Register for checkConnection events
2025-05-14 17:55:20,991 [FATAL] Updater:351 - Updater called before beeing initialized
2025-05-14 17:55:20,991 [ERROR] CADModel:125 - Updater not yet initialized, retry later 
2025-05-14 17:55:20,994 [FATAL] Updater:351 - Updater called before beeing initialized
2025-05-14 17:55:21,116 [FATAL] Updater:351 - Updater called before beeing initialized
2025-05-14 17:55:21,128 [INFO] DbMcusAds:53 - JSON generation date=Thu Mar 06 15:54:22 CET 2025 (1741272862204)
2025-05-14 17:55:21,128 [FATAL] Updater:351 - Updater called before beeing initialized
2025-05-14 17:55:21,170 [WARN] DetailPanel:346 - Failed to get advertising image, set to default
2025-05-14 17:55:21,471 [FATAL] Updater:351 - Updater called before beeing initialized
2025-05-14 17:55:21,473 [FATAL] Updater:351 - Updater called before beeing initialized
2025-05-14 17:55:21,473 [FATAL] Updater:351 - Updater called before beeing initialized
2025-05-14 17:55:21,473 [WARN] DetailPanel:346 - Failed to get advertising image, set to default
2025-05-14 17:55:21,474 [FATAL] Updater:351 - Updater called before beeing initialized
2025-05-14 17:55:21,539 [ERROR] Updater:1198 - MainUpdater not yet initialized. External WinMGr cannot be set.
2025-05-14 17:55:21,551 [INFO] Updater:1134 - Updater Version found : 6.13.0
2025-05-14 17:55:21,567 [INFO] ApplicationProperties:184 - Using Application install path: C:\ST\STM32CubeIDE_1.16.1\STM32CubeIDE\plugins\com.st.stm32cube.common.mx_6.13.0.202411220809
2025-05-14 17:55:21,948 [INFO] MainUpdater:2872 - connection check result : 10
2025-05-14 17:55:21,948 [INFO] MainUpdater:3566 - Updater definition file requires update
2025-05-14 17:55:21,949 [INFO] MainUpdater:289 - Updater Check For Update Now.
2025-05-14 17:55:21,950 [INFO] MicroXplorer:498 - Change Database Version : DB.6.0.130
2025-05-14 17:55:21,971 [INFO] McuFinderGlobals:63 - Set McuFinder mode to 2 (CubeIDE integrated)
2025-05-14 17:55:21,979 [INFO] UserAuth:486 - Internet connection configuration mode: 1
2025-05-14 17:55:22,019 [INFO] JxBrowserEngine:152 - Initiate JxBrowser Engine with user profile folder
2025-05-14 17:55:22,024 [INFO] ServerAccessManage:473 - Download File updaters.zip
2025-05-14 17:55:22,120 [INFO] FileExtend:240 - Unzip File : updaters.zip
2025-05-14 17:55:22,120 [INFO] FileExtend:255 - Standard Zip Deflate
2025-05-14 17:55:22,663 [INFO] ServerAccessManage:473 - Download File PacksControlFlags.xml
2025-05-14 17:55:22,766 [INFO] ServerAccessManage:473 - Download File cubemx.pidx
2025-05-14 17:55:23,330 [WARN] MainUpdater:1193 - Updater busy. Cannot search thirdparties
2025-05-14 17:55:23,331 [INFO] ThirdPartyUpdaterWithRetryManager:96 - Updater plugin is busy. [1/15]
2025-05-14 17:55:23,625 [INFO] ServerAccessManage:473 - Download File STMicroelectronics.X-CUBE-FREERTOS.pdsc
2025-05-14 17:55:23,973 [INFO] ServerAccessManage:473 - Download File STMicroelectronics.X-CUBE-MEMS1.pdsc
2025-05-14 17:55:24,939 [INFO] ServerAccessManage:473 - Download File STMicroelectronics.X-CUBE-NFC7.pdsc
2025-05-14 17:55:25,300 [INFO] ServerAccessManage:473 - Download File STMicroelectronics.X-CUBE-TOF1.pdsc
2025-05-14 17:55:25,708 [ERROR] ServerAccessManage:1089 - Problem, file not found on Server
2025-05-14 17:55:26,086 [INFO] WebApp:168 - Instantiating new browser for Auth
2025-05-14 17:55:26,332 [WARN] MainUpdater:1193 - Updater busy. Cannot search thirdparties
2025-05-14 17:55:26,332 [INFO] ThirdPartyUpdaterWithRetryManager:96 - Updater plugin is busy. [2/15]
2025-05-14 17:55:26,368 [INFO] ServerAccessManage:473 - Download File STMicroelectronics.X-CUBE-WB05N.pdsc
2025-05-14 17:55:27,017 [INFO] ServerAccessManage:473 - Download File Avnet-IotConnect.X-CUBE-IoTC-DA16k-PMOD.pdsc
2025-05-14 17:55:27,163 [WARN] PackLoader:240 - Cannot read IP mode file for STMicroelectronics.X-CUBE-FREERTOS.1.3.1
2025-05-14 17:55:27,245 [WARN] PackLoader:240 - Cannot read IP mode file for STMicroelectronics.X-CUBE-MEMS1.11.2.0
2025-05-14 17:55:27,296 [INFO] CheckServerUpdateThread:120 - End of CheckServer Thread
2025-05-14 17:55:27,423 [WARN] PackLoader:240 - Cannot read IP mode file for STMicroelectronics.X-CUBE-NFC7.2.0.0
2025-05-14 17:55:27,433 [WARN] PackLoader:240 - Cannot read IP mode file for STMicroelectronics.X-CUBE-TOF1.3.4.3
2025-05-14 17:55:27,450 [WARN] PackLoader:240 - Cannot read IP mode file for STMicroelectronics.X-CUBE-WB05N.2.0.0
2025-05-14 17:55:27,454 [WARN] PackLoader:240 - Cannot read IP mode file for Avnet-IotConnect.X-CUBE-IoTC-DA16k-PMOD.1.0.0
2025-05-14 17:55:27,455 [INFO] PopulateThirdPartyThread:66 - Ending populate Thread
2025-05-14 17:55:27,456 [INFO] ThirdParty:1030 - CMSIS Pack Vendor :STMicroelectronics X-CUBE-FREERTOS 1.3.1
2025-05-14 17:55:27,456 [INFO] ThirdParty:1030 - CMSIS Pack Vendor :STMicroelectronics X-CUBE-NFC7 2.0.0
2025-05-14 17:55:27,456 [INFO] ThirdParty:1030 - CMSIS Pack Vendor :STMicroelectronics X-CUBE-TOF1 3.4.3
2025-05-14 17:55:27,456 [INFO] ThirdParty:1030 - CMSIS Pack Vendor :STMicroelectronics X-CUBE-MEMS1 11.2.0
2025-05-14 17:55:27,457 [INFO] ThirdParty:1030 - CMSIS Pack Vendor :STMicroelectronics X-CUBE-WB05N 2.0.0
2025-05-14 17:55:27,457 [INFO] ThirdParty:1030 - CMSIS Pack Vendor :Avnet-IotConnect X-CUBE-IoTC-DA16k-PMOD 1.0.0
2025-05-14 17:55:27,457 [INFO] LoadServerUpdatesThread:375 - End of LoadServerUpdate Thread
2025-05-14 17:55:27,851 [INFO] WebApp:449 - Apply proxy settings
2025-05-14 17:55:27,851 [INFO] WebApp:534 - Chromium requires no authentication
2025-05-14 17:55:27,890 [INFO] WebApp:477 - Direct internet connection detected
2025-05-14 17:55:27,971 [INFO] WebApp:880 - Register for checkConnection events
2025-05-14 17:55:27,971 [INFO] WebApp:449 - Apply proxy settings
2025-05-14 17:55:27,971 [INFO] WebApp:534 - Chromium requires no authentication
2025-05-14 17:55:27,972 [INFO] WebApp:477 - Direct internet connection detected
2025-05-14 17:55:28,145 [INFO] WebApp:187 - Connection restablished
2025-05-14 17:55:28,412 [INFO] WebApp:221 - Starting web application
2025-05-14 17:55:28,412 [INFO] WebApp:579 - Web application path used C:\ST\STM32CubeIDE_1.16.1\STM32CubeIDE\plugins\com.st.stm32cube.common.mx_6.13.0.202411220809\db\plugins\mcufinder\reactClient1\index.html
2025-05-14 17:55:28,596 [INFO] UserAuth:486 - Internet connection configuration mode: 1
2025-05-14 17:55:29,634 [WARN] PackLoader:240 - Cannot read IP mode file for STMicroelectronics.FP-SNS-MOTENVWB1.1.4.0
2025-05-14 17:55:29,647 [WARN] PackLoader:240 - Cannot read IP mode file for STMicroelectronics.FP-ATR-ASTRA1.2.0.2
2025-05-14 17:55:29,661 [WARN] PackLoader:240 - Cannot read IP mode file for STMicroelectronics.FP-ATR-ASTRA1.2.0.1
2025-05-14 17:55:29,677 [WARN] PackLoader:240 - Cannot read IP mode file for STMicroelectronics.X-CUBE-SMBUS.2.1.0
2025-05-14 17:55:29,692 [WARN] PackLoader:240 - Cannot read IP mode file for STMicroelectronics.X-CUBE-WB05N.1.1.0
2025-05-14 17:55:29,738 [WARN] PackLoader:240 - Cannot read IP mode file for STMicroelectronics.X-CUBE-MEMS1.9.2.0
2025-05-14 17:55:29,877 [WARN] PackLoader:240 - Cannot read IP mode file for STMicroelectronics.X-CUBE-AZRTOS-F7.1.1.0
2025-05-14 17:55:29,900 [WARN] PackLoader:240 - Cannot read IP mode file for STMicroelectronics.X-CUBE-BLE1.6.2.3
2025-05-14 17:55:29,960 [WARN] PackLoader:240 - Cannot read IP mode file for STMicroelectronics.X-CUBE-MEMS1.11.0.0
2025-05-14 17:55:30,083 [WARN] PackLoader:240 - Cannot read IP mode file for STMicroelectronics.FP-SNS-FLIGHT1.5.0.2
2025-05-14 17:55:30,102 [WARN] PackLoader:240 - Cannot read IP mode file for STMicroelectronics.X-CUBE-TOF1.3.1.0
2025-05-14 17:55:30,120 [WARN] PackLoader:240 - Cannot read IP mode file for STMicroelectronics.X-CUBE-DISPLAY.3.0.0
2025-05-14 17:55:30,138 [WARN] PackLoader:240 - Cannot read IP mode file for STMicroelectronics.X-CUBE-BLE1.7.0.0
2025-05-14 17:55:30,155 [WARN] PackLoader:240 - Cannot read IP mode file for STMicroelectronics.X-CUBE-NFC10.1.0.0
2025-05-14 17:55:30,176 [WARN] PackLoader:240 - Cannot read IP mode file for STMicroelectronics.X-CUBE-BLEMGR.4.0.0
2025-05-14 17:55:30,194 [WARN] PackLoader:240 - Cannot read IP mode file for STMicroelectronics.X-CUBE-AI.7.2.0
2025-05-14 17:55:30,213 [WARN] PackLoader:240 - Cannot read IP mode file for STMicroelectronics.X-CUBE-BLEMGR.3.1.0
2025-05-14 17:55:30,235 [WARN] PackLoader:240 - Cannot read IP mode file for STMicroelectronics.X-CUBE-AI.10.0.0
2025-05-14 17:55:30,262 [WARN] PackLoader:240 - Cannot read IP mode file for STMicroelectronics.FP-SNS-SMARTAG2.1.2.0
2025-05-14 17:55:30,267 [WARN] PackLoader:240 - Cannot read IP mode file for STMicroelectronics.FP-SNS-FLIGHT1.5.1.0
2025-05-14 17:55:30,323 [WARN] PackLoader:240 - Cannot read IP mode file for STMicroelectronics.X-CUBE-MEMS1.11.1.0
2025-05-14 17:55:30,509 [INFO] LogOutputStream:77 - [STDOUT_REDIRECT] 1 : Invalid condition id : UX_CORESTACK_Condition cause : null
2025-05-14 17:55:30,509 [INFO] LogOutputStream:77 - [STDOUT_REDIRECT] 1 : Invalid condition id : UX_CORESTACK_Condition cause : null
2025-05-14 17:55:30,511 [INFO] LogOutputStream:77 - [STDOUT_REDIRECT] 1 : Invalid condition id : UX_CORESTACK_Condition cause : null
2025-05-14 17:55:30,515 [INFO] LogOutputStream:77 - [STDOUT_REDIRECT] 1 : Invalid condition id : UX_CORESTACK_Condition cause : null
2025-05-14 17:55:30,516 [INFO] LogOutputStream:77 - [STDOUT_REDIRECT] 1 : Invalid condition id : UX_CORESTACK_Condition cause : null
2025-05-14 17:55:30,519 [WARN] PackLoader:240 - Cannot read IP mode file for STMicroelectronics.X-CUBE-AZRTOS-WL.2.0.0
2025-05-14 17:55:30,534 [WARN] PackLoader:240 - Cannot read IP mode file for STMicroelectronics.FP-SNS-MOTENV1.5.0.0
2025-05-14 17:55:30,539 [WARN] PackLoader:240 - Cannot read IP mode file for wolfSSL.I-CUBE-wolfMQTT.1.19.0
2025-05-14 17:55:30,557 [WARN] PackLoader:240 - Cannot read IP mode file for WES.I-CUBE-Cesium.1.3.0
2025-05-14 17:55:30,573 [WARN] PackLoader:240 - Cannot read IP mode file for STMicroelectronics.X-CUBE-BLE2.3.3.0
2025-05-14 17:55:30,588 [WARN] PackLoader:240 - Cannot read IP mode file for STMicroelectronics.X-CUBE-DISPLAY.2.2.0
2025-05-14 17:55:30,605 [WARN] PackLoader:240 - Cannot read IP mode file for STMicroelectronics.X-CUBE-NFC9.1.0.0
2025-05-14 17:55:30,649 [WARN] PackLoader:240 - Cannot read IP mode file for STMicroelectronics.X-CUBE-AZRTOS-H7.2.1.0
2025-05-14 17:55:30,667 [WARN] PackLoader:240 - Cannot read IP mode file for STMicroelectronics.X-CUBE-BLE1.7.1.0
2025-05-14 17:55:30,684 [WARN] PackLoader:240 - Cannot read IP mode file for STMicroelectronics.X-CUBE-TCPP.4.1.0
2025-05-14 17:55:30,701 [WARN] PackLoader:240 - Cannot read IP mode file for STMicroelectronics.X-CUBE-ALGOBUILD.1.3.0
2025-05-14 17:55:30,738 [WARN] PackLoader:240 - Cannot read IP mode file for STMicroelectronics.X-CUBE-MEMS1.11.2.0
2025-05-14 17:55:30,922 [WARN] PackLoader:240 - Cannot read IP mode file for STMicroelectronics.X-CUBE-AZRTOS-G0.1.1.0
2025-05-14 17:55:30,941 [WARN] PackLoader:240 - Cannot read IP mode file for STMicroelectronics.X-CUBE-SAFEA1.1.2.2
2025-05-14 17:55:30,968 [WARN] PackLoader:240 - Cannot read IP mode file for STMicroelectronics.X-CUBE-NFC4.3.0.0
2025-05-14 17:55:31,007 [WARN] PackLoader:240 - Cannot read IP mode file for SEGGER.I-CUBE-embOS.1.2.0
2025-05-14 17:55:31,063 [WARN] PackLoader:240 - Cannot read IP mode file for EmbeddedOffice.I-CUBE-FS-RTOS.1.0.1
2025-05-14 17:55:31,067 [WARN] PackLoader:240 - Cannot read IP mode file for STMicroelectronics.X-CUBE-WB05N.2.0.0
2025-05-14 17:55:31,083 [WARN] PackLoader:240 - Cannot read IP mode file for STMicroelectronics.X-CUBE-TCPP.4.2.0
2025-05-14 17:55:31,101 [WARN] PackLoader:240 - Cannot read IP mode file for RealThread.X-CUBE-RT-Thread_Nano.4.1.1
2025-05-14 17:55:31,105 [WARN] PackLoader:240 - Cannot read IP mode file for STMicroelectronics.FP-ATR-SIGFOX1.3.2.0
2025-05-14 17:55:31,119 [WARN] ConditionMgr:438 - getConditionDescription Invalid condition id : Cortex-A Device cause : null
2025-05-14 17:55:31,138 [WARN] ConditionMgr:1044 - genDependencies : Invalid condition id : Cortex-A Device cause : null
2025-05-14 17:55:31,138 [WARN] ConditionMgr:1044 - genDependencies : Invalid condition id : Cortex-A Device cause : null
2025-05-14 17:55:31,139 [WARN] ConditionMgr:1044 - genDependencies : Invalid condition id : Cortex-A Device cause : null
2025-05-14 17:55:31,154 [WARN] PackLoader:240 - Cannot read IP mode file for STMicroelectronics.X-CUBE-EEPRMA1.5.1.0
2025-05-14 17:55:31,173 [WARN] PackLoader:240 - Cannot read IP mode file for emotas.I-CUBE-CANOPEN.1.1.2
2025-05-14 17:55:31,187 [WARN] PackLoader:240 - Cannot read IP mode file for STMicroelectronics.X-CUBE-TOUCHGFX.4.20.0
2025-05-14 17:55:31,203 [WARN] PackLoader:240 - Cannot read IP mode file for ITTIA_DB.I-CUBE-ITTIADB.8.9.0
2025-05-14 17:55:31,251 [WARN] PackLoader:240 - Cannot read IP mode file for SEGGER.I-CUBE-embOS.1.3.1
2025-05-14 17:55:31,311 [WARN] PackLoader:240 - Cannot read IP mode file for STMicroelectronics.X-CUBE-ALGOBUILD.1.4.0
2025-05-14 17:55:31,325 [WARN] PackLoader:240 - Cannot read IP mode file for STMicroelectronics.X-CUBE-AI.9.1.0
2025-05-14 17:55:31,349 [WARN] PackLoader:240 - Cannot read IP mode file for STMicroelectronics.X-CUBE-GNSS1.6.0.0
2025-05-14 17:55:31,380 [WARN] PackLoader:240 - Cannot read IP mode file for STMicroelectronics.X-CUBE-AZRTOS-F4.1.1.0
2025-05-14 17:55:31,385 [WARN] PackLoader:240 - Cannot read IP mode file for Avnet-IotConnect.X-CUBE-IoTC-DA16k-PMOD.1.0.0
2025-05-14 17:55:31,443 [WARN] PackLoader:240 - Cannot read IP mode file for STMicroelectronics.X-CUBE-ISPU.2.1.0
2025-05-14 17:55:31,458 [WARN] PackLoader:240 - Cannot read IP mode file for STMicroelectronics.X-CUBE-FREERTOS.1.2.0
2025-05-14 17:55:31,486 [WARN] PackLoader:240 - Cannot read IP mode file for STMicroelectronics.X-CUBE-AZRTOS-L5.2.0.0
2025-05-14 17:55:31,503 [WARN] PackLoader:240 - Cannot read IP mode file for STMicroelectronics.X-CUBE-NFC6.3.1.0
2025-05-14 17:55:31,518 [WARN] PackLoader:240 - Cannot read IP mode file for STMicroelectronics.X-CUBE-DPower.1.2.0
2025-05-14 17:55:31,531 [WARN] PackLoader:240 - Cannot read IP mode file for STMicroelectronics.X-CUBE-NFC4.2.0.4
2025-05-14 17:55:31,557 [WARN] PackLoader:240 - Cannot read IP mode file for STMicroelectronics.X-CUBE-AZRTOS-F4.1.0.0
2025-05-14 17:55:31,562 [WARN] PackLoader:240 - Cannot read IP mode file for STMicroelectronics.X-CUBE-FREERTOS.1.3.1
2025-05-14 17:55:31,592 [WARN] PackLoader:240 - Cannot read IP mode file for STMicroelectronics.X-CUBE-FREERTOS.1.3.0
2025-05-14 17:55:31,606 [WARN] PackLoader:240 - Cannot read IP mode file for STMicroelectronics.X-CUBE-NFC7.1.0.1
2025-05-14 17:55:31,620 [WARN] PackLoader:240 - Cannot read IP mode file for STMicroelectronics.X-CUBE-NFC7.1.0.0
2025-05-14 17:55:31,633 [WARN] PackLoader:240 - Cannot read IP mode file for STMicroelectronics.X-CUBE-DPower.1.3.0
2025-05-14 17:55:31,664 [WARN] ConditionMgr:438 - getConditionDescription Invalid condition id : LAN8742 Phy interface Condition cause : null
2025-05-14 17:55:31,665 [WARN] PackLoader:240 - Cannot read IP mode file for STMicroelectronics.X-CUBE-AZRTOS-L4.2.0.0
2025-05-14 17:55:31,666 [WARN] ConditionMgr:1044 - genDependencies : Invalid condition id : LAN8742 Phy interface Condition cause : null
2025-05-14 17:55:31,666 [WARN] ConditionMgr:1044 - genDependencies : Invalid condition id : LAN8742 Phy interface Condition cause : null
2025-05-14 17:55:31,666 [WARN] ConditionMgr:1044 - genDependencies : Invalid condition id : LAN8742 Phy interface Condition cause : null
2025-05-14 17:55:31,685 [WARN] PackLoader:240 - Cannot read IP mode file for STMicroelectronics.X-CUBE-SFXS2LP1.4.0.0
2025-05-14 17:55:31,716 [WARN] PackLoader:240 - Cannot read IP mode file for STMicroelectronics.X-CUBE-AZRTOS-H7.3.3.0
2025-05-14 17:55:31,736 [WARN] PackLoader:240 - Cannot read IP mode file for RoweBots.I-CUBE-UNISONRTOS.5.5.0-4
2025-05-14 17:55:31,750 [WARN] PackLoader:240 - Cannot read IP mode file for wolfSSL.I-CUBE-wolfSSL.5.4.0
2025-05-14 17:55:31,769 [WARN] PackLoader:240 - Cannot read IP mode file for STMicroelectronics.X-CUBE-IPS.3.0.0
2025-05-14 17:55:31,795 [WARN] ConditionMgr:438 - getConditionDescription Invalid condition id : UX DEVICE CLASS RTOS Condition cause : null
2025-05-14 17:55:31,795 [WARN] ConditionMgr:438 - getConditionDescription Invalid condition id : UX DEVICE CLASS RTOS Condition cause : null
2025-05-14 17:55:31,797 [WARN] PackLoader:240 - Cannot read IP mode file for STMicroelectronics.X-CUBE-AZRTOS-WB.2.0.0
2025-05-14 17:55:31,798 [WARN] ConditionMgr:1044 - genDependencies : Invalid condition id : UX DEVICE CLASS RTOS Condition cause : null
2025-05-14 17:55:31,798 [WARN] ConditionMgr:1044 - genDependencies : Invalid condition id : UX DEVICE CLASS RTOS Condition cause : null
2025-05-14 17:55:31,798 [WARN] ConditionMgr:1044 - genDependencies : Invalid condition id : UX DEVICE CLASS RTOS Condition cause : null
2025-05-14 17:55:31,798 [WARN] ConditionMgr:1044 - genDependencies : Invalid condition id : UX DEVICE CLASS RTOS Condition cause : null
2025-05-14 17:55:31,798 [WARN] ConditionMgr:1044 - genDependencies : Invalid condition id : UX DEVICE CLASS RTOS Condition cause : null
2025-05-14 17:55:31,812 [WARN] PackLoader:240 - Cannot read IP mode file for STMicroelectronics.X-CUBE-GNSS1.7.0.0
2025-05-14 17:55:31,826 [WARN] PackLoader:240 - Cannot read IP mode file for STMicroelectronics.X-CUBE-GNSS1.7.0.1
2025-05-14 17:55:31,844 [WARN] PackLoader:240 - Cannot read IP mode file for STMicroelectronics.X-CUBE-BLEMGR.1.0.0
2025-05-14 17:55:31,881 [WARN] PackLoader:240 - Cannot read IP mode file for STMicroelectronics.X-CUBE-TOUCHGFX.4.25.0
2025-05-14 17:55:31,897 [WARN] PackLoader:240 - Cannot read IP mode file for STMicroelectronics.FP-SNS-STBOX1.2.0.0
2025-05-14 17:55:31,922 [WARN] PackLoader:240 - Cannot read IP mode file for STMicroelectronics.X-CUBE-SUBG2.5.0.0
2025-05-14 17:55:31,958 [WARN] PackLoader:240 - Cannot read IP mode file for STMicroelectronics.X-CUBE-AZRTOS-H7RS.1.1.0
2025-05-14 17:55:31,964 [WARN] PackLoader:240 - Cannot read IP mode file for Cesanta.I-CUBE-Mongoose.7.13.0
2025-05-14 17:55:32,008 [WARN] PackLoader:240 - Cannot read IP mode file for STMicroelectronics.X-CUBE-AZRTOS-G4.2.0.0
2025-05-14 17:55:32,024 [WARN] PackLoader:240 - Cannot read IP mode file for STMicroelectronics.FP-ATR-ASTRA1.1.1.0
2025-05-14 17:55:32,027 [WARN] PackLoader:240 - Cannot read IP mode file for STMicroelectronics.X-CUBE-NFC7.2.0.0
2025-05-14 17:55:32,052 [WARN] PackLoader:240 - Cannot read IP mode file for STMicroelectronics.X-CUBE-AZRTOS-G4.1.0.0
2025-05-14 17:55:32,081 [WARN] PackLoader:240 - Cannot read IP mode file for STMicroelectronics.X-CUBE-AZRTOS-L4.1.0.0
2025-05-14 17:55:32,104 [WARN] PackLoader:240 - Cannot read IP mode file for STMicroelectronics.X-CUBE-IPS.3.1.0
2025-05-14 17:55:32,122 [WARN] PackLoader:240 - Cannot read IP mode file for STMicroelectronics.X-CUBE-ALS.1.0.2
2025-05-14 17:55:32,138 [WARN] PackLoader:240 - Cannot read IP mode file for STMicroelectronics.X-CUBE-TOUCHGFX.4.24.2
2025-05-14 17:55:32,158 [WARN] PackLoader:240 - Cannot read IP mode file for STMicroelectronics.X-CUBE-AZRTOS-WL.1.0.0
2025-05-14 17:55:32,188 [WARN] PackLoader:240 - Cannot read IP mode file for STMicroelectronics.X-CUBE-TOUCHGFX.4.24.1
2025-05-14 17:55:32,192 [WARN] PackLoader:240 - Cannot read IP mode file for wolfSSL.I-CUBE-wolfTPM.3.4.0
2025-05-14 17:55:32,208 [WARN] PackLoader:240 - Cannot read IP mode file for portGmbH.I-Cube-SoM-uGOAL.1.1.0
2025-05-14 17:55:32,223 [WARN] PackLoader:240 - Cannot read IP mode file for STMicroelectronics.X-CUBE-ALS.1.0.1
2025-05-14 17:55:32,254 [WARN] PackLoader:240 - Cannot read IP mode file for STMicroelectronics.X-CUBE-AZRTOS-L5.1.0.0
2025-05-14 17:55:32,269 [WARN] PackLoader:240 - Cannot read IP mode file for STMicroelectronics.X-CUBE-EEPRMA1.3.1.1
2025-05-14 17:55:32,300 [WARN] PackLoader:240 - Cannot read IP mode file for STMicroelectronics.X-CUBE-AZRTOS-H7RS.1.0.0
2025-05-14 17:55:32,319 [WARN] PackLoader:240 - Cannot read IP mode file for STMicroelectronics.FP-ATR-ASTRA1.2.0.0
2025-05-14 17:55:32,340 [WARN] PackLoader:240 - Cannot read IP mode file for STMicroelectronics.X-CUBE-TOF1.3.4.2
2025-05-14 17:55:32,353 [WARN] PackLoader:240 - Cannot read IP mode file for STMicroelectronics.X-CUBE-TOF1.3.4.3
2025-05-14 17:55:32,394 [WARN] PackLoader:240 - Cannot read IP mode file for Infineon.AIROC-Wi-Fi-Bluetooth-STM32.1.6.1
2025-05-14 17:55:32,401 [WARN] PackLoader:240 - Cannot read IP mode file for wolfSSL.I-CUBE-wolfSSH.1.4.17
2025-05-14 17:55:32,402 [INFO] ThirdParty:978 - Integrity check success = true
2025-05-14 17:55:32,402 [INFO] IntegrityCheckThread:100 - exiting critical section [integrity check]
2025-05-14 17:55:32,402 [INFO] IntegrityCheckThread:103 - End integrity checks thread
