2025-08-31 18:42:31,440 [INFO] Activator:176 - 


2025-08-31 18:42:31,445 [INFO] Activator:177 - !SESSION log4j initialized
2025-08-31 18:42:45,566 [INFO] LogOutputStream:77 - [STDOUT_REDIRECT] 
2025-08-31 18:45:47,189 [INFO] ApplicationProperties:184 - Using Application install path: C:\ST\STM32CubeIDE_1.16.1\STM32CubeIDE\plugins\com.st.stm32cube.common.mx_6.13.0.202411220809
2025-08-31 18:45:47,204 [INFO] DbMcusXml:78 - Set database path to: C:\ST\STM32CubeIDE_1.16.1\STM32CubeIDE\plugins\com.st.stm32cube.common.mx_6.13.0.202411220809\\db\/mcu/
2025-08-31 18:45:47,204 [INFO] ApiDb:274 - Set plugin database path to: C:\ST\STM32CubeIDE_1.16.1\STM32CubeIDE\plugins\com.st.stm32cube.common.mx_6.13.0.202411220809\\db\/plugins/boardmanager/
2025-08-31 18:45:47,204 [WARN] ApiDb:259 - Overriding images path with different value:  => C:\ST\STM32CubeIDE_1.16.1\STM32CubeIDE\plugins\com.st.stm32cube.common.mx_6.13.0.202411220809\\db\/plugins/mcufinder/images/
2025-08-31 18:45:47,218 [INFO] ApiDb:250 - Set database path to: C:\Users\Bruno\.stmcufinder\plugins\mcufinder//mcu/
2025-08-31 18:45:47,219 [INFO] DbMcusAds:125 - Set database path to: C:\Users\Bruno\.stmcufinder\plugins\mcufinder//mcu/
2025-08-31 18:45:47,239 [INFO] CrossReferenceDbSqlite:203 - Set database path to: C:\Users\Bruno\.stmcufinder\plugins\mcufinder//mcu/cs/
2025-08-31 18:45:47,356 [INFO] RulesReader:64 - Compatibility file has been processed (297 Rules)
2025-08-31 18:45:47,442 [INFO] DbMcusXml:78 - Set database path to: C:\ST\STM32CubeIDE_1.16.1\STM32CubeIDE\plugins\com.st.stm32cube.common.mx_6.13.0.202411220809\\db\/mcu/
2025-08-31 18:45:47,442 [INFO] ApiDb:274 - Set plugin database path to: C:\ST\STM32CubeIDE_1.16.1\STM32CubeIDE\plugins\com.st.stm32cube.common.mx_6.13.0.202411220809\\db\/plugins/boardmanager/
2025-08-31 18:45:47,443 [INFO] ApiDb:261 - Set plugin images path to: C:\ST\STM32CubeIDE_1.16.1\STM32CubeIDE\plugins\com.st.stm32cube.common.mx_6.13.0.202411220809\\db\/plugins/mcufinder/images/
2025-08-31 18:45:47,443 [WARN] DbFile:41 - Overriding database path with different value: C:\Users\Bruno\.stmcufinder\plugins\mcufinder/ => C:\Users\Bruno\.stmcufinder\plugins\mcufinder
2025-08-31 18:45:47,443 [INFO] ApiDb:250 - Set database path to: C:\Users\Bruno\.stmcufinder\plugins\mcufinder//mcu/
2025-08-31 18:45:47,443 [WARN] DbFile:41 - Overriding database path with different value: C:\Users\Bruno\.stmcufinder\plugins\mcufinder/ => C:\Users\Bruno\.stmcufinder\plugins\mcufinder
2025-08-31 18:45:47,443 [INFO] DbMcusAds:125 - Set database path to: C:\Users\Bruno\.stmcufinder\plugins\mcufinder//mcu/
2025-08-31 18:45:47,443 [WARN] DbFile:41 - Overriding database path with different value: C:\Users\Bruno\.stmcufinder\plugins\mcufinder/ => C:\Users\Bruno\.stmcufinder\plugins\mcufinder
2025-08-31 18:45:47,443 [WARN] DbFile:41 - Overriding database path with different value: C:\Users\Bruno\.stmcufinder\plugins\mcufinder/ => C:\Users\Bruno\.stmcufinder\plugins\mcufinder
2025-08-31 18:45:47,443 [INFO] CrossReferenceDbSqlite:203 - Set database path to: C:\Users\Bruno\.stmcufinder\plugins\mcufinder//mcu/cs/
2025-08-31 18:45:47,521 [INFO] MainPanel:272 - HeapMemory: 1073741824
2025-08-31 18:45:47,631 [INFO] DbMcusXml:78 - Set database path to: C:\ST\STM32CubeIDE_1.16.1\STM32CubeIDE\plugins\com.st.stm32cube.common.mx_6.13.0.202411220809\\db\/mcu/
2025-08-31 18:45:47,631 [INFO] ApiDb:274 - Set plugin database path to: C:\ST\STM32CubeIDE_1.16.1\STM32CubeIDE\plugins\com.st.stm32cube.common.mx_6.13.0.202411220809\\db\/plugins/boardmanager/
2025-08-31 18:45:47,631 [INFO] ApiDb:261 - Set plugin images path to: C:\ST\STM32CubeIDE_1.16.1\STM32CubeIDE\plugins\com.st.stm32cube.common.mx_6.13.0.202411220809\\db\/plugins/mcufinder/images/
2025-08-31 18:45:47,631 [WARN] DbFile:41 - Overriding database path with different value: C:\Users\Bruno\.stmcufinder\plugins\mcufinder/ => C:\Users\Bruno\.stmcufinder\plugins\mcufinder
2025-08-31 18:45:47,631 [INFO] ApiDb:250 - Set database path to: C:\Users\Bruno\.stmcufinder\plugins\mcufinder//mcu/
2025-08-31 18:45:47,632 [WARN] DbFile:41 - Overriding database path with different value: C:\Users\Bruno\.stmcufinder\plugins\mcufinder/ => C:\Users\Bruno\.stmcufinder\plugins\mcufinder
2025-08-31 18:45:47,632 [INFO] DbMcusAds:125 - Set database path to: C:\Users\Bruno\.stmcufinder\plugins\mcufinder//mcu/
2025-08-31 18:45:47,632 [WARN] DbFile:41 - Overriding database path with different value: C:\Users\Bruno\.stmcufinder\plugins\mcufinder/ => C:\Users\Bruno\.stmcufinder\plugins\mcufinder
2025-08-31 18:45:47,632 [WARN] DbFile:41 - Overriding database path with different value: C:\Users\Bruno\.stmcufinder\plugins\mcufinder/ => C:\Users\Bruno\.stmcufinder\plugins\mcufinder
2025-08-31 18:45:47,632 [INFO] CrossReferenceDbSqlite:203 - Set database path to: C:\Users\Bruno\.stmcufinder\plugins\mcufinder//mcu/cs/
2025-08-31 18:45:47,651 [INFO] ApplicationProperties:184 - Using Application install path: C:\ST\STM32CubeIDE_1.16.1\STM32CubeIDE\plugins\com.st.stm32cube.common.mx_6.13.0.202411220809
2025-08-31 18:45:47,652 [INFO] PluginManage:196 - Search for loadable plugins [exclusion list=, ]
2025-08-31 18:45:47,654 [INFO] PluginManage:310 - Check plugin analytics
2025-08-31 18:45:47,879 [INFO] AnalyticsPlugin:253 - Accepted Software Licenses: STM32CubeMX.6.6.1,STM32CubeMX.6.13.0
2025-08-31 18:45:47,879 [INFO] AnalyticsPlugin:255 - Accepted CMSIS Pack Licenses: 
2025-08-31 18:45:47,879 [INFO] AnalyticsPlugin:257 - Accepted Firmware Licenses: FW.G0.1.6.0,FW.F4.1.28.0
2025-08-31 18:45:47,880 [INFO] PluginManage:359 - Loaded plugin analytics (category:tool,tabindex:-1)
2025-08-31 18:45:47,880 [INFO] PluginManage:310 - Check plugin cadmodel
2025-08-31 18:45:47,901 [INFO] CADModel:105 - Init CAD model plugin
2025-08-31 18:45:47,901 [INFO] PluginManage:359 - Loaded plugin cadmodel (category:power,tabindex:5)
2025-08-31 18:45:47,901 [INFO] PluginManage:310 - Check plugin clock
2025-08-31 18:45:47,924 [INFO] PluginManage:359 - Loaded plugin clock (category:base,tabindex:2)
2025-08-31 18:45:47,924 [INFO] PluginManage:310 - Check plugin ddr
2025-08-31 18:45:47,926 [INFO] PluginManage:359 - Loaded plugin ddr (category:tool,tabindex:6)
2025-08-31 18:45:47,927 [INFO] PluginManage:310 - Check plugin filemanager
2025-08-31 18:45:48,112 [INFO] PluginManage:359 - Loaded plugin filemanager (category:base,tabindex:10)
2025-08-31 18:45:48,112 [INFO] PluginManage:310 - Check plugin ipmanager
2025-08-31 18:45:48,208 [INFO] PluginManage:359 - Loaded plugin ipmanager (category:base,tabindex:5)
2025-08-31 18:45:48,208 [INFO] PluginManage:310 - Check plugin lpbam
2025-08-31 18:45:48,228 [INFO] PluginManage:359 - Loaded plugin lpbam (category:base,tabindex:0)
2025-08-31 18:45:48,228 [INFO] PluginManage:310 - Check plugin memorymap
2025-08-31 18:45:48,258 [INFO] PluginManage:359 - Loaded plugin memorymap (category:base,tabindex:4)
2025-08-31 18:45:48,258 [INFO] PluginManage:310 - Check plugin pinoutandconfiguration
2025-08-31 18:45:48,280 [INFO] PluginManage:359 - Loaded plugin pinoutandconfiguration (category:base,tabindex:1)
2025-08-31 18:45:48,281 [INFO] PluginManage:310 - Check plugin pinoutconfig
2025-08-31 18:45:48,396 [WARN] SupportedApi:132 - Cannot load RTOS API schema: s4s-elt-must-match.1: The content of 'definitions' must match (annotation?, (simpleType | complexType)?, (unique | key | keyref)*)). A problem was found starting at: attribute.
2025-08-31 18:45:48,571 [INFO] PluginManage:359 - Loaded plugin pinoutconfig (category:base,tabindex:0)
2025-08-31 18:45:48,571 [INFO] PluginManage:310 - Check plugin power
2025-08-31 18:45:48,594 [INFO] PluginManage:359 - Loaded plugin power (category:power,tabindex:4)
2025-08-31 18:45:48,594 [INFO] PluginManage:310 - Check plugin projectmanager
2025-08-31 18:45:48,612 [INFO] PluginManage:359 - Loaded plugin projectmanager (category:projectmanager,tabindex:4)
2025-08-31 18:45:48,612 [INFO] PluginManage:310 - Check plugin rif
2025-08-31 18:45:48,633 [INFO] PluginManage:359 - Loaded plugin rif (category:base,tabindex:3)
2025-08-31 18:45:48,634 [INFO] PluginManage:310 - Check plugin thirdparty
2025-08-31 18:45:48,966 [INFO] PluginManage:359 - Loaded plugin thirdparty (category:base,tabindex:-1)
2025-08-31 18:45:48,965 [WARN] IntegrityCheckThread:84 - waiting for thirdparty lock release [integrity check]
2025-08-31 18:45:48,966 [INFO] PluginManage:310 - Check plugin tools
2025-08-31 18:45:48,966 [INFO] IntegrityCheckThread:86 - entering critical section [integrity check]
2025-08-31 18:45:48,966 [INFO] ThirdPartyUpdaterWithRetryManager:70 - Updater plugin not ready yet. [1/15]
2025-08-31 18:45:49,011 [INFO] PluginManage:359 - Loaded plugin tools (category:base,tabindex:7)
2025-08-31 18:45:49,011 [INFO] PluginManage:310 - Check plugin tutovideos
2025-08-31 18:45:49,195 [INFO] PluginManage:359 - Loaded plugin tutovideos (category:base,tabindex:-1)
2025-08-31 18:45:49,195 [INFO] PluginManage:310 - Check plugin updater
2025-08-31 18:45:49,216 [INFO] PluginManage:359 - Loaded plugin updater (category:base,tabindex:12)
2025-08-31 18:45:49,217 [INFO] PluginManage:310 - Check plugin userauth
2025-08-31 18:45:49,220 [INFO] UserAuth:118 - Init User Auth plugin
2025-08-31 18:45:49,221 [INFO] PluginManage:359 - Loaded plugin userauth (category:base,tabindex:14)
2025-08-31 18:45:49,222 [INFO] PluginManage:283 - PluginManage : Loaded plugins [18]
2025-08-31 18:45:49,447 [INFO] PinOutPanel:1589 - setPackage(No Configuration,No Configuration)
2025-08-31 18:45:49,546 [INFO] CADModel:165 - CPN selected for project level
2025-08-31 18:45:49,546 [INFO] CADModel:114 - Register for checkConnection events
2025-08-31 18:45:49,577 [INFO] IPUIPlugin:80 - create IPUIPlugin
2025-08-31 18:45:49,578 [INFO] PluginManager:220 - loadIPPluginJar : add adc
2025-08-31 18:45:49,630 [INFO] IPUIPlugin:80 - create IPUIPlugin
2025-08-31 18:45:49,631 [INFO] PluginManager:220 - loadIPPluginJar : add aes
2025-08-31 18:45:49,689 [INFO] IPUIPlugin:80 - create IPUIPlugin
2025-08-31 18:45:49,689 [INFO] PluginManager:220 - loadIPPluginJar : add can
2025-08-31 18:45:49,720 [INFO] IPUIPlugin:80 - create IPUIPlugin
2025-08-31 18:45:49,720 [INFO] PluginManager:220 - loadIPPluginJar : add comp
2025-08-31 18:45:49,762 [INFO] IPUIPlugin:80 - create IPUIPlugin
2025-08-31 18:45:49,762 [INFO] PluginManager:220 - loadIPPluginJar : add cryp
2025-08-31 18:45:49,776 [INFO] IPUIPlugin:80 - create IPUIPlugin
2025-08-31 18:45:49,776 [INFO] PluginManager:220 - loadIPPluginJar : add ddr_ctrl_phy
2025-08-31 18:45:49,815 [INFO] IPUIPlugin:80 - create IPUIPlugin
2025-08-31 18:45:49,815 [INFO] PluginManager:220 - loadIPPluginJar : add dfsdm
2025-08-31 18:45:49,832 [INFO] IPUIPlugin:80 - create IPUIPlugin
2025-08-31 18:45:49,832 [INFO] PluginManager:220 - loadIPPluginJar : add dma
2025-08-31 18:45:49,886 [INFO] IPUIPlugin:80 - create IPUIPlugin
2025-08-31 18:45:49,886 [INFO] PluginManager:220 - loadIPPluginJar : add dma3
2025-08-31 18:45:49,942 [INFO] IPUIPlugin:80 - create IPUIPlugin
2025-08-31 18:45:49,942 [INFO] PluginManager:220 - loadIPPluginJar : add extmemmanager
2025-08-31 18:45:49,968 [INFO] IPUIPlugin:80 - create IPUIPlugin
2025-08-31 18:45:49,969 [INFO] PluginManager:220 - loadIPPluginJar : add fatfs
2025-08-31 18:45:50,030 [INFO] IPUIPlugin:80 - create IPUIPlugin
2025-08-31 18:45:50,030 [INFO] PluginManager:220 - loadIPPluginJar : add fmc
2025-08-31 18:45:50,047 [INFO] IPUIPlugin:80 - create IPUIPlugin
2025-08-31 18:45:50,047 [INFO] PluginManager:220 - loadIPPluginJar : add freertos
2025-08-31 18:45:50,074 [INFO] IPUIPlugin:80 - create IPUIPlugin
2025-08-31 18:45:50,074 [INFO] PluginManager:220 - loadIPPluginJar : add genericplugin
2025-08-31 18:45:50,189 [INFO] IPUIPlugin:80 - create IPUIPlugin
2025-08-31 18:45:50,189 [INFO] PluginManager:220 - loadIPPluginJar : add gfxmmu
2025-08-31 18:45:50,348 [INFO] IPUIPlugin:80 - create IPUIPlugin
2025-08-31 18:45:50,348 [INFO] PluginManager:220 - loadIPPluginJar : add gic
2025-08-31 18:45:50,363 [INFO] IPUIPlugin:80 - create IPUIPlugin
2025-08-31 18:45:50,363 [INFO] PluginManager:220 - loadIPPluginJar : add gpio
2025-08-31 18:45:50,477 [INFO] IPUIPlugin:80 - create IPUIPlugin
2025-08-31 18:45:50,477 [INFO] PluginManager:220 - loadIPPluginJar : add gtzc
2025-08-31 18:45:50,519 [INFO] IPUIPlugin:80 - create IPUIPlugin
2025-08-31 18:45:50,519 [INFO] PluginManager:220 - loadIPPluginJar : add hash
2025-08-31 18:45:50,583 [INFO] IPUIPlugin:80 - create IPUIPlugin
2025-08-31 18:45:50,583 [INFO] PluginManager:220 - loadIPPluginJar : add i2c
2025-08-31 18:45:50,632 [INFO] IPUIPlugin:80 - create IPUIPlugin
2025-08-31 18:45:50,632 [INFO] PluginManager:220 - loadIPPluginJar : add i2s
2025-08-31 18:45:50,682 [INFO] IPUIPlugin:80 - create IPUIPlugin
2025-08-31 18:45:50,683 [INFO] PluginManager:220 - loadIPPluginJar : add i3c
2025-08-31 18:45:50,806 [INFO] IPUIPlugin:80 - create IPUIPlugin
2025-08-31 18:45:50,806 [INFO] PluginManager:220 - loadIPPluginJar : add ipddr
2025-08-31 18:45:50,917 [INFO] IPUIPlugin:80 - create IPUIPlugin
2025-08-31 18:45:50,917 [INFO] PluginManager:220 - loadIPPluginJar : add linkedlist
2025-08-31 18:45:50,962 [INFO] IPUIPlugin:80 - create IPUIPlugin
2025-08-31 18:45:50,962 [INFO] PluginManager:220 - loadIPPluginJar : add lorawan
2025-08-31 18:45:51,008 [INFO] IPUIPlugin:80 - create IPUIPlugin
2025-08-31 18:45:51,008 [INFO] PluginManager:220 - loadIPPluginJar : add ltdc
2025-08-31 18:45:51,024 [INFO] IPUIPlugin:80 - create IPUIPlugin
2025-08-31 18:45:51,024 [INFO] PluginManager:220 - loadIPPluginJar : add mdma
2025-08-31 18:45:51,039 [INFO] IPUIPlugin:80 - create IPUIPlugin
2025-08-31 18:45:51,039 [INFO] PluginManager:220 - loadIPPluginJar : add nvic
2025-08-31 18:45:51,085 [INFO] IPUIPlugin:80 - create IPUIPlugin
2025-08-31 18:45:51,085 [INFO] PluginManager:220 - loadIPPluginJar : add opamp
2025-08-31 18:45:51,161 [INFO] IPUIPlugin:80 - create IPUIPlugin
2025-08-31 18:45:51,161 [INFO] PluginManager:220 - loadIPPluginJar : add openamp
2025-08-31 18:45:51,216 [INFO] IPUIPlugin:80 - create IPUIPlugin
2025-08-31 18:45:51,216 [INFO] PluginManager:220 - loadIPPluginJar : add pdm2pcm
2025-08-31 18:45:51,232 [INFO] IPUIPlugin:80 - create IPUIPlugin
2025-08-31 18:45:51,234 [INFO] PluginManager:220 - loadIPPluginJar : add plateformsettings
2025-08-31 18:45:51,263 [INFO] IPUIPlugin:80 - create IPUIPlugin
2025-08-31 18:45:51,263 [INFO] PluginManager:220 - loadIPPluginJar : add quadspi
2025-08-31 18:45:51,296 [INFO] IPUIPlugin:80 - create IPUIPlugin
2025-08-31 18:45:51,297 [INFO] PluginManager:220 - loadIPPluginJar : add radio
2025-08-31 18:45:51,313 [INFO] IPUIPlugin:80 - create IPUIPlugin
2025-08-31 18:45:51,313 [INFO] PluginManager:220 - loadIPPluginJar : add resmgrutility
2025-08-31 18:45:51,371 [INFO] IPUIPlugin:80 - create IPUIPlugin
2025-08-31 18:45:51,372 [INFO] PluginManager:220 - loadIPPluginJar : add sai
2025-08-31 18:45:51,418 [INFO] IPUIPlugin:80 - create IPUIPlugin
2025-08-31 18:45:51,418 [INFO] PluginManager:220 - loadIPPluginJar : add spi
2025-08-31 18:45:51,499 [INFO] IPUIPlugin:80 - create IPUIPlugin
2025-08-31 18:45:51,500 [INFO] PluginManager:220 - loadIPPluginJar : add stm32_wpan
2025-08-31 18:45:51,530 [INFO] IPUIPlugin:80 - create IPUIPlugin
2025-08-31 18:45:51,530 [INFO] PluginManager:220 - loadIPPluginJar : add tim
2025-08-31 18:45:51,606 [INFO] IPUIPlugin:80 - create IPUIPlugin
2025-08-31 18:45:51,606 [INFO] PluginManager:220 - loadIPPluginJar : add touchsensing
2025-08-31 18:45:51,634 [INFO] IPUIPlugin:80 - create IPUIPlugin
2025-08-31 18:45:51,635 [INFO] PluginManager:220 - loadIPPluginJar : add tracer_emb
2025-08-31 18:45:51,665 [INFO] IPUIPlugin:80 - create IPUIPlugin
2025-08-31 18:45:51,665 [INFO] PluginManager:220 - loadIPPluginJar : add ts
2025-08-31 18:45:51,695 [INFO] IPUIPlugin:80 - create IPUIPlugin
2025-08-31 18:45:51,695 [INFO] PluginManager:220 - loadIPPluginJar : add tsc
2025-08-31 18:45:51,722 [INFO] IPUIPlugin:80 - create IPUIPlugin
2025-08-31 18:45:51,722 [INFO] PluginManager:220 - loadIPPluginJar : add ucpd
2025-08-31 18:45:51,777 [INFO] IPUIPlugin:80 - create IPUIPlugin
2025-08-31 18:45:51,777 [INFO] PluginManager:220 - loadIPPluginJar : add usart
2025-08-31 18:45:51,831 [INFO] IPUIPlugin:80 - create IPUIPlugin
2025-08-31 18:45:51,831 [INFO] PluginManager:220 - loadIPPluginJar : add usbx
2025-08-31 18:45:51,959 [FATAL] Updater:351 - Updater called before beeing initialized
2025-08-31 18:45:51,968 [INFO] ThirdPartyUpdaterWithRetryManager:70 - Updater plugin not ready yet. [2/15]
2025-08-31 18:45:52,008 [INFO] RulesReader:64 - Compatibility file has been processed (297 Rules)
2025-08-31 18:45:52,019 [INFO] RulesReader:64 - Compatibility file has been processed (297 Rules)
2025-08-31 18:45:52,025 [INFO] CADModel:165 - CPN selected for project level
2025-08-31 18:45:52,025 [INFO] CADModel:114 - Register for checkConnection events
2025-08-31 18:45:52,025 [FATAL] Updater:351 - Updater called before beeing initialized
2025-08-31 18:45:52,025 [ERROR] CADModel:125 - Updater not yet initialized, retry later 
2025-08-31 18:45:52,168 [FATAL] Updater:351 - Updater called before beeing initialized
2025-08-31 18:45:52,169 [INFO] CADModel:165 - CPN selected for project level
2025-08-31 18:45:52,169 [INFO] CADModel:114 - Register for checkConnection events
2025-08-31 18:45:52,169 [FATAL] Updater:351 - Updater called before beeing initialized
2025-08-31 18:45:52,170 [ERROR] CADModel:125 - Updater not yet initialized, retry later 
2025-08-31 18:45:52,172 [FATAL] Updater:351 - Updater called before beeing initialized
2025-08-31 18:45:52,267 [FATAL] Updater:351 - Updater called before beeing initialized
2025-08-31 18:45:52,279 [INFO] DbMcusAds:53 - JSON generation date=Wed May 07 11:07:55 CEST 2025 (1746608875484)
2025-08-31 18:45:52,279 [FATAL] Updater:351 - Updater called before beeing initialized
2025-08-31 18:45:52,318 [WARN] DetailPanel:346 - Failed to get advertising image, set to default
2025-08-31 18:45:52,581 [FATAL] Updater:351 - Updater called before beeing initialized
2025-08-31 18:45:52,583 [FATAL] Updater:351 - Updater called before beeing initialized
2025-08-31 18:45:52,583 [FATAL] Updater:351 - Updater called before beeing initialized
2025-08-31 18:45:52,583 [WARN] DetailPanel:346 - Failed to get advertising image, set to default
2025-08-31 18:45:52,583 [FATAL] Updater:351 - Updater called before beeing initialized
2025-08-31 18:45:52,643 [ERROR] Updater:1198 - MainUpdater not yet initialized. External WinMGr cannot be set.
2025-08-31 18:45:52,654 [INFO] Updater:1134 - Updater Version found : 6.13.0
2025-08-31 18:45:52,668 [INFO] ApplicationProperties:184 - Using Application install path: C:\ST\STM32CubeIDE_1.16.1\STM32CubeIDE\plugins\com.st.stm32cube.common.mx_6.13.0.202411220809
2025-08-31 18:45:53,004 [INFO] MainUpdater:2872 - connection check result : 10
2025-08-31 18:45:53,004 [INFO] MainUpdater:3566 - Updater definition file requires update
2025-08-31 18:45:53,005 [INFO] MainUpdater:289 - Updater Check For Update Now.
2025-08-31 18:45:53,005 [INFO] MicroXplorer:498 - Change Database Version : DB.6.0.130
2025-08-31 18:45:53,023 [INFO] McuFinderGlobals:63 - Set McuFinder mode to 2 (CubeIDE integrated)
2025-08-31 18:45:53,030 [INFO] UserAuth:486 - Internet connection configuration mode: 1
2025-08-31 18:45:53,057 [INFO] JxBrowserEngine:152 - Initiate JxBrowser Engine with user profile folder
2025-08-31 18:45:53,082 [INFO] ServerAccessManage:473 - Download File updaters.zip
2025-08-31 18:45:53,159 [INFO] FileExtend:240 - Unzip File : updaters.zip
2025-08-31 18:45:53,159 [INFO] FileExtend:255 - Standard Zip Deflate
2025-08-31 18:45:53,653 [INFO] ServerAccessManage:473 - Download File PacksControlFlags.xml
2025-08-31 18:45:53,739 [INFO] ServerAccessManage:473 - Download File cubemx.pidx
2025-08-31 18:45:53,886 [INFO] LoadServerUpdatesThread:375 - End of LoadServerUpdate Thread
2025-08-31 18:45:54,157 [INFO] CheckServerUpdateThread:120 - End of CheckServer Thread
2025-08-31 18:45:55,822 [WARN] PackLoader:240 - Cannot read IP mode file for STMicroelectronics.FP-SNS-MOTENVWB1.1.4.0
2025-08-31 18:45:55,842 [WARN] PackLoader:240 - Cannot read IP mode file for STMicroelectronics.FP-ATR-ASTRA1.2.0.2
2025-08-31 18:45:55,863 [WARN] PackLoader:240 - Cannot read IP mode file for STMicroelectronics.FP-ATR-ASTRA1.2.0.1
2025-08-31 18:45:55,880 [WARN] PackLoader:240 - Cannot read IP mode file for STMicroelectronics.X-CUBE-SMBUS.2.1.0
2025-08-31 18:45:55,898 [WARN] PackLoader:240 - Cannot read IP mode file for STMicroelectronics.X-CUBE-WB05N.1.1.0
2025-08-31 18:45:55,914 [WARN] PackLoader:240 - Cannot read IP mode file for STMicroelectronics.X-CUBE-ST60.1.0.0
2025-08-31 18:45:55,999 [WARN] PackLoader:240 - Cannot read IP mode file for STMicroelectronics.X-CUBE-MEMS1.9.2.0
2025-08-31 18:45:56,221 [WARN] PackLoader:240 - Cannot read IP mode file for STMicroelectronics.X-CUBE-AZRTOS-F7.1.1.0
2025-08-31 18:45:56,247 [WARN] PackLoader:240 - Cannot read IP mode file for STMicroelectronics.X-CUBE-BLE1.6.2.3
2025-08-31 18:45:56,297 [WARN] PackLoader:240 - Cannot read IP mode file for STMicroelectronics.X-CUBE-MEMS1.11.0.0
2025-08-31 18:45:56,430 [WARN] PackLoader:240 - Cannot read IP mode file for STMicroelectronics.FP-SNS-FLIGHT1.5.0.2
2025-08-31 18:45:56,448 [WARN] PackLoader:240 - Cannot read IP mode file for STMicroelectronics.X-CUBE-TOF1.3.1.0
2025-08-31 18:45:56,482 [WARN] PackLoader:240 - Cannot read IP mode file for STMicroelectronics.X-CUBE-AZRTOS-H7.3.4.0
2025-08-31 18:45:56,501 [WARN] PackLoader:240 - Cannot read IP mode file for STMicroelectronics.X-CUBE-DISPLAY.3.0.0
2025-08-31 18:45:56,516 [WARN] PackLoader:240 - Cannot read IP mode file for STMicroelectronics.X-CUBE-BLE1.7.0.0
2025-08-31 18:45:56,531 [WARN] PackLoader:240 - Cannot read IP mode file for STMicroelectronics.X-CUBE-NFC10.1.0.0
2025-08-31 18:45:56,551 [WARN] PackLoader:240 - Cannot read IP mode file for STMicroelectronics.X-CUBE-BLEMGR.4.0.0
2025-08-31 18:45:56,577 [WARN] PackLoader:240 - Cannot read IP mode file for STMicroelectronics.X-CUBE-AI.7.2.0
2025-08-31 18:45:56,595 [WARN] PackLoader:240 - Cannot read IP mode file for STMicroelectronics.X-CUBE-BLEMGR.3.1.0
2025-08-31 18:45:56,611 [WARN] PackLoader:240 - Cannot read IP mode file for STMicroelectronics.X-CUBE-AI.10.0.0
2025-08-31 18:45:56,637 [ERROR] Engine:466 - C:\Users\Bruno\.stm32cubemx\thirdparties\pdsc\STMicroelectronics.FP-SNS-STBOX1.2.1.0.pdsc: PDSC version is not supported
2025-08-31 18:45:56,653 [WARN] PackLoader:240 - Cannot read IP mode file for STMicroelectronics.FP-SNS-SMARTAG2.1.2.0
2025-08-31 18:45:56,666 [WARN] PackLoader:240 - Cannot read IP mode file for STMicroelectronics.FP-SNS-FLIGHT1.5.1.0
2025-08-31 18:45:56,713 [WARN] PackLoader:240 - Cannot read IP mode file for STMicroelectronics.X-CUBE-MEMS1.11.1.0
2025-08-31 18:45:56,826 [INFO] LogOutputStream:77 - [STDOUT_REDIRECT] 1 : Invalid condition id : UX_CORESTACK_Condition cause : null
2025-08-31 18:45:56,827 [INFO] LogOutputStream:77 - [STDOUT_REDIRECT] 1 : Invalid condition id : UX_CORESTACK_Condition cause : null
2025-08-31 18:45:56,828 [INFO] LogOutputStream:77 - [STDOUT_REDIRECT] 1 : Invalid condition id : UX_CORESTACK_Condition cause : null
2025-08-31 18:45:56,829 [INFO] LogOutputStream:77 - [STDOUT_REDIRECT] 1 : Invalid condition id : UX_CORESTACK_Condition cause : null
2025-08-31 18:45:56,830 [INFO] LogOutputStream:77 - [STDOUT_REDIRECT] 1 : Invalid condition id : UX_CORESTACK_Condition cause : null
2025-08-31 18:45:56,833 [WARN] PackLoader:240 - Cannot read IP mode file for STMicroelectronics.X-CUBE-AZRTOS-WL.2.0.0
2025-08-31 18:45:56,849 [WARN] PackLoader:240 - Cannot read IP mode file for STMicroelectronics.FP-SNS-MOTENV1.5.0.0
2025-08-31 18:45:56,870 [WARN] PackLoader:240 - Cannot read IP mode file for wolfSSL.I-CUBE-wolfMQTT.1.19.0
2025-08-31 18:45:56,886 [WARN] PackLoader:240 - Cannot read IP mode file for WES.I-CUBE-Cesium.1.3.0
2025-08-31 18:45:56,902 [WARN] PackLoader:240 - Cannot read IP mode file for STMicroelectronics.X-CUBE-BLE2.3.3.0
2025-08-31 18:45:56,918 [WARN] PackLoader:240 - Cannot read IP mode file for STMicroelectronics.X-CUBE-DISPLAY.2.2.0
2025-08-31 18:45:56,934 [WARN] PackLoader:240 - Cannot read IP mode file for STMicroelectronics.X-CUBE-NFC9.1.0.0
2025-08-31 18:45:56,966 [WARN] PackLoader:240 - Cannot read IP mode file for STMicroelectronics.X-CUBE-AZRTOS-H7.2.1.0
2025-08-31 18:45:56,985 [WARN] PackLoader:240 - Cannot read IP mode file for STMicroelectronics.X-CUBE-BLE1.7.1.0
2025-08-31 18:45:57,001 [WARN] PackLoader:240 - Cannot read IP mode file for STMicroelectronics.X-CUBE-TCPP.4.1.0
2025-08-31 18:45:57,018 [WARN] PackLoader:240 - Cannot read IP mode file for STMicroelectronics.X-CUBE-EEPRMA1.5.2.0
2025-08-31 18:45:57,038 [WARN] PackLoader:240 - Cannot read IP mode file for STMicroelectronics.X-CUBE-AI.10.1.0
2025-08-31 18:45:57,054 [WARN] PackLoader:240 - Cannot read IP mode file for STMicroelectronics.X-CUBE-ALGOBUILD.1.3.0
2025-08-31 18:45:57,172 [WARN] PackLoader:240 - Cannot read IP mode file for STMicroelectronics.X-CUBE-MEMS1.11.2.0
2025-08-31 18:45:57,257 [INFO] WebApp:168 - Instantiating new browser for Auth
2025-08-31 18:45:57,305 [WARN] PackLoader:240 - Cannot read IP mode file for STMicroelectronics.X-CUBE-AZRTOS-G0.1.1.0
2025-08-31 18:45:57,321 [WARN] PackLoader:240 - Cannot read IP mode file for STMicroelectronics.X-CUBE-SAFEA1.1.2.2
2025-08-31 18:45:57,337 [WARN] PackLoader:240 - Cannot read IP mode file for STMicroelectronics.X-CUBE-NFC4.3.0.0
2025-08-31 18:45:57,370 [WARN] PackLoader:240 - Cannot read IP mode file for SEGGER.I-CUBE-embOS.1.2.0
2025-08-31 18:45:57,405 [WARN] PackLoader:240 - Cannot read IP mode file for EmbeddedOffice.I-CUBE-FS-RTOS.1.0.1
2025-08-31 18:45:57,419 [WARN] PackLoader:240 - Cannot read IP mode file for STMicroelectronics.X-CUBE-WB05N.2.0.0
2025-08-31 18:45:57,435 [WARN] PackLoader:240 - Cannot read IP mode file for STMicroelectronics.X-CUBE-TCPP.4.2.0
2025-08-31 18:45:57,451 [WARN] PackLoader:240 - Cannot read IP mode file for RealThread.X-CUBE-RT-Thread_Nano.4.1.1
2025-08-31 18:45:57,466 [WARN] PackLoader:240 - Cannot read IP mode file for STMicroelectronics.FP-ATR-SIGFOX1.3.2.0
2025-08-31 18:45:57,505 [WARN] ConditionMgr:438 - getConditionDescription Invalid condition id : Cortex-A Device cause : null
2025-08-31 18:45:57,530 [WARN] ConditionMgr:1044 - genDependencies : Invalid condition id : Cortex-A Device cause : null
2025-08-31 18:45:57,530 [WARN] ConditionMgr:1044 - genDependencies : Invalid condition id : Cortex-A Device cause : null
2025-08-31 18:45:57,530 [WARN] ConditionMgr:1044 - genDependencies : Invalid condition id : Cortex-A Device cause : null
2025-08-31 18:45:57,551 [WARN] PackLoader:240 - Cannot read IP mode file for STMicroelectronics.X-CUBE-EEPRMA1.5.1.0
2025-08-31 18:45:57,596 [WARN] PackLoader:240 - Cannot read IP mode file for emotas.I-CUBE-CANOPEN.1.1.2
2025-08-31 18:45:57,613 [WARN] PackLoader:240 - Cannot read IP mode file for STMicroelectronics.X-CUBE-TOUCHGFX.4.20.0
2025-08-31 18:45:57,636 [WARN] PackLoader:240 - Cannot read IP mode file for ITTIA_DB.I-CUBE-ITTIADB.8.9.0
2025-08-31 18:45:57,718 [WARN] PackLoader:240 - Cannot read IP mode file for STMicroelectronics.X-CUBE-ST67W61.1.0.0
2025-08-31 18:45:57,738 [WARN] PackLoader:240 - Cannot read IP mode file for STMicroelectronics.X-CUBE-AI.10.2.0
2025-08-31 18:45:57,768 [WARN] PackLoader:240 - Cannot read IP mode file for SEGGER.I-CUBE-embOS.1.3.1
2025-08-31 18:45:57,803 [WARN] PackLoader:240 - Cannot read IP mode file for STMicroelectronics.X-CUBE-ALGOBUILD.1.4.0
2025-08-31 18:45:57,871 [WARN] PackLoader:240 - Cannot read IP mode file for STMicroelectronics.X-CUBE-MEMS1.11.3.0
2025-08-31 18:45:57,996 [WARN] PackLoader:240 - Cannot read IP mode file for STMicroelectronics.X-CUBE-AI.9.1.0
2025-08-31 18:45:58,029 [WARN] PackLoader:240 - Cannot read IP mode file for STMicroelectronics.X-CUBE-PM33A1.1.0.0
2025-08-31 18:45:58,044 [WARN] PackLoader:240 - Cannot read IP mode file for STMicroelectronics.X-CUBE-GNSS1.6.0.0
2025-08-31 18:45:58,074 [WARN] PackLoader:240 - Cannot read IP mode file for STMicroelectronics.X-CUBE-AZRTOS-F4.1.1.0
2025-08-31 18:45:58,090 [WARN] PackLoader:240 - Cannot read IP mode file for Avnet-IotConnect.X-CUBE-IoTC-DA16k-PMOD.1.0.0
2025-08-31 18:45:58,105 [WARN] PackLoader:240 - Cannot read IP mode file for STMicroelectronics.X-CUBE-ISPU.2.1.0
2025-08-31 18:45:58,161 [WARN] PackLoader:240 - Cannot read IP mode file for STMicroelectronics.X-CUBE-FREERTOS.1.2.0
2025-08-31 18:45:58,183 [WARN] PackLoader:240 - Cannot read IP mode file for STMicroelectronics.X-CUBE-NFC12.1.0.0
2025-08-31 18:45:58,256 [WARN] PackLoader:240 - Cannot read IP mode file for STMicroelectronics.X-CUBE-AZRTOS-L5.2.0.0
2025-08-31 18:45:58,282 [WARN] PackLoader:240 - Cannot read IP mode file for STMicroelectronics.X-CUBE-NFC6.3.1.0
2025-08-31 18:45:58,303 [WARN] PackLoader:240 - Cannot read IP mode file for STMicroelectronics.X-CUBE-DPower.1.2.0
2025-08-31 18:45:58,320 [WARN] PackLoader:240 - Cannot read IP mode file for STMicroelectronics.X-CUBE-NFC4.2.0.4
2025-08-31 18:45:58,349 [WARN] PackLoader:240 - Cannot read IP mode file for STMicroelectronics.X-CUBE-AZRTOS-F4.1.0.0
2025-08-31 18:45:58,367 [WARN] PackLoader:240 - Cannot read IP mode file for STMicroelectronics.X-CUBE-FREERTOS.1.3.1
2025-08-31 18:45:58,382 [WARN] PackLoader:240 - Cannot read IP mode file for STMicroelectronics.X-CUBE-FREERTOS.1.3.0
2025-08-31 18:45:58,398 [WARN] PackLoader:240 - Cannot read IP mode file for STMicroelectronics.X-CUBE-NFC7.1.0.1
2025-08-31 18:45:58,413 [WARN] PackLoader:240 - Cannot read IP mode file for STMicroelectronics.X-CUBE-NFC7.1.0.0
2025-08-31 18:45:58,455 [WARN] PackLoader:240 - Cannot read IP mode file for STMicroelectronics.FP-SNS-STAIOTCFT.1.0.0
2025-08-31 18:45:58,479 [WARN] PackLoader:240 - Cannot read IP mode file for STMicroelectronics.X-CUBE-DPower.1.3.0
2025-08-31 18:45:58,526 [WARN] ConditionMgr:438 - getConditionDescription Invalid condition id : LAN8742 Phy interface Condition cause : null
2025-08-31 18:45:58,527 [WARN] PackLoader:240 - Cannot read IP mode file for STMicroelectronics.X-CUBE-AZRTOS-L4.2.0.0
2025-08-31 18:45:58,528 [WARN] ConditionMgr:1044 - genDependencies : Invalid condition id : LAN8742 Phy interface Condition cause : null
2025-08-31 18:45:58,528 [WARN] ConditionMgr:1044 - genDependencies : Invalid condition id : LAN8742 Phy interface Condition cause : null
2025-08-31 18:45:58,528 [WARN] ConditionMgr:1044 - genDependencies : Invalid condition id : LAN8742 Phy interface Condition cause : null
2025-08-31 18:45:58,547 [WARN] PackLoader:240 - Cannot read IP mode file for STMicroelectronics.X-CUBE-SFXS2LP1.4.0.0
2025-08-31 18:45:58,587 [WARN] PackLoader:240 - Cannot read IP mode file for STMicroelectronics.X-CUBE-AZRTOS-H7.3.3.0
2025-08-31 18:45:58,604 [WARN] PackLoader:240 - Cannot read IP mode file for RoweBots.I-CUBE-UNISONRTOS.5.5.0-4
2025-08-31 18:45:58,618 [WARN] PackLoader:240 - Cannot read IP mode file for wolfSSL.I-CUBE-wolfSSL.5.4.0
2025-08-31 18:45:58,638 [WARN] PackLoader:240 - Cannot read IP mode file for STMicroelectronics.X-CUBE-BLEMGR.4.1.0
2025-08-31 18:45:58,658 [WARN] PackLoader:240 - Cannot read IP mode file for STMicroelectronics.X-CUBE-IPS.3.0.0
2025-08-31 18:45:58,691 [WARN] ConditionMgr:438 - getConditionDescription Invalid condition id : UX DEVICE CLASS RTOS Condition cause : null
2025-08-31 18:45:58,691 [WARN] ConditionMgr:438 - getConditionDescription Invalid condition id : UX DEVICE CLASS RTOS Condition cause : null
2025-08-31 18:45:58,692 [WARN] PackLoader:240 - Cannot read IP mode file for STMicroelectronics.X-CUBE-AZRTOS-WB.2.0.0
2025-08-31 18:45:58,693 [WARN] ConditionMgr:1044 - genDependencies : Invalid condition id : UX DEVICE CLASS RTOS Condition cause : null
2025-08-31 18:45:58,693 [WARN] ConditionMgr:1044 - genDependencies : Invalid condition id : UX DEVICE CLASS RTOS Condition cause : null
2025-08-31 18:45:58,693 [WARN] ConditionMgr:1044 - genDependencies : Invalid condition id : UX DEVICE CLASS RTOS Condition cause : null
2025-08-31 18:45:58,693 [WARN] ConditionMgr:1044 - genDependencies : Invalid condition id : UX DEVICE CLASS RTOS Condition cause : null
2025-08-31 18:45:58,694 [WARN] ConditionMgr:1044 - genDependencies : Invalid condition id : UX DEVICE CLASS RTOS Condition cause : null
2025-08-31 18:45:58,708 [WARN] PackLoader:240 - Cannot read IP mode file for STMicroelectronics.X-CUBE-GNSS1.7.0.0
2025-08-31 18:45:58,725 [WARN] PackLoader:240 - Cannot read IP mode file for STMicroelectronics.X-CUBE-GNSS1.7.0.1
2025-08-31 18:45:58,744 [WARN] PackLoader:240 - Cannot read IP mode file for STMicroelectronics.X-CUBE-BLEMGR.1.0.0
2025-08-31 18:45:58,760 [WARN] PackLoader:240 - Cannot read IP mode file for STMicroelectronics.X-CUBE-TOUCHGFX.4.25.0
2025-08-31 18:45:58,780 [WARN] PackLoader:240 - Cannot read IP mode file for STMicroelectronics.FP-SNS-STBOX1.2.0.0
2025-08-31 18:45:58,805 [WARN] PackLoader:240 - Cannot read IP mode file for STMicroelectronics.X-CUBE-SUBG2.5.0.0
2025-08-31 18:45:58,840 [WARN] PackLoader:240 - Cannot read IP mode file for STMicroelectronics.X-CUBE-AZRTOS-H7RS.1.1.0
2025-08-31 18:45:58,857 [WARN] PackLoader:240 - Cannot read IP mode file for Cesanta.I-CUBE-Mongoose.7.13.0
2025-08-31 18:45:58,884 [WARN] PackLoader:240 - Cannot read IP mode file for STMicroelectronics.X-CUBE-AZRTOS-G4.2.0.0
2025-08-31 18:45:58,899 [WARN] PackLoader:240 - Cannot read IP mode file for STMicroelectronics.FP-ATR-ASTRA1.1.1.0
2025-08-31 18:45:58,914 [WARN] PackLoader:240 - Cannot read IP mode file for STMicroelectronics.X-CUBE-NFC7.2.0.0
2025-08-31 18:45:58,944 [WARN] PackLoader:240 - Cannot read IP mode file for STMicroelectronics.X-CUBE-AZRTOS-G4.1.0.0
2025-08-31 18:45:58,975 [WARN] PackLoader:240 - Cannot read IP mode file for STMicroelectronics.X-CUBE-AZRTOS-L4.1.0.0
2025-08-31 18:45:59,003 [WARN] PackLoader:240 - Cannot read IP mode file for STMicroelectronics.X-CUBE-IPS.3.1.0
2025-08-31 18:45:59,027 [WARN] PackLoader:240 - Cannot read IP mode file for STMicroelectronics.X-CUBE-ALS.1.0.2
2025-08-31 18:45:59,044 [WARN] PackLoader:240 - Cannot read IP mode file for STMicroelectronics.X-CUBE-TOUCHGFX.4.24.2
2025-08-31 18:45:59,081 [WARN] PackLoader:240 - Cannot read IP mode file for STMicroelectronics.X-CUBE-AZRTOS-WL.1.0.0
2025-08-31 18:45:59,103 [WARN] PackLoader:240 - Cannot read IP mode file for STMicroelectronics.X-CUBE-TOUCHGFX.4.24.1
2025-08-31 18:45:59,122 [WARN] PackLoader:240 - Cannot read IP mode file for wolfSSL.I-CUBE-wolfTPM.3.4.0
2025-08-31 18:45:59,170 [WARN] PackLoader:240 - Cannot read IP mode file for portGmbH.I-Cube-SoM-uGOAL.1.1.0
2025-08-31 18:45:59,204 [WARN] PackLoader:240 - Cannot read IP mode file for STMicroelectronics.X-CUBE-ALS.1.0.1
2025-08-31 18:45:59,221 [INFO] WebApp:449 - Apply proxy settings
2025-08-31 18:45:59,221 [INFO] WebApp:534 - Chromium requires no authentication
2025-08-31 18:45:59,247 [WARN] PackLoader:240 - Cannot read IP mode file for STMicroelectronics.X-CUBE-AZRTOS-L5.1.0.0
2025-08-31 18:45:59,251 [INFO] WebApp:477 - Direct internet connection detected
2025-08-31 18:45:59,268 [WARN] PackLoader:240 - Cannot read IP mode file for STMicroelectronics.X-CUBE-EEPRMA1.3.1.1
2025-08-31 18:45:59,307 [WARN] PackLoader:240 - Cannot read IP mode file for STMicroelectronics.X-CUBE-AZRTOS-H7RS.1.0.0
2025-08-31 18:45:59,324 [WARN] PackLoader:240 - Cannot read IP mode file for STMicroelectronics.FP-ATR-ASTRA1.2.0.0
2025-08-31 18:45:59,326 [INFO] WebApp:880 - Register for checkConnection events
2025-08-31 18:45:59,326 [INFO] WebApp:449 - Apply proxy settings
2025-08-31 18:45:59,327 [INFO] WebApp:534 - Chromium requires no authentication
2025-08-31 18:45:59,330 [INFO] WebApp:477 - Direct internet connection detected
2025-08-31 18:45:59,350 [WARN] PackLoader:240 - Cannot read IP mode file for STMicroelectronics.X-CUBE-TOF1.3.4.2
2025-08-31 18:45:59,388 [WARN] PackLoader:240 - Cannot read IP mode file for STMicroelectronics.X-CUBE-TOF1.3.4.3
2025-08-31 18:45:59,427 [WARN] PackLoader:240 - Cannot read IP mode file for Infineon.AIROC-Wi-Fi-Bluetooth-STM32.1.6.1
2025-08-31 18:45:59,448 [WARN] PackLoader:240 - Cannot read IP mode file for wolfSSL.I-CUBE-wolfSSH.1.4.17
2025-08-31 18:45:59,448 [INFO] ThirdParty:978 - Integrity check success = true
2025-08-31 18:45:59,448 [INFO] IntegrityCheckThread:100 - exiting critical section [integrity check]
2025-08-31 18:45:59,448 [INFO] IntegrityCheckThread:103 - End integrity checks thread
2025-08-31 18:45:59,469 [INFO] WebApp:187 - Connection restablished
2025-08-31 18:45:59,639 [INFO] WebApp:221 - Starting web application
2025-08-31 18:45:59,639 [INFO] WebApp:579 - Web application path used C:\ST\STM32CubeIDE_1.16.1\STM32CubeIDE\plugins\com.st.stm32cube.common.mx_6.13.0.202411220809\db\plugins\mcufinder\reactClient1\index.html
2025-08-31 18:45:59,793 [INFO] UserAuth:486 - Internet connection configuration mode: 1
2025-08-31 20:13:18,385 [ERROR] LogOutputStream:75 - [STDERR_REDIRECT] 
2025-08-31 20:13:38,875 [INFO] Activator:176 - 


2025-08-31 20:13:38,877 [INFO] Activator:177 - !SESSION log4j initialized
2025-08-31 20:13:45,428 [INFO] LogOutputStream:77 - [STDOUT_REDIRECT] 
2025-08-31 20:13:52,821 [INFO] ApplicationProperties:184 - Using Application install path: C:\ST\STM32CubeIDE_1.16.1\STM32CubeIDE\plugins\com.st.stm32cube.common.mx_6.13.0.202411220809
2025-08-31 20:13:52,834 [INFO] DbMcusXml:78 - Set database path to: C:\ST\STM32CubeIDE_1.16.1\STM32CubeIDE\plugins\com.st.stm32cube.common.mx_6.13.0.202411220809\\db\/mcu/
2025-08-31 20:13:52,834 [INFO] ApiDb:274 - Set plugin database path to: C:\ST\STM32CubeIDE_1.16.1\STM32CubeIDE\plugins\com.st.stm32cube.common.mx_6.13.0.202411220809\\db\/plugins/boardmanager/
2025-08-31 20:13:52,834 [WARN] ApiDb:259 - Overriding images path with different value:  => C:\ST\STM32CubeIDE_1.16.1\STM32CubeIDE\plugins\com.st.stm32cube.common.mx_6.13.0.202411220809\\db\/plugins/mcufinder/images/
2025-08-31 20:13:52,839 [INFO] ApiDb:250 - Set database path to: C:\Users\Bruno\.stmcufinder\plugins\mcufinder//mcu/
2025-08-31 20:13:52,840 [INFO] DbMcusAds:125 - Set database path to: C:\Users\Bruno\.stmcufinder\plugins\mcufinder//mcu/
2025-08-31 20:13:52,842 [INFO] CrossReferenceDbSqlite:203 - Set database path to: C:\Users\Bruno\.stmcufinder\plugins\mcufinder//mcu/cs/
2025-08-31 20:13:52,939 [INFO] RulesReader:64 - Compatibility file has been processed (297 Rules)
2025-08-31 20:13:53,010 [INFO] DbMcusXml:78 - Set database path to: C:\ST\STM32CubeIDE_1.16.1\STM32CubeIDE\plugins\com.st.stm32cube.common.mx_6.13.0.202411220809\\db\/mcu/
2025-08-31 20:13:53,010 [INFO] ApiDb:274 - Set plugin database path to: C:\ST\STM32CubeIDE_1.16.1\STM32CubeIDE\plugins\com.st.stm32cube.common.mx_6.13.0.202411220809\\db\/plugins/boardmanager/
2025-08-31 20:13:53,015 [INFO] ApiDb:261 - Set plugin images path to: C:\ST\STM32CubeIDE_1.16.1\STM32CubeIDE\plugins\com.st.stm32cube.common.mx_6.13.0.202411220809\\db\/plugins/mcufinder/images/
2025-08-31 20:13:53,026 [WARN] DbFile:41 - Overriding database path with different value: C:\Users\Bruno\.stmcufinder\plugins\mcufinder/ => C:\Users\Bruno\.stmcufinder\plugins\mcufinder
2025-08-31 20:13:53,027 [INFO] ApiDb:250 - Set database path to: C:\Users\Bruno\.stmcufinder\plugins\mcufinder//mcu/
2025-08-31 20:13:53,027 [WARN] DbFile:41 - Overriding database path with different value: C:\Users\Bruno\.stmcufinder\plugins\mcufinder/ => C:\Users\Bruno\.stmcufinder\plugins\mcufinder
2025-08-31 20:13:53,027 [INFO] DbMcusAds:125 - Set database path to: C:\Users\Bruno\.stmcufinder\plugins\mcufinder//mcu/
2025-08-31 20:13:53,027 [WARN] DbFile:41 - Overriding database path with different value: C:\Users\Bruno\.stmcufinder\plugins\mcufinder/ => C:\Users\Bruno\.stmcufinder\plugins\mcufinder
2025-08-31 20:13:53,027 [WARN] DbFile:41 - Overriding database path with different value: C:\Users\Bruno\.stmcufinder\plugins\mcufinder/ => C:\Users\Bruno\.stmcufinder\plugins\mcufinder
2025-08-31 20:13:53,027 [INFO] CrossReferenceDbSqlite:203 - Set database path to: C:\Users\Bruno\.stmcufinder\plugins\mcufinder//mcu/cs/
2025-08-31 20:13:53,115 [INFO] MainPanel:272 - HeapMemory: 268435456
2025-08-31 20:13:53,233 [INFO] DbMcusXml:78 - Set database path to: C:\ST\STM32CubeIDE_1.16.1\STM32CubeIDE\plugins\com.st.stm32cube.common.mx_6.13.0.202411220809\\db\/mcu/
2025-08-31 20:13:53,233 [INFO] ApiDb:274 - Set plugin database path to: C:\ST\STM32CubeIDE_1.16.1\STM32CubeIDE\plugins\com.st.stm32cube.common.mx_6.13.0.202411220809\\db\/plugins/boardmanager/
2025-08-31 20:13:53,234 [INFO] ApiDb:261 - Set plugin images path to: C:\ST\STM32CubeIDE_1.16.1\STM32CubeIDE\plugins\com.st.stm32cube.common.mx_6.13.0.202411220809\\db\/plugins/mcufinder/images/
2025-08-31 20:13:53,234 [WARN] DbFile:41 - Overriding database path with different value: C:\Users\Bruno\.stmcufinder\plugins\mcufinder/ => C:\Users\Bruno\.stmcufinder\plugins\mcufinder
2025-08-31 20:13:53,234 [INFO] ApiDb:250 - Set database path to: C:\Users\Bruno\.stmcufinder\plugins\mcufinder//mcu/
2025-08-31 20:13:53,234 [WARN] DbFile:41 - Overriding database path with different value: C:\Users\Bruno\.stmcufinder\plugins\mcufinder/ => C:\Users\Bruno\.stmcufinder\plugins\mcufinder
2025-08-31 20:13:53,234 [INFO] DbMcusAds:125 - Set database path to: C:\Users\Bruno\.stmcufinder\plugins\mcufinder//mcu/
2025-08-31 20:13:53,234 [WARN] DbFile:41 - Overriding database path with different value: C:\Users\Bruno\.stmcufinder\plugins\mcufinder/ => C:\Users\Bruno\.stmcufinder\plugins\mcufinder
2025-08-31 20:13:53,234 [WARN] DbFile:41 - Overriding database path with different value: C:\Users\Bruno\.stmcufinder\plugins\mcufinder/ => C:\Users\Bruno\.stmcufinder\plugins\mcufinder
2025-08-31 20:13:53,234 [INFO] CrossReferenceDbSqlite:203 - Set database path to: C:\Users\Bruno\.stmcufinder\plugins\mcufinder//mcu/cs/
2025-08-31 20:13:53,252 [INFO] ApplicationProperties:184 - Using Application install path: C:\ST\STM32CubeIDE_1.16.1\STM32CubeIDE\plugins\com.st.stm32cube.common.mx_6.13.0.202411220809
2025-08-31 20:13:53,254 [INFO] PluginManage:196 - Search for loadable plugins [exclusion list=, ]
2025-08-31 20:13:53,255 [INFO] PluginManage:310 - Check plugin analytics
2025-08-31 20:13:53,486 [INFO] AnalyticsPlugin:253 - Accepted Software Licenses: STM32CubeMX.6.6.1,STM32CubeMX.6.13.0
2025-08-31 20:13:53,486 [INFO] AnalyticsPlugin:255 - Accepted CMSIS Pack Licenses: 
2025-08-31 20:13:53,486 [INFO] AnalyticsPlugin:257 - Accepted Firmware Licenses: FW.G0.1.6.0,FW.F4.1.28.0
2025-08-31 20:13:53,491 [INFO] PluginManage:359 - Loaded plugin analytics (category:tool,tabindex:-1)
2025-08-31 20:13:53,491 [INFO] PluginManage:310 - Check plugin cadmodel
2025-08-31 20:13:53,496 [INFO] CADModel:105 - Init CAD model plugin
2025-08-31 20:13:53,496 [INFO] PluginManage:359 - Loaded plugin cadmodel (category:power,tabindex:5)
2025-08-31 20:13:53,497 [INFO] PluginManage:310 - Check plugin clock
2025-08-31 20:13:53,505 [INFO] PluginManage:359 - Loaded plugin clock (category:base,tabindex:2)
2025-08-31 20:13:53,505 [INFO] PluginManage:310 - Check plugin ddr
2025-08-31 20:13:53,508 [INFO] PluginManage:359 - Loaded plugin ddr (category:tool,tabindex:6)
2025-08-31 20:13:53,508 [INFO] PluginManage:310 - Check plugin filemanager
2025-08-31 20:13:53,677 [INFO] PluginManage:359 - Loaded plugin filemanager (category:base,tabindex:10)
2025-08-31 20:13:53,677 [INFO] PluginManage:310 - Check plugin ipmanager
2025-08-31 20:13:53,689 [INFO] PluginManage:359 - Loaded plugin ipmanager (category:base,tabindex:5)
2025-08-31 20:13:53,689 [INFO] PluginManage:310 - Check plugin lpbam
2025-08-31 20:13:53,697 [INFO] PluginManage:359 - Loaded plugin lpbam (category:base,tabindex:0)
2025-08-31 20:13:53,697 [INFO] PluginManage:310 - Check plugin memorymap
2025-08-31 20:13:53,708 [INFO] PluginManage:359 - Loaded plugin memorymap (category:base,tabindex:4)
2025-08-31 20:13:53,708 [INFO] PluginManage:310 - Check plugin pinoutandconfiguration
2025-08-31 20:13:53,715 [INFO] PluginManage:359 - Loaded plugin pinoutandconfiguration (category:base,tabindex:1)
2025-08-31 20:13:53,715 [INFO] PluginManage:310 - Check plugin pinoutconfig
2025-08-31 20:13:53,795 [WARN] SupportedApi:132 - Cannot load RTOS API schema: s4s-elt-must-match.1: The content of 'definitions' must match (annotation?, (simpleType | complexType)?, (unique | key | keyref)*)). A problem was found starting at: attribute.
2025-08-31 20:13:53,917 [INFO] PluginManage:359 - Loaded plugin pinoutconfig (category:base,tabindex:0)
2025-08-31 20:13:53,917 [INFO] PluginManage:310 - Check plugin power
2025-08-31 20:13:53,925 [INFO] PluginManage:359 - Loaded plugin power (category:power,tabindex:4)
2025-08-31 20:13:53,925 [INFO] PluginManage:310 - Check plugin projectmanager
2025-08-31 20:13:53,940 [INFO] PluginManage:359 - Loaded plugin projectmanager (category:projectmanager,tabindex:4)
2025-08-31 20:13:53,940 [INFO] PluginManage:310 - Check plugin rif
2025-08-31 20:13:53,947 [INFO] PluginManage:359 - Loaded plugin rif (category:base,tabindex:3)
2025-08-31 20:13:53,947 [INFO] PluginManage:310 - Check plugin thirdparty
2025-08-31 20:13:54,067 [INFO] PluginManage:359 - Loaded plugin thirdparty (category:base,tabindex:-1)
2025-08-31 20:13:54,067 [INFO] PluginManage:310 - Check plugin tools
2025-08-31 20:13:54,068 [WARN] IntegrityCheckThread:84 - waiting for thirdparty lock release [integrity check]
2025-08-31 20:13:54,069 [INFO] IntegrityCheckThread:86 - entering critical section [integrity check]
2025-08-31 20:13:54,069 [INFO] ThirdPartyUpdaterWithRetryManager:70 - Updater plugin not ready yet. [1/15]
2025-08-31 20:13:54,069 [INFO] PluginManage:359 - Loaded plugin tools (category:base,tabindex:7)
2025-08-31 20:13:54,070 [INFO] PluginManage:310 - Check plugin tutovideos
2025-08-31 20:13:54,219 [INFO] PluginManage:359 - Loaded plugin tutovideos (category:base,tabindex:-1)
2025-08-31 20:13:54,219 [INFO] PluginManage:310 - Check plugin updater
2025-08-31 20:13:54,245 [INFO] PluginManage:359 - Loaded plugin updater (category:base,tabindex:12)
2025-08-31 20:13:54,246 [INFO] PluginManage:310 - Check plugin userauth
2025-08-31 20:13:54,249 [INFO] UserAuth:118 - Init User Auth plugin
2025-08-31 20:13:54,250 [INFO] PluginManage:359 - Loaded plugin userauth (category:base,tabindex:14)
2025-08-31 20:13:54,250 [INFO] PluginManage:283 - PluginManage : Loaded plugins [18]
2025-08-31 20:13:54,533 [INFO] PinOutPanel:1589 - setPackage(No Configuration,No Configuration)
2025-08-31 20:13:54,664 [INFO] CADModel:165 - CPN selected for project level
2025-08-31 20:13:54,664 [INFO] CADModel:114 - Register for checkConnection events
2025-08-31 20:13:54,685 [INFO] IPUIPlugin:80 - create IPUIPlugin
2025-08-31 20:13:54,685 [INFO] PluginManager:220 - loadIPPluginJar : add adc
2025-08-31 20:13:54,688 [INFO] IPUIPlugin:80 - create IPUIPlugin
2025-08-31 20:13:54,688 [INFO] PluginManager:220 - loadIPPluginJar : add aes
2025-08-31 20:13:54,691 [INFO] IPUIPlugin:80 - create IPUIPlugin
2025-08-31 20:13:54,692 [INFO] PluginManager:220 - loadIPPluginJar : add can
2025-08-31 20:13:54,694 [INFO] IPUIPlugin:80 - create IPUIPlugin
2025-08-31 20:13:54,694 [INFO] PluginManager:220 - loadIPPluginJar : add comp
2025-08-31 20:13:54,696 [INFO] IPUIPlugin:80 - create IPUIPlugin
2025-08-31 20:13:54,696 [INFO] PluginManager:220 - loadIPPluginJar : add cryp
2025-08-31 20:13:54,699 [INFO] IPUIPlugin:80 - create IPUIPlugin
2025-08-31 20:13:54,699 [INFO] PluginManager:220 - loadIPPluginJar : add ddr_ctrl_phy
2025-08-31 20:13:54,702 [INFO] IPUIPlugin:80 - create IPUIPlugin
2025-08-31 20:13:54,702 [INFO] PluginManager:220 - loadIPPluginJar : add dfsdm
2025-08-31 20:13:54,707 [INFO] IPUIPlugin:80 - create IPUIPlugin
2025-08-31 20:13:54,707 [INFO] PluginManager:220 - loadIPPluginJar : add dma
2025-08-31 20:13:54,710 [INFO] IPUIPlugin:80 - create IPUIPlugin
2025-08-31 20:13:54,710 [INFO] PluginManager:220 - loadIPPluginJar : add dma3
2025-08-31 20:13:54,713 [INFO] IPUIPlugin:80 - create IPUIPlugin
2025-08-31 20:13:54,713 [INFO] PluginManager:220 - loadIPPluginJar : add extmemmanager
2025-08-31 20:13:54,715 [INFO] IPUIPlugin:80 - create IPUIPlugin
2025-08-31 20:13:54,715 [INFO] PluginManager:220 - loadIPPluginJar : add fatfs
2025-08-31 20:13:54,721 [INFO] IPUIPlugin:80 - create IPUIPlugin
2025-08-31 20:13:54,722 [INFO] PluginManager:220 - loadIPPluginJar : add fmc
2025-08-31 20:13:54,729 [INFO] IPUIPlugin:80 - create IPUIPlugin
2025-08-31 20:13:54,729 [INFO] PluginManager:220 - loadIPPluginJar : add freertos
2025-08-31 20:13:54,731 [INFO] IPUIPlugin:80 - create IPUIPlugin
2025-08-31 20:13:54,731 [INFO] PluginManager:220 - loadIPPluginJar : add genericplugin
2025-08-31 20:13:54,734 [INFO] IPUIPlugin:80 - create IPUIPlugin
2025-08-31 20:13:54,734 [INFO] PluginManager:220 - loadIPPluginJar : add gfxmmu
2025-08-31 20:13:54,738 [INFO] IPUIPlugin:80 - create IPUIPlugin
2025-08-31 20:13:54,739 [INFO] PluginManager:220 - loadIPPluginJar : add gic
2025-08-31 20:13:54,743 [INFO] IPUIPlugin:80 - create IPUIPlugin
2025-08-31 20:13:54,743 [INFO] PluginManager:220 - loadIPPluginJar : add gpio
2025-08-31 20:13:54,746 [INFO] IPUIPlugin:80 - create IPUIPlugin
2025-08-31 20:13:54,746 [INFO] PluginManager:220 - loadIPPluginJar : add gtzc
2025-08-31 20:13:54,749 [INFO] IPUIPlugin:80 - create IPUIPlugin
2025-08-31 20:13:54,749 [INFO] PluginManager:220 - loadIPPluginJar : add hash
2025-08-31 20:13:54,752 [INFO] IPUIPlugin:80 - create IPUIPlugin
2025-08-31 20:13:54,752 [INFO] PluginManager:220 - loadIPPluginJar : add i2c
2025-08-31 20:13:54,754 [INFO] IPUIPlugin:80 - create IPUIPlugin
2025-08-31 20:13:54,755 [INFO] PluginManager:220 - loadIPPluginJar : add i2s
2025-08-31 20:13:54,758 [INFO] IPUIPlugin:80 - create IPUIPlugin
2025-08-31 20:13:54,759 [INFO] PluginManager:220 - loadIPPluginJar : add i3c
2025-08-31 20:13:54,763 [INFO] IPUIPlugin:80 - create IPUIPlugin
2025-08-31 20:13:54,763 [INFO] PluginManager:220 - loadIPPluginJar : add ipddr
2025-08-31 20:13:54,769 [INFO] IPUIPlugin:80 - create IPUIPlugin
2025-08-31 20:13:54,769 [INFO] PluginManager:220 - loadIPPluginJar : add linkedlist
2025-08-31 20:13:54,776 [INFO] IPUIPlugin:80 - create IPUIPlugin
2025-08-31 20:13:54,776 [INFO] PluginManager:220 - loadIPPluginJar : add lorawan
2025-08-31 20:13:54,779 [INFO] IPUIPlugin:80 - create IPUIPlugin
2025-08-31 20:13:54,779 [INFO] PluginManager:220 - loadIPPluginJar : add ltdc
2025-08-31 20:13:54,783 [INFO] IPUIPlugin:80 - create IPUIPlugin
2025-08-31 20:13:54,784 [INFO] PluginManager:220 - loadIPPluginJar : add mdma
2025-08-31 20:13:54,787 [INFO] IPUIPlugin:80 - create IPUIPlugin
2025-08-31 20:13:54,787 [INFO] PluginManager:220 - loadIPPluginJar : add nvic
2025-08-31 20:13:54,790 [INFO] IPUIPlugin:80 - create IPUIPlugin
2025-08-31 20:13:54,790 [INFO] PluginManager:220 - loadIPPluginJar : add opamp
2025-08-31 20:13:54,793 [INFO] IPUIPlugin:80 - create IPUIPlugin
2025-08-31 20:13:54,793 [INFO] PluginManager:220 - loadIPPluginJar : add openamp
2025-08-31 20:13:54,797 [INFO] IPUIPlugin:80 - create IPUIPlugin
2025-08-31 20:13:54,797 [INFO] PluginManager:220 - loadIPPluginJar : add pdm2pcm
2025-08-31 20:13:54,803 [INFO] IPUIPlugin:80 - create IPUIPlugin
2025-08-31 20:13:54,806 [INFO] PluginManager:220 - loadIPPluginJar : add plateformsettings
2025-08-31 20:13:54,808 [INFO] IPUIPlugin:80 - create IPUIPlugin
2025-08-31 20:13:54,808 [INFO] PluginManager:220 - loadIPPluginJar : add quadspi
2025-08-31 20:13:54,810 [INFO] IPUIPlugin:80 - create IPUIPlugin
2025-08-31 20:13:54,811 [INFO] PluginManager:220 - loadIPPluginJar : add radio
2025-08-31 20:13:54,814 [INFO] IPUIPlugin:80 - create IPUIPlugin
2025-08-31 20:13:54,814 [INFO] PluginManager:220 - loadIPPluginJar : add resmgrutility
2025-08-31 20:13:54,818 [INFO] IPUIPlugin:80 - create IPUIPlugin
2025-08-31 20:13:54,819 [INFO] PluginManager:220 - loadIPPluginJar : add sai
2025-08-31 20:13:54,823 [INFO] IPUIPlugin:80 - create IPUIPlugin
2025-08-31 20:13:54,823 [INFO] PluginManager:220 - loadIPPluginJar : add spi
2025-08-31 20:13:54,828 [INFO] IPUIPlugin:80 - create IPUIPlugin
2025-08-31 20:13:54,828 [INFO] PluginManager:220 - loadIPPluginJar : add stm32_wpan
2025-08-31 20:13:54,831 [INFO] IPUIPlugin:80 - create IPUIPlugin
2025-08-31 20:13:54,831 [INFO] PluginManager:220 - loadIPPluginJar : add tim
2025-08-31 20:13:54,834 [INFO] IPUIPlugin:80 - create IPUIPlugin
2025-08-31 20:13:54,834 [INFO] PluginManager:220 - loadIPPluginJar : add touchsensing
2025-08-31 20:13:54,836 [INFO] IPUIPlugin:80 - create IPUIPlugin
2025-08-31 20:13:54,836 [INFO] PluginManager:220 - loadIPPluginJar : add tracer_emb
2025-08-31 20:13:54,838 [INFO] IPUIPlugin:80 - create IPUIPlugin
2025-08-31 20:13:54,838 [INFO] PluginManager:220 - loadIPPluginJar : add ts
2025-08-31 20:13:54,840 [INFO] IPUIPlugin:80 - create IPUIPlugin
2025-08-31 20:13:54,840 [INFO] PluginManager:220 - loadIPPluginJar : add tsc
2025-08-31 20:13:54,842 [INFO] IPUIPlugin:80 - create IPUIPlugin
2025-08-31 20:13:54,842 [INFO] PluginManager:220 - loadIPPluginJar : add ucpd
2025-08-31 20:13:54,845 [INFO] IPUIPlugin:80 - create IPUIPlugin
2025-08-31 20:13:54,845 [INFO] PluginManager:220 - loadIPPluginJar : add usart
2025-08-31 20:13:54,848 [INFO] IPUIPlugin:80 - create IPUIPlugin
2025-08-31 20:13:54,848 [INFO] PluginManager:220 - loadIPPluginJar : add usbx
2025-08-31 20:13:55,016 [FATAL] Updater:351 - Updater called before beeing initialized
2025-08-31 20:13:55,047 [INFO] RulesReader:64 - Compatibility file has been processed (297 Rules)
2025-08-31 20:13:55,059 [INFO] RulesReader:64 - Compatibility file has been processed (297 Rules)
2025-08-31 20:13:55,067 [INFO] CADModel:165 - CPN selected for project level
2025-08-31 20:13:55,068 [INFO] CADModel:114 - Register for checkConnection events
2025-08-31 20:13:55,068 [FATAL] Updater:351 - Updater called before beeing initialized
2025-08-31 20:13:55,068 [ERROR] CADModel:125 - Updater not yet initialized, retry later 
2025-08-31 20:13:55,209 [FATAL] Updater:351 - Updater called before beeing initialized
2025-08-31 20:13:55,210 [INFO] CADModel:165 - CPN selected for project level
2025-08-31 20:13:55,210 [INFO] CADModel:114 - Register for checkConnection events
2025-08-31 20:13:55,211 [FATAL] Updater:351 - Updater called before beeing initialized
2025-08-31 20:13:55,211 [ERROR] CADModel:125 - Updater not yet initialized, retry later 
2025-08-31 20:13:55,214 [FATAL] Updater:351 - Updater called before beeing initialized
2025-08-31 20:13:55,322 [FATAL] Updater:351 - Updater called before beeing initialized
2025-08-31 20:13:55,326 [INFO] DbMcusAds:53 - JSON generation date=Wed May 07 11:07:55 CEST 2025 (1746608875484)
2025-08-31 20:13:55,326 [FATAL] Updater:351 - Updater called before beeing initialized
2025-08-31 20:13:55,359 [WARN] DetailPanel:346 - Failed to get advertising image, set to default
2025-08-31 20:13:55,645 [FATAL] Updater:351 - Updater called before beeing initialized
2025-08-31 20:13:55,647 [FATAL] Updater:351 - Updater called before beeing initialized
2025-08-31 20:13:55,647 [FATAL] Updater:351 - Updater called before beeing initialized
2025-08-31 20:13:55,647 [WARN] DetailPanel:346 - Failed to get advertising image, set to default
2025-08-31 20:13:55,648 [FATAL] Updater:351 - Updater called before beeing initialized
2025-08-31 20:13:55,715 [ERROR] Updater:1198 - MainUpdater not yet initialized. External WinMGr cannot be set.
2025-08-31 20:13:55,717 [INFO] Updater:1134 - Updater Version found : 6.13.0
2025-08-31 20:13:55,731 [INFO] ApplicationProperties:184 - Using Application install path: C:\ST\STM32CubeIDE_1.16.1\STM32CubeIDE\plugins\com.st.stm32cube.common.mx_6.13.0.202411220809
2025-08-31 20:13:56,019 [INFO] MainUpdater:2872 - connection check result : 10
2025-08-31 20:13:56,020 [INFO] MainUpdater:289 - Updater Check For Update Now.
2025-08-31 20:13:56,020 [INFO] MicroXplorer:498 - Change Database Version : DB.6.0.130
2025-08-31 20:13:56,024 [INFO] McuFinderGlobals:63 - Set McuFinder mode to 2 (CubeIDE integrated)
2025-08-31 20:13:56,025 [INFO] UserAuth:486 - Internet connection configuration mode: 1
2025-08-31 20:13:56,037 [INFO] JxBrowserEngine:152 - Initiate JxBrowser Engine with user profile folder
2025-08-31 20:13:56,209 [INFO] CheckServerUpdateThread:120 - End of CheckServer Thread
2025-08-31 20:13:56,552 [INFO] WebApp:168 - Instantiating new browser for Auth
2025-08-31 20:13:57,357 [INFO] WebApp:449 - Apply proxy settings
2025-08-31 20:13:57,358 [INFO] WebApp:534 - Chromium requires no authentication
2025-08-31 20:13:57,365 [INFO] WebApp:477 - Direct internet connection detected
2025-08-31 20:13:57,387 [INFO] WebApp:880 - Register for checkConnection events
2025-08-31 20:13:57,387 [INFO] WebApp:449 - Apply proxy settings
2025-08-31 20:13:57,387 [INFO] WebApp:534 - Chromium requires no authentication
2025-08-31 20:13:57,388 [INFO] WebApp:477 - Direct internet connection detected
2025-08-31 20:13:57,398 [WARN] PackLoader:240 - Cannot read IP mode file for STMicroelectronics.FP-SNS-MOTENVWB1.1.4.0
2025-08-31 20:13:57,409 [WARN] PackLoader:240 - Cannot read IP mode file for STMicroelectronics.FP-ATR-ASTRA1.2.0.2
2025-08-31 20:13:57,414 [WARN] PackLoader:240 - Cannot read IP mode file for STMicroelectronics.FP-ATR-ASTRA1.2.0.1
2025-08-31 20:13:57,422 [WARN] PackLoader:240 - Cannot read IP mode file for STMicroelectronics.X-CUBE-SMBUS.2.1.0
2025-08-31 20:13:57,430 [WARN] PackLoader:240 - Cannot read IP mode file for STMicroelectronics.X-CUBE-WB05N.1.1.0
2025-08-31 20:13:57,440 [WARN] PackLoader:240 - Cannot read IP mode file for STMicroelectronics.X-CUBE-ST60.1.0.0
2025-08-31 20:13:57,521 [WARN] PackLoader:240 - Cannot read IP mode file for STMicroelectronics.X-CUBE-MEMS1.9.2.0
2025-08-31 20:13:57,685 [WARN] PackLoader:240 - Cannot read IP mode file for STMicroelectronics.X-CUBE-AZRTOS-F7.1.1.0
2025-08-31 20:13:57,692 [WARN] PackLoader:240 - Cannot read IP mode file for STMicroelectronics.X-CUBE-BLE1.6.2.3
2025-08-31 20:13:57,705 [INFO] WebApp:221 - Starting web application
2025-08-31 20:13:57,705 [INFO] WebApp:579 - Web application path used C:\ST\STM32CubeIDE_1.16.1\STM32CubeIDE\plugins\com.st.stm32cube.common.mx_6.13.0.202411220809\db\plugins\mcufinder\reactClient1\index.html
2025-08-31 20:13:57,745 [WARN] PackLoader:240 - Cannot read IP mode file for STMicroelectronics.X-CUBE-MEMS1.11.0.0
2025-08-31 20:13:57,878 [INFO] UserAuth:486 - Internet connection configuration mode: 1
2025-08-31 20:13:57,889 [WARN] PackLoader:240 - Cannot read IP mode file for STMicroelectronics.FP-SNS-FLIGHT1.5.0.2
2025-08-31 20:13:57,897 [WARN] PackLoader:240 - Cannot read IP mode file for STMicroelectronics.X-CUBE-TOF1.3.1.0
2025-08-31 20:13:57,920 [WARN] PackLoader:240 - Cannot read IP mode file for STMicroelectronics.X-CUBE-AZRTOS-H7.3.4.0
2025-08-31 20:13:57,957 [WARN] PackLoader:240 - Cannot read IP mode file for STMicroelectronics.X-CUBE-DISPLAY.3.0.0
2025-08-31 20:13:57,965 [WARN] PackLoader:240 - Cannot read IP mode file for STMicroelectronics.X-CUBE-BLE1.7.0.0
2025-08-31 20:13:57,970 [WARN] PackLoader:240 - Cannot read IP mode file for STMicroelectronics.X-CUBE-NFC10.1.0.0
2025-08-31 20:13:57,979 [WARN] PackLoader:240 - Cannot read IP mode file for STMicroelectronics.X-CUBE-BLEMGR.4.0.0
2025-08-31 20:13:57,987 [WARN] PackLoader:240 - Cannot read IP mode file for STMicroelectronics.X-CUBE-AI.7.2.0
2025-08-31 20:13:57,995 [WARN] PackLoader:240 - Cannot read IP mode file for STMicroelectronics.X-CUBE-BLEMGR.3.1.0
2025-08-31 20:13:57,999 [WARN] PackLoader:240 - Cannot read IP mode file for STMicroelectronics.X-CUBE-AI.10.0.0
2025-08-31 20:13:58,004 [ERROR] Engine:466 - C:\Users\Bruno\.stm32cubemx\thirdparties\pdsc\STMicroelectronics.FP-SNS-STBOX1.2.1.0.pdsc: PDSC version is not supported
2025-08-31 20:13:58,008 [WARN] PackLoader:240 - Cannot read IP mode file for STMicroelectronics.FP-SNS-SMARTAG2.1.2.0
2025-08-31 20:13:58,015 [WARN] PackLoader:240 - Cannot read IP mode file for STMicroelectronics.FP-SNS-FLIGHT1.5.1.0
2025-08-31 20:13:58,054 [WARN] PackLoader:240 - Cannot read IP mode file for STMicroelectronics.X-CUBE-MEMS1.11.1.0
2025-08-31 20:13:58,243 [INFO] LogOutputStream:77 - [STDOUT_REDIRECT] 1 : Invalid condition id : UX_CORESTACK_Condition cause : null
2025-08-31 20:13:58,246 [INFO] LogOutputStream:77 - [STDOUT_REDIRECT] 1 : Invalid condition id : UX_CORESTACK_Condition cause : null
2025-08-31 20:13:58,247 [INFO] LogOutputStream:77 - [STDOUT_REDIRECT] 1 : Invalid condition id : UX_CORESTACK_Condition cause : null
2025-08-31 20:13:58,248 [INFO] LogOutputStream:77 - [STDOUT_REDIRECT] 1 : Invalid condition id : UX_CORESTACK_Condition cause : null
2025-08-31 20:13:58,249 [INFO] LogOutputStream:77 - [STDOUT_REDIRECT] 1 : Invalid condition id : UX_CORESTACK_Condition cause : null
2025-08-31 20:13:58,253 [WARN] PackLoader:240 - Cannot read IP mode file for STMicroelectronics.X-CUBE-AZRTOS-WL.2.0.0
2025-08-31 20:13:58,258 [WARN] PackLoader:240 - Cannot read IP mode file for STMicroelectronics.FP-SNS-MOTENV1.5.0.0
2025-08-31 20:13:58,263 [WARN] PackLoader:240 - Cannot read IP mode file for wolfSSL.I-CUBE-wolfMQTT.1.19.0
2025-08-31 20:13:58,270 [WARN] PackLoader:240 - Cannot read IP mode file for WES.I-CUBE-Cesium.1.3.0
2025-08-31 20:13:58,274 [WARN] PackLoader:240 - Cannot read IP mode file for STMicroelectronics.X-CUBE-BLE2.3.3.0
2025-08-31 20:13:58,279 [WARN] PackLoader:240 - Cannot read IP mode file for STMicroelectronics.X-CUBE-DISPLAY.2.2.0
2025-08-31 20:13:58,287 [WARN] PackLoader:240 - Cannot read IP mode file for STMicroelectronics.X-CUBE-NFC9.1.0.0
2025-08-31 20:13:58,304 [WARN] PackLoader:240 - Cannot read IP mode file for STMicroelectronics.X-CUBE-AZRTOS-H7.2.1.0
2025-08-31 20:13:58,310 [WARN] PackLoader:240 - Cannot read IP mode file for STMicroelectronics.X-CUBE-BLE1.7.1.0
2025-08-31 20:13:58,317 [WARN] PackLoader:240 - Cannot read IP mode file for STMicroelectronics.X-CUBE-TCPP.4.1.0
2025-08-31 20:13:58,324 [WARN] PackLoader:240 - Cannot read IP mode file for STMicroelectronics.X-CUBE-EEPRMA1.5.2.0
2025-08-31 20:13:58,328 [WARN] PackLoader:240 - Cannot read IP mode file for STMicroelectronics.X-CUBE-AI.10.1.0
2025-08-31 20:13:58,334 [WARN] PackLoader:240 - Cannot read IP mode file for STMicroelectronics.X-CUBE-ALGOBUILD.1.3.0
2025-08-31 20:13:58,401 [WARN] PackLoader:240 - Cannot read IP mode file for STMicroelectronics.X-CUBE-MEMS1.11.2.0
2025-08-31 20:13:58,404 [INFO] WebApp:187 - Connection restablished
2025-08-31 20:13:58,537 [WARN] PackLoader:240 - Cannot read IP mode file for STMicroelectronics.X-CUBE-AZRTOS-G0.1.1.0
2025-08-31 20:13:58,544 [WARN] PackLoader:240 - Cannot read IP mode file for STMicroelectronics.X-CUBE-SAFEA1.1.2.2
2025-08-31 20:13:58,550 [WARN] PackLoader:240 - Cannot read IP mode file for STMicroelectronics.X-CUBE-NFC4.3.0.0
2025-08-31 20:13:58,572 [WARN] PackLoader:240 - Cannot read IP mode file for SEGGER.I-CUBE-embOS.1.2.0
2025-08-31 20:13:58,639 [WARN] PackLoader:240 - Cannot read IP mode file for EmbeddedOffice.I-CUBE-FS-RTOS.1.0.1
2025-08-31 20:13:58,643 [WARN] PackLoader:240 - Cannot read IP mode file for STMicroelectronics.X-CUBE-WB05N.2.0.0
2025-08-31 20:13:58,648 [WARN] PackLoader:240 - Cannot read IP mode file for STMicroelectronics.X-CUBE-TCPP.4.2.0
2025-08-31 20:13:58,654 [WARN] PackLoader:240 - Cannot read IP mode file for RealThread.X-CUBE-RT-Thread_Nano.4.1.1
2025-08-31 20:13:58,658 [WARN] PackLoader:240 - Cannot read IP mode file for STMicroelectronics.FP-ATR-SIGFOX1.3.2.0
2025-08-31 20:13:58,661 [WARN] ConditionMgr:438 - getConditionDescription Invalid condition id : Cortex-A Device cause : null
2025-08-31 20:13:58,673 [WARN] ConditionMgr:1044 - genDependencies : Invalid condition id : Cortex-A Device cause : null
2025-08-31 20:13:58,673 [WARN] ConditionMgr:1044 - genDependencies : Invalid condition id : Cortex-A Device cause : null
2025-08-31 20:13:58,673 [WARN] ConditionMgr:1044 - genDependencies : Invalid condition id : Cortex-A Device cause : null
2025-08-31 20:13:58,677 [WARN] PackLoader:240 - Cannot read IP mode file for STMicroelectronics.X-CUBE-EEPRMA1.5.1.0
2025-08-31 20:13:58,683 [WARN] PackLoader:240 - Cannot read IP mode file for emotas.I-CUBE-CANOPEN.1.1.2
2025-08-31 20:13:58,687 [WARN] PackLoader:240 - Cannot read IP mode file for STMicroelectronics.X-CUBE-TOUCHGFX.4.20.0
2025-08-31 20:13:58,692 [WARN] PackLoader:240 - Cannot read IP mode file for ITTIA_DB.I-CUBE-ITTIADB.8.9.0
2025-08-31 20:13:58,697 [WARN] PackLoader:240 - Cannot read IP mode file for STMicroelectronics.X-CUBE-ST67W61.1.0.0
2025-08-31 20:13:58,700 [WARN] PackLoader:240 - Cannot read IP mode file for STMicroelectronics.X-CUBE-AI.10.2.0
2025-08-31 20:13:58,718 [WARN] PackLoader:240 - Cannot read IP mode file for SEGGER.I-CUBE-embOS.1.3.1
2025-08-31 20:13:58,757 [WARN] PackLoader:240 - Cannot read IP mode file for STMicroelectronics.X-CUBE-ALGOBUILD.1.4.0
2025-08-31 20:13:58,789 [WARN] PackLoader:240 - Cannot read IP mode file for STMicroelectronics.X-CUBE-MEMS1.11.3.0
2025-08-31 20:13:58,925 [WARN] PackLoader:240 - Cannot read IP mode file for STMicroelectronics.X-CUBE-AI.9.1.0
2025-08-31 20:13:58,929 [WARN] PackLoader:240 - Cannot read IP mode file for STMicroelectronics.X-CUBE-PM33A1.1.0.0
2025-08-31 20:13:58,933 [WARN] PackLoader:240 - Cannot read IP mode file for STMicroelectronics.X-CUBE-GNSS1.6.0.0
2025-08-31 20:13:58,945 [WARN] PackLoader:240 - Cannot read IP mode file for STMicroelectronics.X-CUBE-AZRTOS-F4.1.1.0
2025-08-31 20:13:58,950 [WARN] PackLoader:240 - Cannot read IP mode file for Avnet-IotConnect.X-CUBE-IoTC-DA16k-PMOD.1.0.0
2025-08-31 20:13:58,954 [WARN] PackLoader:240 - Cannot read IP mode file for STMicroelectronics.X-CUBE-ISPU.2.1.0
2025-08-31 20:13:58,958 [WARN] PackLoader:240 - Cannot read IP mode file for STMicroelectronics.X-CUBE-FREERTOS.1.2.0
2025-08-31 20:13:58,989 [WARN] PackLoader:240 - Cannot read IP mode file for STMicroelectronics.X-CUBE-NFC12.1.0.0
2025-08-31 20:13:59,002 [WARN] PackLoader:240 - Cannot read IP mode file for STMicroelectronics.X-CUBE-AZRTOS-L5.2.0.0
2025-08-31 20:13:59,020 [WARN] PackLoader:240 - Cannot read IP mode file for STMicroelectronics.X-CUBE-NFC6.3.1.0
2025-08-31 20:13:59,026 [WARN] PackLoader:240 - Cannot read IP mode file for STMicroelectronics.X-CUBE-DPower.1.2.0
2025-08-31 20:13:59,030 [WARN] PackLoader:240 - Cannot read IP mode file for STMicroelectronics.X-CUBE-NFC4.2.0.4
2025-08-31 20:13:59,042 [WARN] PackLoader:240 - Cannot read IP mode file for STMicroelectronics.X-CUBE-AZRTOS-F4.1.0.0
2025-08-31 20:13:59,048 [WARN] PackLoader:240 - Cannot read IP mode file for STMicroelectronics.X-CUBE-FREERTOS.1.3.1
2025-08-31 20:13:59,051 [WARN] PackLoader:240 - Cannot read IP mode file for STMicroelectronics.X-CUBE-FREERTOS.1.3.0
2025-08-31 20:13:59,055 [WARN] PackLoader:240 - Cannot read IP mode file for STMicroelectronics.X-CUBE-NFC7.1.0.1
2025-08-31 20:13:59,059 [WARN] PackLoader:240 - Cannot read IP mode file for STMicroelectronics.X-CUBE-NFC7.1.0.0
2025-08-31 20:13:59,064 [WARN] PackLoader:240 - Cannot read IP mode file for STMicroelectronics.FP-SNS-STAIOTCFT.1.0.0
2025-08-31 20:13:59,067 [WARN] PackLoader:240 - Cannot read IP mode file for STMicroelectronics.X-CUBE-DPower.1.3.0
2025-08-31 20:13:59,080 [WARN] ConditionMgr:438 - getConditionDescription Invalid condition id : LAN8742 Phy interface Condition cause : null
2025-08-31 20:13:59,081 [WARN] PackLoader:240 - Cannot read IP mode file for STMicroelectronics.X-CUBE-AZRTOS-L4.2.0.0
2025-08-31 20:13:59,082 [WARN] ConditionMgr:1044 - genDependencies : Invalid condition id : LAN8742 Phy interface Condition cause : null
2025-08-31 20:13:59,082 [WARN] ConditionMgr:1044 - genDependencies : Invalid condition id : LAN8742 Phy interface Condition cause : null
2025-08-31 20:13:59,082 [WARN] ConditionMgr:1044 - genDependencies : Invalid condition id : LAN8742 Phy interface Condition cause : null
2025-08-31 20:13:59,087 [WARN] PackLoader:240 - Cannot read IP mode file for STMicroelectronics.X-CUBE-SFXS2LP1.4.0.0
2025-08-31 20:13:59,114 [WARN] PackLoader:240 - Cannot read IP mode file for STMicroelectronics.X-CUBE-AZRTOS-H7.3.3.0
2025-08-31 20:13:59,121 [WARN] PackLoader:240 - Cannot read IP mode file for RoweBots.I-CUBE-UNISONRTOS.5.5.0-4
2025-08-31 20:13:59,124 [WARN] PackLoader:240 - Cannot read IP mode file for wolfSSL.I-CUBE-wolfSSL.5.4.0
2025-08-31 20:13:59,132 [WARN] PackLoader:240 - Cannot read IP mode file for STMicroelectronics.X-CUBE-BLEMGR.4.1.0
2025-08-31 20:13:59,141 [WARN] PackLoader:240 - Cannot read IP mode file for STMicroelectronics.X-CUBE-IPS.3.0.0
2025-08-31 20:13:59,152 [WARN] ConditionMgr:438 - getConditionDescription Invalid condition id : UX DEVICE CLASS RTOS Condition cause : null
2025-08-31 20:13:59,152 [WARN] ConditionMgr:438 - getConditionDescription Invalid condition id : UX DEVICE CLASS RTOS Condition cause : null
2025-08-31 20:13:59,154 [WARN] PackLoader:240 - Cannot read IP mode file for STMicroelectronics.X-CUBE-AZRTOS-WB.2.0.0
2025-08-31 20:13:59,154 [WARN] ConditionMgr:1044 - genDependencies : Invalid condition id : UX DEVICE CLASS RTOS Condition cause : null
2025-08-31 20:13:59,154 [WARN] ConditionMgr:1044 - genDependencies : Invalid condition id : UX DEVICE CLASS RTOS Condition cause : null
2025-08-31 20:13:59,154 [WARN] ConditionMgr:1044 - genDependencies : Invalid condition id : UX DEVICE CLASS RTOS Condition cause : null
2025-08-31 20:13:59,155 [WARN] ConditionMgr:1044 - genDependencies : Invalid condition id : UX DEVICE CLASS RTOS Condition cause : null
2025-08-31 20:13:59,155 [WARN] ConditionMgr:1044 - genDependencies : Invalid condition id : UX DEVICE CLASS RTOS Condition cause : null
2025-08-31 20:13:59,158 [WARN] PackLoader:240 - Cannot read IP mode file for STMicroelectronics.X-CUBE-GNSS1.7.0.0
2025-08-31 20:13:59,162 [WARN] PackLoader:240 - Cannot read IP mode file for STMicroelectronics.X-CUBE-GNSS1.7.0.1
2025-08-31 20:13:59,168 [WARN] PackLoader:240 - Cannot read IP mode file for STMicroelectronics.X-CUBE-BLEMGR.1.0.0
2025-08-31 20:13:59,171 [WARN] PackLoader:240 - Cannot read IP mode file for STMicroelectronics.X-CUBE-TOUCHGFX.4.25.0
2025-08-31 20:13:59,175 [WARN] PackLoader:240 - Cannot read IP mode file for STMicroelectronics.FP-SNS-STBOX1.2.0.0
2025-08-31 20:13:59,184 [WARN] PackLoader:240 - Cannot read IP mode file for STMicroelectronics.X-CUBE-SUBG2.5.0.0
2025-08-31 20:13:59,199 [WARN] PackLoader:240 - Cannot read IP mode file for STMicroelectronics.X-CUBE-AZRTOS-H7RS.1.1.0
2025-08-31 20:13:59,208 [WARN] PackLoader:240 - Cannot read IP mode file for Cesanta.I-CUBE-Mongoose.7.13.0
2025-08-31 20:13:59,220 [WARN] PackLoader:240 - Cannot read IP mode file for STMicroelectronics.X-CUBE-AZRTOS-G4.2.0.0
2025-08-31 20:13:59,225 [WARN] PackLoader:240 - Cannot read IP mode file for STMicroelectronics.FP-ATR-ASTRA1.1.1.0
2025-08-31 20:13:59,227 [WARN] PackLoader:240 - Cannot read IP mode file for STMicroelectronics.X-CUBE-NFC7.2.0.0
2025-08-31 20:13:59,236 [WARN] PackLoader:240 - Cannot read IP mode file for STMicroelectronics.X-CUBE-AZRTOS-G4.1.0.0
2025-08-31 20:13:59,248 [WARN] PackLoader:240 - Cannot read IP mode file for STMicroelectronics.X-CUBE-AZRTOS-L4.1.0.0
2025-08-31 20:13:59,256 [WARN] PackLoader:240 - Cannot read IP mode file for STMicroelectronics.X-CUBE-IPS.3.1.0
2025-08-31 20:13:59,263 [WARN] PackLoader:240 - Cannot read IP mode file for STMicroelectronics.X-CUBE-ALS.1.0.2
2025-08-31 20:13:59,266 [WARN] PackLoader:240 - Cannot read IP mode file for STMicroelectronics.X-CUBE-TOUCHGFX.4.24.2
2025-08-31 20:13:59,273 [WARN] PackLoader:240 - Cannot read IP mode file for STMicroelectronics.X-CUBE-AZRTOS-WL.1.0.0
2025-08-31 20:13:59,276 [WARN] PackLoader:240 - Cannot read IP mode file for STMicroelectronics.X-CUBE-TOUCHGFX.4.24.1
2025-08-31 20:13:59,280 [WARN] PackLoader:240 - Cannot read IP mode file for wolfSSL.I-CUBE-wolfTPM.3.4.0
2025-08-31 20:13:59,284 [WARN] PackLoader:240 - Cannot read IP mode file for portGmbH.I-Cube-SoM-uGOAL.1.1.0
2025-08-31 20:13:59,287 [WARN] PackLoader:240 - Cannot read IP mode file for STMicroelectronics.X-CUBE-ALS.1.0.1
2025-08-31 20:13:59,296 [WARN] PackLoader:240 - Cannot read IP mode file for STMicroelectronics.X-CUBE-AZRTOS-L5.1.0.0
2025-08-31 20:13:59,301 [WARN] PackLoader:240 - Cannot read IP mode file for STMicroelectronics.X-CUBE-EEPRMA1.3.1.1
2025-08-31 20:13:59,327 [WARN] PackLoader:240 - Cannot read IP mode file for STMicroelectronics.X-CUBE-AZRTOS-H7RS.1.0.0
2025-08-31 20:13:59,336 [WARN] PackLoader:240 - Cannot read IP mode file for STMicroelectronics.FP-ATR-ASTRA1.2.0.0
2025-08-31 20:13:59,343 [WARN] PackLoader:240 - Cannot read IP mode file for STMicroelectronics.X-CUBE-TOF1.3.4.2
2025-08-31 20:13:59,357 [WARN] PackLoader:240 - Cannot read IP mode file for STMicroelectronics.X-CUBE-TOF1.3.4.3
2025-08-31 20:13:59,399 [WARN] PackLoader:240 - Cannot read IP mode file for Infineon.AIROC-Wi-Fi-Bluetooth-STM32.1.6.1
2025-08-31 20:13:59,405 [WARN] PackLoader:240 - Cannot read IP mode file for wolfSSL.I-CUBE-wolfSSH.1.4.17
2025-08-31 20:13:59,406 [INFO] ThirdParty:978 - Integrity check success = true
2025-08-31 20:13:59,406 [INFO] IntegrityCheckThread:100 - exiting critical section [integrity check]
2025-08-31 20:13:59,406 [INFO] IntegrityCheckThread:103 - End integrity checks thread
