2025-08-18 17:50:10,574 [ERROR] WebApp:398 - JxBrowser engine crashed! Exit code: 1073807364
2025-08-18 17:55:31,509 [ERROR] LogOutputStream:75 - [STDERR_REDIRECT] 
2025-08-18 23:10:15,000 [INFO] Activator:176 - 


2025-08-18 23:10:15,000 [INFO] Activator:177 - !SESSION log4j initialized
2025-08-18 23:10:30,475 [INFO] LogOutputStream:77 - [STDOUT_REDIRECT] 
2025-08-18 23:13:33,147 [INFO] ApplicationProperties:184 - Using Application install path: C:\ST\STM32CubeIDE_1.16.1\STM32CubeIDE\plugins\com.st.stm32cube.common.mx_6.13.0.202411220809
2025-08-18 23:13:33,178 [INFO] DbMcusXml:78 - Set database path to: C:\ST\STM32CubeIDE_1.16.1\STM32CubeIDE\plugins\com.st.stm32cube.common.mx_6.13.0.202411220809\\db\/mcu/
2025-08-18 23:13:33,178 [INFO] ApiDb:274 - Set plugin database path to: C:\ST\STM32CubeIDE_1.16.1\STM32CubeIDE\plugins\com.st.stm32cube.common.mx_6.13.0.202411220809\\db\/plugins/boardmanager/
2025-08-18 23:13:33,178 [WARN] ApiDb:259 - Overriding images path with different value:  => C:\ST\STM32CubeIDE_1.16.1\STM32CubeIDE\plugins\com.st.stm32cube.common.mx_6.13.0.202411220809\\db\/plugins/mcufinder/images/
2025-08-18 23:13:33,194 [INFO] ApiDb:250 - Set database path to: C:\Users\Bruno\.stmcufinder\plugins\mcufinder//mcu/
2025-08-18 23:13:33,195 [INFO] DbMcusAds:125 - Set database path to: C:\Users\Bruno\.stmcufinder\plugins\mcufinder//mcu/
2025-08-18 23:13:33,228 [INFO] CrossReferenceDbSqlite:203 - Set database path to: C:\Users\Bruno\.stmcufinder\plugins\mcufinder//mcu/cs/
2025-08-18 23:13:33,397 [INFO] RulesReader:64 - Compatibility file has been processed (297 Rules)
2025-08-18 23:13:33,510 [INFO] DbMcusXml:78 - Set database path to: C:\ST\STM32CubeIDE_1.16.1\STM32CubeIDE\plugins\com.st.stm32cube.common.mx_6.13.0.202411220809\\db\/mcu/
2025-08-18 23:13:33,510 [INFO] ApiDb:274 - Set plugin database path to: C:\ST\STM32CubeIDE_1.16.1\STM32CubeIDE\plugins\com.st.stm32cube.common.mx_6.13.0.202411220809\\db\/plugins/boardmanager/
2025-08-18 23:13:33,511 [INFO] ApiDb:261 - Set plugin images path to: C:\ST\STM32CubeIDE_1.16.1\STM32CubeIDE\plugins\com.st.stm32cube.common.mx_6.13.0.202411220809\\db\/plugins/mcufinder/images/
2025-08-18 23:13:33,511 [WARN] DbFile:41 - Overriding database path with different value: C:\Users\Bruno\.stmcufinder\plugins\mcufinder/ => C:\Users\Bruno\.stmcufinder\plugins\mcufinder
2025-08-18 23:13:33,511 [INFO] ApiDb:250 - Set database path to: C:\Users\Bruno\.stmcufinder\plugins\mcufinder//mcu/
2025-08-18 23:13:33,511 [WARN] DbFile:41 - Overriding database path with different value: C:\Users\Bruno\.stmcufinder\plugins\mcufinder/ => C:\Users\Bruno\.stmcufinder\plugins\mcufinder
2025-08-18 23:13:33,511 [INFO] DbMcusAds:125 - Set database path to: C:\Users\Bruno\.stmcufinder\plugins\mcufinder//mcu/
2025-08-18 23:13:33,511 [WARN] DbFile:41 - Overriding database path with different value: C:\Users\Bruno\.stmcufinder\plugins\mcufinder/ => C:\Users\Bruno\.stmcufinder\plugins\mcufinder
2025-08-18 23:13:33,511 [WARN] DbFile:41 - Overriding database path with different value: C:\Users\Bruno\.stmcufinder\plugins\mcufinder/ => C:\Users\Bruno\.stmcufinder\plugins\mcufinder
2025-08-18 23:13:33,511 [INFO] CrossReferenceDbSqlite:203 - Set database path to: C:\Users\Bruno\.stmcufinder\plugins\mcufinder//mcu/cs/
2025-08-18 23:13:33,609 [INFO] MainPanel:272 - HeapMemory: 1073741824
2025-08-18 23:13:33,716 [INFO] DbMcusXml:78 - Set database path to: C:\ST\STM32CubeIDE_1.16.1\STM32CubeIDE\plugins\com.st.stm32cube.common.mx_6.13.0.202411220809\\db\/mcu/
2025-08-18 23:13:33,716 [INFO] ApiDb:274 - Set plugin database path to: C:\ST\STM32CubeIDE_1.16.1\STM32CubeIDE\plugins\com.st.stm32cube.common.mx_6.13.0.202411220809\\db\/plugins/boardmanager/
2025-08-18 23:13:33,716 [INFO] ApiDb:261 - Set plugin images path to: C:\ST\STM32CubeIDE_1.16.1\STM32CubeIDE\plugins\com.st.stm32cube.common.mx_6.13.0.202411220809\\db\/plugins/mcufinder/images/
2025-08-18 23:13:33,717 [WARN] DbFile:41 - Overriding database path with different value: C:\Users\Bruno\.stmcufinder\plugins\mcufinder/ => C:\Users\Bruno\.stmcufinder\plugins\mcufinder
2025-08-18 23:13:33,717 [INFO] ApiDb:250 - Set database path to: C:\Users\Bruno\.stmcufinder\plugins\mcufinder//mcu/
2025-08-18 23:13:33,717 [WARN] DbFile:41 - Overriding database path with different value: C:\Users\Bruno\.stmcufinder\plugins\mcufinder/ => C:\Users\Bruno\.stmcufinder\plugins\mcufinder
2025-08-18 23:13:33,717 [INFO] DbMcusAds:125 - Set database path to: C:\Users\Bruno\.stmcufinder\plugins\mcufinder//mcu/
2025-08-18 23:13:33,717 [WARN] DbFile:41 - Overriding database path with different value: C:\Users\Bruno\.stmcufinder\plugins\mcufinder/ => C:\Users\Bruno\.stmcufinder\plugins\mcufinder
2025-08-18 23:13:33,717 [WARN] DbFile:41 - Overriding database path with different value: C:\Users\Bruno\.stmcufinder\plugins\mcufinder/ => C:\Users\Bruno\.stmcufinder\plugins\mcufinder
2025-08-18 23:13:33,717 [INFO] CrossReferenceDbSqlite:203 - Set database path to: C:\Users\Bruno\.stmcufinder\plugins\mcufinder//mcu/cs/
2025-08-18 23:13:33,736 [INFO] ApplicationProperties:184 - Using Application install path: C:\ST\STM32CubeIDE_1.16.1\STM32CubeIDE\plugins\com.st.stm32cube.common.mx_6.13.0.202411220809
2025-08-18 23:13:33,737 [INFO] PluginManage:196 - Search for loadable plugins [exclusion list=, ]
2025-08-18 23:13:33,738 [INFO] PluginManage:310 - Check plugin analytics
2025-08-18 23:13:33,915 [INFO] AnalyticsPlugin:253 - Accepted Software Licenses: STM32CubeMX.6.6.1,STM32CubeMX.6.13.0
2025-08-18 23:13:33,916 [INFO] AnalyticsPlugin:255 - Accepted CMSIS Pack Licenses: 
2025-08-18 23:13:33,916 [INFO] AnalyticsPlugin:257 - Accepted Firmware Licenses: FW.G0.1.6.0,FW.F4.1.28.0
2025-08-18 23:13:33,916 [INFO] PluginManage:359 - Loaded plugin analytics (category:tool,tabindex:-1)
2025-08-18 23:13:33,916 [INFO] PluginManage:310 - Check plugin cadmodel
2025-08-18 23:13:33,936 [INFO] CADModel:105 - Init CAD model plugin
2025-08-18 23:13:33,937 [INFO] PluginManage:359 - Loaded plugin cadmodel (category:power,tabindex:5)
2025-08-18 23:13:33,937 [INFO] PluginManage:310 - Check plugin clock
2025-08-18 23:13:33,961 [INFO] PluginManage:359 - Loaded plugin clock (category:base,tabindex:2)
2025-08-18 23:13:33,961 [INFO] PluginManage:310 - Check plugin ddr
2025-08-18 23:13:33,964 [INFO] PluginManage:359 - Loaded plugin ddr (category:tool,tabindex:6)
2025-08-18 23:13:33,964 [INFO] PluginManage:310 - Check plugin filemanager
2025-08-18 23:13:34,102 [INFO] PluginManage:359 - Loaded plugin filemanager (category:base,tabindex:10)
2025-08-18 23:13:34,102 [INFO] PluginManage:310 - Check plugin ipmanager
2025-08-18 23:13:34,111 [INFO] PluginManage:359 - Loaded plugin ipmanager (category:base,tabindex:5)
2025-08-18 23:13:34,111 [INFO] PluginManage:310 - Check plugin lpbam
2025-08-18 23:13:34,132 [INFO] PluginManage:359 - Loaded plugin lpbam (category:base,tabindex:0)
2025-08-18 23:13:34,132 [INFO] PluginManage:310 - Check plugin memorymap
2025-08-18 23:13:34,156 [INFO] PluginManage:359 - Loaded plugin memorymap (category:base,tabindex:4)
2025-08-18 23:13:34,157 [INFO] PluginManage:310 - Check plugin pinoutandconfiguration
2025-08-18 23:13:34,177 [INFO] PluginManage:359 - Loaded plugin pinoutandconfiguration (category:base,tabindex:1)
2025-08-18 23:13:34,178 [INFO] PluginManage:310 - Check plugin pinoutconfig
2025-08-18 23:13:34,275 [WARN] SupportedApi:132 - Cannot load RTOS API schema: s4s-elt-must-match.1: The content of 'definitions' must match (annotation?, (simpleType | complexType)?, (unique | key | keyref)*)). A problem was found starting at: attribute.
2025-08-18 23:13:34,414 [INFO] PluginManage:359 - Loaded plugin pinoutconfig (category:base,tabindex:0)
2025-08-18 23:13:34,415 [INFO] PluginManage:310 - Check plugin power
2025-08-18 23:13:34,438 [INFO] PluginManage:359 - Loaded plugin power (category:power,tabindex:4)
2025-08-18 23:13:34,438 [INFO] PluginManage:310 - Check plugin projectmanager
2025-08-18 23:13:34,453 [INFO] PluginManage:359 - Loaded plugin projectmanager (category:projectmanager,tabindex:4)
2025-08-18 23:13:34,453 [INFO] PluginManage:310 - Check plugin rif
2025-08-18 23:13:34,473 [INFO] PluginManage:359 - Loaded plugin rif (category:base,tabindex:3)
2025-08-18 23:13:34,473 [INFO] PluginManage:310 - Check plugin thirdparty
2025-08-18 23:13:34,772 [INFO] PluginManage:359 - Loaded plugin thirdparty (category:base,tabindex:-1)
2025-08-18 23:13:34,772 [WARN] IntegrityCheckThread:84 - waiting for thirdparty lock release [integrity check]
2025-08-18 23:13:34,773 [INFO] PluginManage:310 - Check plugin tools
2025-08-18 23:13:34,773 [INFO] IntegrityCheckThread:86 - entering critical section [integrity check]
2025-08-18 23:13:34,773 [INFO] ThirdPartyUpdaterWithRetryManager:70 - Updater plugin not ready yet. [1/15]
2025-08-18 23:13:34,818 [INFO] PluginManage:359 - Loaded plugin tools (category:base,tabindex:7)
2025-08-18 23:13:34,818 [INFO] PluginManage:310 - Check plugin tutovideos
2025-08-18 23:13:35,000 [INFO] PluginManage:359 - Loaded plugin tutovideos (category:base,tabindex:-1)
2025-08-18 23:13:35,000 [INFO] PluginManage:310 - Check plugin updater
2025-08-18 23:13:35,019 [INFO] PluginManage:359 - Loaded plugin updater (category:base,tabindex:12)
2025-08-18 23:13:35,020 [INFO] PluginManage:310 - Check plugin userauth
2025-08-18 23:13:35,023 [INFO] UserAuth:118 - Init User Auth plugin
2025-08-18 23:13:35,024 [INFO] PluginManage:359 - Loaded plugin userauth (category:base,tabindex:14)
2025-08-18 23:13:35,025 [INFO] PluginManage:283 - PluginManage : Loaded plugins [18]
2025-08-18 23:13:35,219 [INFO] PinOutPanel:1589 - setPackage(No Configuration,No Configuration)
2025-08-18 23:13:35,309 [INFO] CADModel:165 - CPN selected for project level
2025-08-18 23:13:35,309 [INFO] CADModel:114 - Register for checkConnection events
2025-08-18 23:13:35,340 [INFO] IPUIPlugin:80 - create IPUIPlugin
2025-08-18 23:13:35,340 [INFO] PluginManager:220 - loadIPPluginJar : add adc
2025-08-18 23:13:35,395 [INFO] IPUIPlugin:80 - create IPUIPlugin
2025-08-18 23:13:35,395 [INFO] PluginManager:220 - loadIPPluginJar : add aes
2025-08-18 23:13:35,454 [INFO] IPUIPlugin:80 - create IPUIPlugin
2025-08-18 23:13:35,454 [INFO] PluginManager:220 - loadIPPluginJar : add can
2025-08-18 23:13:35,490 [INFO] IPUIPlugin:80 - create IPUIPlugin
2025-08-18 23:13:35,490 [INFO] PluginManager:220 - loadIPPluginJar : add comp
2025-08-18 23:13:35,539 [INFO] IPUIPlugin:80 - create IPUIPlugin
2025-08-18 23:13:35,539 [INFO] PluginManager:220 - loadIPPluginJar : add cryp
2025-08-18 23:13:35,555 [INFO] IPUIPlugin:80 - create IPUIPlugin
2025-08-18 23:13:35,556 [INFO] PluginManager:220 - loadIPPluginJar : add ddr_ctrl_phy
2025-08-18 23:13:35,602 [INFO] IPUIPlugin:80 - create IPUIPlugin
2025-08-18 23:13:35,602 [INFO] PluginManager:220 - loadIPPluginJar : add dfsdm
2025-08-18 23:13:35,620 [INFO] IPUIPlugin:80 - create IPUIPlugin
2025-08-18 23:13:35,620 [INFO] PluginManager:220 - loadIPPluginJar : add dma
2025-08-18 23:13:35,675 [INFO] IPUIPlugin:80 - create IPUIPlugin
2025-08-18 23:13:35,675 [INFO] PluginManager:220 - loadIPPluginJar : add dma3
2025-08-18 23:13:35,736 [INFO] IPUIPlugin:80 - create IPUIPlugin
2025-08-18 23:13:35,736 [INFO] PluginManager:220 - loadIPPluginJar : add extmemmanager
2025-08-18 23:13:35,764 [INFO] IPUIPlugin:80 - create IPUIPlugin
2025-08-18 23:13:35,764 [INFO] PluginManager:220 - loadIPPluginJar : add fatfs
2025-08-18 23:13:35,822 [INFO] IPUIPlugin:80 - create IPUIPlugin
2025-08-18 23:13:35,822 [INFO] PluginManager:220 - loadIPPluginJar : add fmc
2025-08-18 23:13:35,840 [INFO] IPUIPlugin:80 - create IPUIPlugin
2025-08-18 23:13:35,840 [INFO] PluginManager:220 - loadIPPluginJar : add freertos
2025-08-18 23:13:35,868 [INFO] IPUIPlugin:80 - create IPUIPlugin
2025-08-18 23:13:35,868 [INFO] PluginManager:220 - loadIPPluginJar : add genericplugin
2025-08-18 23:13:35,982 [INFO] IPUIPlugin:80 - create IPUIPlugin
2025-08-18 23:13:35,982 [INFO] PluginManager:220 - loadIPPluginJar : add gfxmmu
2025-08-18 23:13:36,140 [INFO] IPUIPlugin:80 - create IPUIPlugin
2025-08-18 23:13:36,140 [INFO] PluginManager:220 - loadIPPluginJar : add gic
2025-08-18 23:13:36,156 [INFO] IPUIPlugin:80 - create IPUIPlugin
2025-08-18 23:13:36,156 [INFO] PluginManager:220 - loadIPPluginJar : add gpio
2025-08-18 23:13:36,268 [INFO] IPUIPlugin:80 - create IPUIPlugin
2025-08-18 23:13:36,268 [INFO] PluginManager:220 - loadIPPluginJar : add gtzc
2025-08-18 23:13:36,308 [INFO] IPUIPlugin:80 - create IPUIPlugin
2025-08-18 23:13:36,308 [INFO] PluginManager:220 - loadIPPluginJar : add hash
2025-08-18 23:13:36,373 [INFO] IPUIPlugin:80 - create IPUIPlugin
2025-08-18 23:13:36,373 [INFO] PluginManager:220 - loadIPPluginJar : add i2c
2025-08-18 23:13:36,422 [INFO] IPUIPlugin:80 - create IPUIPlugin
2025-08-18 23:13:36,422 [INFO] PluginManager:220 - loadIPPluginJar : add i2s
2025-08-18 23:13:36,472 [INFO] IPUIPlugin:80 - create IPUIPlugin
2025-08-18 23:13:36,472 [INFO] PluginManager:220 - loadIPPluginJar : add i3c
2025-08-18 23:13:36,596 [INFO] IPUIPlugin:80 - create IPUIPlugin
2025-08-18 23:13:36,596 [INFO] PluginManager:220 - loadIPPluginJar : add ipddr
2025-08-18 23:13:36,706 [INFO] IPUIPlugin:80 - create IPUIPlugin
2025-08-18 23:13:36,707 [INFO] PluginManager:220 - loadIPPluginJar : add linkedlist
2025-08-18 23:13:36,755 [INFO] IPUIPlugin:80 - create IPUIPlugin
2025-08-18 23:13:36,756 [INFO] PluginManager:220 - loadIPPluginJar : add lorawan
2025-08-18 23:13:36,802 [INFO] IPUIPlugin:80 - create IPUIPlugin
2025-08-18 23:13:36,802 [INFO] PluginManager:220 - loadIPPluginJar : add ltdc
2025-08-18 23:13:36,818 [INFO] IPUIPlugin:80 - create IPUIPlugin
2025-08-18 23:13:36,818 [INFO] PluginManager:220 - loadIPPluginJar : add mdma
2025-08-18 23:13:36,832 [INFO] IPUIPlugin:80 - create IPUIPlugin
2025-08-18 23:13:36,833 [INFO] PluginManager:220 - loadIPPluginJar : add nvic
2025-08-18 23:13:36,879 [INFO] IPUIPlugin:80 - create IPUIPlugin
2025-08-18 23:13:36,879 [INFO] PluginManager:220 - loadIPPluginJar : add opamp
2025-08-18 23:13:36,956 [INFO] IPUIPlugin:80 - create IPUIPlugin
2025-08-18 23:13:36,956 [INFO] PluginManager:220 - loadIPPluginJar : add openamp
2025-08-18 23:13:37,010 [INFO] IPUIPlugin:80 - create IPUIPlugin
2025-08-18 23:13:37,010 [INFO] PluginManager:220 - loadIPPluginJar : add pdm2pcm
2025-08-18 23:13:37,027 [INFO] IPUIPlugin:80 - create IPUIPlugin
2025-08-18 23:13:37,029 [INFO] PluginManager:220 - loadIPPluginJar : add plateformsettings
2025-08-18 23:13:37,058 [INFO] IPUIPlugin:80 - create IPUIPlugin
2025-08-18 23:13:37,058 [INFO] PluginManager:220 - loadIPPluginJar : add quadspi
2025-08-18 23:13:37,091 [INFO] IPUIPlugin:80 - create IPUIPlugin
2025-08-18 23:13:37,092 [INFO] PluginManager:220 - loadIPPluginJar : add radio
2025-08-18 23:13:37,108 [INFO] IPUIPlugin:80 - create IPUIPlugin
2025-08-18 23:13:37,108 [INFO] PluginManager:220 - loadIPPluginJar : add resmgrutility
2025-08-18 23:13:37,165 [INFO] IPUIPlugin:80 - create IPUIPlugin
2025-08-18 23:13:37,165 [INFO] PluginManager:220 - loadIPPluginJar : add sai
2025-08-18 23:13:37,212 [INFO] IPUIPlugin:80 - create IPUIPlugin
2025-08-18 23:13:37,212 [INFO] PluginManager:220 - loadIPPluginJar : add spi
2025-08-18 23:13:37,294 [INFO] IPUIPlugin:80 - create IPUIPlugin
2025-08-18 23:13:37,294 [INFO] PluginManager:220 - loadIPPluginJar : add stm32_wpan
2025-08-18 23:13:37,324 [INFO] IPUIPlugin:80 - create IPUIPlugin
2025-08-18 23:13:37,324 [INFO] PluginManager:220 - loadIPPluginJar : add tim
2025-08-18 23:13:37,399 [INFO] IPUIPlugin:80 - create IPUIPlugin
2025-08-18 23:13:37,399 [INFO] PluginManager:220 - loadIPPluginJar : add touchsensing
2025-08-18 23:13:37,427 [INFO] IPUIPlugin:80 - create IPUIPlugin
2025-08-18 23:13:37,428 [INFO] PluginManager:220 - loadIPPluginJar : add tracer_emb
2025-08-18 23:13:37,459 [INFO] IPUIPlugin:80 - create IPUIPlugin
2025-08-18 23:13:37,459 [INFO] PluginManager:220 - loadIPPluginJar : add ts
2025-08-18 23:13:37,489 [INFO] IPUIPlugin:80 - create IPUIPlugin
2025-08-18 23:13:37,489 [INFO] PluginManager:220 - loadIPPluginJar : add tsc
2025-08-18 23:13:37,517 [INFO] IPUIPlugin:80 - create IPUIPlugin
2025-08-18 23:13:37,517 [INFO] PluginManager:220 - loadIPPluginJar : add ucpd
2025-08-18 23:13:37,572 [INFO] IPUIPlugin:80 - create IPUIPlugin
2025-08-18 23:13:37,572 [INFO] PluginManager:220 - loadIPPluginJar : add usart
2025-08-18 23:13:37,624 [INFO] IPUIPlugin:80 - create IPUIPlugin
2025-08-18 23:13:37,624 [INFO] PluginManager:220 - loadIPPluginJar : add usbx
2025-08-18 23:13:37,751 [FATAL] Updater:351 - Updater called before beeing initialized
2025-08-18 23:13:37,776 [INFO] ThirdPartyUpdaterWithRetryManager:70 - Updater plugin not ready yet. [2/15]
2025-08-18 23:13:37,811 [INFO] RulesReader:64 - Compatibility file has been processed (297 Rules)
2025-08-18 23:13:37,825 [INFO] RulesReader:64 - Compatibility file has been processed (297 Rules)
2025-08-18 23:13:37,831 [INFO] CADModel:165 - CPN selected for project level
2025-08-18 23:13:37,831 [INFO] CADModel:114 - Register for checkConnection events
2025-08-18 23:13:37,831 [FATAL] Updater:351 - Updater called before beeing initialized
2025-08-18 23:13:37,831 [ERROR] CADModel:125 - Updater not yet initialized, retry later 
2025-08-18 23:13:37,975 [FATAL] Updater:351 - Updater called before beeing initialized
2025-08-18 23:13:37,977 [INFO] CADModel:165 - CPN selected for project level
2025-08-18 23:13:37,977 [INFO] CADModel:114 - Register for checkConnection events
2025-08-18 23:13:37,977 [FATAL] Updater:351 - Updater called before beeing initialized
2025-08-18 23:13:37,977 [ERROR] CADModel:125 - Updater not yet initialized, retry later 
2025-08-18 23:13:37,980 [FATAL] Updater:351 - Updater called before beeing initialized
2025-08-18 23:13:38,077 [FATAL] Updater:351 - Updater called before beeing initialized
2025-08-18 23:13:38,091 [INFO] DbMcusAds:53 - JSON generation date=Wed May 07 11:07:55 CEST 2025 (1746608875484)
2025-08-18 23:13:38,092 [FATAL] Updater:351 - Updater called before beeing initialized
2025-08-18 23:13:38,132 [WARN] DetailPanel:346 - Failed to get advertising image, set to default
2025-08-18 23:13:38,394 [FATAL] Updater:351 - Updater called before beeing initialized
2025-08-18 23:13:38,396 [FATAL] Updater:351 - Updater called before beeing initialized
2025-08-18 23:13:38,396 [FATAL] Updater:351 - Updater called before beeing initialized
2025-08-18 23:13:38,396 [WARN] DetailPanel:346 - Failed to get advertising image, set to default
2025-08-18 23:13:38,397 [FATAL] Updater:351 - Updater called before beeing initialized
2025-08-18 23:13:38,456 [ERROR] Updater:1198 - MainUpdater not yet initialized. External WinMGr cannot be set.
2025-08-18 23:13:38,467 [INFO] Updater:1134 - Updater Version found : 6.13.0
2025-08-18 23:13:38,483 [INFO] ApplicationProperties:184 - Using Application install path: C:\ST\STM32CubeIDE_1.16.1\STM32CubeIDE\plugins\com.st.stm32cube.common.mx_6.13.0.202411220809
2025-08-18 23:13:38,829 [INFO] MainUpdater:2872 - connection check result : 10
2025-08-18 23:13:38,829 [INFO] MainUpdater:3566 - Updater definition file requires update
2025-08-18 23:13:38,830 [INFO] MainUpdater:289 - Updater Check For Update Now.
2025-08-18 23:13:38,830 [INFO] MicroXplorer:498 - Change Database Version : DB.6.0.130
2025-08-18 23:13:38,848 [INFO] McuFinderGlobals:63 - Set McuFinder mode to 2 (CubeIDE integrated)
2025-08-18 23:13:38,856 [INFO] UserAuth:486 - Internet connection configuration mode: 1
2025-08-18 23:13:38,882 [INFO] JxBrowserEngine:152 - Initiate JxBrowser Engine with user profile folder
2025-08-18 23:13:38,905 [INFO] ServerAccessManage:473 - Download File updaters.zip
2025-08-18 23:13:38,987 [INFO] FileExtend:240 - Unzip File : updaters.zip
2025-08-18 23:13:38,987 [INFO] FileExtend:255 - Standard Zip Deflate
2025-08-18 23:13:39,421 [INFO] ServerAccessManage:473 - Download File PacksControlFlags.xml
2025-08-18 23:13:39,536 [INFO] ServerAccessManage:473 - Download File cubemx.pidx
2025-08-18 23:13:40,120 [INFO] LoadServerUpdatesThread:375 - End of LoadServerUpdate Thread
2025-08-18 23:13:40,757 [INFO] CheckServerUpdateThread:120 - End of CheckServer Thread
2025-08-18 23:13:41,456 [WARN] PackLoader:240 - Cannot read IP mode file for STMicroelectronics.FP-SNS-MOTENVWB1.1.4.0
2025-08-18 23:13:41,481 [WARN] PackLoader:240 - Cannot read IP mode file for STMicroelectronics.FP-ATR-ASTRA1.2.0.2
2025-08-18 23:13:41,496 [WARN] PackLoader:240 - Cannot read IP mode file for STMicroelectronics.FP-ATR-ASTRA1.2.0.1
2025-08-18 23:13:41,514 [WARN] PackLoader:240 - Cannot read IP mode file for STMicroelectronics.X-CUBE-SMBUS.2.1.0
2025-08-18 23:13:41,534 [WARN] PackLoader:240 - Cannot read IP mode file for STMicroelectronics.X-CUBE-WB05N.1.1.0
2025-08-18 23:13:41,551 [WARN] PackLoader:240 - Cannot read IP mode file for STMicroelectronics.X-CUBE-ST60.1.0.0
2025-08-18 23:13:41,662 [WARN] PackLoader:240 - Cannot read IP mode file for STMicroelectronics.X-CUBE-MEMS1.9.2.0
2025-08-18 23:13:42,022 [WARN] PackLoader:240 - Cannot read IP mode file for STMicroelectronics.X-CUBE-AZRTOS-F7.1.1.0
2025-08-18 23:13:42,040 [WARN] PackLoader:240 - Cannot read IP mode file for STMicroelectronics.X-CUBE-BLE1.6.2.3
2025-08-18 23:13:42,098 [WARN] PackLoader:240 - Cannot read IP mode file for STMicroelectronics.X-CUBE-MEMS1.11.0.0
2025-08-18 23:13:42,262 [WARN] PackLoader:240 - Cannot read IP mode file for STMicroelectronics.FP-SNS-FLIGHT1.5.0.2
2025-08-18 23:13:42,302 [WARN] PackLoader:240 - Cannot read IP mode file for STMicroelectronics.X-CUBE-TOF1.3.1.0
2025-08-18 23:13:42,343 [WARN] PackLoader:240 - Cannot read IP mode file for STMicroelectronics.X-CUBE-AZRTOS-H7.3.4.0
2025-08-18 23:13:42,477 [WARN] PackLoader:240 - Cannot read IP mode file for STMicroelectronics.X-CUBE-DISPLAY.3.0.0
2025-08-18 23:13:42,595 [WARN] PackLoader:240 - Cannot read IP mode file for STMicroelectronics.X-CUBE-BLE1.7.0.0
2025-08-18 23:13:42,610 [WARN] PackLoader:240 - Cannot read IP mode file for STMicroelectronics.X-CUBE-NFC10.1.0.0
2025-08-18 23:13:42,631 [WARN] PackLoader:240 - Cannot read IP mode file for STMicroelectronics.X-CUBE-BLEMGR.4.0.0
2025-08-18 23:13:42,650 [WARN] PackLoader:240 - Cannot read IP mode file for STMicroelectronics.X-CUBE-AI.7.2.0
2025-08-18 23:13:42,667 [WARN] PackLoader:240 - Cannot read IP mode file for STMicroelectronics.X-CUBE-BLEMGR.3.1.0
2025-08-18 23:13:42,686 [WARN] PackLoader:240 - Cannot read IP mode file for STMicroelectronics.X-CUBE-AI.10.0.0
2025-08-18 23:13:42,728 [ERROR] Engine:466 - C:\Users\Bruno\.stm32cubemx\thirdparties\pdsc\STMicroelectronics.FP-SNS-STBOX1.2.1.0.pdsc: PDSC version is not supported
2025-08-18 23:13:42,743 [INFO] WebApp:168 - Instantiating new browser for Auth
2025-08-18 23:13:42,744 [WARN] PackLoader:240 - Cannot read IP mode file for STMicroelectronics.FP-SNS-SMARTAG2.1.2.0
2025-08-18 23:13:42,759 [WARN] PackLoader:240 - Cannot read IP mode file for STMicroelectronics.FP-SNS-FLIGHT1.5.1.0
2025-08-18 23:13:42,809 [WARN] PackLoader:240 - Cannot read IP mode file for STMicroelectronics.X-CUBE-MEMS1.11.1.0
2025-08-18 23:13:42,917 [INFO] LogOutputStream:77 - [STDOUT_REDIRECT] 1 : Invalid condition id : UX_CORESTACK_Condition cause : null
2025-08-18 23:13:42,917 [INFO] LogOutputStream:77 - [STDOUT_REDIRECT] 1 : Invalid condition id : UX_CORESTACK_Condition cause : null
2025-08-18 23:13:42,918 [INFO] LogOutputStream:77 - [STDOUT_REDIRECT] 1 : Invalid condition id : UX_CORESTACK_Condition cause : null
2025-08-18 23:13:42,919 [INFO] LogOutputStream:77 - [STDOUT_REDIRECT] 1 : Invalid condition id : UX_CORESTACK_Condition cause : null
2025-08-18 23:13:42,920 [INFO] LogOutputStream:77 - [STDOUT_REDIRECT] 1 : Invalid condition id : UX_CORESTACK_Condition cause : null
2025-08-18 23:13:42,922 [WARN] PackLoader:240 - Cannot read IP mode file for STMicroelectronics.X-CUBE-AZRTOS-WL.2.0.0
2025-08-18 23:13:42,937 [WARN] PackLoader:240 - Cannot read IP mode file for STMicroelectronics.FP-SNS-MOTENV1.5.0.0
2025-08-18 23:13:42,951 [WARN] PackLoader:240 - Cannot read IP mode file for wolfSSL.I-CUBE-wolfMQTT.1.19.0
2025-08-18 23:13:42,966 [WARN] PackLoader:240 - Cannot read IP mode file for WES.I-CUBE-Cesium.1.3.0
2025-08-18 23:13:42,980 [WARN] PackLoader:240 - Cannot read IP mode file for STMicroelectronics.X-CUBE-BLE2.3.3.0
2025-08-18 23:13:42,995 [WARN] PackLoader:240 - Cannot read IP mode file for STMicroelectronics.X-CUBE-DISPLAY.2.2.0
2025-08-18 23:13:43,012 [WARN] PackLoader:240 - Cannot read IP mode file for STMicroelectronics.X-CUBE-NFC9.1.0.0
2025-08-18 23:13:43,040 [WARN] PackLoader:240 - Cannot read IP mode file for STMicroelectronics.X-CUBE-AZRTOS-H7.2.1.0
2025-08-18 23:13:43,056 [WARN] PackLoader:240 - Cannot read IP mode file for STMicroelectronics.X-CUBE-BLE1.7.1.0
2025-08-18 23:13:43,072 [WARN] PackLoader:240 - Cannot read IP mode file for STMicroelectronics.X-CUBE-TCPP.4.1.0
2025-08-18 23:13:43,088 [WARN] PackLoader:240 - Cannot read IP mode file for STMicroelectronics.X-CUBE-EEPRMA1.5.2.0
2025-08-18 23:13:43,105 [WARN] PackLoader:240 - Cannot read IP mode file for STMicroelectronics.X-CUBE-AI.10.1.0
2025-08-18 23:13:43,119 [WARN] PackLoader:240 - Cannot read IP mode file for STMicroelectronics.X-CUBE-ALGOBUILD.1.3.0
2025-08-18 23:13:43,219 [WARN] PackLoader:240 - Cannot read IP mode file for STMicroelectronics.X-CUBE-MEMS1.11.2.0
2025-08-18 23:13:43,366 [WARN] PackLoader:240 - Cannot read IP mode file for STMicroelectronics.X-CUBE-AZRTOS-G0.1.1.0
2025-08-18 23:13:43,392 [WARN] PackLoader:240 - Cannot read IP mode file for STMicroelectronics.X-CUBE-SAFEA1.1.2.2
2025-08-18 23:13:43,415 [WARN] PackLoader:240 - Cannot read IP mode file for STMicroelectronics.X-CUBE-NFC4.3.0.0
2025-08-18 23:13:43,455 [WARN] PackLoader:240 - Cannot read IP mode file for SEGGER.I-CUBE-embOS.1.2.0
2025-08-18 23:13:43,492 [WARN] PackLoader:240 - Cannot read IP mode file for EmbeddedOffice.I-CUBE-FS-RTOS.1.0.1
2025-08-18 23:13:43,507 [WARN] PackLoader:240 - Cannot read IP mode file for STMicroelectronics.X-CUBE-WB05N.2.0.0
2025-08-18 23:13:43,523 [WARN] PackLoader:240 - Cannot read IP mode file for STMicroelectronics.X-CUBE-TCPP.4.2.0
2025-08-18 23:13:43,540 [WARN] PackLoader:240 - Cannot read IP mode file for RealThread.X-CUBE-RT-Thread_Nano.4.1.1
2025-08-18 23:13:43,554 [WARN] PackLoader:240 - Cannot read IP mode file for STMicroelectronics.FP-ATR-SIGFOX1.3.2.0
2025-08-18 23:13:43,568 [WARN] ConditionMgr:438 - getConditionDescription Invalid condition id : Cortex-A Device cause : null
2025-08-18 23:13:43,598 [WARN] ConditionMgr:1044 - genDependencies : Invalid condition id : Cortex-A Device cause : null
2025-08-18 23:13:43,599 [WARN] ConditionMgr:1044 - genDependencies : Invalid condition id : Cortex-A Device cause : null
2025-08-18 23:13:43,599 [WARN] ConditionMgr:1044 - genDependencies : Invalid condition id : Cortex-A Device cause : null
2025-08-18 23:13:43,612 [WARN] PackLoader:240 - Cannot read IP mode file for STMicroelectronics.X-CUBE-EEPRMA1.5.1.0
2025-08-18 23:13:43,651 [WARN] PackLoader:240 - Cannot read IP mode file for emotas.I-CUBE-CANOPEN.1.1.2
2025-08-18 23:13:43,668 [WARN] PackLoader:240 - Cannot read IP mode file for STMicroelectronics.X-CUBE-TOUCHGFX.4.20.0
2025-08-18 23:13:43,694 [WARN] PackLoader:240 - Cannot read IP mode file for ITTIA_DB.I-CUBE-ITTIADB.8.9.0
2025-08-18 23:13:43,712 [WARN] PackLoader:240 - Cannot read IP mode file for STMicroelectronics.X-CUBE-ST67W61.1.0.0
2025-08-18 23:13:43,733 [WARN] PackLoader:240 - Cannot read IP mode file for STMicroelectronics.X-CUBE-AI.10.2.0
2025-08-18 23:13:43,768 [WARN] PackLoader:240 - Cannot read IP mode file for SEGGER.I-CUBE-embOS.1.3.1
2025-08-18 23:13:43,805 [WARN] PackLoader:240 - Cannot read IP mode file for STMicroelectronics.X-CUBE-ALGOBUILD.1.4.0
2025-08-18 23:13:43,884 [WARN] PackLoader:240 - Cannot read IP mode file for STMicroelectronics.X-CUBE-MEMS1.11.3.0
2025-08-18 23:13:43,969 [WARN] PackLoader:240 - Cannot read IP mode file for STMicroelectronics.X-CUBE-AI.9.1.0
2025-08-18 23:13:43,984 [WARN] PackLoader:240 - Cannot read IP mode file for STMicroelectronics.X-CUBE-PM33A1.1.0.0
2025-08-18 23:13:44,000 [WARN] PackLoader:240 - Cannot read IP mode file for STMicroelectronics.X-CUBE-GNSS1.6.0.0
2025-08-18 23:13:44,073 [WARN] PackLoader:240 - Cannot read IP mode file for STMicroelectronics.X-CUBE-AZRTOS-F4.1.1.0
2025-08-18 23:13:44,094 [WARN] PackLoader:240 - Cannot read IP mode file for Avnet-IotConnect.X-CUBE-IoTC-DA16k-PMOD.1.0.0
2025-08-18 23:13:44,108 [WARN] PackLoader:240 - Cannot read IP mode file for STMicroelectronics.X-CUBE-ISPU.2.1.0
2025-08-18 23:13:44,122 [WARN] PackLoader:240 - Cannot read IP mode file for STMicroelectronics.X-CUBE-FREERTOS.1.2.0
2025-08-18 23:13:44,138 [WARN] PackLoader:240 - Cannot read IP mode file for STMicroelectronics.X-CUBE-NFC12.1.0.0
2025-08-18 23:13:44,175 [WARN] PackLoader:240 - Cannot read IP mode file for STMicroelectronics.X-CUBE-AZRTOS-L5.2.0.0
2025-08-18 23:13:44,192 [WARN] PackLoader:240 - Cannot read IP mode file for STMicroelectronics.X-CUBE-NFC6.3.1.0
2025-08-18 23:13:44,207 [WARN] PackLoader:240 - Cannot read IP mode file for STMicroelectronics.X-CUBE-DPower.1.2.0
2025-08-18 23:13:44,223 [WARN] PackLoader:240 - Cannot read IP mode file for STMicroelectronics.X-CUBE-NFC4.2.0.4
2025-08-18 23:13:44,255 [WARN] PackLoader:240 - Cannot read IP mode file for STMicroelectronics.X-CUBE-AZRTOS-F4.1.0.0
2025-08-18 23:13:44,269 [WARN] PackLoader:240 - Cannot read IP mode file for STMicroelectronics.X-CUBE-FREERTOS.1.3.1
2025-08-18 23:13:44,282 [WARN] PackLoader:240 - Cannot read IP mode file for STMicroelectronics.X-CUBE-FREERTOS.1.3.0
2025-08-18 23:13:44,296 [WARN] PackLoader:240 - Cannot read IP mode file for STMicroelectronics.X-CUBE-NFC7.1.0.1
2025-08-18 23:13:44,309 [WARN] PackLoader:240 - Cannot read IP mode file for STMicroelectronics.X-CUBE-NFC7.1.0.0
2025-08-18 23:13:44,323 [WARN] PackLoader:240 - Cannot read IP mode file for STMicroelectronics.FP-SNS-STAIOTCFT.1.0.0
2025-08-18 23:13:44,337 [WARN] PackLoader:240 - Cannot read IP mode file for STMicroelectronics.X-CUBE-DPower.1.3.0
2025-08-18 23:13:44,399 [WARN] ConditionMgr:438 - getConditionDescription Invalid condition id : LAN8742 Phy interface Condition cause : null
2025-08-18 23:13:44,400 [WARN] PackLoader:240 - Cannot read IP mode file for STMicroelectronics.X-CUBE-AZRTOS-L4.2.0.0
2025-08-18 23:13:44,401 [WARN] ConditionMgr:1044 - genDependencies : Invalid condition id : LAN8742 Phy interface Condition cause : null
2025-08-18 23:13:44,402 [WARN] ConditionMgr:1044 - genDependencies : Invalid condition id : LAN8742 Phy interface Condition cause : null
2025-08-18 23:13:44,402 [WARN] ConditionMgr:1044 - genDependencies : Invalid condition id : LAN8742 Phy interface Condition cause : null
2025-08-18 23:13:44,418 [WARN] PackLoader:240 - Cannot read IP mode file for STMicroelectronics.X-CUBE-SFXS2LP1.4.0.0
2025-08-18 23:13:44,456 [WARN] PackLoader:240 - Cannot read IP mode file for STMicroelectronics.X-CUBE-AZRTOS-H7.3.3.0
2025-08-18 23:13:44,474 [WARN] PackLoader:240 - Cannot read IP mode file for RoweBots.I-CUBE-UNISONRTOS.5.5.0-4
2025-08-18 23:13:44,488 [WARN] PackLoader:240 - Cannot read IP mode file for wolfSSL.I-CUBE-wolfSSL.5.4.0
2025-08-18 23:13:44,506 [WARN] PackLoader:240 - Cannot read IP mode file for STMicroelectronics.X-CUBE-BLEMGR.4.1.0
2025-08-18 23:13:44,527 [WARN] PackLoader:240 - Cannot read IP mode file for STMicroelectronics.X-CUBE-IPS.3.0.0
2025-08-18 23:13:44,557 [WARN] ConditionMgr:438 - getConditionDescription Invalid condition id : UX DEVICE CLASS RTOS Condition cause : null
2025-08-18 23:13:44,557 [WARN] ConditionMgr:438 - getConditionDescription Invalid condition id : UX DEVICE CLASS RTOS Condition cause : null
2025-08-18 23:13:44,558 [WARN] PackLoader:240 - Cannot read IP mode file for STMicroelectronics.X-CUBE-AZRTOS-WB.2.0.0
2025-08-18 23:13:44,559 [WARN] ConditionMgr:1044 - genDependencies : Invalid condition id : UX DEVICE CLASS RTOS Condition cause : null
2025-08-18 23:13:44,559 [WARN] ConditionMgr:1044 - genDependencies : Invalid condition id : UX DEVICE CLASS RTOS Condition cause : null
2025-08-18 23:13:44,559 [WARN] ConditionMgr:1044 - genDependencies : Invalid condition id : UX DEVICE CLASS RTOS Condition cause : null
2025-08-18 23:13:44,559 [WARN] ConditionMgr:1044 - genDependencies : Invalid condition id : UX DEVICE CLASS RTOS Condition cause : null
2025-08-18 23:13:44,559 [WARN] ConditionMgr:1044 - genDependencies : Invalid condition id : UX DEVICE CLASS RTOS Condition cause : null
2025-08-18 23:13:44,580 [WARN] PackLoader:240 - Cannot read IP mode file for STMicroelectronics.X-CUBE-GNSS1.7.0.0
2025-08-18 23:13:44,594 [WARN] PackLoader:240 - Cannot read IP mode file for STMicroelectronics.X-CUBE-GNSS1.7.0.1
2025-08-18 23:13:44,609 [WARN] PackLoader:240 - Cannot read IP mode file for STMicroelectronics.X-CUBE-BLEMGR.1.0.0
2025-08-18 23:13:44,622 [WARN] PackLoader:240 - Cannot read IP mode file for STMicroelectronics.X-CUBE-TOUCHGFX.4.25.0
2025-08-18 23:13:44,638 [WARN] PackLoader:240 - Cannot read IP mode file for STMicroelectronics.FP-SNS-STBOX1.2.0.0
2025-08-18 23:13:44,659 [WARN] PackLoader:240 - Cannot read IP mode file for STMicroelectronics.X-CUBE-SUBG2.5.0.0
2025-08-18 23:13:44,715 [WARN] PackLoader:240 - Cannot read IP mode file for STMicroelectronics.X-CUBE-AZRTOS-H7RS.1.1.0
2025-08-18 23:13:44,733 [WARN] PackLoader:240 - Cannot read IP mode file for Cesanta.I-CUBE-Mongoose.7.13.0
2025-08-18 23:13:44,757 [WARN] PackLoader:240 - Cannot read IP mode file for STMicroelectronics.X-CUBE-AZRTOS-G4.2.0.0
2025-08-18 23:13:44,778 [WARN] PackLoader:240 - Cannot read IP mode file for STMicroelectronics.FP-ATR-ASTRA1.1.1.0
2025-08-18 23:13:44,804 [WARN] PackLoader:240 - Cannot read IP mode file for STMicroelectronics.X-CUBE-NFC7.2.0.0
2025-08-18 23:13:44,841 [WARN] PackLoader:240 - Cannot read IP mode file for STMicroelectronics.X-CUBE-AZRTOS-G4.1.0.0
2025-08-18 23:13:44,873 [WARN] PackLoader:240 - Cannot read IP mode file for STMicroelectronics.X-CUBE-AZRTOS-L4.1.0.0
2025-08-18 23:13:44,893 [WARN] PackLoader:240 - Cannot read IP mode file for STMicroelectronics.X-CUBE-IPS.3.1.0
2025-08-18 23:13:44,910 [WARN] PackLoader:240 - Cannot read IP mode file for STMicroelectronics.X-CUBE-ALS.1.0.2
2025-08-18 23:13:44,923 [WARN] PackLoader:240 - Cannot read IP mode file for STMicroelectronics.X-CUBE-TOUCHGFX.4.24.2
2025-08-18 23:13:44,960 [WARN] PackLoader:240 - Cannot read IP mode file for STMicroelectronics.X-CUBE-AZRTOS-WL.1.0.0
2025-08-18 23:13:44,978 [WARN] PackLoader:240 - Cannot read IP mode file for STMicroelectronics.X-CUBE-TOUCHGFX.4.24.1
2025-08-18 23:13:44,994 [WARN] PackLoader:240 - Cannot read IP mode file for wolfSSL.I-CUBE-wolfTPM.3.4.0
2025-08-18 23:13:45,014 [WARN] PackLoader:240 - Cannot read IP mode file for portGmbH.I-Cube-SoM-uGOAL.1.1.0
2025-08-18 23:13:45,033 [WARN] PackLoader:240 - Cannot read IP mode file for STMicroelectronics.X-CUBE-ALS.1.0.1
2025-08-18 23:13:45,084 [WARN] PackLoader:240 - Cannot read IP mode file for STMicroelectronics.X-CUBE-AZRTOS-L5.1.0.0
2025-08-18 23:13:45,103 [WARN] PackLoader:240 - Cannot read IP mode file for STMicroelectronics.X-CUBE-EEPRMA1.3.1.1
2025-08-18 23:13:45,136 [WARN] PackLoader:240 - Cannot read IP mode file for STMicroelectronics.X-CUBE-AZRTOS-H7RS.1.0.0
2025-08-18 23:13:45,149 [WARN] PackLoader:240 - Cannot read IP mode file for STMicroelectronics.FP-ATR-ASTRA1.2.0.0
2025-08-18 23:13:45,169 [WARN] PackLoader:240 - Cannot read IP mode file for STMicroelectronics.X-CUBE-TOF1.3.4.2
2025-08-18 23:13:45,194 [WARN] PackLoader:240 - Cannot read IP mode file for STMicroelectronics.X-CUBE-TOF1.3.4.3
2025-08-18 23:13:45,225 [WARN] PackLoader:240 - Cannot read IP mode file for Infineon.AIROC-Wi-Fi-Bluetooth-STM32.1.6.1
2025-08-18 23:13:45,239 [WARN] PackLoader:240 - Cannot read IP mode file for wolfSSL.I-CUBE-wolfSSH.1.4.17
2025-08-18 23:13:45,240 [INFO] ThirdParty:978 - Integrity check success = true
2025-08-18 23:13:45,240 [INFO] IntegrityCheckThread:100 - exiting critical section [integrity check]
2025-08-18 23:13:45,240 [INFO] IntegrityCheckThread:103 - End integrity checks thread
2025-08-18 23:13:45,258 [INFO] WebApp:449 - Apply proxy settings
2025-08-18 23:13:45,259 [INFO] WebApp:534 - Chromium requires no authentication
2025-08-18 23:13:45,282 [INFO] WebApp:477 - Direct internet connection detected
2025-08-18 23:13:45,356 [INFO] WebApp:880 - Register for checkConnection events
2025-08-18 23:13:45,356 [INFO] WebApp:449 - Apply proxy settings
2025-08-18 23:13:45,356 [INFO] WebApp:534 - Chromium requires no authentication
2025-08-18 23:13:45,356 [INFO] WebApp:477 - Direct internet connection detected
2025-08-18 23:13:45,472 [INFO] WebApp:187 - Connection restablished
2025-08-18 23:13:45,711 [INFO] WebApp:221 - Starting web application
2025-08-18 23:13:45,711 [INFO] WebApp:579 - Web application path used C:\ST\STM32CubeIDE_1.16.1\STM32CubeIDE\plugins\com.st.stm32cube.common.mx_6.13.0.202411220809\db\plugins\mcufinder\reactClient1\index.html
2025-08-18 23:13:45,888 [INFO] UserAuth:486 - Internet connection configuration mode: 1
