09:44:07 **** Build of configuration Debug for project 2410_5x6-Display_v1b ****
make -j4 all 
arm-none-eabi-gcc "../Core/Src/app_freertos.c" -mcpu=cortex-m0plus -std=gnu11 -g3 -DDEBUG -DUSE_FULL_LL_DRIVER -DUSE_FULL_ASSERT=1U -DHSE_VALUE=8000000 -DHSE_STARTUP_TIMEOUT=100 -DLSE_STARTUP_TIMEOUT=5000 -DLSE_VALUE=32768 -DEXTERNAL_CLOCK_VALUE=48000 -DHSI_VALUE=16000000 -DLSI_VALUE=32000 -DVDD_VALUE=3300 -DPREFETCH_ENABLE=1 -DINSTRUCTION_CACHE_ENABLE=1 -DDATA_CACHE_ENABLE=1 -DSTM32G050xx -c -I../Core/Inc -I../Drivers/STM32G0xx_HAL_Driver/Inc -I../Drivers/CMSIS/Device/ST/STM32G0xx/Include -I../Drivers/CMSIS/Include -O0 -ffunction-sections -fdata-sections -Wall -fstack-usage -fcyclomatic-complexity -MMD -MP -MF"Core/Src/app_freertos.d" -MT"Core/Src/app_freertos.o" --specs=nano.specs -mfloat-abi=soft -mthumb -o "Core/Src/app_freertos.o"
arm-none-eabi-gcc "../Core/Src/ili9488.c" -mcpu=cortex-m0plus -std=gnu11 -g3 -DDEBUG -DUSE_FULL_LL_DRIVER -DUSE_FULL_ASSERT=1U -DHSE_VALUE=8000000 -DHSE_STARTUP_TIMEOUT=100 -DLSE_STARTUP_TIMEOUT=5000 -DLSE_VALUE=32768 -DEXTERNAL_CLOCK_VALUE=48000 -DHSI_VALUE=16000000 -DLSI_VALUE=32000 -DVDD_VALUE=3300 -DPREFETCH_ENABLE=1 -DINSTRUCTION_CACHE_ENABLE=1 -DDATA_CACHE_ENABLE=1 -DSTM32G050xx -c -I../Core/Inc -I../Drivers/STM32G0xx_HAL_Driver/Inc -I../Drivers/CMSIS/Device/ST/STM32G0xx/Include -I../Drivers/CMSIS/Include -O0 -ffunction-sections -fdata-sections -Wall -fstack-usage -fcyclomatic-complexity -MMD -MP -MF"Core/Src/ili9488.d" -MT"Core/Src/ili9488.o" --specs=nano.specs -mfloat-abi=soft -mthumb -o "Core/Src/ili9488.o"
arm-none-eabi-gcc "../Core/Src/main.c" -mcpu=cortex-m0plus -std=gnu11 -g3 -DDEBUG -DUSE_FULL_LL_DRIVER -DUSE_FULL_ASSERT=1U -DHSE_VALUE=8000000 -DHSE_STARTUP_TIMEOUT=100 -DLSE_STARTUP_TIMEOUT=5000 -DLSE_VALUE=32768 -DEXTERNAL_CLOCK_VALUE=48000 -DHSI_VALUE=16000000 -DLSI_VALUE=32000 -DVDD_VALUE=3300 -DPREFETCH_ENABLE=1 -DINSTRUCTION_CACHE_ENABLE=1 -DDATA_CACHE_ENABLE=1 -DSTM32G050xx -c -I../Core/Inc -I../Drivers/STM32G0xx_HAL_Driver/Inc -I../Drivers/CMSIS/Device/ST/STM32G0xx/Include -I../Drivers/CMSIS/Include -O0 -ffunction-sections -fdata-sections -Wall -fstack-usage -fcyclomatic-complexity -MMD -MP -MF"Core/Src/main.d" -MT"Core/Src/main.o" --specs=nano.specs -mfloat-abi=soft -mthumb -o "Core/Src/main.o"
arm-none-eabi-gcc "../Core/Src/rom.c" -mcpu=cortex-m0plus -std=gnu11 -g3 -DDEBUG -DUSE_FULL_LL_DRIVER -DUSE_FULL_ASSERT=1U -DHSE_VALUE=8000000 -DHSE_STARTUP_TIMEOUT=100 -DLSE_STARTUP_TIMEOUT=5000 -DLSE_VALUE=32768 -DEXTERNAL_CLOCK_VALUE=48000 -DHSI_VALUE=16000000 -DLSI_VALUE=32000 -DVDD_VALUE=3300 -DPREFETCH_ENABLE=1 -DINSTRUCTION_CACHE_ENABLE=1 -DDATA_CACHE_ENABLE=1 -DSTM32G050xx -c -I../Core/Inc -I../Drivers/STM32G0xx_HAL_Driver/Inc -I../Drivers/CMSIS/Device/ST/STM32G0xx/Include -I../Drivers/CMSIS/Include -O0 -ffunction-sections -fdata-sections -Wall -fstack-usage -fcyclomatic-complexity -MMD -MP -MF"Core/Src/rom.d" -MT"Core/Src/rom.o" --specs=nano.specs -mfloat-abi=soft -mthumb -o "Core/Src/rom.o"
../Core/Src/app_freertos.c:21:10: fatal error: FreeRTOS.h: No such file or directory
   21 | #include "FreeRTOS.h"
      |          ^~~~~~~~~~~~
compilation terminated.
make: *** [Core/Src/subdir.mk:61: Core/Src/app_freertos.o] Error 1
make: *** Waiting for unfinished jobs....
In file included from ../Drivers/STM32G0xx_HAL_Driver/Inc/stm32g0xx_hal.h:29,
                 from ../Core/Inc/main.h:30,
                 from ../Core/Src/main.c:20:
../Core/Inc/stm32g0xx_hal_conf.h:178: warning: "VDD_VALUE" redefined
  178 | #define  VDD_VALUE                    (3300UL)                                        /*!< Value of VDD in mv */
      | 
In file included from ../Drivers/STM32G0xx_HAL_Driver/Inc/stm32g0xx_hal.h:29,
                 from ../Core/Inc/main.h:30,
                 from ../Core/Inc/rom.h:29,
                 from ../Core/Src/rom.c:22:
../Core/Inc/stm32g0xx_hal_conf.h:178: warning: "VDD_VALUE" redefined
  178 | #define  VDD_VALUE                    (3300UL)                                        /*!< Value of VDD in mv */
      | 
<command-line>: note: this is the location of the previous definition
<command-line>: note: this is the location of the previous definition
../Core/Inc/stm32g0xx_hal_conf.h:181: warning: "PREFETCH_ENABLE" redefined
  181 | #define  PREFETCH_ENABLE              1U
      | 
<command-line>: note: this is the location of the previous definition
../Core/Inc/stm32g0xx_hal_conf.h:181: warning: "PREFETCH_ENABLE" redefined
  181 | #define  PREFETCH_ENABLE              1U
      | 
<command-line>: note: this is the location of the previous definition
../Core/Inc/stm32g0xx_hal_conf.h:182: warning: "INSTRUCTION_CACHE_ENABLE" redefined
  182 | #define  INSTRUCTION_CACHE_ENABLE     1U
      | 
<command-line>: note: this is the location of the previous definition
../Core/Inc/stm32g0xx_hal_conf.h:182: warning: "INSTRUCTION_CACHE_ENABLE" redefined
  182 | #define  INSTRUCTION_CACHE_ENABLE     1U
      | 
<command-line>: note: this is the location of the previous definition
In file included from ../Drivers/STM32G0xx_HAL_Driver/Inc/stm32g0xx_hal.h:29,
                 from ../Core/Inc/main.h:30,
                 from ../Core/Inc/ili9488.h:14,
                 from ../Core/Src/ili9488.c:7:
../Core/Inc/stm32g0xx_hal_conf.h:178: warning: "VDD_VALUE" redefined
  178 | #define  VDD_VALUE                    (3300UL)                                        /*!< Value of VDD in mv */
      | 
<command-line>: note: this is the location of the previous definition
../Core/Inc/stm32g0xx_hal_conf.h:181: warning: "PREFETCH_ENABLE" redefined
  181 | #define  PREFETCH_ENABLE              1U
      | 
<command-line>: note: this is the location of the previous definition
../Core/Inc/stm32g0xx_hal_conf.h:182: warning: "INSTRUCTION_CACHE_ENABLE" redefined
  182 | #define  INSTRUCTION_CACHE_ENABLE     1U
      | 
<command-line>: note: this is the location of the previous definition
../Core/Src/rom.c:24:8: error: unknown type name 'SPI_HandleTypeDef'
   24 | extern SPI_HandleTypeDef hspi2;
      |        ^~~~~~~~~~~~~~~~~
../Core/Src/rom.c:25:8: error: unknown type name 'TIM_HandleTypeDef'
   25 | extern TIM_HandleTypeDef htim1;
      |        ^~~~~~~~~~~~~~~~~
../Core/Src/main.c:21:10: fatal error: cmsis_os.h: No such file or directory
   21 | #include "cmsis_os.h"
      |          ^~~~~~~~~~~~
compilation terminated.
make: *** [Core/Src/subdir.mk:61: Core/Src/main.o] Error 1
../Core/Src/rom.c: In function 'delay_us':
../Core/Src/rom.c:29:9: warning: implicit declaration of function '__HAL_TIM_SET_COUNTER' [-Wimplicit-function-declaration]
   29 |         __HAL_TIM_SET_COUNTER(&htim1,0);  // set the counter value a 0
      |         ^~~~~~~~~~~~~~~~~~~~~
../Core/Src/rom.c:31:16: warning: implicit declaration of function '__HAL_TIM_GET_COUNTER' [-Wimplicit-function-declaration]
   31 |         while (__HAL_TIM_GET_COUNTER(&htim1) < us);  // wait for the counter to reach the us input in the parameter
      |                ^~~~~~~~~~~~~~~~~~~~~
../Core/Src/rom.c: In function 'ROM_Addr_Set':
../Core/Src/rom.c:162:9: warning: implicit declaration of function 'HAL_SPI_Transmit' [-Wimplicit-function-declaration]
  162 |         HAL_SPI_Transmit(&hspi2, tmpAddr, 3, 1);
      |         ^~~~~~~~~~~~~~~~
../Core/Src/rom.c: In function 'ROM_Data_Get':
../Core/Src/rom.c:178:9: warning: implicit declaration of function 'HAL_SPI_Receive' [-Wimplicit-function-declaration]
  178 |         HAL_SPI_Receive(&hspi2, &tmpData, 1, 1);
      |         ^~~~~~~~~~~~~~~
../Core/Inc/ili9488.h:19: warning: "LITE_Pin" redefined
   19 | #define LITE_Pin GPIO_PIN_5
      | 
../Core/Inc/main.h:85: note: this is the location of the previous definition
   85 | #define LITE_Pin LL_GPIO_PIN_5
      | 
../Core/Src/ili9488.c:10:8: error: unknown type name 'SPI_HandleTypeDef'
   10 | extern SPI_HandleTypeDef hspi2;
      |        ^~~~~~~~~~~~~~~~~
../Core/Src/ili9488.c: In function 'ILI9488_SendCommand':
../Core/Src/ili9488.c:296:9: warning: implicit declaration of function 'HAL_SPI_Transmit' [-Wimplicit-function-declaration]
  296 |         HAL_SPI_Transmit(&hspi2, &tmpCmd, 1, 1);
      |         ^~~~~~~~~~~~~~~~
../Core/Src/ili9488.c: In function 'WaitLastData':
../Core/Src/ili9488.c:349:9: warning: this 'while' clause does not guard... [-Wmisleading-indentation]
  349 |         while(!(SPI1->SR & SPI_SR_TXE));
      |         ^~~~~
../Core/Src/ili9488.c:350:17: note: ...this statement, but the latter is misleadingly indented as if it were guarded by the 'while'
  350 |                 while(SPI1->SR & SPI_SR_BSY);
      |                 ^~~~~
make: *** [Core/Src/subdir.mk:61: Core/Src/rom.o] Error 1
../Core/Src/ili9488.c: In function 'ILI9488_printText':
../Core/Src/ili9488.c:869:42: warning: comparison between pointer and integer
  869 |         for(uint16_t i=0; i<40 && text[i]!=NULL; i++)
      |                                          ^~
../Core/Src/ili9488.c: In function 'testLines':
../Core/Src/ili9488.c:877:30: warning: unused variable 't' [-Wunused-variable]
  877 |         unsigned long start, t;
      |                              ^
../Core/Src/ili9488.c:877:23: warning: unused variable 'start' [-Wunused-variable]
  877 |         unsigned long start, t;
      |                       ^~~~~
../Core/Src/ili9488.c: In function 'Digits_draw':
../Core/Src/ili9488.c:947:45: warning: unused variable 'si' [-Wunused-variable]
  947 |   unsigned int num=abs(n),i,s,t,w,col,h,a,b,si=0,j=1,d=0,S1=cS,S2=5*cS,S3=2*cS,S4=7*cS,x1=(S3/2)+1,x2=(2*S1)+S2+1,y1=yLoc+x1,y3=yLoc+(2*S1)+S4+1;
      |                                             ^~
make: *** [Core/Src/subdir.mk:61: Core/Src/ili9488.o] Error 1
"make -j4 all" terminated with exit code 2. Build might be incomplete.

09:44:09 Build Failed. 10 errors, 20 warnings. (took 2s.159ms)

