21:55:12 **** Incremental Build of configuration Default for project 5x6_display ****
make all 
rm -f project.hex
-------------------------------------------------------------------------------
Application successfully built for:
Processor: STM32G070CB
Family:    STM32G0xx
Board:     STM32G070CB
LCD:       ili9488
-------------------------------------------------------------------------------
arm-none-eabi-size project_build/project.elf
   text	   data	    bss	    dec	    hex	filename
  76360	     32	  21992	  98384	  18050	project_build/project.elf
20000000 D __ram_start
20005608 B __ram_end

21:55:13 Build Finished. 0 errors, 0 warnings. (took 1s.87ms)

