09:35:21 **** Incremental Build of configuration Default for project bootloader.updater ****
make all 
rm -f project.hex
Creating object file for app.c
app.c:52: warning: "DEBUG_MSG" redefined
   52 | #define DEBUG_MSG(msg) { MIOS32_MIDI_DebugPortSet(UART0); MIOS32_MIDI_SendDebugMessage(msg); MIOS32_MIDI_DebugPortSet(USB0); MIOS32_MIDI_SendDebugMessage(msg); }
      | 
In file included from D:/mios32/trunk/include/mios32/mios32.h:54,
                 from app.c:19:
./mios32_config.h:17: note: this is the location of the previous definition
   17 | #define DEBUG_MSG MIOS32_MIDI_SendDebugMessage
      | 
Creating object file for main.c
Creating object file for heap_4.c
Creating object file for mios32_srio.c
Creating object file for mios32_din.c
Creating object file for mios32_dout.c
Creating object file for mios32_enc.c
Creating object file for mios32_lcd.c
Creating object file for mios32_midi.c
Creating object file for mios32_osc.c
Creating object file for mios32_com.c
Creating object file for mios32_uart_midi.c
Creating object file for mios32_spi_midi.c
Creating object file for mios32_iic_midi.c
Creating object file for mios32_can_midi.c
Creating object file for mios32_iic_bs.c
D:/mios32/trunk/mios32/common/mios32_iic_bs.c:30:18: warning: 'bs_size' defined but not used [-Wunused-const-variable=]
   30 | static const s32 bs_size[8] = {
      |                  ^~~~~~~
Creating object file for mios32_mf.c
Creating object file for mios32_sdcard.c
Creating object file for mios32_enc28j60.c
Creating object file for mios32_timestamp.c
Creating object file for mios32_bsl.c
Creating object file for mios32_sys.c
Creating object file for mios32_irq.c
Creating object file for mios32_spi.c
D:/mios32/trunk/mios32/STM32F4xx/mios32_spi.c: In function 'MIOS32_SPI_Init':
D:/mios32/trunk/mios32/STM32F4xx/mios32_spi.c:196:3: error: unknown type name 'DMA_InitTypeDef'; did you mean 'DMA_TypeDef'?
  196 |   DMA_InitTypeDef DMA_InitStructure;
      |   ^~~~~~~~~~~~~~~
      |   DMA_TypeDef
D:/mios32/trunk/mios32/STM32F4xx/mios32_spi.c:197:3: warning: implicit declaration of function 'DMA_StructInit'; did you mean 'LL_DAC_StructInit'? [-Wimplicit-function-declaration]
  197 |   DMA_StructInit(&DMA_InitStructure);
      |   ^~~~~~~~~~~~~~
      |   LL_DAC_StructInit
D:/mios32/trunk/mios32/STM32F4xx/mios32_spi.c:215:3: warning: implicit declaration of function 'RCC_APB2PeriphClockCmd' [-Wimplicit-function-declaration]
  215 |   RCC_APB2PeriphClockCmd(RCC_APB2Periph_SPI1, ENABLE);
      |   ^~~~~~~~~~~~~~~~~~~~~~
D:/mios32/trunk/mios32/STM32F4xx/mios32_spi.c:215:26: error: 'RCC_APB2Periph_SPI1' undeclared (first use in this function); did you mean 'RCC_APB2RSTR_SPI1'?
  215 |   RCC_APB2PeriphClockCmd(RCC_APB2Periph_SPI1, ENABLE);
      |                          ^~~~~~~~~~~~~~~~~~~
      |                          RCC_APB2RSTR_SPI1
D:/mios32/trunk/mios32/STM32F4xx/mios32_spi.c:215:26: note: each undeclared identifier is reported only once for each function it appears in
D:/mios32/trunk/mios32/STM32F4xx/mios32_spi.c:218:3: warning: implicit declaration of function 'RCC_AHB1PeriphClockCmd' [-Wimplicit-function-declaration]
  218 |   RCC_AHB1PeriphClockCmd(RCC_AHB1Periph_DMA1, ENABLE);
      |   ^~~~~~~~~~~~~~~~~~~~~~
D:/mios32/trunk/mios32/STM32F4xx/mios32_spi.c:218:26: error: 'RCC_AHB1Periph_DMA1' undeclared (first use in this function)
  218 |   RCC_AHB1PeriphClockCmd(RCC_AHB1Periph_DMA1, ENABLE);
      |                          ^~~~~~~~~~~~~~~~~~~
D:/mios32/trunk/mios32/STM32F4xx/mios32_spi.c:219:26: error: 'RCC_AHB1Periph_DMA2' undeclared (first use in this function)
  219 |   RCC_AHB1PeriphClockCmd(RCC_AHB1Periph_DMA2, ENABLE);
      |                          ^~~~~~~~~~~~~~~~~~~
D:/mios32/trunk/mios32/STM32F4xx/mios32_spi.c:222:3: warning: implicit declaration of function 'DMA_Cmd' [-Wimplicit-function-declaration]
  222 |   DMA_Cmd(MIOS32_SPI0_DMA_RX_PTR, DISABLE);
      |   ^~~~~~~
D:/mios32/trunk/mios32/STM32F4xx/mios32_spi.c:223:20: error: request for member 'DMA_Channel' in something not a structure or union
  223 |   DMA_InitStructure.DMA_Channel = MIOS32_SPI0_DMA_RX_CHN;
      |                    ^
D:/mios32/trunk/mios32/STM32F4xx/mios32_spi.c:56:32: error: 'DMA_Channel_3' undeclared (first use in this function)
   56 | #define MIOS32_SPI0_DMA_RX_CHN DMA_Channel_3
      |                                ^~~~~~~~~~~~~
D:/mios32/trunk/mios32/STM32F4xx/mios32_spi.c:223:35: note: in expansion of macro 'MIOS32_SPI0_DMA_RX_CHN'
  223 |   DMA_InitStructure.DMA_Channel = MIOS32_SPI0_DMA_RX_CHN;
      |                                   ^~~~~~~~~~~~~~~~~~~~~~
D:/mios32/trunk/mios32/STM32F4xx/mios32_spi.c:224:20: error: request for member 'DMA_PeripheralBaseAddr' in something not a structure or union
  224 |   DMA_InitStructure.DMA_PeripheralBaseAddr = (u32)&MIOS32_SPI0_PTR->DR;
      |                    ^
D:/mios32/trunk/mios32/STM32F4xx/mios32_spi.c:225:20: error: request for member 'DMA_Memory0BaseAddr' in something not a structure or union
  225 |   DMA_InitStructure.DMA_Memory0BaseAddr = 0; // will be configured later
      |                    ^
D:/mios32/trunk/mios32/STM32F4xx/mios32_spi.c:226:20: error: request for member 'DMA_DIR' in something not a structure or union
  226 |   DMA_InitStructure.DMA_DIR = DMA_DIR_PeripheralToMemory;
      |                    ^
D:/mios32/trunk/mios32/STM32F4xx/mios32_spi.c:226:31: error: 'DMA_DIR_PeripheralToMemory' undeclared (first use in this function)
  226 |   DMA_InitStructure.DMA_DIR = DMA_DIR_PeripheralToMemory;
      |                               ^~~~~~~~~~~~~~~~~~~~~~~~~~
D:/mios32/trunk/mios32/STM32F4xx/mios32_spi.c:227:20: error: request for member 'DMA_BufferSize' in something not a structure or union
  227 |   DMA_InitStructure.DMA_BufferSize = 0; // will be configured later
      |                    ^
D:/mios32/trunk/mios32/STM32F4xx/mios32_spi.c:228:20: error: request for member 'DMA_PeripheralInc' in something not a structure or union
  228 |   DMA_InitStructure.DMA_PeripheralInc = DMA_PeripheralInc_Disable;
      |                    ^
D:/mios32/trunk/mios32/STM32F4xx/mios32_spi.c:228:41: error: 'DMA_PeripheralInc_Disable' undeclared (first use in this function)
  228 |   DMA_InitStructure.DMA_PeripheralInc = DMA_PeripheralInc_Disable;
      |                                         ^~~~~~~~~~~~~~~~~~~~~~~~~
D:/mios32/trunk/mios32/STM32F4xx/mios32_spi.c:229:20: error: request for member 'DMA_MemoryInc' in something not a structure or union
  229 |   DMA_InitStructure.DMA_MemoryInc = DMA_MemoryInc_Enable;
      |                    ^
D:/mios32/trunk/mios32/STM32F4xx/mios32_spi.c:229:37: error: 'DMA_MemoryInc_Enable' undeclared (first use in this function)
  229 |   DMA_InitStructure.DMA_MemoryInc = DMA_MemoryInc_Enable;
      |                                     ^~~~~~~~~~~~~~~~~~~~
D:/mios32/trunk/mios32/STM32F4xx/mios32_spi.c:230:20: error: request for member 'DMA_PeripheralDataSize' in something not a structure or union
  230 |   DMA_InitStructure.DMA_PeripheralDataSize = DMA_PeripheralDataSize_Byte;
      |                    ^
D:/mios32/trunk/mios32/STM32F4xx/mios32_spi.c:230:46: error: 'DMA_PeripheralDataSize_Byte' undeclared (first use in this function)
  230 |   DMA_InitStructure.DMA_PeripheralDataSize = DMA_PeripheralDataSize_Byte;
      |                                              ^~~~~~~~~~~~~~~~~~~~~~~~~~~
D:/mios32/trunk/mios32/STM32F4xx/mios32_spi.c:231:20: error: request for member 'DMA_MemoryDataSize' in something not a structure or union
  231 |   DMA_InitStructure.DMA_MemoryDataSize = DMA_MemoryDataSize_Byte;
      |                    ^
D:/mios32/trunk/mios32/STM32F4xx/mios32_spi.c:231:42: error: 'DMA_MemoryDataSize_Byte' undeclared (first use in this function)
  231 |   DMA_InitStructure.DMA_MemoryDataSize = DMA_MemoryDataSize_Byte;
      |                                          ^~~~~~~~~~~~~~~~~~~~~~~
D:/mios32/trunk/mios32/STM32F4xx/mios32_spi.c:232:20: error: request for member 'DMA_Mode' in something not a structure or union
  232 |   DMA_InitStructure.DMA_Mode = DMA_Mode_Normal;
      |                    ^
D:/mios32/trunk/mios32/STM32F4xx/mios32_spi.c:232:32: error: 'DMA_Mode_Normal' undeclared (first use in this function)
  232 |   DMA_InitStructure.DMA_Mode = DMA_Mode_Normal;
      |                                ^~~~~~~~~~~~~~~
D:/mios32/trunk/mios32/STM32F4xx/mios32_spi.c:233:20: error: request for member 'DMA_Priority' in something not a structure or union
  233 |   DMA_InitStructure.DMA_Priority = DMA_Priority_Medium;
      |                    ^
D:/mios32/trunk/mios32/STM32F4xx/mios32_spi.c:233:36: error: 'DMA_Priority_Medium' undeclared (first use in this function)
  233 |   DMA_InitStructure.DMA_Priority = DMA_Priority_Medium;
      |                                    ^~~~~~~~~~~~~~~~~~~
D:/mios32/trunk/mios32/STM32F4xx/mios32_spi.c:234:3: warning: implicit declaration of function 'DMA_Init' [-Wimplicit-function-declaration]
  234 |   DMA_Init(MIOS32_SPI0_DMA_RX_PTR, &DMA_InitStructure);
      |   ^~~~~~~~
D:/mios32/trunk/mios32/STM32F4xx/mios32_spi.c:239:20: error: request for member 'DMA_Channel' in something not a structure or union
  239 |   DMA_InitStructure.DMA_Channel = MIOS32_SPI0_DMA_TX_CHN;
      |                    ^
D:/mios32/trunk/mios32/STM32F4xx/mios32_spi.c:240:20: error: request for member 'DMA_Memory0BaseAddr' in something not a structure or union
  240 |   DMA_InitStructure.DMA_Memory0BaseAddr = 0; // will be configured later
      |                    ^
D:/mios32/trunk/mios32/STM32F4xx/mios32_spi.c:241:20: error: request for member 'DMA_BufferSize' in something not a structure or union
  241 |   DMA_InitStructure.DMA_BufferSize = 0; // will be configured later
      |                    ^
D:/mios32/trunk/mios32/STM32F4xx/mios32_spi.c:242:20: error: request for member 'DMA_DIR' in something not a structure or union
  242 |   DMA_InitStructure.DMA_DIR = DMA_DIR_MemoryToPeripheral;
      |                    ^
D:/mios32/trunk/mios32/STM32F4xx/mios32_spi.c:242:31: error: 'DMA_DIR_MemoryToPeripheral' undeclared (first use in this function)
  242 |   DMA_InitStructure.DMA_DIR = DMA_DIR_MemoryToPeripheral;
      |                               ^~~~~~~~~~~~~~~~~~~~~~~~~~
D:/mios32/trunk/mios32/STM32F4xx/mios32_spi.c:243:20: error: request for member 'DMA_MemoryInc' in something not a structure or union
  243 |   DMA_InitStructure.DMA_MemoryInc = DMA_MemoryInc_Enable;
      |                    ^
D:/mios32/trunk/mios32/STM32F4xx/mios32_spi.c:247:3: warning: implicit declaration of function 'SPI_Cmd' [-Wimplicit-function-declaration]
  247 |   SPI_Cmd(MIOS32_SPI0_PTR, ENABLE);
      |   ^~~~~~~
D:/mios32/trunk/mios32/STM32F4xx/mios32_spi.c:250:3: warning: implicit declaration of function 'SPI_I2S_DMACmd' [-Wimplicit-function-declaration]
  250 |   SPI_I2S_DMACmd(MIOS32_SPI0_PTR, SPI_I2S_DMAReq_Tx | SPI_I2S_DMAReq_Rx, ENABLE);
      |   ^~~~~~~~~~~~~~
D:/mios32/trunk/mios32/STM32F4xx/mios32_spi.c:250:35: error: 'SPI_I2S_DMAReq_Tx' undeclared (first use in this function)
  250 |   SPI_I2S_DMACmd(MIOS32_SPI0_PTR, SPI_I2S_DMAReq_Tx | SPI_I2S_DMAReq_Rx, ENABLE);
      |                                   ^~~~~~~~~~~~~~~~~
D:/mios32/trunk/mios32/STM32F4xx/mios32_spi.c:250:55: error: 'SPI_I2S_DMAReq_Rx' undeclared (first use in this function)
  250 |   SPI_I2S_DMACmd(MIOS32_SPI0_PTR, SPI_I2S_DMAReq_Tx | SPI_I2S_DMAReq_Rx, ENABLE);
      |                                                       ^~~~~~~~~~~~~~~~~
D:/mios32/trunk/mios32/STM32F4xx/mios32_spi.c:276:3: warning: implicit declaration of function 'RCC_APB1PeriphClockCmd' [-Wimplicit-function-declaration]
  276 |   RCC_APB1PeriphClockCmd(RCC_APB1Periph_SPI2, ENABLE);
      |   ^~~~~~~~~~~~~~~~~~~~~~
D:/mios32/trunk/mios32/STM32F4xx/mios32_spi.c:276:26: error: 'RCC_APB1Periph_SPI2' undeclared (first use in this function)
  276 |   RCC_APB1PeriphClockCmd(RCC_APB1Periph_SPI2, ENABLE);
      |                          ^~~~~~~~~~~~~~~~~~~
D:/mios32/trunk/mios32/STM32F4xx/mios32_spi.c:284:20: error: request for member 'DMA_Channel' in something not a structure or union
  284 |   DMA_InitStructure.DMA_Channel = MIOS32_SPI1_DMA_RX_CHN;
      |                    ^
D:/mios32/trunk/mios32/STM32F4xx/mios32_spi.c:91:32: error: 'DMA_Channel_0' undeclared (first use in this function)
   91 | #define MIOS32_SPI1_DMA_RX_CHN DMA_Channel_0
      |                                ^~~~~~~~~~~~~
D:/mios32/trunk/mios32/STM32F4xx/mios32_spi.c:284:35: note: in expansion of macro 'MIOS32_SPI1_DMA_RX_CHN'
  284 |   DMA_InitStructure.DMA_Channel = MIOS32_SPI1_DMA_RX_CHN;
      |                                   ^~~~~~~~~~~~~~~~~~~~~~
D:/mios32/trunk/mios32/STM32F4xx/mios32_spi.c:285:20: error: request for member 'DMA_PeripheralBaseAddr' in something not a structure or union
  285 |   DMA_InitStructure.DMA_PeripheralBaseAddr = (u32)&MIOS32_SPI1_PTR->DR;
      |                    ^
D:/mios32/trunk/mios32/STM32F4xx/mios32_spi.c:286:20: error: request for member 'DMA_Memory0BaseAddr' in something not a structure or union
  286 |   DMA_InitStructure.DMA_Memory0BaseAddr = 0; // will be configured later
      |                    ^
D:/mios32/trunk/mios32/STM32F4xx/mios32_spi.c:287:20: error: request for member 'DMA_DIR' in something not a structure or union
  287 |   DMA_InitStructure.DMA_DIR = DMA_DIR_PeripheralToMemory;
      |                    ^
D:/mios32/trunk/mios32/STM32F4xx/mios32_spi.c:288:20: error: request for member 'DMA_BufferSize' in something not a structure or union
  288 |   DMA_InitStructure.DMA_BufferSize = 0; // will be configured later
      |                    ^
D:/mios32/trunk/mios32/STM32F4xx/mios32_spi.c:289:20: error: request for member 'DMA_PeripheralInc' in something not a structure or union
  289 |   DMA_InitStructure.DMA_PeripheralInc = DMA_PeripheralInc_Disable;
      |                    ^
D:/mios32/trunk/mios32/STM32F4xx/mios32_spi.c:290:20: error: request for member 'DMA_MemoryInc' in something not a structure or union
  290 |   DMA_InitStructure.DMA_MemoryInc = DMA_MemoryInc_Enable;
      |                    ^
D:/mios32/trunk/mios32/STM32F4xx/mios32_spi.c:291:20: error: request for member 'DMA_PeripheralDataSize' in something not a structure or union
  291 |   DMA_InitStructure.DMA_PeripheralDataSize = DMA_PeripheralDataSize_Byte;
      |                    ^
D:/mios32/trunk/mios32/STM32F4xx/mios32_spi.c:292:20: error: request for member 'DMA_MemoryDataSize' in something not a structure or union
  292 |   DMA_InitStructure.DMA_MemoryDataSize = DMA_MemoryDataSize_Byte;
      |                    ^
D:/mios32/trunk/mios32/STM32F4xx/mios32_spi.c:293:20: error: request for member 'DMA_Mode' in something not a structure or union
  293 |   DMA_InitStructure.DMA_Mode = DMA_Mode_Normal;
      |                    ^
D:/mios32/trunk/mios32/STM32F4xx/mios32_spi.c:294:20: error: request for member 'DMA_Priority' in something not a structure or union
  294 |   DMA_InitStructure.DMA_Priority = DMA_Priority_Medium;
      |                    ^
D:/mios32/trunk/mios32/STM32F4xx/mios32_spi.c:300:20: error: request for member 'DMA_Channel' in something not a structure or union
  300 |   DMA_InitStructure.DMA_Channel = MIOS32_SPI1_DMA_TX_CHN;
      |                    ^
D:/mios32/trunk/mios32/STM32F4xx/mios32_spi.c:301:20: error: request for member 'DMA_Memory0BaseAddr' in something not a structure or union
  301 |   DMA_InitStructure.DMA_Memory0BaseAddr = 0; // will be configured later
      |                    ^
D:/mios32/trunk/mios32/STM32F4xx/mios32_spi.c:302:20: error: request for member 'DMA_BufferSize' in something not a structure or union
  302 |   DMA_InitStructure.DMA_BufferSize = 0; // will be configured later
      |                    ^
D:/mios32/trunk/mios32/STM32F4xx/mios32_spi.c:303:20: error: request for member 'DMA_DIR' in something not a structure or union
  303 |   DMA_InitStructure.DMA_DIR = DMA_DIR_MemoryToPeripheral;
      |                    ^
D:/mios32/trunk/mios32/STM32F4xx/mios32_spi.c:304:20: error: request for member 'DMA_MemoryInc' in something not a structure or union
  304 |   DMA_InitStructure.DMA_MemoryInc = DMA_MemoryInc_Enable;
      |                    ^
D:/mios32/trunk/mios32/STM32F4xx/mios32_spi.c:337:26: error: 'RCC_APB1Periph_SPI3' undeclared (first use in this function)
  337 |   RCC_APB1PeriphClockCmd(RCC_APB1Periph_SPI3, ENABLE);
      |                          ^~~~~~~~~~~~~~~~~~~
D:/mios32/trunk/mios32/STM32F4xx/mios32_spi.c:345:20: error: request for member 'DMA_Channel' in something not a structure or union
  345 |   DMA_InitStructure.DMA_Channel = MIOS32_SPI2_DMA_RX_CHN;
      |                    ^
D:/mios32/trunk/mios32/STM32F4xx/mios32_spi.c:346:20: error: request for member 'DMA_PeripheralBaseAddr' in something not a structure or union
  346 |   DMA_InitStructure.DMA_PeripheralBaseAddr = (u32)&MIOS32_SPI2_PTR->DR;
      |                    ^
D:/mios32/trunk/mios32/STM32F4xx/mios32_spi.c:347:20: error: request for member 'DMA_Memory0BaseAddr' in something not a structure or union
  347 |   DMA_InitStructure.DMA_Memory0BaseAddr = 0; // will be configured later
      |                    ^
D:/mios32/trunk/mios32/STM32F4xx/mios32_spi.c:348:20: error: request for member 'DMA_DIR' in something not a structure or union
  348 |   DMA_InitStructure.DMA_DIR = DMA_DIR_PeripheralToMemory;
      |                    ^
D:/mios32/trunk/mios32/STM32F4xx/mios32_spi.c:349:20: error: request for member 'DMA_BufferSize' in something not a structure or union
  349 |   DMA_InitStructure.DMA_BufferSize = 0; // will be configured later
      |                    ^
D:/mios32/trunk/mios32/STM32F4xx/mios32_spi.c:350:20: error: request for member 'DMA_PeripheralInc' in something not a structure or union
  350 |   DMA_InitStructure.DMA_PeripheralInc = DMA_PeripheralInc_Disable;
      |                    ^
D:/mios32/trunk/mios32/STM32F4xx/mios32_spi.c:351:20: error: request for member 'DMA_MemoryInc' in something not a structure or union
  351 |   DMA_InitStructure.DMA_MemoryInc = DMA_MemoryInc_Enable;
      |                    ^
D:/mios32/trunk/mios32/STM32F4xx/mios32_spi.c:352:20: error: request for member 'DMA_PeripheralDataSize' in something not a structure or union
  352 |   DMA_InitStructure.DMA_PeripheralDataSize = DMA_PeripheralDataSize_Byte;
      |                    ^
D:/mios32/trunk/mios32/STM32F4xx/mios32_spi.c:353:20: error: request for member 'DMA_MemoryDataSize' in something not a structure or union
  353 |   DMA_InitStructure.DMA_MemoryDataSize = DMA_MemoryDataSize_Byte;
      |                    ^
D:/mios32/trunk/mios32/STM32F4xx/mios32_spi.c:354:20: error: request for member 'DMA_Mode' in something not a structure or union
  354 |   DMA_InitStructure.DMA_Mode = DMA_Mode_Normal;
      |                    ^
D:/mios32/trunk/mios32/STM32F4xx/mios32_spi.c:355:20: error: request for member 'DMA_Priority' in something not a structure or union
  355 |   DMA_InitStructure.DMA_Priority = DMA_Priority_Medium;
      |                    ^
D:/mios32/trunk/mios32/STM32F4xx/mios32_spi.c:361:20: error: request for member 'DMA_Channel' in something not a structure or union
  361 |   DMA_InitStructure.DMA_Channel = MIOS32_SPI2_DMA_TX_CHN;
      |                    ^
D:/mios32/trunk/mios32/STM32F4xx/mios32_spi.c:362:20: error: request for member 'DMA_Memory0BaseAddr' in something not a structure or union
  362 |   DMA_InitStructure.DMA_Memory0BaseAddr = 0; // will be configured later
      |                    ^
D:/mios32/trunk/mios32/STM32F4xx/mios32_spi.c:363:20: error: request for member 'DMA_BufferSize' in something not a structure or union
  363 |   DMA_InitStructure.DMA_BufferSize = 0; // will be configured later
      |                    ^
D:/mios32/trunk/mios32/STM32F4xx/mios32_spi.c:364:20: error: request for member 'DMA_DIR' in something not a structure or union
  364 |   DMA_InitStructure.DMA_DIR = DMA_DIR_MemoryToPeripheral;
      |                    ^
D:/mios32/trunk/mios32/STM32F4xx/mios32_spi.c:365:20: error: request for member 'DMA_MemoryInc' in something not a structure or union
  365 |   DMA_InitStructure.DMA_MemoryInc = DMA_MemoryInc_Enable;
      |                    ^
D:/mios32/trunk/mios32/STM32F4xx/mios32_spi.c: In function 'MIOS32_SPI_IO_Init':
D:/mios32/trunk/mios32/STM32F4xx/mios32_spi.c:416:34: error: 'GPIO_Speed_50MHz' undeclared (first use in this function)
  416 |       GPIO_InitStructure.Speed = GPIO_Speed_50MHz;
      |                                  ^~~~~~~~~~~~~~~~
D:/mios32/trunk/mios32/STM32F4xx/mios32_spi.c:430:34: error: 'GPIO_Speed_2MHz' undeclared (first use in this function)
  430 |       GPIO_InitStructure.Speed = GPIO_Speed_2MHz;
      |                                  ^~~~~~~~~~~~~~~
D:/mios32/trunk/mios32/STM32F4xx/mios32_spi.c:80:34: warning: implicit declaration of function 'GPIO_PinAFConfig' [-Wimplicit-function-declaration]
   80 | #define MIOS32_SPI0_SCLK_AF    { GPIO_PinAFConfig(GPIOA, GPIO_PIN_5, GPIO_AF_SPI1); }
      |                                  ^~~~~~~~~~~~~~~~
D:/mios32/trunk/mios32/STM32F4xx/mios32_spi.c:452:7: note: in expansion of macro 'MIOS32_SPI0_SCLK_AF'
  452 |       MIOS32_SPI0_SCLK_AF;
      |       ^~~~~~~~~~~~~~~~~~~
D:/mios32/trunk/mios32/STM32F4xx/mios32_spi.c:80:58: error: 'GPIO_PIN_5' undeclared (first use in this function); did you mean 'LL_GPIO_PIN_5'?
   80 | #define MIOS32_SPI0_SCLK_AF    { GPIO_PinAFConfig(GPIOA, GPIO_PIN_5, GPIO_AF_SPI1); }
      |                                                          ^~~~~~~~~~
D:/mios32/trunk/mios32/STM32F4xx/mios32_spi.c:452:7: note: in expansion of macro 'MIOS32_SPI0_SCLK_AF'
  452 |       MIOS32_SPI0_SCLK_AF;
      |       ^~~~~~~~~~~~~~~~~~~
D:/mios32/trunk/mios32/STM32F4xx/mios32_spi.c:80:70: error: 'GPIO_AF_SPI1' undeclared (first use in this function)
   80 | #define MIOS32_SPI0_SCLK_AF    { GPIO_PinAFConfig(GPIOA, GPIO_PIN_5, GPIO_AF_SPI1); }
      |                                                                      ^~~~~~~~~~~~
D:/mios32/trunk/mios32/STM32F4xx/mios32_spi.c:452:7: note: in expansion of macro 'MIOS32_SPI0_SCLK_AF'
  452 |       MIOS32_SPI0_SCLK_AF;
      |       ^~~~~~~~~~~~~~~~~~~
D:/mios32/trunk/mios32/STM32F4xx/mios32_spi.c:83:58: error: 'GPIO_PIN_6' undeclared (first use in this function); did you mean 'LL_GPIO_PIN_6'?
   83 | #define MIOS32_SPI0_MISO_AF    { GPIO_PinAFConfig(GPIOA, GPIO_PIN_6, GPIO_AF_SPI1); }
      |                                                          ^~~~~~~~~~
D:/mios32/trunk/mios32/STM32F4xx/mios32_spi.c:453:7: note: in expansion of macro 'MIOS32_SPI0_MISO_AF'
  453 |       MIOS32_SPI0_MISO_AF;
      |       ^~~~~~~~~~~~~~~~~~~
D:/mios32/trunk/mios32/STM32F4xx/mios32_spi.c:86:58: error: 'GPIO_PIN_7' undeclared (first use in this function); did you mean 'LL_GPIO_PIN_7'?
   86 | #define MIOS32_SPI0_MOSI_AF    { GPIO_PinAFConfig(GPIOA, GPIO_PIN_7, GPIO_AF_SPI1); }
      |                                                          ^~~~~~~~~~
D:/mios32/trunk/mios32/STM32F4xx/mios32_spi.c:454:7: note: in expansion of macro 'MIOS32_SPI0_MOSI_AF'
  454 |       MIOS32_SPI0_MOSI_AF;
      |       ^~~~~~~~~~~~~~~~~~~
D:/mios32/trunk/mios32/STM32F4xx/mios32_spi.c:462:35: error: 'GPIO_Mode_AF' undeclared (first use in this function)
  462 |         GPIO_InitStructure.Mode = GPIO_Mode_AF;
      |                                   ^~~~~~~~~~~~
D:/mios32/trunk/mios32/STM32F4xx/mios32_spi.c:123:58: error: 'GPIO_PIN_13' undeclared (first use in this function); did you mean 'LL_GPIO_PIN_13'?
  123 | #define MIOS32_SPI1_SCLK_AF    { GPIO_PinAFConfig(GPIOB, GPIO_PIN_13, GPIO_AF_SPI2); }
      |                                                          ^~~~~~~~~~~
D:/mios32/trunk/mios32/STM32F4xx/mios32_spi.c:522:7: note: in expansion of macro 'MIOS32_SPI1_SCLK_AF'
  522 |       MIOS32_SPI1_SCLK_AF;
      |       ^~~~~~~~~~~~~~~~~~~
D:/mios32/trunk/mios32/STM32F4xx/mios32_spi.c:123:71: error: 'GPIO_AF_SPI2' undeclared (first use in this function)
  123 | #define MIOS32_SPI1_SCLK_AF    { GPIO_PinAFConfig(GPIOB, GPIO_PIN_13, GPIO_AF_SPI2); }
      |                                                                       ^~~~~~~~~~~~
D:/mios32/trunk/mios32/STM32F4xx/mios32_spi.c:522:7: note: in expansion of macro 'MIOS32_SPI1_SCLK_AF'
  522 |       MIOS32_SPI1_SCLK_AF;
      |       ^~~~~~~~~~~~~~~~~~~
D:/mios32/trunk/mios32/STM32F4xx/mios32_spi.c:126:58: error: 'GPIO_PIN_2' undeclared (first use in this function); did you mean 'LL_GPIO_PIN_2'?
  126 | #define MIOS32_SPI1_MISO_AF    { GPIO_PinAFConfig(GPIOC, GPIO_PIN_2, GPIO_AF_SPI2); }
      |                                                          ^~~~~~~~~~
D:/mios32/trunk/mios32/STM32F4xx/mios32_spi.c:523:7: note: in expansion of macro 'MIOS32_SPI1_MISO_AF'
  523 |       MIOS32_SPI1_MISO_AF;
      |       ^~~~~~~~~~~~~~~~~~~
D:/mios32/trunk/mios32/STM32F4xx/mios32_spi.c:129:58: error: 'GPIO_PIN_3' undeclared (first use in this function); did you mean 'LL_GPIO_PIN_3'?
  129 | #define MIOS32_SPI1_MOSI_AF    { GPIO_PinAFConfig(GPIOC, GPIO_PIN_3, GPIO_AF_SPI2); }
      |                                                          ^~~~~~~~~~
D:/mios32/trunk/mios32/STM32F4xx/mios32_spi.c:524:7: note: in expansion of macro 'MIOS32_SPI1_MOSI_AF'
  524 |       MIOS32_SPI1_MOSI_AF;
      |       ^~~~~~~~~~~~~~~~~~~
D:/mios32/trunk/mios32/STM32F4xx/mios32_spi.c:143:58: error: 'GPIO_PIN_15' undeclared (first use in this function); did you mean 'LL_GPIO_PIN_15'?
  143 | #define MIOS32_SPI2_RCLK1_AF   { GPIO_PinAFConfig(GPIOA, GPIO_PIN_15, GPIO_AF_SPI3); } // only relevant for slave mode
      |                                                          ^~~~~~~~~~~
D:/mios32/trunk/mios32/STM32F4xx/mios32_spi.c:578:7: note: in expansion of macro 'MIOS32_SPI2_RCLK1_AF'
  578 |       MIOS32_SPI2_RCLK1_AF;
      |       ^~~~~~~~~~~~~~~~~~~~
D:/mios32/trunk/mios32/STM32F4xx/mios32_spi.c:143:71: error: 'GPIO_AF_SPI3' undeclared (first use in this function)
  143 | #define MIOS32_SPI2_RCLK1_AF   { GPIO_PinAFConfig(GPIOA, GPIO_PIN_15, GPIO_AF_SPI3); } // only relevant for slave mode
      |                                                                       ^~~~~~~~~~~~
D:/mios32/trunk/mios32/STM32F4xx/mios32_spi.c:578:7: note: in expansion of macro 'MIOS32_SPI2_RCLK1_AF'
  578 |       MIOS32_SPI2_RCLK1_AF;
      |       ^~~~~~~~~~~~~~~~~~~~
D:/mios32/trunk/mios32/STM32F4xx/mios32_spi.c:158:58: error: 'GPIO_PIN_4' undeclared (first use in this function); did you mean 'LL_GPIO_PIN_4'?
  158 | #define MIOS32_SPI2_MISO_AF    { GPIO_PinAFConfig(GPIOB, GPIO_PIN_4, GPIO_AF_SPI3); }
      |                                                          ^~~~~~~~~~
D:/mios32/trunk/mios32/STM32F4xx/mios32_spi.c:581:7: note: in expansion of macro 'MIOS32_SPI2_MISO_AF'
  581 |       MIOS32_SPI2_MISO_AF;
      |       ^~~~~~~~~~~~~~~~~~~
D:/mios32/trunk/mios32/STM32F4xx/mios32_spi.c: In function 'MIOS32_SPI_TransferModeInit':
D:/mios32/trunk/mios32/STM32F4xx/mios32_spi.c:669:3: error: unknown type name 'SPI_InitTypeDef'; did you mean 'SPI_TypeDef'?
  669 |   SPI_InitTypeDef SPI_InitStructure;
      |   ^~~~~~~~~~~~~~~
      |   SPI_TypeDef
D:/mios32/trunk/mios32/STM32F4xx/mios32_spi.c:670:20: error: request for member 'SPI_Direction' in something not a structure or union
  670 |   SPI_InitStructure.SPI_Direction     = SPI_Direction_2Lines_FullDuplex;
      |                    ^
D:/mios32/trunk/mios32/STM32F4xx/mios32_spi.c:670:41: error: 'SPI_Direction_2Lines_FullDuplex' undeclared (first use in this function)
  670 |   SPI_InitStructure.SPI_Direction     = SPI_Direction_2Lines_FullDuplex;
      |                                         ^~~~~~~~~~~~~~~~~~~~~~~~~~~~~~~
D:/mios32/trunk/mios32/STM32F4xx/mios32_spi.c:671:20: error: request for member 'SPI_Mode' in something not a structure or union
  671 |   SPI_InitStructure.SPI_Mode          = SPI_Mode_Master;
      |                    ^
D:/mios32/trunk/mios32/STM32F4xx/mios32_spi.c:671:41: error: 'SPI_Mode_Master' undeclared (first use in this function)
  671 |   SPI_InitStructure.SPI_Mode          = SPI_Mode_Master;
      |                                         ^~~~~~~~~~~~~~~
D:/mios32/trunk/mios32/STM32F4xx/mios32_spi.c:672:20: error: request for member 'SPI_DataSize' in something not a structure or union
  672 |   SPI_InitStructure.SPI_DataSize      = SPI_DataSize_8b;
      |                    ^
D:/mios32/trunk/mios32/STM32F4xx/mios32_spi.c:672:41: error: 'SPI_DataSize_8b' undeclared (first use in this function)
  672 |   SPI_InitStructure.SPI_DataSize      = SPI_DataSize_8b;
      |                                         ^~~~~~~~~~~~~~~
D:/mios32/trunk/mios32/STM32F4xx/mios32_spi.c:673:20: error: request for member 'SPI_NSS' in something not a structure or union
  673 |   SPI_InitStructure.SPI_NSS           = SPI_NSS_Soft;
      |                    ^
D:/mios32/trunk/mios32/STM32F4xx/mios32_spi.c:673:41: error: 'SPI_NSS_Soft' undeclared (first use in this function)
  673 |   SPI_InitStructure.SPI_NSS           = SPI_NSS_Soft;
      |                                         ^~~~~~~~~~~~
D:/mios32/trunk/mios32/STM32F4xx/mios32_spi.c:674:20: error: request for member 'SPI_FirstBit' in something not a structure or union
  674 |   SPI_InitStructure.SPI_FirstBit      = SPI_FirstBit_MSB;
      |                    ^
D:/mios32/trunk/mios32/STM32F4xx/mios32_spi.c:674:41: error: 'SPI_FirstBit_MSB' undeclared (first use in this function)
  674 |   SPI_InitStructure.SPI_FirstBit      = SPI_FirstBit_MSB;
      |                                         ^~~~~~~~~~~~~~~~
D:/mios32/trunk/mios32/STM32F4xx/mios32_spi.c:675:20: error: request for member 'SPI_CRCPolynomial' in something not a structure or union
  675 |   SPI_InitStructure.SPI_CRCPolynomial = 7;
      |                    ^
D:/mios32/trunk/mios32/STM32F4xx/mios32_spi.c:679:24: error: request for member 'SPI_Mode' in something not a structure or union
  679 |       SPI_InitStructure.SPI_Mode = SPI_Mode_Slave;
      |                        ^
D:/mios32/trunk/mios32/STM32F4xx/mios32_spi.c:679:36: error: 'SPI_Mode_Slave' undeclared (first use in this function)
  679 |       SPI_InitStructure.SPI_Mode = SPI_Mode_Slave;
      |                                    ^~~~~~~~~~~~~~
D:/mios32/trunk/mios32/STM32F4xx/mios32_spi.c:680:24: error: request for member 'SPI_NSS' in something not a structure or union
  680 |       SPI_InitStructure.SPI_NSS  = SPI_NSS_Hard;
      |                        ^
D:/mios32/trunk/mios32/STM32F4xx/mios32_spi.c:680:36: error: 'SPI_NSS_Hard' undeclared (first use in this function)
  680 |       SPI_InitStructure.SPI_NSS  = SPI_NSS_Hard;
      |                                    ^~~~~~~~~~~~
D:/mios32/trunk/mios32/STM32F4xx/mios32_spi.c:682:24: error: request for member 'SPI_CPOL' in something not a structure or union
  682 |       SPI_InitStructure.SPI_CPOL = SPI_CPOL_Low;
      |                        ^
D:/mios32/trunk/mios32/STM32F4xx/mios32_spi.c:682:36: error: 'SPI_CPOL_Low' undeclared (first use in this function); did you mean 'SPI_CR1_CPOL_Pos'?
  682 |       SPI_InitStructure.SPI_CPOL = SPI_CPOL_Low;
      |                                    ^~~~~~~~~~~~
      |                                    SPI_CR1_CPOL_Pos
D:/mios32/trunk/mios32/STM32F4xx/mios32_spi.c:683:24: error: request for member 'SPI_CPHA' in something not a structure or union
  683 |       SPI_InitStructure.SPI_CPHA = SPI_CPHA_1Edge;
      |                        ^
D:/mios32/trunk/mios32/STM32F4xx/mios32_spi.c:683:36: error: 'SPI_CPHA_1Edge' undeclared (first use in this function)
  683 |       SPI_InitStructure.SPI_CPHA = SPI_CPHA_1Edge;
      |                                    ^~~~~~~~~~~~~~
D:/mios32/trunk/mios32/STM32F4xx/mios32_spi.c:687:24: error: request for member 'SPI_Mode' in something not a structure or union
  687 |       SPI_InitStructure.SPI_Mode = SPI_Mode_Slave;
      |                        ^
D:/mios32/trunk/mios32/STM32F4xx/mios32_spi.c:688:24: error: request for member 'SPI_NSS' in something not a structure or union
  688 |       SPI_InitStructure.SPI_NSS  = SPI_NSS_Hard;
      |                        ^
D:/mios32/trunk/mios32/STM32F4xx/mios32_spi.c:690:24: error: request for member 'SPI_CPOL' in something not a structure or union
  690 |       SPI_InitStructure.SPI_CPOL = SPI_CPOL_Low;
      |                        ^
D:/mios32/trunk/mios32/STM32F4xx/mios32_spi.c:691:24: error: request for member 'SPI_CPHA' in something not a structure or union
  691 |       SPI_InitStructure.SPI_CPHA = SPI_CPHA_2Edge;
      |                        ^
D:/mios32/trunk/mios32/STM32F4xx/mios32_spi.c:691:36: error: 'SPI_CPHA_2Edge' undeclared (first use in this function)
  691 |       SPI_InitStructure.SPI_CPHA = SPI_CPHA_2Edge;
      |                                    ^~~~~~~~~~~~~~
D:/mios32/trunk/mios32/STM32F4xx/mios32_spi.c:695:24: error: request for member 'SPI_Mode' in something not a structure or union
  695 |       SPI_InitStructure.SPI_Mode = SPI_Mode_Slave;
      |                        ^
D:/mios32/trunk/mios32/STM32F4xx/mios32_spi.c:696:24: error: request for member 'SPI_NSS' in something not a structure or union
  696 |       SPI_InitStructure.SPI_NSS  = SPI_NSS_Hard;
      |                        ^
D:/mios32/trunk/mios32/STM32F4xx/mios32_spi.c:698:24: error: request for member 'SPI_CPOL' in something not a structure or union
  698 |       SPI_InitStructure.SPI_CPOL = SPI_CPOL_High;
      |                        ^
D:/mios32/trunk/mios32/STM32F4xx/mios32_spi.c:698:36: error: 'SPI_CPOL_High' undeclared (first use in this function)
  698 |       SPI_InitStructure.SPI_CPOL = SPI_CPOL_High;
      |                                    ^~~~~~~~~~~~~
D:/mios32/trunk/mios32/STM32F4xx/mios32_spi.c:699:24: error: request for member 'SPI_CPHA' in something not a structure or union
  699 |       SPI_InitStructure.SPI_CPHA = SPI_CPHA_1Edge;
      |                        ^
D:/mios32/trunk/mios32/STM32F4xx/mios32_spi.c:703:24: error: request for member 'SPI_Mode' in something not a structure or union
  703 |       SPI_InitStructure.SPI_Mode = SPI_Mode_Slave;
      |                        ^
D:/mios32/trunk/mios32/STM32F4xx/mios32_spi.c:704:24: error: request for member 'SPI_NSS' in something not a structure or union
  704 |       SPI_InitStructure.SPI_NSS  = SPI_NSS_Hard;
      |                        ^
D:/mios32/trunk/mios32/STM32F4xx/mios32_spi.c:706:24: error: request for member 'SPI_CPOL' in something not a structure or union
  706 |       SPI_InitStructure.SPI_CPOL = SPI_CPOL_High;
      |                        ^
D:/mios32/trunk/mios32/STM32F4xx/mios32_spi.c:707:24: error: request for member 'SPI_CPHA' in something not a structure or union
  707 |       SPI_InitStructure.SPI_CPHA = SPI_CPHA_2Edge;
      |                        ^
D:/mios32/trunk/mios32/STM32F4xx/mios32_spi.c:727:24: error: request for member 'SPI_BaudRatePrescaler' in something not a structure or union
  727 |       SPI_InitStructure.SPI_BaudRatePrescaler = ((u16)spi_prescaler&7) << 3;
      |                        ^
D:/mios32/trunk/mios32/STM32F4xx/mios32_spi.c:728:7: warning: implicit declaration of function 'SPI_Init' [-Wimplicit-function-declaration]
  728 |       SPI_Init(MIOS32_SPI0_PTR, &SPI_InitStructure);
      |       ^~~~~~~~
D:/mios32/trunk/mios32/STM32F4xx/mios32_spi.c:730:28: error: request for member 'SPI_Mode' in something not a structure or union
  730 |       if( SPI_InitStructure.SPI_Mode == SPI_Mode_Master ) {
      |                            ^
D:/mios32/trunk/mios32/STM32F4xx/mios32_spi.c:746:28: error: request for member 'SPI_Mode' in something not a structure or union
  746 |       if( SPI_InitStructure.SPI_Mode == SPI_Mode_Slave ) {
      |                            ^
D:/mios32/trunk/mios32/STM32F4xx/mios32_spi.c:752:24: error: request for member 'SPI_BaudRatePrescaler' in something not a structure or union
  752 |       SPI_InitStructure.SPI_BaudRatePrescaler = (((u16)spi_prescaler&7)-1) << 3;
      |                        ^
D:/mios32/trunk/mios32/STM32F4xx/mios32_spi.c:755:28: error: request for member 'SPI_Mode' in something not a structure or union
  755 |       if( SPI_InitStructure.SPI_Mode == SPI_Mode_Master ) {
      |                            ^
D:/mios32/trunk/mios32/STM32F4xx/mios32_spi.c:772:24: error: request for member 'SPI_BaudRatePrescaler' in something not a structure or union
  772 |       SPI_InitStructure.SPI_BaudRatePrescaler = (((u16)spi_prescaler&7)-1) << 3;
      |                        ^
D:/mios32/trunk/mios32/STM32F4xx/mios32_spi.c:775:28: error: request for member 'SPI_Mode' in something not a structure or union
  775 |       if( SPI_InitStructure.SPI_Mode == SPI_Mode_Master ) {
      |                            ^
D:/mios32/trunk/mios32/STM32F4xx/mios32_spi.c: In function 'MIOS32_SPI_TransferByte':
D:/mios32/trunk/mios32/STM32F4xx/mios32_spi.c:911:22: error: 'SPI_Mode_Master' undeclared (first use in this function)
  911 |   if( spi_ptr->CR1 & SPI_Mode_Master ) {
      |                      ^~~~~~~~~~~~~~~
D:/mios32/trunk/mios32/STM32F4xx/mios32_spi.c:912:26: error: 'SPI_I2S_FLAG_BSY' undeclared (first use in this function)
  912 |     while( spi_ptr->SR & SPI_I2S_FLAG_BSY );
      |                          ^~~~~~~~~~~~~~~~
D:/mios32/trunk/mios32/STM32F4xx/mios32_spi.c:914:28: error: 'SPI_I2S_FLAG_RXNE' undeclared (first use in this function)
  914 |     while( !(spi_ptr->SR & SPI_I2S_FLAG_RXNE) );
      |                            ^~~~~~~~~~~~~~~~~
D:/mios32/trunk/mios32/STM32F4xx/mios32_spi.c: In function 'MIOS32_SPI_TransferBlock':
D:/mios32/trunk/mios32/STM32F4xx/mios32_spi.c:60:39: error: 'DMA_FLAG_TCIF3' undeclared (first use in this function); did you mean 'DMA_LISR_TCIF3'?
   60 | #define MIOS32_SPI0_DMA_TX_IRQ_FLAGS (DMA_FLAG_TCIF3 | DMA_FLAG_TEIF3 | DMA_FLAG_HTIF3 | DMA_FLAG_FEIF3)
      |                                       ^~~~~~~~~~~~~~
D:/mios32/trunk/mios32/STM32F4xx/mios32_spi.c:952:26: note: in expansion of macro 'MIOS32_SPI0_DMA_TX_IRQ_FLAGS'
  952 |       dma_tx_irq_flags = MIOS32_SPI0_DMA_TX_IRQ_FLAGS;
      |                          ^~~~~~~~~~~~~~~~~~~~~~~~~~~~
D:/mios32/trunk/mios32/STM32F4xx/mios32_spi.c:60:56: error: 'DMA_FLAG_TEIF3' undeclared (first use in this function); did you mean 'DMA_LISR_TEIF3'?
   60 | #define MIOS32_SPI0_DMA_TX_IRQ_FLAGS (DMA_FLAG_TCIF3 | DMA_FLAG_TEIF3 | DMA_FLAG_HTIF3 | DMA_FLAG_FEIF3)
      |                                                        ^~~~~~~~~~~~~~
D:/mios32/trunk/mios32/STM32F4xx/mios32_spi.c:952:26: note: in expansion of macro 'MIOS32_SPI0_DMA_TX_IRQ_FLAGS'
  952 |       dma_tx_irq_flags = MIOS32_SPI0_DMA_TX_IRQ_FLAGS;
      |                          ^~~~~~~~~~~~~~~~~~~~~~~~~~~~
D:/mios32/trunk/mios32/STM32F4xx/mios32_spi.c:60:73: error: 'DMA_FLAG_HTIF3' undeclared (first use in this function); did you mean 'DMA_LISR_HTIF3'?
   60 | #define MIOS32_SPI0_DMA_TX_IRQ_FLAGS (DMA_FLAG_TCIF3 | DMA_FLAG_TEIF3 | DMA_FLAG_HTIF3 | DMA_FLAG_FEIF3)
      |                                                                         ^~~~~~~~~~~~~~
D:/mios32/trunk/mios32/STM32F4xx/mios32_spi.c:952:26: note: in expansion of macro 'MIOS32_SPI0_DMA_TX_IRQ_FLAGS'
  952 |       dma_tx_irq_flags = MIOS32_SPI0_DMA_TX_IRQ_FLAGS;
      |                          ^~~~~~~~~~~~~~~~~~~~~~~~~~~~
D:/mios32/trunk/mios32/STM32F4xx/mios32_spi.c:60:90: error: 'DMA_FLAG_FEIF3' undeclared (first use in this function); did you mean 'DMA_LISR_FEIF3'?
   60 | #define MIOS32_SPI0_DMA_TX_IRQ_FLAGS (DMA_FLAG_TCIF3 | DMA_FLAG_TEIF3 | DMA_FLAG_HTIF3 | DMA_FLAG_FEIF3)
      |                                                                                          ^~~~~~~~~~~~~~
D:/mios32/trunk/mios32/STM32F4xx/mios32_spi.c:952:26: note: in expansion of macro 'MIOS32_SPI0_DMA_TX_IRQ_FLAGS'
  952 |       dma_tx_irq_flags = MIOS32_SPI0_DMA_TX_IRQ_FLAGS;
      |                          ^~~~~~~~~~~~~~~~~~~~~~~~~~~~
D:/mios32/trunk/mios32/STM32F4xx/mios32_spi.c:57:39: error: 'DMA_FLAG_TCIF2' undeclared (first use in this function); did you mean 'DMA_LISR_TCIF2'?
   57 | #define MIOS32_SPI0_DMA_RX_IRQ_FLAGS (DMA_FLAG_TCIF2 | DMA_FLAG_TEIF2 | DMA_FLAG_HTIF2 | DMA_FLAG_FEIF2)
      |                                       ^~~~~~~~~~~~~~
D:/mios32/trunk/mios32/STM32F4xx/mios32_spi.c:954:26: note: in expansion of macro 'MIOS32_SPI0_DMA_RX_IRQ_FLAGS'
  954 |       dma_rx_irq_flags = MIOS32_SPI0_DMA_RX_IRQ_FLAGS;
      |                          ^~~~~~~~~~~~~~~~~~~~~~~~~~~~
D:/mios32/trunk/mios32/STM32F4xx/mios32_spi.c:57:56: error: 'DMA_FLAG_TEIF2' undeclared (first use in this function); did you mean 'DMA_LISR_TEIF2'?
   57 | #define MIOS32_SPI0_DMA_RX_IRQ_FLAGS (DMA_FLAG_TCIF2 | DMA_FLAG_TEIF2 | DMA_FLAG_HTIF2 | DMA_FLAG_FEIF2)
      |                                                        ^~~~~~~~~~~~~~
D:/mios32/trunk/mios32/STM32F4xx/mios32_spi.c:954:26: note: in expansion of macro 'MIOS32_SPI0_DMA_RX_IRQ_FLAGS'
  954 |       dma_rx_irq_flags = MIOS32_SPI0_DMA_RX_IRQ_FLAGS;
      |                          ^~~~~~~~~~~~~~~~~~~~~~~~~~~~
D:/mios32/trunk/mios32/STM32F4xx/mios32_spi.c:57:73: error: 'DMA_FLAG_HTIF2' undeclared (first use in this function); did you mean 'DMA_LISR_HTIF2'?
   57 | #define MIOS32_SPI0_DMA_RX_IRQ_FLAGS (DMA_FLAG_TCIF2 | DMA_FLAG_TEIF2 | DMA_FLAG_HTIF2 | DMA_FLAG_FEIF2)
      |                                                                         ^~~~~~~~~~~~~~
D:/mios32/trunk/mios32/STM32F4xx/mios32_spi.c:954:26: note: in expansion of macro 'MIOS32_SPI0_DMA_RX_IRQ_FLAGS'
  954 |       dma_rx_irq_flags = MIOS32_SPI0_DMA_RX_IRQ_FLAGS;
      |                          ^~~~~~~~~~~~~~~~~~~~~~~~~~~~
D:/mios32/trunk/mios32/STM32F4xx/mios32_spi.c:57:90: error: 'DMA_FLAG_FEIF2' undeclared (first use in this function); did you mean 'DMA_LISR_FEIF2'?
   57 | #define MIOS32_SPI0_DMA_RX_IRQ_FLAGS (DMA_FLAG_TCIF2 | DMA_FLAG_TEIF2 | DMA_FLAG_HTIF2 | DMA_FLAG_FEIF2)
      |                                                                                          ^~~~~~~~~~~~~~
D:/mios32/trunk/mios32/STM32F4xx/mios32_spi.c:954:26: note: in expansion of macro 'MIOS32_SPI0_DMA_RX_IRQ_FLAGS'
  954 |       dma_rx_irq_flags = MIOS32_SPI0_DMA_RX_IRQ_FLAGS;
      |                          ^~~~~~~~~~~~~~~~~~~~~~~~~~~~
D:/mios32/trunk/mios32/STM32F4xx/mios32_spi.c:95:39: error: 'DMA_FLAG_TCIF4' undeclared (first use in this function); did you mean 'DMA_HISR_TCIF4'?
   95 | #define MIOS32_SPI1_DMA_TX_IRQ_FLAGS (DMA_FLAG_TCIF4 | DMA_FLAG_TEIF4 | DMA_FLAG_HTIF4 | DMA_FLAG_FEIF4)
      |                                       ^~~~~~~~~~~~~~
D:/mios32/trunk/mios32/STM32F4xx/mios32_spi.c:964:26: note: in expansion of macro 'MIOS32_SPI1_DMA_TX_IRQ_FLAGS'
  964 |       dma_tx_irq_flags = MIOS32_SPI1_DMA_TX_IRQ_FLAGS;
      |                          ^~~~~~~~~~~~~~~~~~~~~~~~~~~~
D:/mios32/trunk/mios32/STM32F4xx/mios32_spi.c:95:56: error: 'DMA_FLAG_TEIF4' undeclared (first use in this function); did you mean 'DMA_HISR_TEIF4'?
   95 | #define MIOS32_SPI1_DMA_TX_IRQ_FLAGS (DMA_FLAG_TCIF4 | DMA_FLAG_TEIF4 | DMA_FLAG_HTIF4 | DMA_FLAG_FEIF4)
      |                                                        ^~~~~~~~~~~~~~
D:/mios32/trunk/mios32/STM32F4xx/mios32_spi.c:964:26: note: in expansion of macro 'MIOS32_SPI1_DMA_TX_IRQ_FLAGS'
  964 |       dma_tx_irq_flags = MIOS32_SPI1_DMA_TX_IRQ_FLAGS;
      |                          ^~~~~~~~~~~~~~~~~~~~~~~~~~~~
D:/mios32/trunk/mios32/STM32F4xx/mios32_spi.c:95:73: error: 'DMA_FLAG_HTIF4' undeclared (first use in this function); did you mean 'DMA_HISR_HTIF4'?
   95 | #define MIOS32_SPI1_DMA_TX_IRQ_FLAGS (DMA_FLAG_TCIF4 | DMA_FLAG_TEIF4 | DMA_FLAG_HTIF4 | DMA_FLAG_FEIF4)
      |                                                                         ^~~~~~~~~~~~~~
D:/mios32/trunk/mios32/STM32F4xx/mios32_spi.c:964:26: note: in expansion of macro 'MIOS32_SPI1_DMA_TX_IRQ_FLAGS'
  964 |       dma_tx_irq_flags = MIOS32_SPI1_DMA_TX_IRQ_FLAGS;
      |                          ^~~~~~~~~~~~~~~~~~~~~~~~~~~~
D:/mios32/trunk/mios32/STM32F4xx/mios32_spi.c:95:90: error: 'DMA_FLAG_FEIF4' undeclared (first use in this function); did you mean 'DMA_HISR_FEIF4'?
   95 | #define MIOS32_SPI1_DMA_TX_IRQ_FLAGS (DMA_FLAG_TCIF4 | DMA_FLAG_TEIF4 | DMA_FLAG_HTIF4 | DMA_FLAG_FEIF4)
      |                                                                                          ^~~~~~~~~~~~~~
D:/mios32/trunk/mios32/STM32F4xx/mios32_spi.c:964:26: note: in expansion of macro 'MIOS32_SPI1_DMA_TX_IRQ_FLAGS'
  964 |       dma_tx_irq_flags = MIOS32_SPI1_DMA_TX_IRQ_FLAGS;
      |                          ^~~~~~~~~~~~~~~~~~~~~~~~~~~~
D:/mios32/trunk/mios32/STM32F4xx/mios32_spi.c:138:39: error: 'DMA_FLAG_TCIF5' undeclared (first use in this function); did you mean 'DMA_HISR_TCIF5'?
  138 | #define MIOS32_SPI2_DMA_TX_IRQ_FLAGS (DMA_FLAG_TCIF5 | DMA_FLAG_TEIF5 | DMA_FLAG_HTIF5 | DMA_FLAG_FEIF5)
      |                                       ^~~~~~~~~~~~~~
D:/mios32/trunk/mios32/STM32F4xx/mios32_spi.c:976:26: note: in expansion of macro 'MIOS32_SPI2_DMA_TX_IRQ_FLAGS'
  976 |       dma_tx_irq_flags = MIOS32_SPI2_DMA_TX_IRQ_FLAGS;
      |                          ^~~~~~~~~~~~~~~~~~~~~~~~~~~~
D:/mios32/trunk/mios32/STM32F4xx/mios32_spi.c:138:56: error: 'DMA_FLAG_TEIF5' undeclared (first use in this function); did you mean 'DMA_HISR_TEIF5'?
  138 | #define MIOS32_SPI2_DMA_TX_IRQ_FLAGS (DMA_FLAG_TCIF5 | DMA_FLAG_TEIF5 | DMA_FLAG_HTIF5 | DMA_FLAG_FEIF5)
      |                                                        ^~~~~~~~~~~~~~
D:/mios32/trunk/mios32/STM32F4xx/mios32_spi.c:976:26: note: in expansion of macro 'MIOS32_SPI2_DMA_TX_IRQ_FLAGS'
  976 |       dma_tx_irq_flags = MIOS32_SPI2_DMA_TX_IRQ_FLAGS;
      |                          ^~~~~~~~~~~~~~~~~~~~~~~~~~~~
D:/mios32/trunk/mios32/STM32F4xx/mios32_spi.c:138:73: error: 'DMA_FLAG_HTIF5' undeclared (first use in this function); did you mean 'DMA_HISR_HTIF5'?
  138 | #define MIOS32_SPI2_DMA_TX_IRQ_FLAGS (DMA_FLAG_TCIF5 | DMA_FLAG_TEIF5 | DMA_FLAG_HTIF5 | DMA_FLAG_FEIF5)
      |                                                                         ^~~~~~~~~~~~~~
D:/mios32/trunk/mios32/STM32F4xx/mios32_spi.c:976:26: note: in expansion of macro 'MIOS32_SPI2_DMA_TX_IRQ_FLAGS'
  976 |       dma_tx_irq_flags = MIOS32_SPI2_DMA_TX_IRQ_FLAGS;
      |                          ^~~~~~~~~~~~~~~~~~~~~~~~~~~~
D:/mios32/trunk/mios32/STM32F4xx/mios32_spi.c:138:90: error: 'DMA_FLAG_FEIF5' undeclared (first use in this function); did you mean 'DMA_HISR_FEIF5'?
  138 | #define MIOS32_SPI2_DMA_TX_IRQ_FLAGS (DMA_FLAG_TCIF5 | DMA_FLAG_TEIF5 | DMA_FLAG_HTIF5 | DMA_FLAG_FEIF5)
      |                                                                                          ^~~~~~~~~~~~~~
D:/mios32/trunk/mios32/STM32F4xx/mios32_spi.c:976:26: note: in expansion of macro 'MIOS32_SPI2_DMA_TX_IRQ_FLAGS'
  976 |       dma_tx_irq_flags = MIOS32_SPI2_DMA_TX_IRQ_FLAGS;
      |                          ^~~~~~~~~~~~~~~~~~~~~~~~~~~~
D:/mios32/trunk/mios32/STM32F4xx/mios32_spi.c:1004:15: error: 'DMA_MemoryInc_Enable' undeclared (first use in this function)
 1004 |     rx_CCR |= DMA_MemoryInc_Enable;
      |               ^~~~~~~~~~~~~~~~~~~~
D:/mios32/trunk/mios32/STM32F4xx/mios32_spi.c:1033:3: warning: implicit declaration of function 'DMA_ClearFlag' [-Wimplicit-function-declaration]
 1033 |   DMA_ClearFlag(dma_rx_ptr, dma_rx_irq_flags);
      |   ^~~~~~~~~~~~~
D:/mios32/trunk/mios32/STM32F4xx/mios32_spi.c:1038:15: error: 'DMA_IT_TC' undeclared (first use in this function)
 1038 |     rx_CCR |= DMA_IT_TC;
      |               ^~~~~~~~~
D:/mios32/trunk/mios32/STM32F4xx/mios32_spi.c: In function 'DMA2_Stream2_IRQHandler':
D:/mios32/trunk/mios32/STM32F4xx/mios32_spi.c:57:39: error: 'DMA_FLAG_TCIF2' undeclared (first use in this function); did you mean 'DMA_LISR_TCIF2'?
   57 | #define MIOS32_SPI0_DMA_RX_IRQ_FLAGS (DMA_FLAG_TCIF2 | DMA_FLAG_TEIF2 | DMA_FLAG_HTIF2 | DMA_FLAG_FEIF2)
      |                                       ^~~~~~~~~~~~~~
D:/mios32/trunk/mios32/STM32F4xx/mios32_spi.c:1063:41: note: in expansion of macro 'MIOS32_SPI0_DMA_RX_IRQ_FLAGS'
 1063 |   DMA_ClearFlag(MIOS32_SPI0_DMA_RX_PTR, MIOS32_SPI0_DMA_RX_IRQ_FLAGS);
      |                                         ^~~~~~~~~~~~~~~~~~~~~~~~~~~~
D:/mios32/trunk/mios32/STM32F4xx/mios32_spi.c:57:56: error: 'DMA_FLAG_TEIF2' undeclared (first use in this function); did you mean 'DMA_LISR_TEIF2'?
   57 | #define MIOS32_SPI0_DMA_RX_IRQ_FLAGS (DMA_FLAG_TCIF2 | DMA_FLAG_TEIF2 | DMA_FLAG_HTIF2 | DMA_FLAG_FEIF2)
      |                                                        ^~~~~~~~~~~~~~
D:/mios32/trunk/mios32/STM32F4xx/mios32_spi.c:1063:41: note: in expansion of macro 'MIOS32_SPI0_DMA_RX_IRQ_FLAGS'
 1063 |   DMA_ClearFlag(MIOS32_SPI0_DMA_RX_PTR, MIOS32_SPI0_DMA_RX_IRQ_FLAGS);
      |                                         ^~~~~~~~~~~~~~~~~~~~~~~~~~~~
D:/mios32/trunk/mios32/STM32F4xx/mios32_spi.c:57:73: error: 'DMA_FLAG_HTIF2' undeclared (first use in this function); did you mean 'DMA_LISR_HTIF2'?
   57 | #define MIOS32_SPI0_DMA_RX_IRQ_FLAGS (DMA_FLAG_TCIF2 | DMA_FLAG_TEIF2 | DMA_FLAG_HTIF2 | DMA_FLAG_FEIF2)
      |                                                                         ^~~~~~~~~~~~~~
D:/mios32/trunk/mios32/STM32F4xx/mios32_spi.c:1063:41: note: in expansion of macro 'MIOS32_SPI0_DMA_RX_IRQ_FLAGS'
 1063 |   DMA_ClearFlag(MIOS32_SPI0_DMA_RX_PTR, MIOS32_SPI0_DMA_RX_IRQ_FLAGS);
      |                                         ^~~~~~~~~~~~~~~~~~~~~~~~~~~~
D:/mios32/trunk/mios32/STM32F4xx/mios32_spi.c:57:90: error: 'DMA_FLAG_FEIF2' undeclared (first use in this function); did you mean 'DMA_LISR_FEIF2'?
   57 | #define MIOS32_SPI0_DMA_RX_IRQ_FLAGS (DMA_FLAG_TCIF2 | DMA_FLAG_TEIF2 | DMA_FLAG_HTIF2 | DMA_FLAG_FEIF2)
      |                                                                                          ^~~~~~~~~~~~~~
D:/mios32/trunk/mios32/STM32F4xx/mios32_spi.c:1063:41: note: in expansion of macro 'MIOS32_SPI0_DMA_RX_IRQ_FLAGS'
 1063 |   DMA_ClearFlag(MIOS32_SPI0_DMA_RX_PTR, MIOS32_SPI0_DMA_RX_IRQ_FLAGS);
      |                                         ^~~~~~~~~~~~~~~~~~~~~~~~~~~~
D:/mios32/trunk/mios32/STM32F4xx/mios32_spi.c: In function 'DMA1_Stream3_IRQHandler':
D:/mios32/trunk/mios32/STM32F4xx/mios32_spi.c:92:39: error: 'DMA_FLAG_TCIF3' undeclared (first use in this function); did you mean 'DMA_LISR_TCIF3'?
   92 | #define MIOS32_SPI1_DMA_RX_IRQ_FLAGS (DMA_FLAG_TCIF3 | DMA_FLAG_TEIF3 | DMA_FLAG_HTIF3 | DMA_FLAG_FEIF3)
      |                                       ^~~~~~~~~~~~~~
D:/mios32/trunk/mios32/STM32F4xx/mios32_spi.c:1071:41: note: in expansion of macro 'MIOS32_SPI1_DMA_RX_IRQ_FLAGS'
 1071 |   DMA_ClearFlag(MIOS32_SPI1_DMA_RX_PTR, MIOS32_SPI1_DMA_RX_IRQ_FLAGS);
      |                                         ^~~~~~~~~~~~~~~~~~~~~~~~~~~~
D:/mios32/trunk/mios32/STM32F4xx/mios32_spi.c:92:56: error: 'DMA_FLAG_TEIF3' undeclared (first use in this function); did you mean 'DMA_LISR_TEIF3'?
   92 | #define MIOS32_SPI1_DMA_RX_IRQ_FLAGS (DMA_FLAG_TCIF3 | DMA_FLAG_TEIF3 | DMA_FLAG_HTIF3 | DMA_FLAG_FEIF3)
      |                                                        ^~~~~~~~~~~~~~
D:/mios32/trunk/mios32/STM32F4xx/mios32_spi.c:1071:41: note: in expansion of macro 'MIOS32_SPI1_DMA_RX_IRQ_FLAGS'
 1071 |   DMA_ClearFlag(MIOS32_SPI1_DMA_RX_PTR, MIOS32_SPI1_DMA_RX_IRQ_FLAGS);
      |                                         ^~~~~~~~~~~~~~~~~~~~~~~~~~~~
D:/mios32/trunk/mios32/STM32F4xx/mios32_spi.c:92:73: error: 'DMA_FLAG_HTIF3' undeclared (first use in this function); did you mean 'DMA_LISR_HTIF3'?
   92 | #define MIOS32_SPI1_DMA_RX_IRQ_FLAGS (DMA_FLAG_TCIF3 | DMA_FLAG_TEIF3 | DMA_FLAG_HTIF3 | DMA_FLAG_FEIF3)
      |                                                                         ^~~~~~~~~~~~~~
D:/mios32/trunk/mios32/STM32F4xx/mios32_spi.c:1071:41: note: in expansion of macro 'MIOS32_SPI1_DMA_RX_IRQ_FLAGS'
 1071 |   DMA_ClearFlag(MIOS32_SPI1_DMA_RX_PTR, MIOS32_SPI1_DMA_RX_IRQ_FLAGS);
      |                                         ^~~~~~~~~~~~~~~~~~~~~~~~~~~~
D:/mios32/trunk/mios32/STM32F4xx/mios32_spi.c:92:90: error: 'DMA_FLAG_FEIF3' undeclared (first use in this function); did you mean 'DMA_LISR_FEIF3'?
   92 | #define MIOS32_SPI1_DMA_RX_IRQ_FLAGS (DMA_FLAG_TCIF3 | DMA_FLAG_TEIF3 | DMA_FLAG_HTIF3 | DMA_FLAG_FEIF3)
      |                                                                                          ^~~~~~~~~~~~~~
D:/mios32/trunk/mios32/STM32F4xx/mios32_spi.c:1071:41: note: in expansion of macro 'MIOS32_SPI1_DMA_RX_IRQ_FLAGS'
 1071 |   DMA_ClearFlag(MIOS32_SPI1_DMA_RX_PTR, MIOS32_SPI1_DMA_RX_IRQ_FLAGS);
      |                                         ^~~~~~~~~~~~~~~~~~~~~~~~~~~~
D:/mios32/trunk/mios32/STM32F4xx/mios32_spi.c: In function 'DMA1_Stream2_IRQHandler':
D:/mios32/trunk/mios32/STM32F4xx/mios32_spi.c:135:39: error: 'DMA_FLAG_TCIF2' undeclared (first use in this function); did you mean 'DMA_LISR_TCIF2'?
  135 | #define MIOS32_SPI2_DMA_RX_IRQ_FLAGS (DMA_FLAG_TCIF2 | DMA_FLAG_TEIF2 | DMA_FLAG_HTIF2 | DMA_FLAG_FEIF2)
      |                                       ^~~~~~~~~~~~~~
D:/mios32/trunk/mios32/STM32F4xx/mios32_spi.c:1079:41: note: in expansion of macro 'MIOS32_SPI2_DMA_RX_IRQ_FLAGS'
 1079 |   DMA_ClearFlag(MIOS32_SPI2_DMA_RX_PTR, MIOS32_SPI2_DMA_RX_IRQ_FLAGS);
      |                                         ^~~~~~~~~~~~~~~~~~~~~~~~~~~~
D:/mios32/trunk/mios32/STM32F4xx/mios32_spi.c:135:56: error: 'DMA_FLAG_TEIF2' undeclared (first use in this function); did you mean 'DMA_LISR_TEIF2'?
  135 | #define MIOS32_SPI2_DMA_RX_IRQ_FLAGS (DMA_FLAG_TCIF2 | DMA_FLAG_TEIF2 | DMA_FLAG_HTIF2 | DMA_FLAG_FEIF2)
      |                                                        ^~~~~~~~~~~~~~
D:/mios32/trunk/mios32/STM32F4xx/mios32_spi.c:1079:41: note: in expansion of macro 'MIOS32_SPI2_DMA_RX_IRQ_FLAGS'
 1079 |   DMA_ClearFlag(MIOS32_SPI2_DMA_RX_PTR, MIOS32_SPI2_DMA_RX_IRQ_FLAGS);
      |                                         ^~~~~~~~~~~~~~~~~~~~~~~~~~~~
D:/mios32/trunk/mios32/STM32F4xx/mios32_spi.c:135:73: error: 'DMA_FLAG_HTIF2' undeclared (first use in this function); did you mean 'DMA_LISR_HTIF2'?
  135 | #define MIOS32_SPI2_DMA_RX_IRQ_FLAGS (DMA_FLAG_TCIF2 | DMA_FLAG_TEIF2 | DMA_FLAG_HTIF2 | DMA_FLAG_FEIF2)
      |                                                                         ^~~~~~~~~~~~~~
D:/mios32/trunk/mios32/STM32F4xx/mios32_spi.c:1079:41: note: in expansion of macro 'MIOS32_SPI2_DMA_RX_IRQ_FLAGS'
 1079 |   DMA_ClearFlag(MIOS32_SPI2_DMA_RX_PTR, MIOS32_SPI2_DMA_RX_IRQ_FLAGS);
      |                                         ^~~~~~~~~~~~~~~~~~~~~~~~~~~~
D:/mios32/trunk/mios32/STM32F4xx/mios32_spi.c:135:90: error: 'DMA_FLAG_FEIF2' undeclared (first use in this function); did you mean 'DMA_LISR_FEIF2'?
  135 | #define MIOS32_SPI2_DMA_RX_IRQ_FLAGS (DMA_FLAG_TCIF2 | DMA_FLAG_TEIF2 | DMA_FLAG_HTIF2 | DMA_FLAG_FEIF2)
      |                                                                                          ^~~~~~~~~~~~~~
D:/mios32/trunk/mios32/STM32F4xx/mios32_spi.c:1079:41: note: in expansion of macro 'MIOS32_SPI2_DMA_RX_IRQ_FLAGS'
 1079 |   DMA_ClearFlag(MIOS32_SPI2_DMA_RX_PTR, MIOS32_SPI2_DMA_RX_IRQ_FLAGS);
      |                                         ^~~~~~~~~~~~~~~~~~~~~~~~~~~~
make: *** [/d/mios32/trunk/include/makefile/common.mk:166: project_build//d/mios32/trunk/mios32/STM32F4xx/mios32_spi.o] Error 1
"make all" terminated with exit code 2. Build might be incomplete.

09:35:34 Build Failed. 155 errors, 13 warnings. (took 13s.913ms)

