01:56:29 **** Incremental Build of configuration Default for project src ****
make all 
make -f Makefile.bsl_STM32G031K8 cleanall
make[1]: Entering directory '/d/MIOS32/trunk/bootloader/src'
rm -rf project_build
rm -f project.hex
make[1]: Leaving directory '/d/MIOS32/trunk/bootloader/src'
make -f Makefile.bsl_STM32G031K8
make[1]: Entering directory '/d/MIOS32/trunk/bootloader/src'
rm -f project.hex
Creating object file for startup_stm32g031.c
Creating object file for main.c
main.c:220:21: warning: 'tr5x6_buttons' defined but not used [-Wunused-variable]
  220 | static tr5x6_pins_t tr5x6_buttons;
      |                     ^~~~~~~~~~~~~
Creating object file for bsl_sysex.c
Creating object file for mios32_srio.c
Creating object file for mios32_din.c
Creating object file for mios32_dout.c
Creating object file for mios32_enc.c
Creating object file for mios32_lcd.c
Creating object file for mios32_midi.c
D:/mios32/trunk/mios32/common/mios32_midi.c: In function 'MIOS32_MIDI_ReceivePackage':
D:/mios32/trunk/mios32/common/mios32_midi.c:1160:20: warning: unused variable 'filter_sysex' [-Wunused-variable]
 1160 |                 u8 filter_sysex = 0;
      |                    ^~~~~~~~~~~~
D:/mios32/trunk/mios32/common/mios32_midi.c: In function 'MIOS32_MIDI_SYSEX_Cmd_Debug':
D:/mios32/trunk/mios32/common/mios32_midi.c:1996:1: warning: no return statement in function returning non-void [-Wreturn-type]
 1996 | }
      | ^
Creating object file for mios32_osc.c
Creating object file for mios32_com.c
Creating object file for mios32_uart_midi.c
Creating object file for mios32_spi_midi.c
Creating object file for mios32_iic_midi.c
Creating object file for mios32_can_midi.c
Creating object file for mios32_iic_bs.c
D:/mios32/trunk/mios32/common/mios32_iic_bs.c:30:18: warning: 'bs_size' defined but not used [-Wunused-const-variable=]
   30 | static const s32 bs_size[8] = {
      |                  ^~~~~~~
Creating object file for mios32_mf.c
Creating object file for mios32_sdcard.c
Creating object file for mios32_enc28j60.c
Creating object file for mios32_timestamp.c
Creating object file for mios32_bsl.c
Creating object file for mios32_sys.c
Creating object file for mios32_irq.c
Creating object file for mios32_spi.c
Creating object file for mios32_i2s.c
Creating object file for mios32_board.c
D:/mios32/trunk/mios32/STM32G0xx/mios32_board.c:65:2: warning: #warning "No J5 pins defined for this MIOS32_BOARD" [-Wcpp]
   65 | #warning "No J5 pins defined for this MIOS32_BOARD"
      |  ^~~~~~~
D:/mios32/trunk/mios32/STM32G0xx/mios32_board.c:82:2: warning: #warning "No J10 pins defined for this MIOS32_BOARD" [-Wcpp]
   82 | #warning "No J10 pins defined for this MIOS32_BOARD"
      |  ^~~~~~~
D:/mios32/trunk/mios32/STM32G0xx/mios32_board.c:97:3: warning: #warning "No J28 pins defined for this MIOS32_BOARD" [-Wcpp]
   97 | # warning "No J28 pins defined for this MIOS32_BOARD"
      |   ^~~~~~~
D:/mios32/trunk/mios32/STM32G0xx/mios32_board.c:141:2: warning: #warning "No J15 (LCD) port defined for this MIOS32_BOARD" [-Wcpp]
  141 | #warning "No J15 (LCD) port defined for this MIOS32_BOARD"
      |  ^~~~~~~
Creating object file for mios32_timer.c
Creating object file for mios32_stopwatch.c
Creating object file for mios32_delay.c
Creating object file for mios32_ain.c
Creating object file for printf-stdarg.c
Creating object file for mios32_uart.c
D:/mios32/trunk/mios32/STM32G0xx/mios32_uart.c:114:2: warning: #warning "No UART defined for this MIOS32_BOARD" [-Wcpp]
  114 | #warning "No UART defined for this MIOS32_BOARD"
      |  ^~~~~~~
D:/mios32/trunk/mios32/STM32G0xx/mios32_uart.c: In function 'MIOS32_UART_RXTX_Act':
D:/mios32/trunk/mios32/STM32G0xx/mios32_uart.c:935:12: warning: unused variable 'status' [-Wunused-variable]
  935 |         u8 status = 0;
      |            ^~~~~~
Creating object file for mios32_iic.c
Creating object file for mios32_can.c
Creating object file for stm32g0xx_ll_rcc.c
Creating object file for stm32g0xx_ll_pwr.c
Creating object file for stm32g0xx_ll_rtc.c
Creating object file for stm32g0xx_ll_gpio.c
Creating object file for stm32g0xx_ll_dac.c
Creating object file for stm32g0xx_ll_tim.c
Creating object file for stm32g0xx_ll_usart.c
Creating object file for stm32g0xx_ll_exti.c
Creating object file for stm32g0xx_ll_utils.c
Creating object file for stm32g0xx_ll_spi.c
Creating object file for stm32g0xx_ll_dma.c
Creating object file for stm32g0xx_ll_flash.c
-------------------------------------------------------------------------------
Application successfully built for:
Processor: STM32G031K8
Family:    STM32G0xx
Board:     STM32G031K8
LCD:       dummy
-------------------------------------------------------------------------------
arm-none-eabi-size project_build/project.elf
   text	   data	    bss	    dec	    hex	filename
   6864	      8	   1552	   8424	   20e8	project_build/project.elf
20000000 D __ram_start
20000618 B __ram_end
make[1]: Leaving directory '/d/MIOS32/trunk/bootloader/src'
mv project_build/project.bin project_STM32G031K8.bin
perl gen_inc_file.pl project_STM32G031K8.bin ../../mios32/STM32G0xx/mios32_bsl_STM32G031K8.inc mios32_bsl_image mios32_bsl -reduced_bsl
Reading 'project_STM32G031K8.bin'...
Writing out to '../../mios32/STM32G0xx/mios32_bsl_STM32G031K8.inc'
perl gen_inc_file.pl project_STM32G031K8.bin ../updater/mios32_bsl_STM32G031K8.inc bsl_image 0 -reduced_bsl
Reading 'project_STM32G031K8.bin'...
Writing out to '../updater/mios32_bsl_STM32G031K8.inc'

01:56:53 Build Finished. 0 errors, 10 warnings. (took 24s.297ms)

